I1224 00:18:30.939669  4248 EventBase.cpp:308] EventBase(): Starting loop.
I1224 00:18:30.942977  4249 EventBase.cpp:308] EventBase(): Starting loop.
I1224 00:18:30.944136  4250 EventBase.cpp:308] EventBase(): Starting loop.
I1224 00:18:30.944986  4251 EventBase.cpp:308] EventBase(): Starting loop.
I1224 00:18:30.946892  4252 EventBase.cpp:308] EventBase(): Starting loop.
I1224 00:18:30.951265  4253 EventBase.cpp:308] EventBase(): Starting loop.
I1224 00:18:30.951448  4248 QuicServer.cpp:268] No valid takenover fd found for address=127.0.0.1:4443. binding on worker=0x55bf89b02ec0 workerId=0 processId=0
I1224 00:18:30.951634  4249 QuicServer.cpp:268] No valid takenover fd found for address=127.0.0.1:4443. binding on worker=0x55bf89b03500 workerId=1 processId=0
I1224 00:18:30.951798  4250 QuicServer.cpp:268] No valid takenover fd found for address=127.0.0.1:4443. binding on worker=0x55bf89b03940 workerId=2 processId=0
I1224 00:18:30.951964  4251 QuicServer.cpp:268] No valid takenover fd found for address=127.0.0.1:4443. binding on worker=0x55bf89b03e20 workerId=3 processId=0
I1224 00:18:30.952090  4252 QuicServer.cpp:268] No valid takenover fd found for address=127.0.0.1:4443. binding on worker=0x55bf89b04300 workerId=4 processId=0
I1224 00:18:30.952248  4253 QuicServer.cpp:268] No valid takenover fd found for address=127.0.0.1:4443. binding on worker=0x55bf89b04800 workerId=5 processId=0
I1224 00:18:30.952276  4253 QuicServer.cpp:295] Initialized all workers in the eventbase
I1224 00:18:30.952384  4245 EchoServer.h:90] Echo server started at: 127.0.0.1:4443
I1224 00:18:30.952432  4245 EventBase.cpp:308] EventBase(): Starting loop.
I1224 00:18:30.952445  4249 QuicServerWorker.cpp:134] Registered read on worker=0x55bf89b03500, thread=140050056849152, processId=0
I1224 00:18:30.952467  4248 QuicServerWorker.cpp:134] Registered read on worker=0x55bf89b02ec0, thread=140050065241856, processId=0
I1224 00:18:30.952484  4252 QuicServerWorker.cpp:134] Registered read on worker=0x55bf89b04300, thread=140049823823616, processId=0
I1224 00:18:30.952479  4250 QuicServerWorker.cpp:134] Registered read on worker=0x55bf89b03940, thread=140050048456448, processId=0
I1224 00:18:30.952507  4253 QuicServerWorker.cpp:134] Registered read on worker=0x55bf89b04800, thread=140049815430912, processId=0
I1224 00:18:30.952481  4251 QuicServerWorker.cpp:134] Registered read on worker=0x55bf89b03e20, thread=140050040063744, processId=0
I1224 00:18:36.287688  4251 QuicServerWorker.cpp:227] Worker=0x55bf89b03e20, Received data on thread=140050040063744, processId=0
I1224 00:18:36.287716  4251 LogQuicStats.h:24] server onPacketReceived
I1224 00:18:36.287724  4251 LogQuicStats.h:140] server onRead size=1232
W1224 00:18:36.287745  4251 Types.cpp:447] toString has unhandled version type
I1224 00:18:36.287739  4251 LogQuicStats.h:76] server onClientInitialReceived, version: UNKNOWN
I1224 00:18:36.287761  4251 QuicServerWorker.cpp:208] Version negotiation sent to client=127.0.0.1:4987
I1224 00:18:36.287771  4251 LogQuicStats.h:144] server onWrite size=43
I1224 00:18:36.287778  4251 LogQuicStats.h:36] server onPacketProcessed
I1224 00:18:36.287784  4251 LogQuicStats.h:40] server onPacketSent
I1224 00:18:36.578333  4251 QuicServerWorker.cpp:227] Worker=0x55bf89b03e20, Received data on thread=140050040063744, processId=0
I1224 00:18:36.578377  4251 LogQuicStats.h:24] server onPacketReceived
I1224 00:18:36.578383  4251 LogQuicStats.h:140] server onRead size=1232
I1224 00:18:36.578392  4251 LogQuicStats.h:76] server onClientInitialReceived, version: QUIC_DRAFT
I1224 00:18:36.578402  4251 QuicServerWorker.cpp:545] Creating new connection for client=127.0.0.1:4987, routingInfo=CID=0000000000000000, cidVersion=1, workerId=3, processId=0, hostId=0, threadId=140050040063744, 
I1224 00:18:36.578508  4251 LogQuicStats.h:118] server onStatelessReset
I1224 00:18:36.578537  4251 StateMachine-inl.h:41] Transition from Uninitialized to ExpectingClientHello
I1224 00:18:36.578604  4251 LogQuicStats.h:32] server onOutOfOrderPacketReceived
I1224 00:18:36.578642  4251 ServerStateMachine.cpp:952] Server received crypto data offset=0 len=391 currentReadOffset=0 client CID=0000000000000003 server CID=400000da4965db48 peer address=127.0.0.1:4987
I1224 00:18:36.578680  4251 RecordLayer.cpp:82] Received handshake message ClientHello
I1224 00:18:36.578786  4251 ServerHandshake.cpp:167] ServerHandshake error fizz::FizzException: no psk modes
I1224 00:18:36.578831  4251 QuicTransportBase.cpp:1870] onNetworkData fizz::FizzException: no psk modes client CID=0000000000000003 server CID=400000da4965db48 peer address=127.0.0.1:4987
I1224 00:18:36.578866  4251 QuicTransportBase.cpp:400] Stopping read looper due to immediate close client CID=0000000000000003 server CID=400000da4965db48 peer address=127.0.0.1:4987
I1224 00:18:36.578881  4251 FunctionLooper.cpp:88] stop: ReadLooper
I1224 00:18:36.578887  4251 FunctionLooper.cpp:88] stop: PeekLooper
I1224 00:18:36.578893  4251 FunctionLooper.cpp:88] stop: WriteLooper
I1224 00:18:36.578900  4251 QuicTransportBase.cpp:2651] Clearing 0 peek callbacks
I1224 00:18:36.578907  4251 QuicTransportBase.cpp:852] Stopping read looper client CID=0000000000000003 server CID=400000da4965db48 peer address=127.0.0.1:4987
I1224 00:18:36.578948  4251 FunctionLooper.cpp:88] stop: ReadLooper
I1224 00:18:36.578960  4251 QuicTransportBase.cpp:1196] Stopping peek looper client CID=0000000000000003 server CID=400000da4965db48 peer address=127.0.0.1:4987
I1224 00:18:36.578969  4251 FunctionLooper.cpp:88] stop: PeekLooper
I1224 00:18:36.578974  4251 QuicTransportBase.cpp:1233] Server stopping write looper because conn closed client CID=0000000000000003 server CID=400000da4965db48 peer address=127.0.0.1:4987
I1224 00:18:36.578981  4251 FunctionLooper.cpp:88] stop: WriteLooper
E1224 00:18:36.578989  4251 EchoHandler.h:53] Socket error=Crypto error: missing_extension
I1224 00:18:36.579010  4251 QuicTransportFunctions.cpp:1063] Server sent close packetNum=16444564 in space=InitialSpace client CID=0000000000000003 server CID=400000da4965db48 peer address=127.0.0.1:4987
I1224 00:18:36.579033  4251 LogQuicStats.h:144] server onWrite size=83
I1224 00:18:36.579044  4251 QuicTransportBase.cpp:852] Stopping read looper client CID=0000000000000003 server CID=400000da4965db48 peer address=127.0.0.1:4987
I1224 00:18:36.579052  4251 FunctionLooper.cpp:88] stop: ReadLooper
I1224 00:18:36.579058  4251 QuicTransportBase.cpp:1196] Stopping peek looper client CID=0000000000000003 server CID=400000da4965db48 peer address=127.0.0.1:4987
I1224 00:18:36.579064  4251 FunctionLooper.cpp:88] stop: PeekLooper
I1224 00:18:36.579071  4251 QuicTransportBase.cpp:1233] Server stopping write looper because conn closed client CID=0000000000000003 server CID=400000da4965db48 peer address=127.0.0.1:4987
I1224 00:18:36.579077  4251 FunctionLooper.cpp:88] stop: WriteLooper
*** Aborted at 1640305116 (Unix time, try 'date -d @1640305116') ***
*** Signal 15 (SIGTERM) (0x1092) received by PID 4245 (pthread TID 0x7f5ff5ae9ec0) (linux TID 4245) (maybe from PID 4242, UID 0) (code: 0), stack trace: ***
(error retrieving stack trace)
