I1223 18:32:05.011653 11044 EventBase.cpp:308] EventBase(): Starting loop.
I1223 18:32:05.011864 11045 EventBase.cpp:308] EventBase(): Starting loop.
I1223 18:32:05.011988 11046 EventBase.cpp:308] EventBase(): Starting loop.
I1223 18:32:05.012192 11047 EventBase.cpp:308] EventBase(): Starting loop.
I1223 18:32:05.015117 11048 EventBase.cpp:308] EventBase(): Starting loop.
I1223 18:32:05.018970 11049 EventBase.cpp:308] EventBase(): Starting loop.
I1223 18:32:05.019116 11044 QuicServer.cpp:268] No valid takenover fd found for address=127.0.0.1:4443. binding on worker=0x562838488040 workerId=0 processId=0
I1223 18:32:05.019255 11045 QuicServer.cpp:268] No valid takenover fd found for address=127.0.0.1:4443. binding on worker=0x562838488680 workerId=1 processId=0
I1223 18:32:05.019366 11046 QuicServer.cpp:268] No valid takenover fd found for address=127.0.0.1:4443. binding on worker=0x562838488b30 workerId=2 processId=0
I1223 18:32:05.019546 11047 QuicServer.cpp:268] No valid takenover fd found for address=127.0.0.1:4443. binding on worker=0x562838489010 workerId=3 processId=0
I1223 18:32:05.019716 11048 QuicServer.cpp:268] No valid takenover fd found for address=127.0.0.1:4443. binding on worker=0x5628384894f0 workerId=4 processId=0
I1223 18:32:05.019906 11049 QuicServer.cpp:268] No valid takenover fd found for address=127.0.0.1:4443. binding on worker=0x5628384899f0 workerId=5 processId=0
I1223 18:32:05.019937 11049 QuicServer.cpp:295] Initialized all workers in the eventbase
I1223 18:32:05.020057 11041 EchoServer.h:90] Echo server started at: 127.0.0.1:4443
I1223 18:32:05.020077 11041 EventBase.cpp:308] EventBase(): Starting loop.
I1223 18:32:05.020123 11045 QuicServerWorker.cpp:134] Registered read on worker=0x562838488680, thread=140365331519232, processId=0
I1223 18:32:05.020128 11044 QuicServerWorker.cpp:134] Registered read on worker=0x562838488040, thread=140365339911936, processId=0
I1223 18:32:05.020188 11047 QuicServerWorker.cpp:134] Registered read on worker=0x562838489010, thread=140365314733824, processId=0
I1223 18:32:05.020210 11046 QuicServerWorker.cpp:134] Registered read on worker=0x562838488b30, thread=140365323126528, processId=0
I1223 18:32:05.020232 11048 QuicServerWorker.cpp:134] Registered read on worker=0x5628384894f0, thread=140365101266688, processId=0
I1223 18:32:05.020244 11049 QuicServerWorker.cpp:134] Registered read on worker=0x5628384899f0, thread=140365092873984, processId=0
I1223 18:32:10.610674 11047 QuicServerWorker.cpp:227] Worker=0x562838489010, Received data on thread=140365314733824, processId=0
I1223 18:32:10.610703 11047 LogQuicStats.h:24] server onPacketReceived
I1223 18:32:10.610711 11047 LogQuicStats.h:140] server onRead size=1232
I1223 18:32:10.610774 11047 LogQuicStats.h:76] server onClientInitialReceived, version: QUIC_DRAFT
I1223 18:32:10.610792 11047 QuicServerWorker.cpp:545] Creating new connection for client=127.0.0.1:4987, routingInfo=CID=0000000000000002, cidVersion=1, workerId=3, processId=0, hostId=0, threadId=140365314733824, 
I1223 18:32:10.610908 11047 LogQuicStats.h:118] server onStatelessReset
I1223 18:32:10.610935 11047 StateMachine-inl.h:41] Transition from Uninitialized to ExpectingClientHello
I1223 18:32:10.611003 11047 LogQuicStats.h:32] server onOutOfOrderPacketReceived
I1223 18:32:10.611012 11047 ServerStateMachine.cpp:952] Server received crypto data offset=0 len=391 currentReadOffset=0 client CID=0000000000000001 server CID=400000c9512120a5 peer address=127.0.0.1:4987
I1223 18:32:10.611028 11047 RecordLayer.cpp:82] Received handshake message ClientHello
I1223 18:32:10.611121 11047 ServerHandshake.cpp:167] ServerHandshake error fizz::FizzException: no psk modes
I1223 18:32:10.611186 11047 QuicTransportBase.cpp:1870] onNetworkData fizz::FizzException: no psk modes client CID=0000000000000001 server CID=400000c9512120a5 peer address=127.0.0.1:4987
I1223 18:32:10.611204 11047 QuicTransportBase.cpp:400] Stopping read looper due to immediate close client CID=0000000000000001 server CID=400000c9512120a5 peer address=127.0.0.1:4987
I1223 18:32:10.611212 11047 FunctionLooper.cpp:88] stop: ReadLooper
I1223 18:32:10.611228 11047 FunctionLooper.cpp:88] stop: PeekLooper
I1223 18:32:10.611234 11047 FunctionLooper.cpp:88] stop: WriteLooper
I1223 18:32:10.611246 11047 QuicTransportBase.cpp:2651] Clearing 0 peek callbacks
I1223 18:32:10.611253 11047 QuicTransportBase.cpp:852] Stopping read looper client CID=0000000000000001 server CID=400000c9512120a5 peer address=127.0.0.1:4987
I1223 18:32:10.611260 11047 FunctionLooper.cpp:88] stop: ReadLooper
I1223 18:32:10.611268 11047 QuicTransportBase.cpp:1196] Stopping peek looper client CID=0000000000000001 server CID=400000c9512120a5 peer address=127.0.0.1:4987
I1223 18:32:10.611274 11047 FunctionLooper.cpp:88] stop: PeekLooper
I1223 18:32:10.611280 11047 QuicTransportBase.cpp:1233] Server stopping write looper because conn closed client CID=0000000000000001 server CID=400000c9512120a5 peer address=127.0.0.1:4987
I1223 18:32:10.611287 11047 FunctionLooper.cpp:88] stop: WriteLooper
E1223 18:32:10.611294 11047 EchoHandler.h:53] Socket error=Crypto error: missing_extension
I1223 18:32:10.611316 11047 QuicTransportFunctions.cpp:1063] Server sent close packetNum=15783462 in space=InitialSpace client CID=0000000000000001 server CID=400000c9512120a5 peer address=127.0.0.1:4987
I1223 18:32:10.611342 11047 LogQuicStats.h:144] server onWrite size=83
I1223 18:32:10.611352 11047 QuicTransportBase.cpp:852] Stopping read looper client CID=0000000000000001 server CID=400000c9512120a5 peer address=127.0.0.1:4987
I1223 18:32:10.611361 11047 FunctionLooper.cpp:88] stop: ReadLooper
I1223 18:32:10.611366 11047 QuicTransportBase.cpp:1196] Stopping peek looper client CID=0000000000000001 server CID=400000c9512120a5 peer address=127.0.0.1:4987
I1223 18:32:10.611373 11047 FunctionLooper.cpp:88] stop: PeekLooper
I1223 18:32:10.611379 11047 QuicTransportBase.cpp:1233] Server stopping write looper because conn closed client CID=0000000000000001 server CID=400000c9512120a5 peer address=127.0.0.1:4987
I1223 18:32:10.611385 11047 FunctionLooper.cpp:88] stop: WriteLooper
*** Aborted at 1640284330 (Unix time, try 'date -d @1640284330') ***
*** Signal 15 (SIGTERM) (0x2b1e) received by PID 11041 (pthread TID 0x7fa95d844ec0) (linux TID 11041) (maybe from PID 11038, UID 0) (code: 0), stack trace: ***
(error retrieving stack trace)
