I1223 18:27:24.834210  9231 EventBase.cpp:308] EventBase(): Starting loop.
I1223 18:27:24.840374  9232 EventBase.cpp:308] EventBase(): Starting loop.
I1223 18:27:24.840544  9233 EventBase.cpp:308] EventBase(): Starting loop.
I1223 18:27:24.840684  9234 EventBase.cpp:308] EventBase(): Starting loop.
I1223 18:27:24.840814  9235 EventBase.cpp:308] EventBase(): Starting loop.
I1223 18:27:24.843448  9236 EventBase.cpp:308] EventBase(): Starting loop.
I1223 18:27:24.843611  9231 QuicServer.cpp:268] No valid takenover fd found for address=127.0.0.1:4443. binding on worker=0x564e83092040 workerId=0 processId=0
I1223 18:27:24.843739  9232 QuicServer.cpp:268] No valid takenover fd found for address=127.0.0.1:4443. binding on worker=0x564e83092680 workerId=1 processId=0
I1223 18:27:24.843852  9233 QuicServer.cpp:268] No valid takenover fd found for address=127.0.0.1:4443. binding on worker=0x564e83092b30 workerId=2 processId=0
I1223 18:27:24.844035  9234 QuicServer.cpp:268] No valid takenover fd found for address=127.0.0.1:4443. binding on worker=0x564e83093010 workerId=3 processId=0
I1223 18:27:24.844167  9235 QuicServer.cpp:268] No valid takenover fd found for address=127.0.0.1:4443. binding on worker=0x564e830934f0 workerId=4 processId=0
I1223 18:27:24.844345  9236 QuicServer.cpp:268] No valid takenover fd found for address=127.0.0.1:4443. binding on worker=0x564e830939f0 workerId=5 processId=0
I1223 18:27:24.844375  9236 QuicServer.cpp:295] Initialized all workers in the eventbase
I1223 18:27:24.844470  9228 EchoServer.h:90] Echo server started at: 127.0.0.1:4443
I1223 18:27:24.844486  9228 EventBase.cpp:308] EventBase(): Starting loop.
I1223 18:27:24.844524  9232 QuicServerWorker.cpp:134] Registered read on worker=0x564e83092680, thread=139712797288192, processId=0
I1223 18:27:24.844547  9231 QuicServerWorker.cpp:134] Registered read on worker=0x564e83092040, thread=139712805680896, processId=0
I1223 18:27:24.844563  9233 QuicServerWorker.cpp:134] Registered read on worker=0x564e83092b30, thread=139712788895488, processId=0
I1223 18:27:24.844575  9235 QuicServerWorker.cpp:134] Registered read on worker=0x564e830934f0, thread=139712772110080, processId=0
I1223 18:27:24.844602  9236 QuicServerWorker.cpp:134] Registered read on worker=0x564e830939f0, thread=139712763717376, processId=0
I1223 18:27:24.844616  9234 QuicServerWorker.cpp:134] Registered read on worker=0x564e83093010, thread=139712780502784, processId=0
I1223 18:27:30.428725  9234 QuicServerWorker.cpp:227] Worker=0x564e83093010, Received data on thread=139712780502784, processId=0
I1223 18:27:30.428753  9234 LogQuicStats.h:24] server onPacketReceived
I1223 18:27:30.428761  9234 LogQuicStats.h:140] server onRead size=1232
I1223 18:27:30.428778  9234 LogQuicStats.h:76] server onClientInitialReceived, version: QUIC_DRAFT
I1223 18:27:30.428789  9234 QuicServerWorker.cpp:545] Creating new connection for client=127.0.0.1:4987, routingInfo=CID=0000000000000002, cidVersion=1, workerId=3, processId=0, hostId=0, threadId=139712780502784, 
I1223 18:27:30.428902  9234 LogQuicStats.h:118] server onStatelessReset
I1223 18:27:30.428931  9234 StateMachine-inl.h:41] Transition from Uninitialized to ExpectingClientHello
I1223 18:27:30.429000  9234 LogQuicStats.h:32] server onOutOfOrderPacketReceived
I1223 18:27:30.429009  9234 ServerStateMachine.cpp:952] Server received crypto data offset=0 len=391 currentReadOffset=0 client CID=0000000000000001 server CID=400000ca109ca40f peer address=127.0.0.1:4987
I1223 18:27:30.429025  9234 RecordLayer.cpp:82] Received handshake message ClientHello
I1223 18:27:30.429123  9234 ServerHandshake.cpp:167] ServerHandshake error fizz::FizzException: no psk modes
I1223 18:27:30.429193  9234 QuicTransportBase.cpp:1870] onNetworkData fizz::FizzException: no psk modes client CID=0000000000000001 server CID=400000ca109ca40f peer address=127.0.0.1:4987
I1223 18:27:30.429214  9234 QuicTransportBase.cpp:400] Stopping read looper due to immediate close client CID=0000000000000001 server CID=400000ca109ca40f peer address=127.0.0.1:4987
I1223 18:27:30.429222  9234 FunctionLooper.cpp:88] stop: ReadLooper
I1223 18:27:30.429237  9234 FunctionLooper.cpp:88] stop: PeekLooper
I1223 18:27:30.429244  9234 FunctionLooper.cpp:88] stop: WriteLooper
I1223 18:27:30.429256  9234 QuicTransportBase.cpp:2651] Clearing 0 peek callbacks
I1223 18:27:30.429265  9234 QuicTransportBase.cpp:852] Stopping read looper client CID=0000000000000001 server CID=400000ca109ca40f peer address=127.0.0.1:4987
I1223 18:27:30.429271  9234 FunctionLooper.cpp:88] stop: ReadLooper
I1223 18:27:30.429278  9234 QuicTransportBase.cpp:1196] Stopping peek looper client CID=0000000000000001 server CID=400000ca109ca40f peer address=127.0.0.1:4987
I1223 18:27:30.429286  9234 FunctionLooper.cpp:88] stop: PeekLooper
I1223 18:27:30.429292  9234 QuicTransportBase.cpp:1233] Server stopping write looper because conn closed client CID=0000000000000001 server CID=400000ca109ca40f peer address=127.0.0.1:4987
I1223 18:27:30.429299  9234 FunctionLooper.cpp:88] stop: WriteLooper
E1223 18:27:30.429307  9234 EchoHandler.h:53] Socket error=Crypto error: missing_extension
I1223 18:27:30.429329  9234 QuicTransportFunctions.cpp:1063] Server sent close packetNum=3313578 in space=InitialSpace client CID=0000000000000001 server CID=400000ca109ca40f peer address=127.0.0.1:4987
I1223 18:27:30.429356  9234 LogQuicStats.h:144] server onWrite size=82
I1223 18:27:30.429368  9234 QuicTransportBase.cpp:852] Stopping read looper client CID=0000000000000001 server CID=400000ca109ca40f peer address=127.0.0.1:4987
I1223 18:27:30.429376  9234 FunctionLooper.cpp:88] stop: ReadLooper
I1223 18:27:30.429383  9234 QuicTransportBase.cpp:1196] Stopping peek looper client CID=0000000000000001 server CID=400000ca109ca40f peer address=127.0.0.1:4987
I1223 18:27:30.429389  9234 FunctionLooper.cpp:88] stop: PeekLooper
I1223 18:27:30.429396  9234 QuicTransportBase.cpp:1233] Server stopping write looper because conn closed client CID=0000000000000001 server CID=400000ca109ca40f peer address=127.0.0.1:4987
I1223 18:27:30.429404  9234 FunctionLooper.cpp:88] stop: WriteLooper
*** Aborted at 1640284050 (Unix time, try 'date -d @1640284050') ***
*** Signal 15 (SIGTERM) (0x2409) received by PID 9228 (pthread TID 0x7f116f721ec0) (linux TID 9228) (maybe from PID 9225, UID 0) (code: 0), stack trace: ***
(error retrieving stack trace)
