I1223 18:29:36.599670 10082 EventBase.cpp:308] EventBase(): Starting loop.
I1223 18:29:36.599861 10083 EventBase.cpp:308] EventBase(): Starting loop.
I1223 18:29:36.605957 10084 EventBase.cpp:308] EventBase(): Starting loop.
I1223 18:29:36.607684 10085 EventBase.cpp:308] EventBase(): Starting loop.
I1223 18:29:36.609915 10086 EventBase.cpp:308] EventBase(): Starting loop.
I1223 18:29:36.610085 10087 EventBase.cpp:308] EventBase(): Starting loop.
I1223 18:29:36.610225 10082 QuicServer.cpp:268] No valid takenover fd found for address=127.0.0.1:4443. binding on worker=0x55c363dd7040 workerId=0 processId=0
I1223 18:29:36.610447 10083 QuicServer.cpp:268] No valid takenover fd found for address=127.0.0.1:4443. binding on worker=0x55c363dd7680 workerId=1 processId=0
I1223 18:29:36.610507 10084 QuicServer.cpp:268] No valid takenover fd found for address=127.0.0.1:4443. binding on worker=0x55c363dd7b30 workerId=2 processId=0
I1223 18:29:36.610621 10085 QuicServer.cpp:268] No valid takenover fd found for address=127.0.0.1:4443. binding on worker=0x55c363dd8010 workerId=3 processId=0
I1223 18:29:36.610864 10086 QuicServer.cpp:268] No valid takenover fd found for address=127.0.0.1:4443. binding on worker=0x55c363dd84f0 workerId=4 processId=0
I1223 18:29:36.611016 10087 QuicServer.cpp:268] No valid takenover fd found for address=127.0.0.1:4443. binding on worker=0x55c363dd89f0 workerId=5 processId=0
I1223 18:29:36.611050 10087 QuicServer.cpp:295] Initialized all workers in the eventbase
I1223 18:29:36.611146 10079 EchoServer.h:90] Echo server started at: 127.0.0.1:4443
I1223 18:29:36.611168 10079 EventBase.cpp:308] EventBase(): Starting loop.
I1223 18:29:36.611189 10083 QuicServerWorker.cpp:134] Registered read on worker=0x55c363dd7680, thread=139885966411520, processId=0
I1223 18:29:36.611212 10084 QuicServerWorker.cpp:134] Registered read on worker=0x55c363dd7b30, thread=139885958018816, processId=0
I1223 18:29:36.611196 10082 QuicServerWorker.cpp:134] Registered read on worker=0x55c363dd7040, thread=139885974804224, processId=0
I1223 18:29:36.611250 10085 QuicServerWorker.cpp:134] Registered read on worker=0x55c363dd8010, thread=139885742651136, processId=0
I1223 18:29:36.611285 10086 QuicServerWorker.cpp:134] Registered read on worker=0x55c363dd84f0, thread=139885734258432, processId=0
I1223 18:29:36.611198 10087 QuicServerWorker.cpp:134] Registered read on worker=0x55c363dd89f0, thread=139885725865728, processId=0
I1223 18:29:42.281603 10085 QuicServerWorker.cpp:227] Worker=0x55c363dd8010, Received data on thread=139885742651136, processId=0
I1223 18:29:42.281633 10085 LogQuicStats.h:24] server onPacketReceived
I1223 18:29:42.281641 10085 LogQuicStats.h:140] server onRead size=1232
I1223 18:29:42.281661 10085 LogQuicStats.h:76] server onClientInitialReceived, version: QUIC_DRAFT
I1223 18:29:42.281672 10085 QuicServerWorker.cpp:545] Creating new connection for client=127.0.0.1:4987, routingInfo=CID=0000000000000002, cidVersion=1, workerId=3, processId=0, hostId=0, threadId=139885742651136, 
I1223 18:29:42.281787 10085 LogQuicStats.h:118] server onStatelessReset
I1223 18:29:42.281816 10085 StateMachine-inl.h:41] Transition from Uninitialized to ExpectingClientHello
I1223 18:29:42.281884 10085 LogQuicStats.h:32] server onOutOfOrderPacketReceived
I1223 18:29:42.281893 10085 ServerStateMachine.cpp:952] Server received crypto data offset=0 len=391 currentReadOffset=0 client CID=0000000000000001 server CID=400000c94882c854 peer address=127.0.0.1:4987
I1223 18:29:42.281909 10085 RecordLayer.cpp:82] Received handshake message ClientHello
I1223 18:29:42.282011 10085 ServerHandshake.cpp:167] ServerHandshake error fizz::FizzException: no psk modes
I1223 18:29:42.282056 10085 QuicTransportBase.cpp:1870] onNetworkData fizz::FizzException: no psk modes client CID=0000000000000001 server CID=400000c94882c854 peer address=127.0.0.1:4987
I1223 18:29:42.282088 10085 QuicTransportBase.cpp:400] Stopping read looper due to immediate close client CID=0000000000000001 server CID=400000c94882c854 peer address=127.0.0.1:4987
I1223 18:29:42.282102 10085 FunctionLooper.cpp:88] stop: ReadLooper
I1223 18:29:42.282115 10085 FunctionLooper.cpp:88] stop: PeekLooper
I1223 18:29:42.282121 10085 FunctionLooper.cpp:88] stop: WriteLooper
I1223 18:29:42.282130 10085 QuicTransportBase.cpp:2651] Clearing 0 peek callbacks
I1223 18:29:42.282136 10085 QuicTransportBase.cpp:852] Stopping read looper client CID=0000000000000001 server CID=400000c94882c854 peer address=127.0.0.1:4987
I1223 18:29:42.282143 10085 FunctionLooper.cpp:88] stop: ReadLooper
I1223 18:29:42.282150 10085 QuicTransportBase.cpp:1196] Stopping peek looper client CID=0000000000000001 server CID=400000c94882c854 peer address=127.0.0.1:4987
I1223 18:29:42.282156 10085 FunctionLooper.cpp:88] stop: PeekLooper
I1223 18:29:42.282162 10085 QuicTransportBase.cpp:1233] Server stopping write looper because conn closed client CID=0000000000000001 server CID=400000c94882c854 peer address=127.0.0.1:4987
I1223 18:29:42.282171 10085 FunctionLooper.cpp:88] stop: WriteLooper
E1223 18:29:42.282177 10085 EchoHandler.h:53] Socket error=Crypto error: missing_extension
I1223 18:29:42.282200 10085 QuicTransportFunctions.cpp:1063] Server sent close packetNum=15397030 in space=InitialSpace client CID=0000000000000001 server CID=400000c94882c854 peer address=127.0.0.1:4987
I1223 18:29:42.282227 10085 LogQuicStats.h:144] server onWrite size=83
I1223 18:29:42.282238 10085 QuicTransportBase.cpp:852] Stopping read looper client CID=0000000000000001 server CID=400000c94882c854 peer address=127.0.0.1:4987
I1223 18:29:42.282246 10085 FunctionLooper.cpp:88] stop: ReadLooper
I1223 18:29:42.282253 10085 QuicTransportBase.cpp:1196] Stopping peek looper client CID=0000000000000001 server CID=400000c94882c854 peer address=127.0.0.1:4987
I1223 18:29:42.282259 10085 FunctionLooper.cpp:88] stop: PeekLooper
I1223 18:29:42.282265 10085 QuicTransportBase.cpp:1233] Server stopping write looper because conn closed client CID=0000000000000001 server CID=400000c94882c854 peer address=127.0.0.1:4987
I1223 18:29:42.282272 10085 FunctionLooper.cpp:88] stop: WriteLooper
*** Aborted at 1640284182 (Unix time, try 'date -d @1640284182') ***
*** Signal 15 (SIGTERM) (0x275c) received by PID 10079 (pthread TID 0x7f39c1213ec0) (linux TID 10079) (maybe from PID 10076, UID 0) (code: 0), stack trace: ***
(error retrieving stack trace)
