I1223 18:29:19.439255  9971 EventBase.cpp:308] EventBase(): Starting loop.
I1223 18:29:19.439435  9972 EventBase.cpp:308] EventBase(): Starting loop.
I1223 18:29:19.439568  9973 EventBase.cpp:308] EventBase(): Starting loop.
I1223 18:29:19.442895  9974 EventBase.cpp:308] EventBase(): Starting loop.
I1223 18:29:19.445556  9975 EventBase.cpp:308] EventBase(): Starting loop.
I1223 18:29:19.445709  9976 EventBase.cpp:308] EventBase(): Starting loop.
I1223 18:29:19.445837  9971 QuicServer.cpp:268] No valid takenover fd found for address=127.0.0.1:4443. binding on worker=0x556965187040 workerId=0 processId=0
I1223 18:29:19.446007  9972 QuicServer.cpp:268] No valid takenover fd found for address=127.0.0.1:4443. binding on worker=0x556965187680 workerId=1 processId=0
I1223 18:29:19.446235  9973 QuicServer.cpp:268] No valid takenover fd found for address=127.0.0.1:4443. binding on worker=0x556965187b30 workerId=2 processId=0
I1223 18:29:19.446424  9974 QuicServer.cpp:268] No valid takenover fd found for address=127.0.0.1:4443. binding on worker=0x556965188010 workerId=3 processId=0
I1223 18:29:19.446583  9975 QuicServer.cpp:268] No valid takenover fd found for address=127.0.0.1:4443. binding on worker=0x5569651884f0 workerId=4 processId=0
I1223 18:29:19.446754  9976 QuicServer.cpp:268] No valid takenover fd found for address=127.0.0.1:4443. binding on worker=0x5569651889f0 workerId=5 processId=0
I1223 18:29:19.446781  9976 QuicServer.cpp:295] Initialized all workers in the eventbase
I1223 18:29:19.446949  9968 EchoServer.h:90] Echo server started at: 127.0.0.1:4443
I1223 18:29:19.446969  9968 EventBase.cpp:308] EventBase(): Starting loop.
I1223 18:29:19.446995  9971 QuicServerWorker.cpp:134] Registered read on worker=0x556965187040, thread=140356790757120, processId=0
I1223 18:29:19.447027  9975 QuicServerWorker.cpp:134] Registered read on worker=0x5569651884f0, thread=140356687480576, processId=0
I1223 18:29:19.447016  9972 QuicServerWorker.cpp:134] Registered read on worker=0x556965187680, thread=140356712658688, processId=0
I1223 18:29:19.447065  9976 QuicServerWorker.cpp:134] Registered read on worker=0x5569651889f0, thread=140356679087872, processId=0
I1223 18:29:19.447083  9973 QuicServerWorker.cpp:134] Registered read on worker=0x556965187b30, thread=140356704265984, processId=0
I1223 18:29:19.447099  9974 QuicServerWorker.cpp:134] Registered read on worker=0x556965188010, thread=140356695873280, processId=0
I1223 18:29:25.066622  9974 QuicServerWorker.cpp:227] Worker=0x556965188010, Received data on thread=140356695873280, processId=0
I1223 18:29:25.066651  9974 LogQuicStats.h:24] server onPacketReceived
I1223 18:29:25.066659  9974 LogQuicStats.h:140] server onRead size=1232
I1223 18:29:25.066675  9974 LogQuicStats.h:76] server onClientInitialReceived, version: QUIC_DRAFT
I1223 18:29:25.066685  9974 QuicServerWorker.cpp:545] Creating new connection for client=127.0.0.1:4987, routingInfo=CID=0000000000000002, cidVersion=1, workerId=3, processId=0, hostId=0, threadId=140356695873280, 
I1223 18:29:25.066798  9974 LogQuicStats.h:118] server onStatelessReset
I1223 18:29:25.066828  9974 StateMachine-inl.h:41] Transition from Uninitialized to ExpectingClientHello
I1223 18:29:25.066896  9974 LogQuicStats.h:32] server onOutOfOrderPacketReceived
I1223 18:29:25.066905  9974 ServerStateMachine.cpp:952] Server received crypto data offset=0 len=391 currentReadOffset=0 client CID=0000000000000001 server CID=400000c8b17ce41e peer address=127.0.0.1:4987
I1223 18:29:25.066921  9974 RecordLayer.cpp:82] Received handshake message ClientHello
I1223 18:29:25.067030  9974 ServerHandshake.cpp:167] ServerHandshake error fizz::FizzException: no psk modes
I1223 18:29:25.067083  9974 QuicTransportBase.cpp:1870] onNetworkData fizz::FizzException: no psk modes client CID=0000000000000001 server CID=400000c8b17ce41e peer address=127.0.0.1:4987
I1223 18:29:25.067099  9974 QuicTransportBase.cpp:400] Stopping read looper due to immediate close client CID=0000000000000001 server CID=400000c8b17ce41e peer address=127.0.0.1:4987
I1223 18:29:25.067107  9974 FunctionLooper.cpp:88] stop: ReadLooper
I1223 18:29:25.067128  9974 FunctionLooper.cpp:88] stop: PeekLooper
I1223 18:29:25.067135  9974 FunctionLooper.cpp:88] stop: WriteLooper
I1223 18:29:25.067142  9974 QuicTransportBase.cpp:2651] Clearing 0 peek callbacks
I1223 18:29:25.067149  9974 QuicTransportBase.cpp:852] Stopping read looper client CID=0000000000000001 server CID=400000c8b17ce41e peer address=127.0.0.1:4987
I1223 18:29:25.067157  9974 FunctionLooper.cpp:88] stop: ReadLooper
I1223 18:29:25.067163  9974 QuicTransportBase.cpp:1196] Stopping peek looper client CID=0000000000000001 server CID=400000c8b17ce41e peer address=127.0.0.1:4987
I1223 18:29:25.067170  9974 FunctionLooper.cpp:88] stop: PeekLooper
I1223 18:29:25.067178  9974 QuicTransportBase.cpp:1233] Server stopping write looper because conn closed client CID=0000000000000001 server CID=400000c8b17ce41e peer address=127.0.0.1:4987
I1223 18:29:25.067184  9974 FunctionLooper.cpp:88] stop: WriteLooper
E1223 18:29:25.067193  9974 EchoHandler.h:53] Socket error=Crypto error: missing_extension
I1223 18:29:25.067214  9974 QuicTransportFunctions.cpp:1063] Server sent close packetNum=2687357 in space=InitialSpace client CID=0000000000000001 server CID=400000c8b17ce41e peer address=127.0.0.1:4987
I1223 18:29:25.067296  9974 LogQuicStats.h:144] server onWrite size=82
I1223 18:29:25.067315  9974 QuicTransportBase.cpp:852] Stopping read looper client CID=0000000000000001 server CID=400000c8b17ce41e peer address=127.0.0.1:4987
I1223 18:29:25.067324  9974 FunctionLooper.cpp:88] stop: ReadLooper
I1223 18:29:25.067330  9974 QuicTransportBase.cpp:1196] Stopping peek looper client CID=0000000000000001 server CID=400000c8b17ce41e peer address=127.0.0.1:4987
I1223 18:29:25.067338  9974 FunctionLooper.cpp:88] stop: PeekLooper
I1223 18:29:25.067344  9974 QuicTransportBase.cpp:1233] Server stopping write looper because conn closed client CID=0000000000000001 server CID=400000c8b17ce41e peer address=127.0.0.1:4987
I1223 18:29:25.067351  9974 FunctionLooper.cpp:88] stop: WriteLooper
*** Aborted at 1640284165 (Unix time, try 'date -d @1640284165') ***
*** Signal 15 (SIGTERM) (0x26ed) received by PID 9968 (pthread TID 0x7fa75ff28ec0) (linux TID 9968) (maybe from PID 9965, UID 0) (code: 0), stack trace: ***
(error retrieving stack trace)
