I1224 00:23:31.438211  6209 EventBase.cpp:308] EventBase(): Starting loop.
I1224 00:23:31.441159  6210 EventBase.cpp:308] EventBase(): Starting loop.
I1224 00:23:31.441316  6211 EventBase.cpp:308] EventBase(): Starting loop.
I1224 00:23:31.442955  6212 EventBase.cpp:308] EventBase(): Starting loop.
I1224 00:23:31.447400  6213 EventBase.cpp:308] EventBase(): Starting loop.
I1224 00:23:31.447808  6214 EventBase.cpp:308] EventBase(): Starting loop.
I1224 00:23:31.447926  6209 QuicServer.cpp:268] No valid takenover fd found for address=127.0.0.1:4443. binding on worker=0x55f239b4bec0 workerId=0 processId=0
I1224 00:23:31.448112  6210 QuicServer.cpp:268] No valid takenover fd found for address=127.0.0.1:4443. binding on worker=0x55f239b4c500 workerId=1 processId=0
I1224 00:23:31.448272  6211 QuicServer.cpp:268] No valid takenover fd found for address=127.0.0.1:4443. binding on worker=0x55f239b4c940 workerId=2 processId=0
I1224 00:23:31.448433  6212 QuicServer.cpp:268] No valid takenover fd found for address=127.0.0.1:4443. binding on worker=0x55f239b4ce20 workerId=3 processId=0
I1224 00:23:31.448637  6213 QuicServer.cpp:268] No valid takenover fd found for address=127.0.0.1:4443. binding on worker=0x55f239b4d300 workerId=4 processId=0
I1224 00:23:31.448789  6214 QuicServer.cpp:268] No valid takenover fd found for address=127.0.0.1:4443. binding on worker=0x55f239b4d800 workerId=5 processId=0
I1224 00:23:31.448815  6214 QuicServer.cpp:295] Initialized all workers in the eventbase
I1224 00:23:31.448913  6206 EchoServer.h:90] Echo server started at: 127.0.0.1:4443
I1224 00:23:31.448957  6206 EventBase.cpp:308] EventBase(): Starting loop.
I1224 00:23:31.449018  6214 QuicServerWorker.cpp:134] Registered read on worker=0x55f239b4d800, thread=140604773271296, processId=0
I1224 00:23:31.449026  6210 QuicServerWorker.cpp:134] Registered read on worker=0x55f239b4c500, thread=140604806842112, processId=0
I1224 00:23:31.449064  6211 QuicServerWorker.cpp:134] Registered read on worker=0x55f239b4c940, thread=140604798449408, processId=0
I1224 00:23:31.449090  6213 QuicServerWorker.cpp:134] Registered read on worker=0x55f239b4d300, thread=140604781664000, processId=0
I1224 00:23:31.449095  6212 QuicServerWorker.cpp:134] Registered read on worker=0x55f239b4ce20, thread=140604790056704, processId=0
I1224 00:23:31.449021  6209 QuicServerWorker.cpp:134] Registered read on worker=0x55f239b4bec0, thread=140604815234816, processId=0
I1224 00:23:36.821619  6212 QuicServerWorker.cpp:227] Worker=0x55f239b4ce20, Received data on thread=140604790056704, processId=0
I1224 00:23:36.821650  6212 LogQuicStats.h:24] server onPacketReceived
I1224 00:23:36.821656  6212 LogQuicStats.h:140] server onRead size=1232
W1224 00:23:36.821677  6212 Types.cpp:447] toString has unhandled version type
I1224 00:23:36.821671  6212 LogQuicStats.h:76] server onClientInitialReceived, version: UNKNOWN
I1224 00:23:36.821694  6212 QuicServerWorker.cpp:208] Version negotiation sent to client=127.0.0.1:4987
I1224 00:23:36.821703  6212 LogQuicStats.h:144] server onWrite size=43
I1224 00:23:36.821710  6212 LogQuicStats.h:36] server onPacketProcessed
I1224 00:23:36.821717  6212 LogQuicStats.h:40] server onPacketSent
I1224 00:23:37.052151  6212 QuicServerWorker.cpp:227] Worker=0x55f239b4ce20, Received data on thread=140604790056704, processId=0
I1224 00:23:37.052181  6212 LogQuicStats.h:24] server onPacketReceived
I1224 00:23:37.052188  6212 LogQuicStats.h:140] server onRead size=1232
I1224 00:23:37.052196  6212 LogQuicStats.h:76] server onClientInitialReceived, version: QUIC_DRAFT
I1224 00:23:37.052206  6212 QuicServerWorker.cpp:545] Creating new connection for client=127.0.0.1:4987, routingInfo=CID=0000000000000000, cidVersion=1, workerId=3, processId=0, hostId=0, threadId=140604790056704, 
I1224 00:23:37.052333  6212 LogQuicStats.h:118] server onStatelessReset
I1224 00:23:37.052367  6212 StateMachine-inl.h:41] Transition from Uninitialized to ExpectingClientHello
I1224 00:23:37.052433  6212 LogQuicStats.h:32] server onOutOfOrderPacketReceived
I1224 00:23:37.052443  6212 ServerStateMachine.cpp:952] Server received crypto data offset=0 len=391 currentReadOffset=0 client CID=0000000000000003 server CID=400000c63362a988 peer address=127.0.0.1:4987
I1224 00:23:37.052469  6212 RecordLayer.cpp:82] Received handshake message ClientHello
I1224 00:23:37.052569  6212 ServerHandshake.cpp:167] ServerHandshake error fizz::FizzException: no psk modes
I1224 00:23:37.052611  6212 QuicTransportBase.cpp:1870] onNetworkData fizz::FizzException: no psk modes client CID=0000000000000003 server CID=400000c63362a988 peer address=127.0.0.1:4987
I1224 00:23:37.052624  6212 QuicTransportBase.cpp:400] Stopping read looper due to immediate close client CID=0000000000000003 server CID=400000c63362a988 peer address=127.0.0.1:4987
I1224 00:23:37.052632  6212 FunctionLooper.cpp:88] stop: ReadLooper
I1224 00:23:37.052639  6212 FunctionLooper.cpp:88] stop: PeekLooper
I1224 00:23:37.052644  6212 FunctionLooper.cpp:88] stop: WriteLooper
I1224 00:23:37.052655  6212 QuicTransportBase.cpp:2651] Clearing 0 peek callbacks
I1224 00:23:37.052662  6212 QuicTransportBase.cpp:852] Stopping read looper client CID=0000000000000003 server CID=400000c63362a988 peer address=127.0.0.1:4987
I1224 00:23:37.052670  6212 FunctionLooper.cpp:88] stop: ReadLooper
I1224 00:23:37.052675  6212 QuicTransportBase.cpp:1196] Stopping peek looper client CID=0000000000000003 server CID=400000c63362a988 peer address=127.0.0.1:4987
I1224 00:23:37.052681  6212 FunctionLooper.cpp:88] stop: PeekLooper
I1224 00:23:37.052688  6212 QuicTransportBase.cpp:1233] Server stopping write looper because conn closed client CID=0000000000000003 server CID=400000c63362a988 peer address=127.0.0.1:4987
I1224 00:23:37.052695  6212 FunctionLooper.cpp:88] stop: WriteLooper
E1224 00:23:37.052701  6212 EchoHandler.h:53] Socket error=Crypto error: missing_extension
I1224 00:23:37.052721  6212 QuicTransportFunctions.cpp:1063] Server sent close packetNum=9789641 in space=InitialSpace client CID=0000000000000003 server CID=400000c63362a988 peer address=127.0.0.1:4987
I1224 00:23:37.052744  6212 LogQuicStats.h:144] server onWrite size=83
I1224 00:23:37.052754  6212 QuicTransportBase.cpp:852] Stopping read looper client CID=0000000000000003 server CID=400000c63362a988 peer address=127.0.0.1:4987
I1224 00:23:37.052762  6212 FunctionLooper.cpp:88] stop: ReadLooper
I1224 00:23:37.052767  6212 QuicTransportBase.cpp:1196] Stopping peek looper client CID=0000000000000003 server CID=400000c63362a988 peer address=127.0.0.1:4987
I1224 00:23:37.052774  6212 FunctionLooper.cpp:88] stop: PeekLooper
I1224 00:23:37.052780  6212 QuicTransportBase.cpp:1233] Server stopping write looper because conn closed client CID=0000000000000003 server CID=400000c63362a988 peer address=127.0.0.1:4987
I1224 00:23:37.052786  6212 FunctionLooper.cpp:88] stop: WriteLooper
*** Aborted at 1640305417 (Unix time, try 'date -d @1640305417') ***
*** Signal 15 (SIGTERM) (0x183b) received by PID 6206 (pthread TID 0x7fe11f5bbec0) (linux TID 6206) (maybe from PID 6203, UID 0) (code: 0), stack trace: ***
(error retrieving stack trace)
