I1224 00:15:46.468473  3175 EventBase.cpp:308] EventBase(): Starting loop.
I1224 00:15:46.468657  3176 EventBase.cpp:308] EventBase(): Starting loop.
I1224 00:15:46.471554  3177 EventBase.cpp:308] EventBase(): Starting loop.
I1224 00:15:46.475611  3178 EventBase.cpp:308] EventBase(): Starting loop.
I1224 00:15:46.478569  3179 EventBase.cpp:308] EventBase(): Starting loop.
I1224 00:15:46.479069  3180 EventBase.cpp:308] EventBase(): Starting loop.
I1224 00:15:46.479247  3175 QuicServer.cpp:268] No valid takenover fd found for address=127.0.0.1:4443. binding on worker=0x564a91f6bec0 workerId=0 processId=0
I1224 00:15:46.479444  3176 QuicServer.cpp:268] No valid takenover fd found for address=127.0.0.1:4443. binding on worker=0x564a91f6c500 workerId=1 processId=0
I1224 00:15:46.479566  3177 QuicServer.cpp:268] No valid takenover fd found for address=127.0.0.1:4443. binding on worker=0x564a91f6c940 workerId=2 processId=0
I1224 00:15:46.479638  3178 QuicServer.cpp:268] No valid takenover fd found for address=127.0.0.1:4443. binding on worker=0x564a91f6ce20 workerId=3 processId=0
I1224 00:15:46.479806  3179 QuicServer.cpp:268] No valid takenover fd found for address=127.0.0.1:4443. binding on worker=0x564a91f6d300 workerId=4 processId=0
I1224 00:15:46.479933  3180 QuicServer.cpp:268] No valid takenover fd found for address=127.0.0.1:4443. binding on worker=0x564a91f6d800 workerId=5 processId=0
I1224 00:15:46.479959  3180 QuicServer.cpp:295] Initialized all workers in the eventbase
I1224 00:15:46.480181  3176 QuicServerWorker.cpp:134] Registered read on worker=0x564a91f6c500, thread=140037207357184, processId=0
I1224 00:15:46.480186  3178 QuicServerWorker.cpp:134] Registered read on worker=0x564a91f6ce20, thread=140037190571776, processId=0
I1224 00:15:46.480188  3175 QuicServerWorker.cpp:134] Registered read on worker=0x564a91f6bec0, thread=140037284484864, processId=0
I1224 00:15:46.480300  3172 EchoServer.h:90] Echo server started at: 127.0.0.1:4443
I1224 00:15:46.480311  3172 EventBase.cpp:308] EventBase(): Starting loop.
I1224 00:15:46.480273  3177 QuicServerWorker.cpp:134] Registered read on worker=0x564a91f6c940, thread=140037198964480, processId=0
I1224 00:15:46.480356  3180 QuicServerWorker.cpp:134] Registered read on worker=0x564a91f6d800, thread=140037173786368, processId=0
I1224 00:15:46.480384  3179 QuicServerWorker.cpp:134] Registered read on worker=0x564a91f6d300, thread=140037182179072, processId=0
I1224 00:15:51.899724  3178 QuicServerWorker.cpp:227] Worker=0x564a91f6ce20, Received data on thread=140037190571776, processId=0
I1224 00:15:51.899752  3178 LogQuicStats.h:24] server onPacketReceived
I1224 00:15:51.899760  3178 LogQuicStats.h:140] server onRead size=1232
W1224 00:15:51.899780  3178 Types.cpp:447] toString has unhandled version type
I1224 00:15:51.899775  3178 LogQuicStats.h:76] server onClientInitialReceived, version: UNKNOWN
I1224 00:15:51.899792  3178 QuicServerWorker.cpp:208] Version negotiation sent to client=127.0.0.1:4987
I1224 00:15:51.899802  3178 LogQuicStats.h:144] server onWrite size=43
I1224 00:15:51.899808  3178 LogQuicStats.h:36] server onPacketProcessed
I1224 00:15:51.899814  3178 LogQuicStats.h:40] server onPacketSent
I1224 00:15:52.090359  3178 QuicServerWorker.cpp:227] Worker=0x564a91f6ce20, Received data on thread=140037190571776, processId=0
I1224 00:15:52.090389  3178 LogQuicStats.h:24] server onPacketReceived
I1224 00:15:52.090395  3178 LogQuicStats.h:140] server onRead size=1232
I1224 00:15:52.090404  3178 LogQuicStats.h:76] server onClientInitialReceived, version: QUIC_DRAFT
I1224 00:15:52.090413  3178 QuicServerWorker.cpp:545] Creating new connection for client=127.0.0.1:4987, routingInfo=CID=0000000000000000, cidVersion=1, workerId=3, processId=0, hostId=0, threadId=140037190571776, 
I1224 00:15:52.090562  3178 LogQuicStats.h:118] server onStatelessReset
I1224 00:15:52.090595  3178 StateMachine-inl.h:41] Transition from Uninitialized to ExpectingClientHello
I1224 00:15:52.090662  3178 LogQuicStats.h:32] server onOutOfOrderPacketReceived
I1224 00:15:52.090672  3178 ServerStateMachine.cpp:952] Server received crypto data offset=0 len=391 currentReadOffset=0 client CID=0000000000000003 server CID=400000c352f3c00e peer address=127.0.0.1:4987
I1224 00:15:52.090699  3178 RecordLayer.cpp:82] Received handshake message ClientHello
I1224 00:15:52.090852  3178 ServerHandshake.cpp:167] ServerHandshake error fizz::FizzException: no psk modes
I1224 00:15:52.090905  3178 QuicTransportBase.cpp:1870] onNetworkData fizz::FizzException: no psk modes client CID=0000000000000003 server CID=400000c352f3c00e peer address=127.0.0.1:4987
I1224 00:15:52.090921  3178 QuicTransportBase.cpp:400] Stopping read looper due to immediate close client CID=0000000000000003 server CID=400000c352f3c00e peer address=127.0.0.1:4987
I1224 00:15:52.090929  3178 FunctionLooper.cpp:88] stop: ReadLooper
I1224 00:15:52.090935  3178 FunctionLooper.cpp:88] stop: PeekLooper
I1224 00:15:52.090940  3178 FunctionLooper.cpp:88] stop: WriteLooper
I1224 00:15:52.090952  3178 QuicTransportBase.cpp:2651] Clearing 0 peek callbacks
I1224 00:15:52.090960  3178 QuicTransportBase.cpp:852] Stopping read looper client CID=0000000000000003 server CID=400000c352f3c00e peer address=127.0.0.1:4987
I1224 00:15:52.090965  3178 FunctionLooper.cpp:88] stop: ReadLooper
I1224 00:15:52.090972  3178 QuicTransportBase.cpp:1196] Stopping peek looper client CID=0000000000000003 server CID=400000c352f3c00e peer address=127.0.0.1:4987
I1224 00:15:52.090978  3178 FunctionLooper.cpp:88] stop: PeekLooper
I1224 00:15:52.090984  3178 QuicTransportBase.cpp:1233] Server stopping write looper because conn closed client CID=0000000000000003 server CID=400000c352f3c00e peer address=127.0.0.1:4987
I1224 00:15:52.090991  3178 FunctionLooper.cpp:88] stop: WriteLooper
E1224 00:15:52.090998  3178 EchoHandler.h:53] Socket error=Crypto error: missing_extension
I1224 00:15:52.091019  3178 QuicTransportFunctions.cpp:1063] Server sent close packetNum=15494738 in space=InitialSpace client CID=0000000000000003 server CID=400000c352f3c00e peer address=127.0.0.1:4987
I1224 00:15:52.091043  3178 LogQuicStats.h:144] server onWrite size=83
I1224 00:15:52.091054  3178 QuicTransportBase.cpp:852] Stopping read looper client CID=0000000000000003 server CID=400000c352f3c00e peer address=127.0.0.1:4987
I1224 00:15:52.091061  3178 FunctionLooper.cpp:88] stop: ReadLooper
I1224 00:15:52.091068  3178 QuicTransportBase.cpp:1196] Stopping peek looper client CID=0000000000000003 server CID=400000c352f3c00e peer address=127.0.0.1:4987
I1224 00:15:52.091074  3178 FunctionLooper.cpp:88] stop: PeekLooper
I1224 00:15:52.091079  3178 QuicTransportBase.cpp:1233] Server stopping write looper because conn closed client CID=0000000000000003 server CID=400000c352f3c00e peer address=127.0.0.1:4987
I1224 00:15:52.091086  3178 FunctionLooper.cpp:88] stop: WriteLooper
*** Aborted at 1640304952 (Unix time, try 'date -d @1640304952') ***
*** Signal 15 (SIGTERM) (0xc61) received by PID 3172 (pthread TID 0x7f5cfbe3bec0) (linux TID 3172) (maybe from PID 3169, UID 0) (code: 0), stack trace: ***
(error retrieving stack trace)
