I1224 00:22:12.071121  5691 EventBase.cpp:308] EventBase(): Starting loop.
I1224 00:22:12.077831  5692 EventBase.cpp:308] EventBase(): Starting loop.
I1224 00:22:12.079381  5693 EventBase.cpp:308] EventBase(): Starting loop.
I1224 00:22:12.080018  5694 EventBase.cpp:308] EventBase(): Starting loop.
I1224 00:22:12.080157  5695 EventBase.cpp:308] EventBase(): Starting loop.
I1224 00:22:12.080314  5696 EventBase.cpp:308] EventBase(): Starting loop.
I1224 00:22:12.080431  5691 QuicServer.cpp:268] No valid takenover fd found for address=127.0.0.1:4443. binding on worker=0x56253e0b2ec0 workerId=0 processId=0
I1224 00:22:12.080580  5692 QuicServer.cpp:268] No valid takenover fd found for address=127.0.0.1:4443. binding on worker=0x56253e0b3500 workerId=1 processId=0
I1224 00:22:12.080716  5693 QuicServer.cpp:268] No valid takenover fd found for address=127.0.0.1:4443. binding on worker=0x56253e0b3940 workerId=2 processId=0
I1224 00:22:12.080873  5694 QuicServer.cpp:268] No valid takenover fd found for address=127.0.0.1:4443. binding on worker=0x56253e0b3e20 workerId=3 processId=0
I1224 00:22:12.081023  5695 QuicServer.cpp:268] No valid takenover fd found for address=127.0.0.1:4443. binding on worker=0x56253e0b4300 workerId=4 processId=0
I1224 00:22:12.081182  5696 QuicServer.cpp:268] No valid takenover fd found for address=127.0.0.1:4443. binding on worker=0x56253e0b4800 workerId=5 processId=0
I1224 00:22:12.081212  5696 QuicServer.cpp:295] Initialized all workers in the eventbase
I1224 00:22:12.081310  5688 EchoServer.h:90] Echo server started at: 127.0.0.1:4443
I1224 00:22:12.081327  5688 EventBase.cpp:308] EventBase(): Starting loop.
I1224 00:22:12.081377  5691 QuicServerWorker.cpp:134] Registered read on worker=0x56253e0b2ec0, thread=139626814093056, processId=0
I1224 00:22:12.081396  5694 QuicServerWorker.cpp:134] Registered read on worker=0x56253e0b3e20, thread=139626788914944, processId=0
I1224 00:22:12.081445  5695 QuicServerWorker.cpp:134] Registered read on worker=0x56253e0b4300, thread=139626780522240, processId=0
I1224 00:22:12.081450  5693 QuicServerWorker.cpp:134] Registered read on worker=0x56253e0b3940, thread=139626797307648, processId=0
I1224 00:22:12.081459  5692 QuicServerWorker.cpp:134] Registered read on worker=0x56253e0b3500, thread=139626805700352, processId=0
I1224 00:22:12.081399  5696 QuicServerWorker.cpp:134] Registered read on worker=0x56253e0b4800, thread=139626434000640, processId=0
I1224 00:22:17.473546  5694 QuicServerWorker.cpp:227] Worker=0x56253e0b3e20, Received data on thread=139626788914944, processId=0
I1224 00:22:17.473573  5694 LogQuicStats.h:24] server onPacketReceived
I1224 00:22:17.473580  5694 LogQuicStats.h:140] server onRead size=1232
W1224 00:22:17.473599  5694 Types.cpp:447] toString has unhandled version type
I1224 00:22:17.473594  5694 LogQuicStats.h:76] server onClientInitialReceived, version: UNKNOWN
I1224 00:22:17.473613  5694 QuicServerWorker.cpp:208] Version negotiation sent to client=127.0.0.1:4987
I1224 00:22:17.473620  5694 LogQuicStats.h:144] server onWrite size=43
I1224 00:22:17.473626  5694 LogQuicStats.h:36] server onPacketProcessed
I1224 00:22:17.473632  5694 LogQuicStats.h:40] server onPacketSent
I1224 00:22:17.642673  5694 QuicServerWorker.cpp:227] Worker=0x56253e0b3e20, Received data on thread=139626788914944, processId=0
I1224 00:22:17.642748  5694 LogQuicStats.h:24] server onPacketReceived
I1224 00:22:17.642756  5694 LogQuicStats.h:140] server onRead size=1232
I1224 00:22:17.642764  5694 LogQuicStats.h:76] server onClientInitialReceived, version: QUIC_DRAFT
I1224 00:22:17.642774  5694 QuicServerWorker.cpp:545] Creating new connection for client=127.0.0.1:4987, routingInfo=CID=0000000000000000, cidVersion=1, workerId=3, processId=0, hostId=0, threadId=139626788914944, 
I1224 00:22:17.642876  5694 LogQuicStats.h:118] server onStatelessReset
I1224 00:22:17.642904  5694 StateMachine-inl.h:41] Transition from Uninitialized to ExpectingClientHello
I1224 00:22:17.642969  5694 LogQuicStats.h:32] server onOutOfOrderPacketReceived
I1224 00:22:17.642977  5694 ServerStateMachine.cpp:952] Server received crypto data offset=0 len=391 currentReadOffset=0 client CID=0000000000000003 server CID=400000c529eb6f80 peer address=127.0.0.1:4987
I1224 00:22:17.643003  5694 RecordLayer.cpp:82] Received handshake message ClientHello
I1224 00:22:17.643107  5694 ServerHandshake.cpp:167] ServerHandshake error fizz::FizzException: no psk modes
I1224 00:22:17.643152  5694 QuicTransportBase.cpp:1870] onNetworkData fizz::FizzException: no psk modes client CID=0000000000000003 server CID=400000c529eb6f80 peer address=127.0.0.1:4987
I1224 00:22:17.643167  5694 QuicTransportBase.cpp:400] Stopping read looper due to immediate close client CID=0000000000000003 server CID=400000c529eb6f80 peer address=127.0.0.1:4987
I1224 00:22:17.643175  5694 FunctionLooper.cpp:88] stop: ReadLooper
I1224 00:22:17.643182  5694 FunctionLooper.cpp:88] stop: PeekLooper
I1224 00:22:17.643186  5694 FunctionLooper.cpp:88] stop: WriteLooper
I1224 00:22:17.643198  5694 QuicTransportBase.cpp:2651] Clearing 0 peek callbacks
I1224 00:22:17.643205  5694 QuicTransportBase.cpp:852] Stopping read looper client CID=0000000000000003 server CID=400000c529eb6f80 peer address=127.0.0.1:4987
I1224 00:22:17.643211  5694 FunctionLooper.cpp:88] stop: ReadLooper
I1224 00:22:17.643218  5694 QuicTransportBase.cpp:1196] Stopping peek looper client CID=0000000000000003 server CID=400000c529eb6f80 peer address=127.0.0.1:4987
I1224 00:22:17.643261  5694 FunctionLooper.cpp:88] stop: PeekLooper
I1224 00:22:17.643270  5694 QuicTransportBase.cpp:1233] Server stopping write looper because conn closed client CID=0000000000000003 server CID=400000c529eb6f80 peer address=127.0.0.1:4987
I1224 00:22:17.643276  5694 FunctionLooper.cpp:88] stop: WriteLooper
E1224 00:22:17.643283  5694 EchoHandler.h:53] Socket error=Crypto error: missing_extension
I1224 00:22:17.643321  5694 QuicTransportFunctions.cpp:1063] Server sent close packetNum=1933585 in space=InitialSpace client CID=0000000000000003 server CID=400000c529eb6f80 peer address=127.0.0.1:4987
I1224 00:22:17.643355  5694 LogQuicStats.h:144] server onWrite size=82
I1224 00:22:17.643368  5694 QuicTransportBase.cpp:852] Stopping read looper client CID=0000000000000003 server CID=400000c529eb6f80 peer address=127.0.0.1:4987
I1224 00:22:17.643375  5694 FunctionLooper.cpp:88] stop: ReadLooper
I1224 00:22:17.643381  5694 QuicTransportBase.cpp:1196] Stopping peek looper client CID=0000000000000003 server CID=400000c529eb6f80 peer address=127.0.0.1:4987
I1224 00:22:17.643388  5694 FunctionLooper.cpp:88] stop: PeekLooper
I1224 00:22:17.643393  5694 QuicTransportBase.cpp:1233] Server stopping write looper because conn closed client CID=0000000000000003 server CID=400000c529eb6f80 peer address=127.0.0.1:4987
I1224 00:22:17.643399  5694 FunctionLooper.cpp:88] stop: WriteLooper
*** Aborted at 1640305337 (Unix time, try 'date -d @1640305337') ***
*** Signal 15 (SIGTERM) (0x1635) received by PID 5688 (pthread TID 0x7efd69f29ec0) (linux TID 5688) (maybe from PID 5685, UID 0) (code: 0), stack trace: ***
(error retrieving stack trace)
