I1223 18:28:45.043004  9749 EventBase.cpp:308] EventBase(): Starting loop.
I1223 18:28:45.043164  9750 EventBase.cpp:308] EventBase(): Starting loop.
I1223 18:28:45.046947  9751 EventBase.cpp:308] EventBase(): Starting loop.
I1223 18:28:45.047096  9752 EventBase.cpp:308] EventBase(): Starting loop.
I1223 18:28:45.051324  9753 EventBase.cpp:308] EventBase(): Starting loop.
I1223 18:28:45.055369  9754 EventBase.cpp:308] EventBase(): Starting loop.
I1223 18:28:45.055594  9749 QuicServer.cpp:268] No valid takenover fd found for address=127.0.0.1:4443. binding on worker=0x557bc8903040 workerId=0 processId=0
I1223 18:28:45.055758  9750 QuicServer.cpp:268] No valid takenover fd found for address=127.0.0.1:4443. binding on worker=0x557bc8903680 workerId=1 processId=0
I1223 18:28:45.055918  9751 QuicServer.cpp:268] No valid takenover fd found for address=127.0.0.1:4443. binding on worker=0x557bc8903b30 workerId=2 processId=0
I1223 18:28:45.056088  9752 QuicServer.cpp:268] No valid takenover fd found for address=127.0.0.1:4443. binding on worker=0x557bc8904010 workerId=3 processId=0
I1223 18:28:45.056246  9753 QuicServer.cpp:268] No valid takenover fd found for address=127.0.0.1:4443. binding on worker=0x557bc89044f0 workerId=4 processId=0
I1223 18:28:45.056403  9754 QuicServer.cpp:268] No valid takenover fd found for address=127.0.0.1:4443. binding on worker=0x557bc89049f0 workerId=5 processId=0
I1223 18:28:45.056432  9754 QuicServer.cpp:295] Initialized all workers in the eventbase
I1223 18:28:45.056535  9746 EchoServer.h:90] Echo server started at: 127.0.0.1:4443
I1223 18:28:45.056591  9746 EventBase.cpp:308] EventBase(): Starting loop.
I1223 18:28:45.056620  9752 QuicServerWorker.cpp:134] Registered read on worker=0x557bc8904010, thread=139667146295040, processId=0
I1223 18:28:45.056640  9749 QuicServerWorker.cpp:134] Registered read on worker=0x557bc8903040, thread=139667171473152, processId=0
I1223 18:28:45.056627  9751 QuicServerWorker.cpp:134] Registered read on worker=0x557bc8903b30, thread=139667154687744, processId=0
I1223 18:28:45.056675  9754 QuicServerWorker.cpp:134] Registered read on worker=0x557bc89049f0, thread=139667129509632, processId=0
I1223 18:28:45.056716  9753 QuicServerWorker.cpp:134] Registered read on worker=0x557bc89044f0, thread=139667137902336, processId=0
I1223 18:28:45.056620  9750 QuicServerWorker.cpp:134] Registered read on worker=0x557bc8903680, thread=139667163080448, processId=0
I1223 18:28:50.596987  9752 QuicServerWorker.cpp:227] Worker=0x557bc8904010, Received data on thread=139667146295040, processId=0
I1223 18:28:50.597015  9752 LogQuicStats.h:24] server onPacketReceived
I1223 18:28:50.597023  9752 LogQuicStats.h:140] server onRead size=1232
I1223 18:28:50.597038  9752 LogQuicStats.h:76] server onClientInitialReceived, version: QUIC_DRAFT
I1223 18:28:50.597049  9752 QuicServerWorker.cpp:545] Creating new connection for client=127.0.0.1:4987, routingInfo=CID=0000000000000002, cidVersion=1, workerId=3, processId=0, hostId=0, threadId=139667146295040, 
I1223 18:28:50.597255  9752 LogQuicStats.h:118] server onStatelessReset
I1223 18:28:50.597286  9752 StateMachine-inl.h:41] Transition from Uninitialized to ExpectingClientHello
I1223 18:28:50.597353  9752 LogQuicStats.h:32] server onOutOfOrderPacketReceived
I1223 18:28:50.597362  9752 ServerStateMachine.cpp:952] Server received crypto data offset=0 len=389 currentReadOffset=0 client CID=0000000000000001 server CID=400000c27127b066 peer address=127.0.0.1:4987
I1223 18:28:50.597378  9752 RecordLayer.cpp:82] Received handshake message ClientHello
I1223 18:28:50.597473  9752 ServerHandshake.cpp:167] ServerHandshake error fizz::FizzException: no psk modes
I1223 18:28:50.597522  9752 QuicTransportBase.cpp:1870] onNetworkData fizz::FizzException: no psk modes client CID=0000000000000001 server CID=400000c27127b066 peer address=127.0.0.1:4987
I1223 18:28:50.597537  9752 QuicTransportBase.cpp:400] Stopping read looper due to immediate close client CID=0000000000000001 server CID=400000c27127b066 peer address=127.0.0.1:4987
I1223 18:28:50.597544  9752 FunctionLooper.cpp:88] stop: ReadLooper
I1223 18:28:50.597559  9752 FunctionLooper.cpp:88] stop: PeekLooper
I1223 18:28:50.597565  9752 FunctionLooper.cpp:88] stop: WriteLooper
I1223 18:28:50.597573  9752 QuicTransportBase.cpp:2651] Clearing 0 peek callbacks
I1223 18:28:50.597579  9752 QuicTransportBase.cpp:852] Stopping read looper client CID=0000000000000001 server CID=400000c27127b066 peer address=127.0.0.1:4987
I1223 18:28:50.597586  9752 FunctionLooper.cpp:88] stop: ReadLooper
I1223 18:28:50.597592  9752 QuicTransportBase.cpp:1196] Stopping peek looper client CID=0000000000000001 server CID=400000c27127b066 peer address=127.0.0.1:4987
I1223 18:28:50.597599  9752 FunctionLooper.cpp:88] stop: PeekLooper
I1223 18:28:50.597605  9752 QuicTransportBase.cpp:1233] Server stopping write looper because conn closed client CID=0000000000000001 server CID=400000c27127b066 peer address=127.0.0.1:4987
I1223 18:28:50.597612  9752 FunctionLooper.cpp:88] stop: WriteLooper
E1223 18:28:50.597620  9752 EchoHandler.h:53] Socket error=Crypto error: missing_extension
I1223 18:28:50.597640  9752 QuicTransportFunctions.cpp:1063] Server sent close packetNum=4593561 in space=InitialSpace client CID=0000000000000001 server CID=400000c27127b066 peer address=127.0.0.1:4987
I1223 18:28:50.597662  9752 LogQuicStats.h:144] server onWrite size=82
I1223 18:28:50.597673  9752 QuicTransportBase.cpp:852] Stopping read looper client CID=0000000000000001 server CID=400000c27127b066 peer address=127.0.0.1:4987
I1223 18:28:50.597680  9752 FunctionLooper.cpp:88] stop: ReadLooper
I1223 18:28:50.597687  9752 QuicTransportBase.cpp:1196] Stopping peek looper client CID=0000000000000001 server CID=400000c27127b066 peer address=127.0.0.1:4987
I1223 18:28:50.597692  9752 FunctionLooper.cpp:88] stop: PeekLooper
I1223 18:28:50.597698  9752 QuicTransportBase.cpp:1233] Server stopping write looper because conn closed client CID=0000000000000001 server CID=400000c27127b066 peer address=127.0.0.1:4987
I1223 18:28:50.597705  9752 FunctionLooper.cpp:88] stop: WriteLooper
*** Aborted at 1640284130 (Unix time, try 'date -d @1640284130') ***
*** Signal 15 (SIGTERM) (0x260f) received by PID 9746 (pthread TID 0x7f06cf6f5ec0) (linux TID 9746) (maybe from PID 9743, UID 0) (code: 0), stack trace: ***
(error retrieving stack trace)
