I1224 00:24:22.338104  6542 EventBase.cpp:308] EventBase(): Starting loop.
I1224 00:24:22.338829  6543 EventBase.cpp:308] EventBase(): Starting loop.
I1224 00:24:22.341598  6544 EventBase.cpp:308] EventBase(): Starting loop.
I1224 00:24:22.342912  6545 EventBase.cpp:308] EventBase(): Starting loop.
I1224 00:24:22.344698  6546 EventBase.cpp:308] EventBase(): Starting loop.
I1224 00:24:22.347489  6547 EventBase.cpp:308] EventBase(): Starting loop.
I1224 00:24:22.347678  6542 QuicServer.cpp:268] No valid takenover fd found for address=127.0.0.1:4443. binding on worker=0x5607e5dafec0 workerId=0 processId=0
I1224 00:24:22.347900  6543 QuicServer.cpp:268] No valid takenover fd found for address=127.0.0.1:4443. binding on worker=0x5607e5db0500 workerId=1 processId=0
I1224 00:24:22.348057  6544 QuicServer.cpp:268] No valid takenover fd found for address=127.0.0.1:4443. binding on worker=0x5607e5db0940 workerId=2 processId=0
I1224 00:24:22.348228  6545 QuicServer.cpp:268] No valid takenover fd found for address=127.0.0.1:4443. binding on worker=0x5607e5db0e20 workerId=3 processId=0
I1224 00:24:22.348423  6546 QuicServer.cpp:268] No valid takenover fd found for address=127.0.0.1:4443. binding on worker=0x5607e5db1300 workerId=4 processId=0
I1224 00:24:22.348543  6547 QuicServer.cpp:268] No valid takenover fd found for address=127.0.0.1:4443. binding on worker=0x5607e5db1800 workerId=5 processId=0
I1224 00:24:22.348570  6547 QuicServer.cpp:295] Initialized all workers in the eventbase
I1224 00:24:22.348649  6539 EchoServer.h:90] Echo server started at: 127.0.0.1:4443
I1224 00:24:22.348696  6539 EventBase.cpp:308] EventBase(): Starting loop.
I1224 00:24:22.348717  6547 QuicServerWorker.cpp:134] Registered read on worker=0x5607e5db1800, thread=140263330658048, processId=0
I1224 00:24:22.348744  6543 QuicServerWorker.cpp:134] Registered read on worker=0x5607e5db0500, thread=140263364228864, processId=0
I1224 00:24:22.348742  6542 QuicServerWorker.cpp:134] Registered read on worker=0x5607e5dafec0, thread=140263447373568, processId=0
I1224 00:24:22.348803  6546 QuicServerWorker.cpp:134] Registered read on worker=0x5607e5db1300, thread=140263339050752, processId=0
I1224 00:24:22.348742  6544 QuicServerWorker.cpp:134] Registered read on worker=0x5607e5db0940, thread=140263355836160, processId=0
I1224 00:24:22.348763  6545 QuicServerWorker.cpp:134] Registered read on worker=0x5607e5db0e20, thread=140263347443456, processId=0
I1224 00:24:27.645045  6545 QuicServerWorker.cpp:227] Worker=0x5607e5db0e20, Received data on thread=140263347443456, processId=0
I1224 00:24:27.645073  6545 LogQuicStats.h:24] server onPacketReceived
I1224 00:24:27.645081  6545 LogQuicStats.h:140] server onRead size=1232
W1224 00:24:27.645107  6545 Types.cpp:447] toString has unhandled version type
I1224 00:24:27.645097  6545 LogQuicStats.h:76] server onClientInitialReceived, version: UNKNOWN
I1224 00:24:27.645123  6545 QuicServerWorker.cpp:208] Version negotiation sent to client=127.0.0.1:4987
I1224 00:24:27.645133  6545 LogQuicStats.h:144] server onWrite size=43
I1224 00:24:27.645139  6545 LogQuicStats.h:36] server onPacketProcessed
I1224 00:24:27.645145  6545 LogQuicStats.h:40] server onPacketSent
I1224 00:24:27.879532  6545 QuicServerWorker.cpp:227] Worker=0x5607e5db0e20, Received data on thread=140263347443456, processId=0
I1224 00:24:27.879560  6545 LogQuicStats.h:24] server onPacketReceived
I1224 00:24:27.879568  6545 LogQuicStats.h:140] server onRead size=1232
I1224 00:24:27.879575  6545 LogQuicStats.h:76] server onClientInitialReceived, version: QUIC_DRAFT
I1224 00:24:27.879586  6545 QuicServerWorker.cpp:545] Creating new connection for client=127.0.0.1:4987, routingInfo=CID=0000000000000000, cidVersion=1, workerId=3, processId=0, hostId=0, threadId=140263347443456, 
I1224 00:24:27.879694  6545 LogQuicStats.h:118] server onStatelessReset
I1224 00:24:27.879724  6545 StateMachine-inl.h:41] Transition from Uninitialized to ExpectingClientHello
I1224 00:24:27.879788  6545 LogQuicStats.h:32] server onOutOfOrderPacketReceived
I1224 00:24:27.879797  6545 ServerStateMachine.cpp:952] Server received crypto data offset=0 len=391 currentReadOffset=0 client CID=0000000000000003 server CID=400000c618f5631f peer address=127.0.0.1:4987
I1224 00:24:27.879819  6545 RecordLayer.cpp:82] Received handshake message ClientHello
I1224 00:24:27.879925  6545 ServerHandshake.cpp:167] ServerHandshake error fizz::FizzException: no psk modes
I1224 00:24:27.879967  6545 QuicTransportBase.cpp:1870] onNetworkData fizz::FizzException: no psk modes client CID=0000000000000003 server CID=400000c618f5631f peer address=127.0.0.1:4987
I1224 00:24:27.879981  6545 QuicTransportBase.cpp:400] Stopping read looper due to immediate close client CID=0000000000000003 server CID=400000c618f5631f peer address=127.0.0.1:4987
I1224 00:24:27.879989  6545 FunctionLooper.cpp:88] stop: ReadLooper
I1224 00:24:27.879995  6545 FunctionLooper.cpp:88] stop: PeekLooper
I1224 00:24:27.880018  6545 FunctionLooper.cpp:88] stop: WriteLooper
I1224 00:24:27.880033  6545 QuicTransportBase.cpp:2651] Clearing 0 peek callbacks
I1224 00:24:27.880039  6545 QuicTransportBase.cpp:852] Stopping read looper client CID=0000000000000003 server CID=400000c618f5631f peer address=127.0.0.1:4987
I1224 00:24:27.880048  6545 FunctionLooper.cpp:88] stop: ReadLooper
I1224 00:24:27.880053  6545 QuicTransportBase.cpp:1196] Stopping peek looper client CID=0000000000000003 server CID=400000c618f5631f peer address=127.0.0.1:4987
I1224 00:24:27.880060  6545 FunctionLooper.cpp:88] stop: PeekLooper
I1224 00:24:27.880066  6545 QuicTransportBase.cpp:1233] Server stopping write looper because conn closed client CID=0000000000000003 server CID=400000c618f5631f peer address=127.0.0.1:4987
I1224 00:24:27.880074  6545 FunctionLooper.cpp:88] stop: WriteLooper
E1224 00:24:27.880080  6545 EchoHandler.h:53] Socket error=Crypto error: missing_extension
I1224 00:24:27.880103  6545 QuicTransportFunctions.cpp:1063] Server sent close packetNum=8035302 in space=InitialSpace client CID=0000000000000003 server CID=400000c618f5631f peer address=127.0.0.1:4987
I1224 00:24:27.880129  6545 LogQuicStats.h:144] server onWrite size=82
I1224 00:24:27.880141  6545 QuicTransportBase.cpp:852] Stopping read looper client CID=0000000000000003 server CID=400000c618f5631f peer address=127.0.0.1:4987
I1224 00:24:27.880147  6545 FunctionLooper.cpp:88] stop: ReadLooper
I1224 00:24:27.880153  6545 QuicTransportBase.cpp:1196] Stopping peek looper client CID=0000000000000003 server CID=400000c618f5631f peer address=127.0.0.1:4987
I1224 00:24:27.880160  6545 FunctionLooper.cpp:88] stop: PeekLooper
I1224 00:24:27.880167  6545 QuicTransportBase.cpp:1233] Server stopping write looper because conn closed client CID=0000000000000003 server CID=400000c618f5631f peer address=127.0.0.1:4987
I1224 00:24:27.880172  6545 FunctionLooper.cpp:88] stop: WriteLooper
*** Aborted at 1640305467 (Unix time, try 'date -d @1640305467') ***
*** Signal 15 (SIGTERM) (0x1988) received by PID 6539 (pthread TID 0x7f91a43f8ec0) (linux TID 6539) (maybe from PID 6536, UID 0) (code: 0), stack trace: ***
(error retrieving stack trace)
