I1224 00:23:59.780268  6394 EventBase.cpp:308] EventBase(): Starting loop.
I1224 00:23:59.787075  6395 EventBase.cpp:308] EventBase(): Starting loop.
I1224 00:23:59.787200  6396 EventBase.cpp:308] EventBase(): Starting loop.
I1224 00:23:59.787382  6397 EventBase.cpp:308] EventBase(): Starting loop.
I1224 00:23:59.791630  6398 EventBase.cpp:308] EventBase(): Starting loop.
I1224 00:23:59.793618  6399 EventBase.cpp:308] EventBase(): Starting loop.
I1224 00:23:59.793799  6394 QuicServer.cpp:268] No valid takenover fd found for address=127.0.0.1:4443. binding on worker=0x558cd890eec0 workerId=0 processId=0
I1224 00:23:59.793884  6395 QuicServer.cpp:268] No valid takenover fd found for address=127.0.0.1:4443. binding on worker=0x558cd890f500 workerId=1 processId=0
I1224 00:23:59.793974  6396 QuicServer.cpp:268] No valid takenover fd found for address=127.0.0.1:4443. binding on worker=0x558cd890f940 workerId=2 processId=0
I1224 00:23:59.794139  6397 QuicServer.cpp:268] No valid takenover fd found for address=127.0.0.1:4443. binding on worker=0x558cd890fe20 workerId=3 processId=0
I1224 00:23:59.794297  6398 QuicServer.cpp:268] No valid takenover fd found for address=127.0.0.1:4443. binding on worker=0x558cd8910300 workerId=4 processId=0
I1224 00:23:59.794456  6399 QuicServer.cpp:268] No valid takenover fd found for address=127.0.0.1:4443. binding on worker=0x558cd8910800 workerId=5 processId=0
I1224 00:23:59.794484  6399 QuicServer.cpp:295] Initialized all workers in the eventbase
I1224 00:23:59.794715  6395 QuicServerWorker.cpp:134] Registered read on worker=0x558cd890f500, thread=140076049348352, processId=0
I1224 00:23:59.794770  6394 QuicServerWorker.cpp:134] Registered read on worker=0x558cd890eec0, thread=140076057741056, processId=0
I1224 00:23:59.794798  6391 EchoServer.h:90] Echo server started at: 127.0.0.1:4443
I1224 00:23:59.794808  6391 EventBase.cpp:308] EventBase(): Starting loop.
I1224 00:23:59.795094  6396 QuicServerWorker.cpp:134] Registered read on worker=0x558cd890f940, thread=140076040955648, processId=0
I1224 00:23:59.795172  6397 QuicServerWorker.cpp:134] Registered read on worker=0x558cd890fe20, thread=140076032562944, processId=0
I1224 00:23:59.795210  6398 QuicServerWorker.cpp:134] Registered read on worker=0x558cd8910300, thread=140076024170240, processId=0
I1224 00:23:59.795236  6399 QuicServerWorker.cpp:134] Registered read on worker=0x558cd8910800, thread=140076015777536, processId=0
I1224 00:24:05.094137  6397 QuicServerWorker.cpp:227] Worker=0x558cd890fe20, Received data on thread=140076032562944, processId=0
I1224 00:24:05.094166  6397 LogQuicStats.h:24] server onPacketReceived
I1224 00:24:05.094172  6397 LogQuicStats.h:140] server onRead size=1232
W1224 00:24:05.094193  6397 Types.cpp:447] toString has unhandled version type
I1224 00:24:05.094187  6397 LogQuicStats.h:76] server onClientInitialReceived, version: UNKNOWN
I1224 00:24:05.094209  6397 QuicServerWorker.cpp:208] Version negotiation sent to client=127.0.0.1:4987
I1224 00:24:05.094218  6397 LogQuicStats.h:144] server onWrite size=43
I1224 00:24:05.094224  6397 LogQuicStats.h:36] server onPacketProcessed
I1224 00:24:05.094230  6397 LogQuicStats.h:40] server onPacketSent
I1224 00:24:05.325256  6397 QuicServerWorker.cpp:227] Worker=0x558cd890fe20, Received data on thread=140076032562944, processId=0
I1224 00:24:05.325284  6397 LogQuicStats.h:24] server onPacketReceived
I1224 00:24:05.325291  6397 LogQuicStats.h:140] server onRead size=1232
I1224 00:24:05.325299  6397 LogQuicStats.h:76] server onClientInitialReceived, version: QUIC_DRAFT
I1224 00:24:05.325309  6397 QuicServerWorker.cpp:545] Creating new connection for client=127.0.0.1:4987, routingInfo=CID=0000000000000000, cidVersion=1, workerId=3, processId=0, hostId=0, threadId=140076032562944, 
I1224 00:24:05.325425  6397 LogQuicStats.h:118] server onStatelessReset
I1224 00:24:05.325455  6397 StateMachine-inl.h:41] Transition from Uninitialized to ExpectingClientHello
I1224 00:24:05.325520  6397 LogQuicStats.h:32] server onOutOfOrderPacketReceived
I1224 00:24:05.325529  6397 ServerStateMachine.cpp:952] Server received crypto data offset=0 len=389 currentReadOffset=0 client CID=0000000000000003 server CID=400000d1351b6a81 peer address=127.0.0.1:4987
I1224 00:24:05.325551  6397 RecordLayer.cpp:82] Received handshake message ClientHello
I1224 00:24:05.325651  6397 ServerHandshake.cpp:167] ServerHandshake error fizz::FizzException: no psk modes
I1224 00:24:05.325698  6397 QuicTransportBase.cpp:1870] onNetworkData fizz::FizzException: no psk modes client CID=0000000000000003 server CID=400000d1351b6a81 peer address=127.0.0.1:4987
I1224 00:24:05.325711  6397 QuicTransportBase.cpp:400] Stopping read looper due to immediate close client CID=0000000000000003 server CID=400000d1351b6a81 peer address=127.0.0.1:4987
I1224 00:24:05.325719  6397 FunctionLooper.cpp:88] stop: ReadLooper
I1224 00:24:05.325726  6397 FunctionLooper.cpp:88] stop: PeekLooper
I1224 00:24:05.325731  6397 FunctionLooper.cpp:88] stop: WriteLooper
I1224 00:24:05.325738  6397 QuicTransportBase.cpp:2651] Clearing 0 peek callbacks
I1224 00:24:05.325745  6397 QuicTransportBase.cpp:852] Stopping read looper client CID=0000000000000003 server CID=400000d1351b6a81 peer address=127.0.0.1:4987
I1224 00:24:05.325752  6397 FunctionLooper.cpp:88] stop: ReadLooper
I1224 00:24:05.325758  6397 QuicTransportBase.cpp:1196] Stopping peek looper client CID=0000000000000003 server CID=400000d1351b6a81 peer address=127.0.0.1:4987
I1224 00:24:05.325765  6397 FunctionLooper.cpp:88] stop: PeekLooper
I1224 00:24:05.325771  6397 QuicTransportBase.cpp:1233] Server stopping write looper because conn closed client CID=0000000000000003 server CID=400000d1351b6a81 peer address=127.0.0.1:4987
I1224 00:24:05.325778  6397 FunctionLooper.cpp:88] stop: WriteLooper
E1224 00:24:05.325784  6397 EchoHandler.h:53] Socket error=Crypto error: missing_extension
I1224 00:24:05.325804  6397 QuicTransportFunctions.cpp:1063] Server sent close packetNum=2934806 in space=InitialSpace client CID=0000000000000003 server CID=400000d1351b6a81 peer address=127.0.0.1:4987
I1224 00:24:05.325829  6397 LogQuicStats.h:144] server onWrite size=82
I1224 00:24:05.325839  6397 QuicTransportBase.cpp:852] Stopping read looper client CID=0000000000000003 server CID=400000d1351b6a81 peer address=127.0.0.1:4987
I1224 00:24:05.325845  6397 FunctionLooper.cpp:88] stop: ReadLooper
I1224 00:24:05.325851  6397 QuicTransportBase.cpp:1196] Stopping peek looper client CID=0000000000000003 server CID=400000d1351b6a81 peer address=127.0.0.1:4987
I1224 00:24:05.325858  6397 FunctionLooper.cpp:88] stop: PeekLooper
I1224 00:24:05.325865  6397 QuicTransportBase.cpp:1233] Server stopping write looper because conn closed client CID=0000000000000003 server CID=400000d1351b6a81 peer address=127.0.0.1:4987
I1224 00:24:05.325871  6397 FunctionLooper.cpp:88] stop: WriteLooper
*** Aborted at 1640305445 (Unix time, try 'date -d @1640305445') ***
*** Signal 15 (SIGTERM) (0x18f4) received by PID 6391 (pthread TID 0x7f6602f4aec0) (linux TID 6391) (maybe from PID 6388, UID 0) (code: 0), stack trace: ***
(error retrieving stack trace)
