I1224 00:18:53.712699  4395 EventBase.cpp:308] EventBase(): Starting loop.
I1224 00:18:53.713166  4396 EventBase.cpp:308] EventBase(): Starting loop.
I1224 00:18:53.717365  4397 EventBase.cpp:308] EventBase(): Starting loop.
I1224 00:18:53.718827  4399 EventBase.cpp:308] EventBase(): Starting loop.
I1224 00:18:53.719043  4400 EventBase.cpp:308] EventBase(): Starting loop.
I1224 00:18:53.723233  4401 EventBase.cpp:308] EventBase(): Starting loop.
I1224 00:18:53.723368  4395 QuicServer.cpp:268] No valid takenover fd found for address=127.0.0.1:4443. binding on worker=0x562897566ec0 workerId=0 processId=0
I1224 00:18:53.723547  4396 QuicServer.cpp:268] No valid takenover fd found for address=127.0.0.1:4443. binding on worker=0x562897567500 workerId=1 processId=0
I1224 00:18:53.723670  4397 QuicServer.cpp:268] No valid takenover fd found for address=127.0.0.1:4443. binding on worker=0x562897567940 workerId=2 processId=0
I1224 00:18:53.723839  4399 QuicServer.cpp:268] No valid takenover fd found for address=127.0.0.1:4443. binding on worker=0x562897567e20 workerId=3 processId=0
I1224 00:18:53.723959  4400 QuicServer.cpp:268] No valid takenover fd found for address=127.0.0.1:4443. binding on worker=0x562897568300 workerId=4 processId=0
I1224 00:18:53.724069  4401 QuicServer.cpp:268] No valid takenover fd found for address=127.0.0.1:4443. binding on worker=0x562897568800 workerId=5 processId=0
I1224 00:18:53.724097  4401 QuicServer.cpp:295] Initialized all workers in the eventbase
I1224 00:18:53.724196  4393 EchoServer.h:90] Echo server started at: 127.0.0.1:4443
I1224 00:18:53.724234  4397 QuicServerWorker.cpp:134] Registered read on worker=0x562897567940, thread=139723083253504, processId=0
I1224 00:18:53.724254  4395 QuicServerWorker.cpp:134] Registered read on worker=0x562897566ec0, thread=139723100038912, processId=0
I1224 00:18:53.724274  4396 QuicServerWorker.cpp:134] Registered read on worker=0x562897567500, thread=139723091646208, processId=0
I1224 00:18:53.724272  4393 EventBase.cpp:308] EventBase(): Starting loop.
I1224 00:18:53.724298  4401 QuicServerWorker.cpp:134] Registered read on worker=0x562897568800, thread=139722852652800, processId=0
I1224 00:18:53.724261  4400 QuicServerWorker.cpp:134] Registered read on worker=0x562897568300, thread=139722861045504, processId=0
I1224 00:18:53.724313  4399 QuicServerWorker.cpp:134] Registered read on worker=0x562897567e20, thread=139722869438208, processId=0
I1224 00:18:59.122860  4399 QuicServerWorker.cpp:227] Worker=0x562897567e20, Received data on thread=139722869438208, processId=0
I1224 00:18:59.122903  4399 LogQuicStats.h:24] server onPacketReceived
I1224 00:18:59.122912  4399 LogQuicStats.h:140] server onRead size=1232
W1224 00:18:59.122933  4399 Types.cpp:447] toString has unhandled version type
I1224 00:18:59.122928  4399 LogQuicStats.h:76] server onClientInitialReceived, version: UNKNOWN
I1224 00:18:59.122951  4399 QuicServerWorker.cpp:208] Version negotiation sent to client=127.0.0.1:4987
I1224 00:18:59.122959  4399 LogQuicStats.h:144] server onWrite size=43
I1224 00:18:59.122965  4399 LogQuicStats.h:36] server onPacketProcessed
I1224 00:18:59.122972  4399 LogQuicStats.h:40] server onPacketSent
I1224 00:18:59.270927  4399 QuicServerWorker.cpp:227] Worker=0x562897567e20, Received data on thread=139722869438208, processId=0
I1224 00:18:59.270956  4399 LogQuicStats.h:24] server onPacketReceived
I1224 00:18:59.270963  4399 LogQuicStats.h:140] server onRead size=1232
I1224 00:18:59.270970  4399 LogQuicStats.h:76] server onClientInitialReceived, version: QUIC_DRAFT
I1224 00:18:59.270979  4399 QuicServerWorker.cpp:545] Creating new connection for client=127.0.0.1:4987, routingInfo=CID=0000000000000000, cidVersion=1, workerId=3, processId=0, hostId=0, threadId=139722869438208, 
I1224 00:18:59.271085  4399 LogQuicStats.h:118] server onStatelessReset
I1224 00:18:59.271111  4399 StateMachine-inl.h:41] Transition from Uninitialized to ExpectingClientHello
I1224 00:18:59.271178  4399 LogQuicStats.h:32] server onOutOfOrderPacketReceived
I1224 00:18:59.271185  4399 ServerStateMachine.cpp:952] Server received crypto data offset=0 len=389 currentReadOffset=0 client CID=0000000000000003 server CID=400000c8174a1d8a peer address=127.0.0.1:4987
I1224 00:18:59.271207  4399 RecordLayer.cpp:82] Received handshake message ClientHello
I1224 00:18:59.271312  4399 ServerHandshake.cpp:167] ServerHandshake error fizz::FizzException: no psk modes
I1224 00:18:59.271354  4399 QuicTransportBase.cpp:1870] onNetworkData fizz::FizzException: no psk modes client CID=0000000000000003 server CID=400000c8174a1d8a peer address=127.0.0.1:4987
I1224 00:18:59.271368  4399 QuicTransportBase.cpp:400] Stopping read looper due to immediate close client CID=0000000000000003 server CID=400000c8174a1d8a peer address=127.0.0.1:4987
I1224 00:18:59.271375  4399 FunctionLooper.cpp:88] stop: ReadLooper
I1224 00:18:59.271381  4399 FunctionLooper.cpp:88] stop: PeekLooper
I1224 00:18:59.271387  4399 FunctionLooper.cpp:88] stop: WriteLooper
I1224 00:18:59.271399  4399 QuicTransportBase.cpp:2651] Clearing 0 peek callbacks
I1224 00:18:59.271404  4399 QuicTransportBase.cpp:852] Stopping read looper client CID=0000000000000003 server CID=400000c8174a1d8a peer address=127.0.0.1:4987
I1224 00:18:59.271411  4399 FunctionLooper.cpp:88] stop: ReadLooper
I1224 00:18:59.271417  4399 QuicTransportBase.cpp:1196] Stopping peek looper client CID=0000000000000003 server CID=400000c8174a1d8a peer address=127.0.0.1:4987
I1224 00:18:59.271423  4399 FunctionLooper.cpp:88] stop: PeekLooper
I1224 00:18:59.271430  4399 QuicTransportBase.cpp:1233] Server stopping write looper because conn closed client CID=0000000000000003 server CID=400000c8174a1d8a peer address=127.0.0.1:4987
I1224 00:18:59.271436  4399 FunctionLooper.cpp:88] stop: WriteLooper
E1224 00:18:59.271442  4399 EchoHandler.h:53] Socket error=Crypto error: missing_extension
I1224 00:18:59.271462  4399 QuicTransportFunctions.cpp:1063] Server sent close packetNum=8354980 in space=InitialSpace client CID=0000000000000003 server CID=400000c8174a1d8a peer address=127.0.0.1:4987
I1224 00:18:59.271484  4399 LogQuicStats.h:144] server onWrite size=82
I1224 00:18:59.271494  4399 QuicTransportBase.cpp:852] Stopping read looper client CID=0000000000000003 server CID=400000c8174a1d8a peer address=127.0.0.1:4987
I1224 00:18:59.271502  4399 FunctionLooper.cpp:88] stop: ReadLooper
I1224 00:18:59.271507  4399 QuicTransportBase.cpp:1196] Stopping peek looper client CID=0000000000000003 server CID=400000c8174a1d8a peer address=127.0.0.1:4987
I1224 00:18:59.271513  4399 FunctionLooper.cpp:88] stop: PeekLooper
I1224 00:18:59.271519  4399 QuicTransportBase.cpp:1233] Server stopping write looper because conn closed client CID=0000000000000003 server CID=400000c8174a1d8a peer address=127.0.0.1:4987
I1224 00:18:59.271526  4399 FunctionLooper.cpp:88] stop: WriteLooper
*** Aborted at 1640305139 (Unix time, try 'date -d @1640305139') ***
*** Signal 15 (SIGTERM) (0x1126) received by PID 4393 (pthread TID 0x7f13d5098ec0) (linux TID 4393) (maybe from PID 4390, UID 0) (code: 0), stack trace: ***
(error retrieving stack trace)
