I1223 18:35:52.719785 12524 EventBase.cpp:308] EventBase(): Starting loop.
I1223 18:35:52.719980 12525 EventBase.cpp:308] EventBase(): Starting loop.
I1223 18:35:52.720121 12526 EventBase.cpp:308] EventBase(): Starting loop.
I1223 18:35:52.723067 12527 EventBase.cpp:308] EventBase(): Starting loop.
I1223 18:35:52.727459 12528 EventBase.cpp:308] EventBase(): Starting loop.
I1223 18:35:52.727916 12529 EventBase.cpp:308] EventBase(): Starting loop.
I1223 18:35:52.728029 12524 QuicServer.cpp:268] No valid takenover fd found for address=127.0.0.1:4443. binding on worker=0x55bf36272040 workerId=0 processId=0
I1223 18:35:52.728241 12525 QuicServer.cpp:268] No valid takenover fd found for address=127.0.0.1:4443. binding on worker=0x55bf36272680 workerId=1 processId=0
I1223 18:35:52.728400 12526 QuicServer.cpp:268] No valid takenover fd found for address=127.0.0.1:4443. binding on worker=0x55bf36272b30 workerId=2 processId=0
I1223 18:35:52.728559 12527 QuicServer.cpp:268] No valid takenover fd found for address=127.0.0.1:4443. binding on worker=0x55bf36273010 workerId=3 processId=0
I1223 18:35:52.728718 12528 QuicServer.cpp:268] No valid takenover fd found for address=127.0.0.1:4443. binding on worker=0x55bf362734f0 workerId=4 processId=0
I1223 18:35:52.728890 12529 QuicServer.cpp:268] No valid takenover fd found for address=127.0.0.1:4443. binding on worker=0x55bf362739f0 workerId=5 processId=0
I1223 18:35:52.728919 12529 QuicServer.cpp:295] Initialized all workers in the eventbase
I1223 18:35:52.729022 12521 EchoServer.h:90] Echo server started at: 127.0.0.1:4443
I1223 18:35:52.729069 12521 EventBase.cpp:308] EventBase(): Starting loop.
I1223 18:35:52.729110 12524 QuicServerWorker.cpp:134] Registered read on worker=0x55bf36272040, thread=140132702701312, processId=0
I1223 18:35:52.729115 12525 QuicServerWorker.cpp:134] Registered read on worker=0x55bf36272680, thread=140132694308608, processId=0
I1223 18:35:52.729151 12527 QuicServerWorker.cpp:134] Registered read on worker=0x55bf36273010, thread=140132677523200, processId=0
I1223 18:35:52.729176 12526 QuicServerWorker.cpp:134] Registered read on worker=0x55bf36272b30, thread=140132685915904, processId=0
I1223 18:35:52.729219 12529 QuicServerWorker.cpp:134] Registered read on worker=0x55bf362739f0, thread=140132660737792, processId=0
I1223 18:35:52.729244 12528 QuicServerWorker.cpp:134] Registered read on worker=0x55bf362734f0, thread=140132669130496, processId=0
I1223 18:35:58.411057 12527 QuicServerWorker.cpp:227] Worker=0x55bf36273010, Received data on thread=140132677523200, processId=0
I1223 18:35:58.411087 12527 LogQuicStats.h:24] server onPacketReceived
I1223 18:35:58.411094 12527 LogQuicStats.h:140] server onRead size=1232
I1223 18:35:58.411110 12527 LogQuicStats.h:76] server onClientInitialReceived, version: QUIC_DRAFT
I1223 18:35:58.411120 12527 QuicServerWorker.cpp:545] Creating new connection for client=127.0.0.1:4987, routingInfo=CID=0000000000000002, cidVersion=1, workerId=3, processId=0, hostId=0, threadId=140132677523200, 
I1223 18:35:58.411231 12527 LogQuicStats.h:118] server onStatelessReset
I1223 18:35:58.411262 12527 StateMachine-inl.h:41] Transition from Uninitialized to ExpectingClientHello
I1223 18:35:58.411327 12527 LogQuicStats.h:32] server onOutOfOrderPacketReceived
I1223 18:35:58.411335 12527 ServerStateMachine.cpp:952] Server received crypto data offset=0 len=389 currentReadOffset=0 client CID=0000000000000001 server CID=400000d0b4650135 peer address=127.0.0.1:4987
I1223 18:35:58.411356 12527 RecordLayer.cpp:82] Received handshake message ClientHello
I1223 18:35:58.411458 12527 ServerHandshake.cpp:167] ServerHandshake error fizz::FizzException: no psk modes
I1223 18:35:58.411502 12527 QuicTransportBase.cpp:1870] onNetworkData fizz::FizzException: no psk modes client CID=0000000000000001 server CID=400000d0b4650135 peer address=127.0.0.1:4987
I1223 18:35:58.411516 12527 QuicTransportBase.cpp:400] Stopping read looper due to immediate close client CID=0000000000000001 server CID=400000d0b4650135 peer address=127.0.0.1:4987
I1223 18:35:58.411523 12527 FunctionLooper.cpp:88] stop: ReadLooper
I1223 18:35:58.411538 12527 FunctionLooper.cpp:88] stop: PeekLooper
I1223 18:35:58.411655 12527 FunctionLooper.cpp:88] stop: WriteLooper
I1223 18:35:58.411666 12527 QuicTransportBase.cpp:2651] Clearing 0 peek callbacks
I1223 18:35:58.411674 12527 QuicTransportBase.cpp:852] Stopping read looper client CID=0000000000000001 server CID=400000d0b4650135 peer address=127.0.0.1:4987
I1223 18:35:58.411682 12527 FunctionLooper.cpp:88] stop: ReadLooper
I1223 18:35:58.411689 12527 QuicTransportBase.cpp:1196] Stopping peek looper client CID=0000000000000001 server CID=400000d0b4650135 peer address=127.0.0.1:4987
I1223 18:35:58.411696 12527 FunctionLooper.cpp:88] stop: PeekLooper
I1223 18:35:58.411702 12527 QuicTransportBase.cpp:1233] Server stopping write looper because conn closed client CID=0000000000000001 server CID=400000d0b4650135 peer address=127.0.0.1:4987
I1223 18:35:58.411710 12527 FunctionLooper.cpp:88] stop: WriteLooper
E1223 18:35:58.411716 12527 EchoHandler.h:53] Socket error=Crypto error: missing_extension
I1223 18:35:58.411744 12527 QuicTransportFunctions.cpp:1063] Server sent close packetNum=5573691 in space=InitialSpace client CID=0000000000000001 server CID=400000d0b4650135 peer address=127.0.0.1:4987
I1223 18:35:58.411769 12527 LogQuicStats.h:144] server onWrite size=82
I1223 18:35:58.411782 12527 QuicTransportBase.cpp:852] Stopping read looper client CID=0000000000000001 server CID=400000d0b4650135 peer address=127.0.0.1:4987
I1223 18:35:58.411788 12527 FunctionLooper.cpp:88] stop: ReadLooper
I1223 18:35:58.411795 12527 QuicTransportBase.cpp:1196] Stopping peek looper client CID=0000000000000001 server CID=400000d0b4650135 peer address=127.0.0.1:4987
I1223 18:35:58.411801 12527 FunctionLooper.cpp:88] stop: PeekLooper
I1223 18:35:58.411808 12527 QuicTransportBase.cpp:1233] Server stopping write looper because conn closed client CID=0000000000000001 server CID=400000d0b4650135 peer address=127.0.0.1:4987
I1223 18:35:58.411814 12527 FunctionLooper.cpp:88] stop: WriteLooper
*** Aborted at 1640284558 (Unix time, try 'date -d @1640284558') ***
*** Signal 15 (SIGTERM) (0x30e6) received by PID 12521 (pthread TID 0x7f7333422ec0) (linux TID 12521) (maybe from PID 12518, UID 0) (code: 0), stack trace: ***
(error retrieving stack trace)
