I1223 16:22:44.034363  7087 EventBase.cpp:308] EventBase(): Starting loop.
I1223 16:22:44.034718  7088 EventBase.cpp:308] EventBase(): Starting loop.
I1223 16:22:44.034863  7089 EventBase.cpp:308] EventBase(): Starting loop.
I1223 16:22:44.035002  7090 EventBase.cpp:308] EventBase(): Starting loop.
I1223 16:22:44.035156  7091 EventBase.cpp:308] EventBase(): Starting loop.
I1223 16:22:44.039232  7092 EventBase.cpp:308] EventBase(): Starting loop.
I1223 16:22:44.039440  7087 QuicServer.cpp:268] No valid takenover fd found for address=127.0.0.1:4443. binding on worker=0x557c4c2cdec0 workerId=0 processId=0
I1223 16:22:44.039729  7088 QuicServer.cpp:268] No valid takenover fd found for address=127.0.0.1:4443. binding on worker=0x557c4c2ce500 workerId=1 processId=0
I1223 16:22:44.039929  7089 QuicServer.cpp:268] No valid takenover fd found for address=127.0.0.1:4443. binding on worker=0x557c4c2ce940 workerId=2 processId=0
I1223 16:22:44.040108  7090 QuicServer.cpp:268] No valid takenover fd found for address=127.0.0.1:4443. binding on worker=0x557c4c2cee20 workerId=3 processId=0
I1223 16:22:44.040320  7091 QuicServer.cpp:268] No valid takenover fd found for address=127.0.0.1:4443. binding on worker=0x557c4c2cf300 workerId=4 processId=0
I1223 16:22:44.040526  7092 QuicServer.cpp:268] No valid takenover fd found for address=127.0.0.1:4443. binding on worker=0x557c4c2cf800 workerId=5 processId=0
I1223 16:22:44.040568  7092 QuicServer.cpp:295] Initialized all workers in the eventbase
I1223 16:22:44.040697  7084 EchoServer.h:90] Echo server started at: 127.0.0.1:4443
I1223 16:22:44.040753  7084 EventBase.cpp:308] EventBase(): Starting loop.
I1223 16:22:44.040800  7089 QuicServerWorker.cpp:134] Registered read on worker=0x557c4c2ce940, thread=139961551922944, processId=0
I1223 16:22:44.040796  7087 QuicServerWorker.cpp:134] Registered read on worker=0x557c4c2cdec0, thread=139961568708352, processId=0
I1223 16:22:44.040877  7088 QuicServerWorker.cpp:134] Registered read on worker=0x557c4c2ce500, thread=139961560315648, processId=0
I1223 16:22:44.040798  7091 QuicServerWorker.cpp:134] Registered read on worker=0x557c4c2cf300, thread=139961535137536, processId=0
I1223 16:22:44.040881  7090 QuicServerWorker.cpp:134] Registered read on worker=0x557c4c2cee20, thread=139961543530240, processId=0
I1223 16:22:44.040794  7092 QuicServerWorker.cpp:134] Registered read on worker=0x557c4c2cf800, thread=139961526744832, processId=0
I1223 16:22:49.553169  7089 QuicServerWorker.cpp:227] Worker=0x557c4c2ce940, Received data on thread=139961551922944, processId=0
I1223 16:22:49.553198  7089 LogQuicStats.h:24] server onPacketReceived
I1223 16:22:49.553207  7089 LogQuicStats.h:140] server onRead size=1232
W1223 16:22:49.553234  7089 Types.cpp:447] toString has unhandled version type
I1223 16:22:49.553228  7089 LogQuicStats.h:76] server onClientInitialReceived, version: UNKNOWN
I1223 16:22:49.553261  7089 QuicServerWorker.cpp:208] Version negotiation sent to client=127.0.0.1:4987
I1223 16:22:49.553272  7089 LogQuicStats.h:144] server onWrite size=43
I1223 16:22:49.553278  7089 LogQuicStats.h:36] server onPacketProcessed
I1223 16:22:49.553284  7089 LogQuicStats.h:40] server onPacketSent
I1223 16:22:49.771553  7089 QuicServerWorker.cpp:227] Worker=0x557c4c2ce940, Received data on thread=139961551922944, processId=0
I1223 16:22:49.771584  7089 LogQuicStats.h:24] server onPacketReceived
I1223 16:22:49.771592  7089 LogQuicStats.h:140] server onRead size=1232
I1223 16:22:49.771600  7089 LogQuicStats.h:76] server onClientInitialReceived, version: QUIC_DRAFT
I1223 16:22:49.771637  7089 QuicServerWorker.cpp:545] Creating new connection for client=127.0.0.1:4987, routingInfo=CID=0000000000000000, cidVersion=1, workerId=2, processId=0, hostId=0, threadId=139961551922944, 
I1223 16:22:49.771771  7089 LogQuicStats.h:118] server onStatelessReset
I1223 16:22:49.771801  7089 StateMachine-inl.h:41] Transition from Uninitialized to ExpectingClientHello
I1223 16:22:49.771873  7089 LogQuicStats.h:32] server onOutOfOrderPacketReceived
I1223 16:22:49.771883  7089 ServerStateMachine.cpp:952] Server received crypto data offset=0 len=389 currentReadOffset=0 client CID=0000000000000003 server CID=4000008506f618d6 peer address=127.0.0.1:4987
I1223 16:22:49.771905  7089 RecordLayer.cpp:82] Received handshake message ClientHello
I1223 16:22:49.772018  7089 ServerHandshake.cpp:167] ServerHandshake error fizz::FizzException: no psk modes
I1223 16:22:49.772066  7089 QuicTransportBase.cpp:1870] onNetworkData fizz::FizzException: no psk modes client CID=0000000000000003 server CID=4000008506f618d6 peer address=127.0.0.1:4987
I1223 16:22:49.772081  7089 QuicTransportBase.cpp:400] Stopping read looper due to immediate close client CID=0000000000000003 server CID=4000008506f618d6 peer address=127.0.0.1:4987
I1223 16:22:49.772090  7089 FunctionLooper.cpp:88] stop: ReadLooper
I1223 16:22:49.772097  7089 FunctionLooper.cpp:88] stop: PeekLooper
I1223 16:22:49.772104  7089 FunctionLooper.cpp:88] stop: WriteLooper
I1223 16:22:49.772112  7089 QuicTransportBase.cpp:2651] Clearing 0 peek callbacks
I1223 16:22:49.772119  7089 QuicTransportBase.cpp:852] Stopping read looper client CID=0000000000000003 server CID=4000008506f618d6 peer address=127.0.0.1:4987
I1223 16:22:49.772126  7089 FunctionLooper.cpp:88] stop: ReadLooper
I1223 16:22:49.772133  7089 QuicTransportBase.cpp:1196] Stopping peek looper client CID=0000000000000003 server CID=4000008506f618d6 peer address=127.0.0.1:4987
I1223 16:22:49.772141  7089 FunctionLooper.cpp:88] stop: PeekLooper
I1223 16:22:49.772148  7089 QuicTransportBase.cpp:1233] Server stopping write looper because conn closed client CID=0000000000000003 server CID=4000008506f618d6 peer address=127.0.0.1:4987
I1223 16:22:49.772156  7089 FunctionLooper.cpp:88] stop: WriteLooper
E1223 16:22:49.772163  7089 EchoHandler.h:53] Socket error=Crypto error: missing_extension
I1223 16:22:49.772184  7089 QuicTransportFunctions.cpp:1063] Server sent close packetNum=12558701 in space=InitialSpace client CID=0000000000000003 server CID=4000008506f618d6 peer address=127.0.0.1:4987
I1223 16:22:49.772212  7089 LogQuicStats.h:144] server onWrite size=83
I1223 16:22:49.772222  7089 QuicTransportBase.cpp:852] Stopping read looper client CID=0000000000000003 server CID=4000008506f618d6 peer address=127.0.0.1:4987
I1223 16:22:49.772231  7089 FunctionLooper.cpp:88] stop: ReadLooper
I1223 16:22:49.772238  7089 QuicTransportBase.cpp:1196] Stopping peek looper client CID=0000000000000003 server CID=4000008506f618d6 peer address=127.0.0.1:4987
I1223 16:22:49.772245  7089 FunctionLooper.cpp:88] stop: PeekLooper
I1223 16:22:49.772253  7089 QuicTransportBase.cpp:1233] Server stopping write looper because conn closed client CID=0000000000000003 server CID=4000008506f618d6 peer address=127.0.0.1:4987
I1223 16:22:49.772260  7089 FunctionLooper.cpp:88] stop: WriteLooper
*** Aborted at 1640276569 (Unix time, try 'date -d @1640276569') ***
*** Signal 15 (SIGTERM) (0x1ba9) received by PID 7084 (pthread TID 0x7f4b5ae0aec0) (linux TID 7084) (maybe from PID 7081, UID 0) (code: 0), stack trace: ***
(error retrieving stack trace)
