I1224 00:21:26.822167  5395 EventBase.cpp:308] EventBase(): Starting loop.
I1224 00:21:26.823837  5396 EventBase.cpp:308] EventBase(): Starting loop.
I1224 00:21:26.823997  5397 EventBase.cpp:308] EventBase(): Starting loop.
I1224 00:21:26.824127  5398 EventBase.cpp:308] EventBase(): Starting loop.
I1224 00:21:26.824209  5399 EventBase.cpp:308] EventBase(): Starting loop.
I1224 00:21:26.840615  5400 EventBase.cpp:308] EventBase(): Starting loop.
I1224 00:21:26.840780  5395 QuicServer.cpp:268] No valid takenover fd found for address=127.0.0.1:4443. binding on worker=0x5595a84e2ec0 workerId=0 processId=0
I1224 00:21:26.840901  5396 QuicServer.cpp:268] No valid takenover fd found for address=127.0.0.1:4443. binding on worker=0x5595a84e3500 workerId=1 processId=0
I1224 00:21:26.840962  5397 QuicServer.cpp:268] No valid takenover fd found for address=127.0.0.1:4443. binding on worker=0x5595a84e3940 workerId=2 processId=0
I1224 00:21:26.841125  5398 QuicServer.cpp:268] No valid takenover fd found for address=127.0.0.1:4443. binding on worker=0x5595a84e3e20 workerId=3 processId=0
I1224 00:21:26.841233  5399 QuicServer.cpp:268] No valid takenover fd found for address=127.0.0.1:4443. binding on worker=0x5595a84e4300 workerId=4 processId=0
I1224 00:21:26.841329  5400 QuicServer.cpp:268] No valid takenover fd found for address=127.0.0.1:4443. binding on worker=0x5595a84e4800 workerId=5 processId=0
I1224 00:21:26.841356  5400 QuicServer.cpp:295] Initialized all workers in the eventbase
I1224 00:21:26.841500  5396 QuicServerWorker.cpp:134] Registered read on worker=0x5595a84e3500, thread=139732025091840, processId=0
I1224 00:21:26.841537  5392 EchoServer.h:90] Echo server started at: 127.0.0.1:4443
I1224 00:21:26.841548  5392 EventBase.cpp:308] EventBase(): Starting loop.
I1224 00:21:26.841552  5395 QuicServerWorker.cpp:134] Registered read on worker=0x5595a84e2ec0, thread=139732033484544, processId=0
I1224 00:21:26.841567  5397 QuicServerWorker.cpp:134] Registered read on worker=0x5595a84e3940, thread=139732016699136, processId=0
I1224 00:21:26.841579  5399 QuicServerWorker.cpp:134] Registered read on worker=0x5595a84e4300, thread=139731794917120, processId=0
I1224 00:21:26.841595  5398 QuicServerWorker.cpp:134] Registered read on worker=0x5595a84e3e20, thread=139732008306432, processId=0
I1224 00:21:26.841571  5400 QuicServerWorker.cpp:134] Registered read on worker=0x5595a84e4800, thread=139731786524416, processId=0
I1224 00:21:32.199208  5398 QuicServerWorker.cpp:227] Worker=0x5595a84e3e20, Received data on thread=139732008306432, processId=0
I1224 00:21:32.199236  5398 LogQuicStats.h:24] server onPacketReceived
I1224 00:21:32.199244  5398 LogQuicStats.h:140] server onRead size=1232
W1224 00:21:32.199263  5398 Types.cpp:447] toString has unhandled version type
I1224 00:21:32.199259  5398 LogQuicStats.h:76] server onClientInitialReceived, version: UNKNOWN
I1224 00:21:32.199280  5398 QuicServerWorker.cpp:208] Version negotiation sent to client=127.0.0.1:4987
I1224 00:21:32.199290  5398 LogQuicStats.h:144] server onWrite size=43
I1224 00:21:32.199295  5398 LogQuicStats.h:36] server onPacketProcessed
I1224 00:21:32.199301  5398 LogQuicStats.h:40] server onPacketSent
I1224 00:21:32.428481  5398 QuicServerWorker.cpp:227] Worker=0x5595a84e3e20, Received data on thread=139732008306432, processId=0
I1224 00:21:32.428510  5398 LogQuicStats.h:24] server onPacketReceived
I1224 00:21:32.428517  5398 LogQuicStats.h:140] server onRead size=1232
I1224 00:21:32.428524  5398 LogQuicStats.h:76] server onClientInitialReceived, version: QUIC_DRAFT
I1224 00:21:32.428534  5398 QuicServerWorker.cpp:545] Creating new connection for client=127.0.0.1:4987, routingInfo=CID=0000000000000000, cidVersion=1, workerId=3, processId=0, hostId=0, threadId=139732008306432, 
I1224 00:21:32.428649  5398 LogQuicStats.h:118] server onStatelessReset
I1224 00:21:32.428678  5398 StateMachine-inl.h:41] Transition from Uninitialized to ExpectingClientHello
I1224 00:21:32.428745  5398 LogQuicStats.h:32] server onOutOfOrderPacketReceived
I1224 00:21:32.428755  5398 ServerStateMachine.cpp:952] Server received crypto data offset=0 len=391 currentReadOffset=0 client CID=0000000000000003 server CID=400000d84dd8d3d2 peer address=127.0.0.1:4987
I1224 00:21:32.428776  5398 RecordLayer.cpp:82] Received handshake message ClientHello
I1224 00:21:32.428876  5398 ServerHandshake.cpp:167] ServerHandshake error fizz::FizzException: no psk modes
I1224 00:21:32.428946  5398 QuicTransportBase.cpp:1870] onNetworkData fizz::FizzException: no psk modes client CID=0000000000000003 server CID=400000d84dd8d3d2 peer address=127.0.0.1:4987
I1224 00:21:32.428966  5398 QuicTransportBase.cpp:400] Stopping read looper due to immediate close client CID=0000000000000003 server CID=400000d84dd8d3d2 peer address=127.0.0.1:4987
I1224 00:21:32.428974  5398 FunctionLooper.cpp:88] stop: ReadLooper
I1224 00:21:32.428982  5398 FunctionLooper.cpp:88] stop: PeekLooper
I1224 00:21:32.428987  5398 FunctionLooper.cpp:88] stop: WriteLooper
I1224 00:21:32.428993  5398 QuicTransportBase.cpp:2651] Clearing 0 peek callbacks
I1224 00:21:32.429000  5398 QuicTransportBase.cpp:852] Stopping read looper client CID=0000000000000003 server CID=400000d84dd8d3d2 peer address=127.0.0.1:4987
I1224 00:21:32.429008  5398 FunctionLooper.cpp:88] stop: ReadLooper
I1224 00:21:32.429013  5398 QuicTransportBase.cpp:1196] Stopping peek looper client CID=0000000000000003 server CID=400000d84dd8d3d2 peer address=127.0.0.1:4987
I1224 00:21:32.429020  5398 FunctionLooper.cpp:88] stop: PeekLooper
I1224 00:21:32.429026  5398 QuicTransportBase.cpp:1233] Server stopping write looper because conn closed client CID=0000000000000003 server CID=400000d84dd8d3d2 peer address=127.0.0.1:4987
I1224 00:21:32.429033  5398 FunctionLooper.cpp:88] stop: WriteLooper
E1224 00:21:32.429040  5398 EchoHandler.h:53] Socket error=Crypto error: missing_extension
I1224 00:21:32.429062  5398 QuicTransportFunctions.cpp:1063] Server sent close packetNum=15641180 in space=InitialSpace client CID=0000000000000003 server CID=400000d84dd8d3d2 peer address=127.0.0.1:4987
I1224 00:21:32.429085  5398 LogQuicStats.h:144] server onWrite size=83
I1224 00:21:32.429095  5398 QuicTransportBase.cpp:852] Stopping read looper client CID=0000000000000003 server CID=400000d84dd8d3d2 peer address=127.0.0.1:4987
I1224 00:21:32.429103  5398 FunctionLooper.cpp:88] stop: ReadLooper
I1224 00:21:32.429109  5398 QuicTransportBase.cpp:1196] Stopping peek looper client CID=0000000000000003 server CID=400000d84dd8d3d2 peer address=127.0.0.1:4987
I1224 00:21:32.429116  5398 FunctionLooper.cpp:88] stop: PeekLooper
I1224 00:21:32.429121  5398 QuicTransportBase.cpp:1233] Server stopping write looper because conn closed client CID=0000000000000003 server CID=400000d84dd8d3d2 peer address=127.0.0.1:4987
I1224 00:21:32.429128  5398 FunctionLooper.cpp:88] stop: WriteLooper
*** Aborted at 1640305292 (Unix time, try 'date -d @1640305292') ***
*** Signal 15 (SIGTERM) (0x150d) received by PID 5392 (pthread TID 0x7f15e9831ec0) (linux TID 5392) (maybe from PID 5389, UID 0) (code: 0), stack trace: ***
(error retrieving stack trace)
