I1224 00:16:20.547166  3397 EventBase.cpp:308] EventBase(): Starting loop.
I1224 00:16:20.551723  3398 EventBase.cpp:308] EventBase(): Starting loop.
I1224 00:16:20.553766  3399 EventBase.cpp:308] EventBase(): Starting loop.
I1224 00:16:20.555824  3400 EventBase.cpp:308] EventBase(): Starting loop.
I1224 00:16:20.559337  3401 EventBase.cpp:308] EventBase(): Starting loop.
I1224 00:16:20.559864  3402 EventBase.cpp:308] EventBase(): Starting loop.
I1224 00:16:20.560025  3397 QuicServer.cpp:268] No valid takenover fd found for address=127.0.0.1:4443. binding on worker=0x56426782cec0 workerId=0 processId=0
I1224 00:16:20.560199  3398 QuicServer.cpp:268] No valid takenover fd found for address=127.0.0.1:4443. binding on worker=0x56426782d500 workerId=1 processId=0
I1224 00:16:20.560351  3399 QuicServer.cpp:268] No valid takenover fd found for address=127.0.0.1:4443. binding on worker=0x56426782d940 workerId=2 processId=0
I1224 00:16:20.560508  3400 QuicServer.cpp:268] No valid takenover fd found for address=127.0.0.1:4443. binding on worker=0x56426782de20 workerId=3 processId=0
I1224 00:16:20.560643  3401 QuicServer.cpp:268] No valid takenover fd found for address=127.0.0.1:4443. binding on worker=0x56426782e300 workerId=4 processId=0
I1224 00:16:20.560796  3402 QuicServer.cpp:268] No valid takenover fd found for address=127.0.0.1:4443. binding on worker=0x56426782e800 workerId=5 processId=0
I1224 00:16:20.560823  3402 QuicServer.cpp:295] Initialized all workers in the eventbase
I1224 00:16:20.560918  3394 EchoServer.h:90] Echo server started at: 127.0.0.1:4443
I1224 00:16:20.560961  3394 EventBase.cpp:308] EventBase(): Starting loop.
I1224 00:16:20.561005  3398 QuicServerWorker.cpp:134] Registered read on worker=0x56426782d500, thread=140390882117376, processId=0
I1224 00:16:20.561013  3400 QuicServerWorker.cpp:134] Registered read on worker=0x56426782de20, thread=140390795568896, processId=0
I1224 00:16:20.561007  3397 QuicServerWorker.cpp:134] Registered read on worker=0x56426782cec0, thread=140390890510080, processId=0
I1224 00:16:20.561056  3402 QuicServerWorker.cpp:134] Registered read on worker=0x56426782e800, thread=140390778783488, processId=0
I1224 00:16:20.561015  3401 QuicServerWorker.cpp:134] Registered read on worker=0x56426782e300, thread=140390787176192, processId=0
I1224 00:16:20.561094  3399 QuicServerWorker.cpp:134] Registered read on worker=0x56426782d940, thread=140390803961600, processId=0
I1224 00:16:25.823076  3400 QuicServerWorker.cpp:227] Worker=0x56426782de20, Received data on thread=140390795568896, processId=0
I1224 00:16:25.823102  3400 LogQuicStats.h:24] server onPacketReceived
I1224 00:16:25.823109  3400 LogQuicStats.h:140] server onRead size=1232
W1224 00:16:25.823129  3400 Types.cpp:447] toString has unhandled version type
I1224 00:16:25.823124  3400 LogQuicStats.h:76] server onClientInitialReceived, version: UNKNOWN
I1224 00:16:25.823146  3400 QuicServerWorker.cpp:208] Version negotiation sent to client=127.0.0.1:4987
I1224 00:16:25.823155  3400 LogQuicStats.h:144] server onWrite size=43
I1224 00:16:25.823161  3400 LogQuicStats.h:36] server onPacketProcessed
I1224 00:16:25.823168  3400 LogQuicStats.h:40] server onPacketSent
I1224 00:16:26.103639  3400 QuicServerWorker.cpp:227] Worker=0x56426782de20, Received data on thread=140390795568896, processId=0
I1224 00:16:26.103664  3400 LogQuicStats.h:24] server onPacketReceived
I1224 00:16:26.103672  3400 LogQuicStats.h:140] server onRead size=1232
I1224 00:16:26.103679  3400 LogQuicStats.h:76] server onClientInitialReceived, version: QUIC_DRAFT
I1224 00:16:26.103690  3400 QuicServerWorker.cpp:545] Creating new connection for client=127.0.0.1:4987, routingInfo=CID=0000000000000000, cidVersion=1, workerId=3, processId=0, hostId=0, threadId=140390795568896, 
I1224 00:16:26.103798  3400 LogQuicStats.h:118] server onStatelessReset
I1224 00:16:26.103826  3400 StateMachine-inl.h:41] Transition from Uninitialized to ExpectingClientHello
I1224 00:16:26.103893  3400 LogQuicStats.h:32] server onOutOfOrderPacketReceived
I1224 00:16:26.103901  3400 ServerStateMachine.cpp:952] Server received crypto data offset=0 len=391 currentReadOffset=0 client CID=0000000000000003 server CID=400000d71979ec88 peer address=127.0.0.1:4987
I1224 00:16:26.103929  3400 RecordLayer.cpp:82] Received handshake message ClientHello
I1224 00:16:26.104025  3400 ServerHandshake.cpp:167] ServerHandshake error fizz::FizzException: no psk modes
I1224 00:16:26.104068  3400 QuicTransportBase.cpp:1870] onNetworkData fizz::FizzException: no psk modes client CID=0000000000000003 server CID=400000d71979ec88 peer address=127.0.0.1:4987
I1224 00:16:26.104081  3400 QuicTransportBase.cpp:400] Stopping read looper due to immediate close client CID=0000000000000003 server CID=400000d71979ec88 peer address=127.0.0.1:4987
I1224 00:16:26.104090  3400 FunctionLooper.cpp:88] stop: ReadLooper
I1224 00:16:26.104096  3400 FunctionLooper.cpp:88] stop: PeekLooper
I1224 00:16:26.104102  3400 FunctionLooper.cpp:88] stop: WriteLooper
I1224 00:16:26.104113  3400 QuicTransportBase.cpp:2651] Clearing 0 peek callbacks
I1224 00:16:26.104120  3400 QuicTransportBase.cpp:852] Stopping read looper client CID=0000000000000003 server CID=400000d71979ec88 peer address=127.0.0.1:4987
I1224 00:16:26.104127  3400 FunctionLooper.cpp:88] stop: ReadLooper
I1224 00:16:26.104133  3400 QuicTransportBase.cpp:1196] Stopping peek looper client CID=0000000000000003 server CID=400000d71979ec88 peer address=127.0.0.1:4987
I1224 00:16:26.104140  3400 FunctionLooper.cpp:88] stop: PeekLooper
I1224 00:16:26.104166  3400 QuicTransportBase.cpp:1233] Server stopping write looper because conn closed client CID=0000000000000003 server CID=400000d71979ec88 peer address=127.0.0.1:4987
I1224 00:16:26.104176  3400 FunctionLooper.cpp:88] stop: WriteLooper
E1224 00:16:26.104184  3400 EchoHandler.h:53] Socket error=Crypto error: missing_extension
I1224 00:16:26.104207  3400 QuicTransportFunctions.cpp:1063] Server sent close packetNum=3975741 in space=InitialSpace client CID=0000000000000003 server CID=400000d71979ec88 peer address=127.0.0.1:4987
I1224 00:16:26.104229  3400 LogQuicStats.h:144] server onWrite size=82
I1224 00:16:26.104240  3400 QuicTransportBase.cpp:852] Stopping read looper client CID=0000000000000003 server CID=400000d71979ec88 peer address=127.0.0.1:4987
I1224 00:16:26.104247  3400 FunctionLooper.cpp:88] stop: ReadLooper
I1224 00:16:26.104254  3400 QuicTransportBase.cpp:1196] Stopping peek looper client CID=0000000000000003 server CID=400000d71979ec88 peer address=127.0.0.1:4987
I1224 00:16:26.104260  3400 FunctionLooper.cpp:88] stop: PeekLooper
I1224 00:16:26.104266  3400 QuicTransportBase.cpp:1233] Server stopping write looper because conn closed client CID=0000000000000003 server CID=400000d71979ec88 peer address=127.0.0.1:4987
I1224 00:16:26.104274  3400 FunctionLooper.cpp:88] stop: WriteLooper
*** Aborted at 1640304986 (Unix time, try 'date -d @1640304986') ***
*** Signal 15 (SIGTERM) (0xd3f) received by PID 3394 (pthread TID 0x7faf50737ec0) (linux TID 3394) (maybe from PID 3391, UID 0) (code: 0), stack trace: ***
(error retrieving stack trace)
