I1223 18:34:33.339149 12006 EventBase.cpp:308] EventBase(): Starting loop.
I1223 18:34:33.339298 12007 EventBase.cpp:308] EventBase(): Starting loop.
I1223 18:34:33.343101 12008 EventBase.cpp:308] EventBase(): Starting loop.
I1223 18:34:33.344063 12009 EventBase.cpp:308] EventBase(): Starting loop.
I1223 18:34:33.346976 12010 EventBase.cpp:308] EventBase(): Starting loop.
I1223 18:34:33.347506 12011 EventBase.cpp:308] EventBase(): Starting loop.
I1223 18:34:33.347692 12006 QuicServer.cpp:268] No valid takenover fd found for address=127.0.0.1:4443. binding on worker=0x56170ded2040 workerId=0 processId=0
I1223 18:34:33.347906 12007 QuicServer.cpp:268] No valid takenover fd found for address=127.0.0.1:4443. binding on worker=0x56170ded2680 workerId=1 processId=0
I1223 18:34:33.348062 12008 QuicServer.cpp:268] No valid takenover fd found for address=127.0.0.1:4443. binding on worker=0x56170ded2b30 workerId=2 processId=0
I1223 18:34:33.348222 12009 QuicServer.cpp:268] No valid takenover fd found for address=127.0.0.1:4443. binding on worker=0x56170ded3010 workerId=3 processId=0
I1223 18:34:33.348376 12010 QuicServer.cpp:268] No valid takenover fd found for address=127.0.0.1:4443. binding on worker=0x56170ded34f0 workerId=4 processId=0
I1223 18:34:33.348531 12011 QuicServer.cpp:268] No valid takenover fd found for address=127.0.0.1:4443. binding on worker=0x56170ded39f0 workerId=5 processId=0
I1223 18:34:33.348558 12011 QuicServer.cpp:295] Initialized all workers in the eventbase
I1223 18:34:33.348651 12003 EchoServer.h:90] Echo server started at: 127.0.0.1:4443
I1223 18:34:33.348697 12003 EventBase.cpp:308] EventBase(): Starting loop.
I1223 18:34:33.348745 12006 QuicServerWorker.cpp:134] Registered read on worker=0x56170ded2040, thread=139759222130432, processId=0
I1223 18:34:33.348762 12009 QuicServerWorker.cpp:134] Registered read on worker=0x56170ded3010, thread=139759196952320, processId=0
I1223 18:34:33.348743 12007 QuicServerWorker.cpp:134] Registered read on worker=0x56170ded2680, thread=139759213737728, processId=0
I1223 18:34:33.348889 12011 QuicServerWorker.cpp:134] Registered read on worker=0x56170ded39f0, thread=139758839789312, processId=0
I1223 18:34:33.348781 12010 QuicServerWorker.cpp:134] Registered read on worker=0x56170ded34f0, thread=139759188559616, processId=0
I1223 18:34:33.348891 12008 QuicServerWorker.cpp:134] Registered read on worker=0x56170ded2b30, thread=139759205345024, processId=0
I1223 18:34:38.965080 12009 QuicServerWorker.cpp:227] Worker=0x56170ded3010, Received data on thread=139759196952320, processId=0
I1223 18:34:38.965107 12009 LogQuicStats.h:24] server onPacketReceived
I1223 18:34:38.965114 12009 LogQuicStats.h:140] server onRead size=1232
I1223 18:34:38.965128 12009 LogQuicStats.h:76] server onClientInitialReceived, version: QUIC_DRAFT
I1223 18:34:38.965138 12009 QuicServerWorker.cpp:545] Creating new connection for client=127.0.0.1:4987, routingInfo=CID=0000000000000002, cidVersion=1, workerId=3, processId=0, hostId=0, threadId=139759196952320, 
I1223 18:34:38.965250 12009 LogQuicStats.h:118] server onStatelessReset
I1223 18:34:38.965276 12009 StateMachine-inl.h:41] Transition from Uninitialized to ExpectingClientHello
I1223 18:34:38.965342 12009 LogQuicStats.h:32] server onOutOfOrderPacketReceived
I1223 18:34:38.965349 12009 ServerStateMachine.cpp:952] Server received crypto data offset=0 len=391 currentReadOffset=0 client CID=0000000000000001 server CID=400000c11d2130d2 peer address=127.0.0.1:4987
I1223 18:34:38.965364 12009 RecordLayer.cpp:82] Received handshake message ClientHello
I1223 18:34:38.965461 12009 ServerHandshake.cpp:167] ServerHandshake error fizz::FizzException: no psk modes
I1223 18:34:38.965507 12009 QuicTransportBase.cpp:1870] onNetworkData fizz::FizzException: no psk modes client CID=0000000000000001 server CID=400000c11d2130d2 peer address=127.0.0.1:4987
I1223 18:34:38.965520 12009 QuicTransportBase.cpp:400] Stopping read looper due to immediate close client CID=0000000000000001 server CID=400000c11d2130d2 peer address=127.0.0.1:4987
I1223 18:34:38.965528 12009 FunctionLooper.cpp:88] stop: ReadLooper
I1223 18:34:38.965569 12009 FunctionLooper.cpp:88] stop: PeekLooper
I1223 18:34:38.965579 12009 FunctionLooper.cpp:88] stop: WriteLooper
I1223 18:34:38.965586 12009 QuicTransportBase.cpp:2651] Clearing 0 peek callbacks
I1223 18:34:38.965592 12009 QuicTransportBase.cpp:852] Stopping read looper client CID=0000000000000001 server CID=400000c11d2130d2 peer address=127.0.0.1:4987
I1223 18:34:38.965600 12009 FunctionLooper.cpp:88] stop: ReadLooper
I1223 18:34:38.965606 12009 QuicTransportBase.cpp:1196] Stopping peek looper client CID=0000000000000001 server CID=400000c11d2130d2 peer address=127.0.0.1:4987
I1223 18:34:38.965612 12009 FunctionLooper.cpp:88] stop: PeekLooper
I1223 18:34:38.965618 12009 QuicTransportBase.cpp:1233] Server stopping write looper because conn closed client CID=0000000000000001 server CID=400000c11d2130d2 peer address=127.0.0.1:4987
I1223 18:34:38.965626 12009 FunctionLooper.cpp:88] stop: WriteLooper
E1223 18:34:38.965632 12009 EchoHandler.h:53] Socket error=Crypto error: missing_extension
I1223 18:34:38.965654 12009 QuicTransportFunctions.cpp:1063] Server sent close packetNum=522915 in space=InitialSpace client CID=0000000000000001 server CID=400000c11d2130d2 peer address=127.0.0.1:4987
I1223 18:34:38.965679 12009 LogQuicStats.h:144] server onWrite size=82
I1223 18:34:38.965690 12009 QuicTransportBase.cpp:852] Stopping read looper client CID=0000000000000001 server CID=400000c11d2130d2 peer address=127.0.0.1:4987
I1223 18:34:38.965698 12009 FunctionLooper.cpp:88] stop: ReadLooper
I1223 18:34:38.965703 12009 QuicTransportBase.cpp:1196] Stopping peek looper client CID=0000000000000001 server CID=400000c11d2130d2 peer address=127.0.0.1:4987
I1223 18:34:38.965709 12009 FunctionLooper.cpp:88] stop: PeekLooper
I1223 18:34:38.965715 12009 QuicTransportBase.cpp:1233] Server stopping write looper because conn closed client CID=0000000000000001 server CID=400000c11d2130d2 peer address=127.0.0.1:4987
I1223 18:34:38.965723 12009 FunctionLooper.cpp:88] stop: WriteLooper
*** Aborted at 1640284478 (Unix time, try 'date -d @1640284478') ***
*** Signal 15 (SIGTERM) (0x2ee0) received by PID 12003 (pthread TID 0x7f1c3e14eec0) (linux TID 12003) (maybe from PID 12000, UID 0) (code: 0), stack trace: ***
(error retrieving stack trace)
