I1223 18:34:10.396481 11858 EventBase.cpp:308] EventBase(): Starting loop.
I1223 18:34:10.396680 11859 EventBase.cpp:308] EventBase(): Starting loop.
I1223 18:34:10.396826 11860 EventBase.cpp:308] EventBase(): Starting loop.
I1223 18:34:10.396952 11861 EventBase.cpp:308] EventBase(): Starting loop.
I1223 18:34:10.403156 11862 EventBase.cpp:308] EventBase(): Starting loop.
I1223 18:34:10.407069 11863 EventBase.cpp:308] EventBase(): Starting loop.
I1223 18:34:10.407197 11858 QuicServer.cpp:268] No valid takenover fd found for address=127.0.0.1:4443. binding on worker=0x55b3e88da040 workerId=0 processId=0
I1223 18:34:10.407382 11859 QuicServer.cpp:268] No valid takenover fd found for address=127.0.0.1:4443. binding on worker=0x55b3e88da680 workerId=1 processId=0
I1223 18:34:10.407550 11860 QuicServer.cpp:268] No valid takenover fd found for address=127.0.0.1:4443. binding on worker=0x55b3e88dab30 workerId=2 processId=0
I1223 18:34:10.407708 11861 QuicServer.cpp:268] No valid takenover fd found for address=127.0.0.1:4443. binding on worker=0x55b3e88db010 workerId=3 processId=0
I1223 18:34:10.407871 11862 QuicServer.cpp:268] No valid takenover fd found for address=127.0.0.1:4443. binding on worker=0x55b3e88db4f0 workerId=4 processId=0
I1223 18:34:10.408028 11863 QuicServer.cpp:268] No valid takenover fd found for address=127.0.0.1:4443. binding on worker=0x55b3e88db9f0 workerId=5 processId=0
I1223 18:34:10.408056 11863 QuicServer.cpp:295] Initialized all workers in the eventbase
I1223 18:34:10.408161 11855 EchoServer.h:90] Echo server started at: 127.0.0.1:4443
I1223 18:34:10.408179 11855 EventBase.cpp:308] EventBase(): Starting loop.
I1223 18:34:10.408219 11858 QuicServerWorker.cpp:134] Registered read on worker=0x55b3e88da040, thread=140247438808832, processId=0
I1223 18:34:10.408247 11859 QuicServerWorker.cpp:134] Registered read on worker=0x55b3e88da680, thread=140247430416128, processId=0
I1223 18:34:10.408293 11863 QuicServerWorker.cpp:134] Registered read on worker=0x55b3e88db9f0, thread=140247056774912, processId=0
I1223 18:34:10.408300 11862 QuicServerWorker.cpp:134] Registered read on worker=0x55b3e88db4f0, thread=140247405238016, processId=0
I1223 18:34:10.408250 11861 QuicServerWorker.cpp:134] Registered read on worker=0x55b3e88db010, thread=140247413630720, processId=0
I1223 18:34:10.408255 11860 QuicServerWorker.cpp:134] Registered read on worker=0x55b3e88dab30, thread=140247422023424, processId=0
I1223 18:34:15.998852 11861 QuicServerWorker.cpp:227] Worker=0x55b3e88db010, Received data on thread=140247413630720, processId=0
I1223 18:34:15.998878 11861 LogQuicStats.h:24] server onPacketReceived
I1223 18:34:15.998885 11861 LogQuicStats.h:140] server onRead size=1232
I1223 18:34:15.998903 11861 LogQuicStats.h:76] server onClientInitialReceived, version: QUIC_DRAFT
I1223 18:34:15.998914 11861 QuicServerWorker.cpp:545] Creating new connection for client=127.0.0.1:4987, routingInfo=CID=0000000000000002, cidVersion=1, workerId=3, processId=0, hostId=0, threadId=140247413630720, 
I1223 18:34:15.999028 11861 LogQuicStats.h:118] server onStatelessReset
I1223 18:34:15.999058 11861 StateMachine-inl.h:41] Transition from Uninitialized to ExpectingClientHello
I1223 18:34:15.999132 11861 LogQuicStats.h:32] server onOutOfOrderPacketReceived
I1223 18:34:15.999142 11861 ServerStateMachine.cpp:952] Server received crypto data offset=0 len=389 currentReadOffset=0 client CID=0000000000000001 server CID=400000df5a0fe4b7 peer address=127.0.0.1:4987
I1223 18:34:15.999159 11861 RecordLayer.cpp:82] Received handshake message ClientHello
I1223 18:34:15.999306 11861 ServerHandshake.cpp:167] ServerHandshake error fizz::FizzException: no psk modes
I1223 18:34:15.999354 11861 QuicTransportBase.cpp:1870] onNetworkData fizz::FizzException: no psk modes client CID=0000000000000001 server CID=400000df5a0fe4b7 peer address=127.0.0.1:4987
I1223 18:34:15.999370 11861 QuicTransportBase.cpp:400] Stopping read looper due to immediate close client CID=0000000000000001 server CID=400000df5a0fe4b7 peer address=127.0.0.1:4987
I1223 18:34:15.999379 11861 FunctionLooper.cpp:88] stop: ReadLooper
I1223 18:34:15.999395 11861 FunctionLooper.cpp:88] stop: PeekLooper
I1223 18:34:15.999402 11861 FunctionLooper.cpp:88] stop: WriteLooper
I1223 18:34:15.999410 11861 QuicTransportBase.cpp:2651] Clearing 0 peek callbacks
I1223 18:34:15.999418 11861 QuicTransportBase.cpp:852] Stopping read looper client CID=0000000000000001 server CID=400000df5a0fe4b7 peer address=127.0.0.1:4987
I1223 18:34:15.999425 11861 FunctionLooper.cpp:88] stop: ReadLooper
I1223 18:34:15.999433 11861 QuicTransportBase.cpp:1196] Stopping peek looper client CID=0000000000000001 server CID=400000df5a0fe4b7 peer address=127.0.0.1:4987
I1223 18:34:15.999439 11861 FunctionLooper.cpp:88] stop: PeekLooper
I1223 18:34:15.999446 11861 QuicTransportBase.cpp:1233] Server stopping write looper because conn closed client CID=0000000000000001 server CID=400000df5a0fe4b7 peer address=127.0.0.1:4987
I1223 18:34:15.999454 11861 FunctionLooper.cpp:88] stop: WriteLooper
E1223 18:34:15.999461 11861 EchoHandler.h:53] Socket error=Crypto error: missing_extension
I1223 18:34:15.999485 11861 QuicTransportFunctions.cpp:1063] Server sent close packetNum=9492405 in space=InitialSpace client CID=0000000000000001 server CID=400000df5a0fe4b7 peer address=127.0.0.1:4987
I1223 18:34:15.999509 11861 LogQuicStats.h:144] server onWrite size=83
I1223 18:34:15.999521 11861 QuicTransportBase.cpp:852] Stopping read looper client CID=0000000000000001 server CID=400000df5a0fe4b7 peer address=127.0.0.1:4987
I1223 18:34:15.999529 11861 FunctionLooper.cpp:88] stop: ReadLooper
I1223 18:34:15.999536 11861 QuicTransportBase.cpp:1196] Stopping peek looper client CID=0000000000000001 server CID=400000df5a0fe4b7 peer address=127.0.0.1:4987
I1223 18:34:15.999543 11861 FunctionLooper.cpp:88] stop: PeekLooper
I1223 18:34:15.999550 11861 QuicTransportBase.cpp:1233] Server stopping write looper because conn closed client CID=0000000000000001 server CID=400000df5a0fe4b7 peer address=127.0.0.1:4987
I1223 18:34:15.999557 11861 FunctionLooper.cpp:88] stop: WriteLooper
*** Aborted at 1640284456 (Unix time, try 'date -d @1640284456') ***
*** Signal 15 (SIGTERM) (0x2e4c) received by PID 11855 (pthread TID 0x7f8dea103ec0) (linux TID 11855) (maybe from PID 11852, UID 0) (code: 0), stack trace: ***
(error retrieving stack trace)
