I1223 18:32:50.646072 11340 EventBase.cpp:308] EventBase(): Starting loop.
I1223 18:32:50.646275 11341 EventBase.cpp:308] EventBase(): Starting loop.
I1223 18:32:50.647006 11342 EventBase.cpp:308] EventBase(): Starting loop.
I1223 18:32:50.647125 11343 EventBase.cpp:308] EventBase(): Starting loop.
I1223 18:32:50.651319 11344 EventBase.cpp:308] EventBase(): Starting loop.
I1223 18:32:50.655156 11345 EventBase.cpp:308] EventBase(): Starting loop.
I1223 18:32:50.655321 11340 QuicServer.cpp:268] No valid takenover fd found for address=127.0.0.1:4443. binding on worker=0x55ab25ca0040 workerId=0 processId=0
I1223 18:32:50.655511 11341 QuicServer.cpp:268] No valid takenover fd found for address=127.0.0.1:4443. binding on worker=0x55ab25ca0680 workerId=1 processId=0
I1223 18:32:50.655670 11342 QuicServer.cpp:268] No valid takenover fd found for address=127.0.0.1:4443. binding on worker=0x55ab25ca0b30 workerId=2 processId=0
I1223 18:32:50.655830 11343 QuicServer.cpp:268] No valid takenover fd found for address=127.0.0.1:4443. binding on worker=0x55ab25ca1010 workerId=3 processId=0
I1223 18:32:50.655966 11344 QuicServer.cpp:268] No valid takenover fd found for address=127.0.0.1:4443. binding on worker=0x55ab25ca14f0 workerId=4 processId=0
I1223 18:32:50.656122 11345 QuicServer.cpp:268] No valid takenover fd found for address=127.0.0.1:4443. binding on worker=0x55ab25ca19f0 workerId=5 processId=0
I1223 18:32:50.656150 11345 QuicServer.cpp:295] Initialized all workers in the eventbase
I1223 18:32:50.656250 11337 EchoServer.h:90] Echo server started at: 127.0.0.1:4443
I1223 18:32:50.656266 11337 EventBase.cpp:308] EventBase(): Starting loop.
I1223 18:32:50.656324 11340 QuicServerWorker.cpp:134] Registered read on worker=0x55ab25ca0040, thread=139733271623424, processId=0
I1223 18:32:50.656340 11342 QuicServerWorker.cpp:134] Registered read on worker=0x55ab25ca0b30, thread=139733254838016, processId=0
I1223 18:32:50.656332 11341 QuicServerWorker.cpp:134] Registered read on worker=0x55ab25ca0680, thread=139733263230720, processId=0
I1223 18:32:50.656378 11343 QuicServerWorker.cpp:134] Registered read on worker=0x55ab25ca1010, thread=139733246445312, processId=0
I1223 18:32:50.656402 11345 QuicServerWorker.cpp:134] Registered read on worker=0x55ab25ca19f0, thread=139733229659904, processId=0
I1223 18:32:50.656406 11344 QuicServerWorker.cpp:134] Registered read on worker=0x55ab25ca14f0, thread=139733238052608, processId=0
I1223 18:32:56.223809 11343 QuicServerWorker.cpp:227] Worker=0x55ab25ca1010, Received data on thread=139733246445312, processId=0
I1223 18:32:56.223837 11343 LogQuicStats.h:24] server onPacketReceived
I1223 18:32:56.223845 11343 LogQuicStats.h:140] server onRead size=1232
I1223 18:32:56.223873 11343 LogQuicStats.h:76] server onClientInitialReceived, version: QUIC_DRAFT
I1223 18:32:56.223883 11343 QuicServerWorker.cpp:545] Creating new connection for client=127.0.0.1:4987, routingInfo=CID=0000000000000002, cidVersion=1, workerId=3, processId=0, hostId=0, threadId=139733246445312, 
I1223 18:32:56.223989 11343 LogQuicStats.h:118] server onStatelessReset
I1223 18:32:56.224027 11343 StateMachine-inl.h:41] Transition from Uninitialized to ExpectingClientHello
I1223 18:32:56.224094 11343 LogQuicStats.h:32] server onOutOfOrderPacketReceived
I1223 18:32:56.224103 11343 ServerStateMachine.cpp:952] Server received crypto data offset=0 len=389 currentReadOffset=0 client CID=0000000000000001 server CID=400000da99fe5a96 peer address=127.0.0.1:4987
I1223 18:32:56.224118 11343 RecordLayer.cpp:82] Received handshake message ClientHello
I1223 18:32:56.224221 11343 ServerHandshake.cpp:167] ServerHandshake error fizz::FizzException: no psk modes
I1223 18:32:56.224265 11343 QuicTransportBase.cpp:1870] onNetworkData fizz::FizzException: no psk modes client CID=0000000000000001 server CID=400000da99fe5a96 peer address=127.0.0.1:4987
I1223 18:32:56.224280 11343 QuicTransportBase.cpp:400] Stopping read looper due to immediate close client CID=0000000000000001 server CID=400000da99fe5a96 peer address=127.0.0.1:4987
I1223 18:32:56.224288 11343 FunctionLooper.cpp:88] stop: ReadLooper
I1223 18:32:56.224303 11343 FunctionLooper.cpp:88] stop: PeekLooper
I1223 18:32:56.224308 11343 FunctionLooper.cpp:88] stop: WriteLooper
I1223 18:32:56.224320 11343 QuicTransportBase.cpp:2651] Clearing 0 peek callbacks
I1223 18:32:56.224328 11343 QuicTransportBase.cpp:852] Stopping read looper client CID=0000000000000001 server CID=400000da99fe5a96 peer address=127.0.0.1:4987
I1223 18:32:56.224334 11343 FunctionLooper.cpp:88] stop: ReadLooper
I1223 18:32:56.224341 11343 QuicTransportBase.cpp:1196] Stopping peek looper client CID=0000000000000001 server CID=400000da99fe5a96 peer address=127.0.0.1:4987
I1223 18:32:56.224349 11343 FunctionLooper.cpp:88] stop: PeekLooper
I1223 18:32:56.224354 11343 QuicTransportBase.cpp:1233] Server stopping write looper because conn closed client CID=0000000000000001 server CID=400000da99fe5a96 peer address=127.0.0.1:4987
I1223 18:32:56.224361 11343 FunctionLooper.cpp:88] stop: WriteLooper
E1223 18:32:56.224368 11343 EchoHandler.h:53] Socket error=Crypto error: missing_extension
I1223 18:32:56.224390 11343 QuicTransportFunctions.cpp:1063] Server sent close packetNum=5413545 in space=InitialSpace client CID=0000000000000001 server CID=400000da99fe5a96 peer address=127.0.0.1:4987
I1223 18:32:56.224413 11343 LogQuicStats.h:144] server onWrite size=82
I1223 18:32:56.224424 11343 QuicTransportBase.cpp:852] Stopping read looper client CID=0000000000000001 server CID=400000da99fe5a96 peer address=127.0.0.1:4987
I1223 18:32:56.224432 11343 FunctionLooper.cpp:88] stop: ReadLooper
I1223 18:32:56.224438 11343 QuicTransportBase.cpp:1196] Stopping peek looper client CID=0000000000000001 server CID=400000da99fe5a96 peer address=127.0.0.1:4987
I1223 18:32:56.224445 11343 FunctionLooper.cpp:88] stop: PeekLooper
I1223 18:32:56.224450 11343 QuicTransportBase.cpp:1233] Server stopping write looper because conn closed client CID=0000000000000001 server CID=400000da99fe5a96 peer address=127.0.0.1:4987
I1223 18:32:56.224457 11343 FunctionLooper.cpp:88] stop: WriteLooper
*** Aborted at 1640284376 (Unix time, try 'date -d @1640284376') ***
*** Signal 15 (SIGTERM) (0x2c46) received by PID 11337 (pthread TID 0x7f16334f9ec0) (linux TID 11337) (maybe from PID 11334, UID 0) (code: 0), stack trace: ***
(error retrieving stack trace)
