I1223 18:31:25.323043 10785 EventBase.cpp:308] EventBase(): Starting loop.
I1223 18:31:25.323246 10786 EventBase.cpp:308] EventBase(): Starting loop.
I1223 18:31:25.323407 10787 EventBase.cpp:308] EventBase(): Starting loop.
I1223 18:31:25.325073 10788 EventBase.cpp:308] EventBase(): Starting loop.
I1223 18:31:25.326848 10789 EventBase.cpp:308] EventBase(): Starting loop.
I1223 18:31:25.327983 10790 EventBase.cpp:308] EventBase(): Starting loop.
I1223 18:31:25.328128 10785 QuicServer.cpp:268] No valid takenover fd found for address=127.0.0.1:4443. binding on worker=0x55fe9cc6c040 workerId=0 processId=0
I1223 18:31:25.328298 10786 QuicServer.cpp:268] No valid takenover fd found for address=127.0.0.1:4443. binding on worker=0x55fe9cc6c680 workerId=1 processId=0
I1223 18:31:25.328482 10787 QuicServer.cpp:268] No valid takenover fd found for address=127.0.0.1:4443. binding on worker=0x55fe9cc6cb30 workerId=2 processId=0
I1223 18:31:25.328627 10788 QuicServer.cpp:268] No valid takenover fd found for address=127.0.0.1:4443. binding on worker=0x55fe9cc6d010 workerId=3 processId=0
I1223 18:31:25.328768 10789 QuicServer.cpp:268] No valid takenover fd found for address=127.0.0.1:4443. binding on worker=0x55fe9cc6d4f0 workerId=4 processId=0
I1223 18:31:25.328876 10790 QuicServer.cpp:268] No valid takenover fd found for address=127.0.0.1:4443. binding on worker=0x55fe9cc6d9f0 workerId=5 processId=0
I1223 18:31:25.328900 10790 QuicServer.cpp:295] Initialized all workers in the eventbase
I1223 18:31:25.329010 10782 EchoServer.h:90] Echo server started at: 127.0.0.1:4443
I1223 18:31:25.329057 10782 EventBase.cpp:308] EventBase(): Starting loop.
I1223 18:31:25.329068 10786 QuicServerWorker.cpp:134] Registered read on worker=0x55fe9cc6c680, thread=140665904350976, processId=0
I1223 18:31:25.329103 10788 QuicServerWorker.cpp:134] Registered read on worker=0x55fe9cc6d010, thread=140665681868544, processId=0
I1223 18:31:25.329114 10787 QuicServerWorker.cpp:134] Registered read on worker=0x55fe9cc6cb30, thread=140665895958272, processId=0
I1223 18:31:25.329106 10785 QuicServerWorker.cpp:134] Registered read on worker=0x55fe9cc6c040, thread=140665912743680, processId=0
I1223 18:31:25.329169 10790 QuicServerWorker.cpp:134] Registered read on worker=0x55fe9cc6d9f0, thread=140665665083136, processId=0
I1223 18:31:25.329201 10789 QuicServerWorker.cpp:134] Registered read on worker=0x55fe9cc6d4f0, thread=140665673475840, processId=0
I1223 18:31:30.898497 10788 QuicServerWorker.cpp:227] Worker=0x55fe9cc6d010, Received data on thread=140665681868544, processId=0
I1223 18:31:30.898525 10788 LogQuicStats.h:24] server onPacketReceived
I1223 18:31:30.898533 10788 LogQuicStats.h:140] server onRead size=1232
I1223 18:31:30.898548 10788 LogQuicStats.h:76] server onClientInitialReceived, version: QUIC_DRAFT
I1223 18:31:30.898558 10788 QuicServerWorker.cpp:545] Creating new connection for client=127.0.0.1:4987, routingInfo=CID=0000000000000002, cidVersion=1, workerId=3, processId=0, hostId=0, threadId=140665681868544, 
I1223 18:31:30.898665 10788 LogQuicStats.h:118] server onStatelessReset
I1223 18:31:30.898694 10788 StateMachine-inl.h:41] Transition from Uninitialized to ExpectingClientHello
I1223 18:31:30.898759 10788 LogQuicStats.h:32] server onOutOfOrderPacketReceived
I1223 18:31:30.898768 10788 ServerStateMachine.cpp:952] Server received crypto data offset=0 len=391 currentReadOffset=0 client CID=0000000000000001 server CID=400000c29f7cf6b5 peer address=127.0.0.1:4987
I1223 18:31:30.898783 10788 RecordLayer.cpp:82] Received handshake message ClientHello
I1223 18:31:30.898877 10788 ServerHandshake.cpp:167] ServerHandshake error fizz::FizzException: no psk modes
I1223 18:31:30.898921 10788 QuicTransportBase.cpp:1870] onNetworkData fizz::FizzException: no psk modes client CID=0000000000000001 server CID=400000c29f7cf6b5 peer address=127.0.0.1:4987
I1223 18:31:30.898936 10788 QuicTransportBase.cpp:400] Stopping read looper due to immediate close client CID=0000000000000001 server CID=400000c29f7cf6b5 peer address=127.0.0.1:4987
I1223 18:31:30.898947 10788 FunctionLooper.cpp:88] stop: ReadLooper
I1223 18:31:30.898959 10788 FunctionLooper.cpp:88] stop: PeekLooper
I1223 18:31:30.898965 10788 FunctionLooper.cpp:88] stop: WriteLooper
I1223 18:31:30.898977 10788 QuicTransportBase.cpp:2651] Clearing 0 peek callbacks
I1223 18:31:30.898983 10788 QuicTransportBase.cpp:852] Stopping read looper client CID=0000000000000001 server CID=400000c29f7cf6b5 peer address=127.0.0.1:4987
I1223 18:31:30.898990 10788 FunctionLooper.cpp:88] stop: ReadLooper
I1223 18:31:30.898996 10788 QuicTransportBase.cpp:1196] Stopping peek looper client CID=0000000000000001 server CID=400000c29f7cf6b5 peer address=127.0.0.1:4987
I1223 18:31:30.899003 10788 FunctionLooper.cpp:88] stop: PeekLooper
I1223 18:31:30.899008 10788 QuicTransportBase.cpp:1233] Server stopping write looper because conn closed client CID=0000000000000001 server CID=400000c29f7cf6b5 peer address=127.0.0.1:4987
I1223 18:31:30.899015 10788 FunctionLooper.cpp:88] stop: WriteLooper
E1223 18:31:30.899022 10788 EchoHandler.h:53] Socket error=Crypto error: missing_extension
I1223 18:31:30.899041 10788 QuicTransportFunctions.cpp:1063] Server sent close packetNum=1170425 in space=InitialSpace client CID=0000000000000001 server CID=400000c29f7cf6b5 peer address=127.0.0.1:4987
I1223 18:31:30.899065 10788 LogQuicStats.h:144] server onWrite size=82
I1223 18:31:30.899075 10788 QuicTransportBase.cpp:852] Stopping read looper client CID=0000000000000001 server CID=400000c29f7cf6b5 peer address=127.0.0.1:4987
I1223 18:31:30.899083 10788 FunctionLooper.cpp:88] stop: ReadLooper
I1223 18:31:30.899088 10788 QuicTransportBase.cpp:1196] Stopping peek looper client CID=0000000000000001 server CID=400000c29f7cf6b5 peer address=127.0.0.1:4987
I1223 18:31:30.899096 10788 FunctionLooper.cpp:88] stop: PeekLooper
I1223 18:31:30.899101 10788 QuicTransportBase.cpp:1233] Server stopping write looper because conn closed client CID=0000000000000001 server CID=400000c29f7cf6b5 peer address=127.0.0.1:4987
I1223 18:31:30.899107 10788 FunctionLooper.cpp:88] stop: WriteLooper
*** Aborted at 1640284290 (Unix time, try 'date -d @1640284290') ***
*** Signal 15 (SIGTERM) (0x2a1b) received by PID 10782 (pthread TID 0x7fef590dbec0) (linux TID 10782) (maybe from PID 10779, UID 0) (code: 0), stack trace: ***
(error retrieving stack trace)
