I1223 18:32:16.435319 11118 EventBase.cpp:308] EventBase(): Starting loop.
I1223 18:32:16.435572 11119 EventBase.cpp:308] EventBase(): Starting loop.
I1223 18:32:16.437252 11120 EventBase.cpp:308] EventBase(): Starting loop.
I1223 18:32:16.439263 11121 EventBase.cpp:308] EventBase(): Starting loop.
I1223 18:32:16.445474 11122 EventBase.cpp:308] EventBase(): Starting loop.
I1223 18:32:16.447191 11123 EventBase.cpp:308] EventBase(): Starting loop.
I1223 18:32:16.447371 11118 QuicServer.cpp:268] No valid takenover fd found for address=127.0.0.1:4443. binding on worker=0x5628bd106040 workerId=0 processId=0
I1223 18:32:16.447604 11119 QuicServer.cpp:268] No valid takenover fd found for address=127.0.0.1:4443. binding on worker=0x5628bd106680 workerId=1 processId=0
I1223 18:32:16.447763 11120 QuicServer.cpp:268] No valid takenover fd found for address=127.0.0.1:4443. binding on worker=0x5628bd106b30 workerId=2 processId=0
I1223 18:32:16.447921 11121 QuicServer.cpp:268] No valid takenover fd found for address=127.0.0.1:4443. binding on worker=0x5628bd107010 workerId=3 processId=0
I1223 18:32:16.448029 11122 QuicServer.cpp:268] No valid takenover fd found for address=127.0.0.1:4443. binding on worker=0x5628bd1074f0 workerId=4 processId=0
I1223 18:32:16.448129 11123 QuicServer.cpp:268] No valid takenover fd found for address=127.0.0.1:4443. binding on worker=0x5628bd1079f0 workerId=5 processId=0
I1223 18:32:16.448158 11123 QuicServer.cpp:295] Initialized all workers in the eventbase
I1223 18:32:16.448264 11115 EchoServer.h:90] Echo server started at: 127.0.0.1:4443
I1223 18:32:16.448312 11115 EventBase.cpp:308] EventBase(): Starting loop.
I1223 18:32:16.448370 11120 QuicServerWorker.cpp:134] Registered read on worker=0x5628bd106b30, thread=140140194625280, processId=0
I1223 18:32:16.448370 11118 QuicServerWorker.cpp:134] Registered read on worker=0x5628bd106040, thread=140140211410688, processId=0
I1223 18:32:16.448382 11121 QuicServerWorker.cpp:134] Registered read on worker=0x5628bd107010, thread=140140186232576, processId=0
I1223 18:32:16.448446 11122 QuicServerWorker.cpp:134] Registered read on worker=0x5628bd1074f0, thread=140140177839872, processId=0
I1223 18:32:16.448452 11123 QuicServerWorker.cpp:134] Registered read on worker=0x5628bd1079f0, thread=140140169447168, processId=0
I1223 18:32:16.448403 11119 QuicServerWorker.cpp:134] Registered read on worker=0x5628bd106680, thread=140140203017984, processId=0
I1223 18:32:22.191854 11121 QuicServerWorker.cpp:227] Worker=0x5628bd107010, Received data on thread=140140186232576, processId=0
I1223 18:32:22.191885 11121 LogQuicStats.h:24] server onPacketReceived
I1223 18:32:22.191893 11121 LogQuicStats.h:140] server onRead size=1232
I1223 18:32:22.191910 11121 LogQuicStats.h:76] server onClientInitialReceived, version: QUIC_DRAFT
I1223 18:32:22.191920 11121 QuicServerWorker.cpp:545] Creating new connection for client=127.0.0.1:4987, routingInfo=CID=0000000000000002, cidVersion=1, workerId=3, processId=0, hostId=0, threadId=140140186232576, 
I1223 18:32:22.192035 11121 LogQuicStats.h:118] server onStatelessReset
I1223 18:32:22.192065 11121 StateMachine-inl.h:41] Transition from Uninitialized to ExpectingClientHello
I1223 18:32:22.192137 11121 LogQuicStats.h:32] server onOutOfOrderPacketReceived
I1223 18:32:22.192145 11121 ServerStateMachine.cpp:952] Server received crypto data offset=0 len=391 currentReadOffset=0 client CID=0000000000000001 server CID=400000c64e18fb65 peer address=127.0.0.1:4987
I1223 18:32:22.192162 11121 RecordLayer.cpp:82] Received handshake message ClientHello
I1223 18:32:22.192262 11121 ServerHandshake.cpp:167] ServerHandshake error fizz::FizzException: no psk modes
I1223 18:32:22.192312 11121 QuicTransportBase.cpp:1870] onNetworkData fizz::FizzException: no psk modes client CID=0000000000000001 server CID=400000c64e18fb65 peer address=127.0.0.1:4987
I1223 18:32:22.192327 11121 QuicTransportBase.cpp:400] Stopping read looper due to immediate close client CID=0000000000000001 server CID=400000c64e18fb65 peer address=127.0.0.1:4987
I1223 18:32:22.192337 11121 FunctionLooper.cpp:88] stop: ReadLooper
I1223 18:32:22.192350 11121 FunctionLooper.cpp:88] stop: PeekLooper
I1223 18:32:22.192358 11121 FunctionLooper.cpp:88] stop: WriteLooper
I1223 18:32:22.192369 11121 QuicTransportBase.cpp:2651] Clearing 0 peek callbacks
I1223 18:32:22.192376 11121 QuicTransportBase.cpp:852] Stopping read looper client CID=0000000000000001 server CID=400000c64e18fb65 peer address=127.0.0.1:4987
I1223 18:32:22.192384 11121 FunctionLooper.cpp:88] stop: ReadLooper
I1223 18:32:22.192390 11121 QuicTransportBase.cpp:1196] Stopping peek looper client CID=0000000000000001 server CID=400000c64e18fb65 peer address=127.0.0.1:4987
I1223 18:32:22.192397 11121 FunctionLooper.cpp:88] stop: PeekLooper
I1223 18:32:22.192404 11121 QuicTransportBase.cpp:1233] Server stopping write looper because conn closed client CID=0000000000000001 server CID=400000c64e18fb65 peer address=127.0.0.1:4987
I1223 18:32:22.192411 11121 FunctionLooper.cpp:88] stop: WriteLooper
E1223 18:32:22.192418 11121 EchoHandler.h:53] Socket error=Crypto error: missing_extension
I1223 18:32:22.192440 11121 QuicTransportFunctions.cpp:1063] Server sent close packetNum=13091672 in space=InitialSpace client CID=0000000000000001 server CID=400000c64e18fb65 peer address=127.0.0.1:4987
I1223 18:32:22.192464 11121 LogQuicStats.h:144] server onWrite size=83
I1223 18:32:22.192474 11121 QuicTransportBase.cpp:852] Stopping read looper client CID=0000000000000001 server CID=400000c64e18fb65 peer address=127.0.0.1:4987
I1223 18:32:22.192483 11121 FunctionLooper.cpp:88] stop: ReadLooper
I1223 18:32:22.192489 11121 QuicTransportBase.cpp:1196] Stopping peek looper client CID=0000000000000001 server CID=400000c64e18fb65 peer address=127.0.0.1:4987
I1223 18:32:22.192497 11121 FunctionLooper.cpp:88] stop: PeekLooper
I1223 18:32:22.192502 11121 QuicTransportBase.cpp:1233] Server stopping write looper because conn closed client CID=0000000000000001 server CID=400000c64e18fb65 peer address=127.0.0.1:4987
I1223 18:32:22.192509 11121 FunctionLooper.cpp:88] stop: WriteLooper
*** Aborted at 1640284342 (Unix time, try 'date -d @1640284342') ***
*** Signal 15 (SIGTERM) (0x2b68) received by PID 11115 (pthread TID 0x7f74f2cffec0) (linux TID 11115) (maybe from PID 11112, UID 0) (code: 0), stack trace: ***
(error retrieving stack trace)
