I1224 00:23:20.154312  6135 EventBase.cpp:308] EventBase(): Starting loop.
I1224 00:23:20.159188  6136 EventBase.cpp:308] EventBase(): Starting loop.
I1224 00:23:20.163394  6137 EventBase.cpp:308] EventBase(): Starting loop.
I1224 00:23:20.163908  6138 EventBase.cpp:308] EventBase(): Starting loop.
I1224 00:23:20.164870  6139 EventBase.cpp:308] EventBase(): Starting loop.
I1224 00:23:20.168941  6140 EventBase.cpp:308] EventBase(): Starting loop.
I1224 00:23:20.169035  6135 QuicServer.cpp:268] No valid takenover fd found for address=127.0.0.1:4443. binding on worker=0x55ee5e2c8ec0 workerId=0 processId=0
I1224 00:23:20.169292  6136 QuicServer.cpp:268] No valid takenover fd found for address=127.0.0.1:4443. binding on worker=0x55ee5e2c9500 workerId=1 processId=0
I1224 00:23:20.169452  6137 QuicServer.cpp:268] No valid takenover fd found for address=127.0.0.1:4443. binding on worker=0x55ee5e2c9940 workerId=2 processId=0
I1224 00:23:20.169620  6138 QuicServer.cpp:268] No valid takenover fd found for address=127.0.0.1:4443. binding on worker=0x55ee5e2c9e20 workerId=3 processId=0
I1224 00:23:20.169781  6139 QuicServer.cpp:268] No valid takenover fd found for address=127.0.0.1:4443. binding on worker=0x55ee5e2ca300 workerId=4 processId=0
I1224 00:23:20.169940  6140 QuicServer.cpp:268] No valid takenover fd found for address=127.0.0.1:4443. binding on worker=0x55ee5e2ca800 workerId=5 processId=0
I1224 00:23:20.169968  6140 QuicServer.cpp:295] Initialized all workers in the eventbase
I1224 00:23:20.170073  6132 EchoServer.h:90] Echo server started at: 127.0.0.1:4443
I1224 00:23:20.170122  6132 EventBase.cpp:308] EventBase(): Starting loop.
I1224 00:23:20.170128  6135 QuicServerWorker.cpp:134] Registered read on worker=0x55ee5e2c8ec0, thread=140604855109376, processId=0
I1224 00:23:20.170161  6136 QuicServerWorker.cpp:134] Registered read on worker=0x55ee5e2c9500, thread=140604846716672, processId=0
I1224 00:23:20.170172  6138 QuicServerWorker.cpp:134] Registered read on worker=0x55ee5e2c9e20, thread=140604829931264, processId=0
I1224 00:23:20.170176  6140 QuicServerWorker.cpp:134] Registered read on worker=0x55ee5e2ca800, thread=140604604409600, processId=0
I1224 00:23:20.170215  6139 QuicServerWorker.cpp:134] Registered read on worker=0x55ee5e2ca300, thread=140604612802304, processId=0
I1224 00:23:20.170173  6137 QuicServerWorker.cpp:134] Registered read on worker=0x55ee5e2c9940, thread=140604838323968, processId=0
I1224 00:23:25.547003  6138 QuicServerWorker.cpp:227] Worker=0x55ee5e2c9e20, Received data on thread=140604829931264, processId=0
I1224 00:23:25.547032  6138 LogQuicStats.h:24] server onPacketReceived
I1224 00:23:25.547039  6138 LogQuicStats.h:140] server onRead size=1232
W1224 00:23:25.547060  6138 Types.cpp:447] toString has unhandled version type
I1224 00:23:25.547055  6138 LogQuicStats.h:76] server onClientInitialReceived, version: UNKNOWN
I1224 00:23:25.547077  6138 QuicServerWorker.cpp:208] Version negotiation sent to client=127.0.0.1:4987
I1224 00:23:25.547086  6138 LogQuicStats.h:144] server onWrite size=43
I1224 00:23:25.547092  6138 LogQuicStats.h:36] server onPacketProcessed
I1224 00:23:25.547098  6138 LogQuicStats.h:40] server onPacketSent
I1224 00:23:25.726555  6138 QuicServerWorker.cpp:227] Worker=0x55ee5e2c9e20, Received data on thread=140604829931264, processId=0
I1224 00:23:25.726583  6138 LogQuicStats.h:24] server onPacketReceived
I1224 00:23:25.726591  6138 LogQuicStats.h:140] server onRead size=1232
I1224 00:23:25.726599  6138 LogQuicStats.h:76] server onClientInitialReceived, version: QUIC_DRAFT
I1224 00:23:25.726609  6138 QuicServerWorker.cpp:545] Creating new connection for client=127.0.0.1:4987, routingInfo=CID=0000000000000000, cidVersion=1, workerId=3, processId=0, hostId=0, threadId=140604829931264, 
I1224 00:23:25.726717  6138 LogQuicStats.h:118] server onStatelessReset
I1224 00:23:25.726765  6138 StateMachine-inl.h:41] Transition from Uninitialized to ExpectingClientHello
I1224 00:23:25.726838  6138 LogQuicStats.h:32] server onOutOfOrderPacketReceived
I1224 00:23:25.726847  6138 ServerStateMachine.cpp:952] Server received crypto data offset=0 len=391 currentReadOffset=0 client CID=0000000000000003 server CID=400000d6fa4f6151 peer address=127.0.0.1:4987
I1224 00:23:25.726874  6138 RecordLayer.cpp:82] Received handshake message ClientHello
I1224 00:23:25.726987  6138 ServerHandshake.cpp:167] ServerHandshake error fizz::FizzException: no psk modes
I1224 00:23:25.727030  6138 QuicTransportBase.cpp:1870] onNetworkData fizz::FizzException: no psk modes client CID=0000000000000003 server CID=400000d6fa4f6151 peer address=127.0.0.1:4987
I1224 00:23:25.727043  6138 QuicTransportBase.cpp:400] Stopping read looper due to immediate close client CID=0000000000000003 server CID=400000d6fa4f6151 peer address=127.0.0.1:4987
I1224 00:23:25.727051  6138 FunctionLooper.cpp:88] stop: ReadLooper
I1224 00:23:25.727056  6138 FunctionLooper.cpp:88] stop: PeekLooper
I1224 00:23:25.727062  6138 FunctionLooper.cpp:88] stop: WriteLooper
I1224 00:23:25.727069  6138 QuicTransportBase.cpp:2651] Clearing 0 peek callbacks
I1224 00:23:25.727075  6138 QuicTransportBase.cpp:852] Stopping read looper client CID=0000000000000003 server CID=400000d6fa4f6151 peer address=127.0.0.1:4987
I1224 00:23:25.727082  6138 FunctionLooper.cpp:88] stop: ReadLooper
I1224 00:23:25.727088  6138 QuicTransportBase.cpp:1196] Stopping peek looper client CID=0000000000000003 server CID=400000d6fa4f6151 peer address=127.0.0.1:4987
I1224 00:23:25.727094  6138 FunctionLooper.cpp:88] stop: PeekLooper
I1224 00:23:25.727100  6138 QuicTransportBase.cpp:1233] Server stopping write looper because conn closed client CID=0000000000000003 server CID=400000d6fa4f6151 peer address=127.0.0.1:4987
I1224 00:23:25.727106  6138 FunctionLooper.cpp:88] stop: WriteLooper
E1224 00:23:25.727113  6138 EchoHandler.h:53] Socket error=Crypto error: missing_extension
I1224 00:23:25.727136  6138 QuicTransportFunctions.cpp:1063] Server sent close packetNum=13083142 in space=InitialSpace client CID=0000000000000003 server CID=400000d6fa4f6151 peer address=127.0.0.1:4987
I1224 00:23:25.727200  6138 LogQuicStats.h:144] server onWrite size=83
I1224 00:23:25.727217  6138 QuicTransportBase.cpp:852] Stopping read looper client CID=0000000000000003 server CID=400000d6fa4f6151 peer address=127.0.0.1:4987
I1224 00:23:25.727226  6138 FunctionLooper.cpp:88] stop: ReadLooper
I1224 00:23:25.727231  6138 QuicTransportBase.cpp:1196] Stopping peek looper client CID=0000000000000003 server CID=400000d6fa4f6151 peer address=127.0.0.1:4987
I1224 00:23:25.727238  6138 FunctionLooper.cpp:88] stop: PeekLooper
I1224 00:23:25.727243  6138 QuicTransportBase.cpp:1233] Server stopping write looper because conn closed client CID=0000000000000003 server CID=400000d6fa4f6151 peer address=127.0.0.1:4987
I1224 00:23:25.727250  6138 FunctionLooper.cpp:88] stop: WriteLooper
*** Aborted at 1640305405 (Unix time, try 'date -d @1640305405') ***
*** Signal 15 (SIGTERM) (0x17f1) received by PID 6132 (pthread TID 0x7fe121bc2ec0) (linux TID 6132) (maybe from PID 6129, UID 0) (code: 0), stack trace: ***
(error retrieving stack trace)
