I1224 00:22:17.714843  5728 EventBase.cpp:308] EventBase(): Starting loop.
I1224 00:22:17.719260  5729 EventBase.cpp:308] EventBase(): Starting loop.
I1224 00:22:17.719849  5730 EventBase.cpp:308] EventBase(): Starting loop.
I1224 00:22:17.720000  5731 EventBase.cpp:308] EventBase(): Starting loop.
I1224 00:22:17.720094  5732 EventBase.cpp:308] EventBase(): Starting loop.
I1224 00:22:17.720209  5733 EventBase.cpp:308] EventBase(): Starting loop.
I1224 00:22:17.720326  5728 QuicServer.cpp:268] No valid takenover fd found for address=127.0.0.1:4443. binding on worker=0x55a3ac339ec0 workerId=0 processId=0
I1224 00:22:17.720472  5729 QuicServer.cpp:268] No valid takenover fd found for address=127.0.0.1:4443. binding on worker=0x55a3ac33a500 workerId=1 processId=0
I1224 00:22:17.720656  5730 QuicServer.cpp:268] No valid takenover fd found for address=127.0.0.1:4443. binding on worker=0x55a3ac33a940 workerId=2 processId=0
I1224 00:22:17.720826  5731 QuicServer.cpp:268] No valid takenover fd found for address=127.0.0.1:4443. binding on worker=0x55a3ac33ae20 workerId=3 processId=0
I1224 00:22:17.720979  5732 QuicServer.cpp:268] No valid takenover fd found for address=127.0.0.1:4443. binding on worker=0x55a3ac33b300 workerId=4 processId=0
I1224 00:22:17.721132  5733 QuicServer.cpp:268] No valid takenover fd found for address=127.0.0.1:4443. binding on worker=0x55a3ac33b800 workerId=5 processId=0
I1224 00:22:17.721159  5733 QuicServer.cpp:295] Initialized all workers in the eventbase
I1224 00:22:17.721312  5728 QuicServerWorker.cpp:134] Registered read on worker=0x55a3ac339ec0, thread=140492975609600, processId=0
I1224 00:22:17.721339  5725 EchoServer.h:90] Echo server started at: 127.0.0.1:4443
I1224 00:22:17.721347  5725 EventBase.cpp:308] EventBase(): Starting loop.
I1224 00:22:17.721359  5731 QuicServerWorker.cpp:134] Registered read on worker=0x55a3ac33ae20, thread=140492742326016, processId=0
I1224 00:22:17.721359  5729 QuicServerWorker.cpp:134] Registered read on worker=0x55a3ac33a500, thread=140492967216896, processId=0
I1224 00:22:17.721359  5730 QuicServerWorker.cpp:134] Registered read on worker=0x55a3ac33a940, thread=140492958824192, processId=0
I1224 00:22:17.721422  5732 QuicServerWorker.cpp:134] Registered read on worker=0x55a3ac33b300, thread=140492733933312, processId=0
I1224 00:22:17.721446  5733 QuicServerWorker.cpp:134] Registered read on worker=0x55a3ac33b800, thread=140492725540608, processId=0
I1224 00:22:23.094277  5731 QuicServerWorker.cpp:227] Worker=0x55a3ac33ae20, Received data on thread=140492742326016, processId=0
I1224 00:22:23.094305  5731 LogQuicStats.h:24] server onPacketReceived
I1224 00:22:23.094312  5731 LogQuicStats.h:140] server onRead size=1232
W1224 00:22:23.094337  5731 Types.cpp:447] toString has unhandled version type
I1224 00:22:23.094328  5731 LogQuicStats.h:76] server onClientInitialReceived, version: UNKNOWN
I1224 00:22:23.094349  5731 QuicServerWorker.cpp:208] Version negotiation sent to client=127.0.0.1:4987
I1224 00:22:23.094358  5731 LogQuicStats.h:144] server onWrite size=43
I1224 00:22:23.094364  5731 LogQuicStats.h:36] server onPacketProcessed
I1224 00:22:23.094369  5731 LogQuicStats.h:40] server onPacketSent
I1224 00:22:23.289821  5731 QuicServerWorker.cpp:227] Worker=0x55a3ac33ae20, Received data on thread=140492742326016, processId=0
I1224 00:22:23.289849  5731 LogQuicStats.h:24] server onPacketReceived
I1224 00:22:23.289856  5731 LogQuicStats.h:140] server onRead size=1232
I1224 00:22:23.289863  5731 LogQuicStats.h:76] server onClientInitialReceived, version: QUIC_DRAFT
I1224 00:22:23.289875  5731 QuicServerWorker.cpp:545] Creating new connection for client=127.0.0.1:4987, routingInfo=CID=0000000000000000, cidVersion=1, workerId=3, processId=0, hostId=0, threadId=140492742326016, 
I1224 00:22:23.289980  5731 LogQuicStats.h:118] server onStatelessReset
I1224 00:22:23.290009  5731 StateMachine-inl.h:41] Transition from Uninitialized to ExpectingClientHello
I1224 00:22:23.290071  5731 LogQuicStats.h:32] server onOutOfOrderPacketReceived
I1224 00:22:23.290081  5731 ServerStateMachine.cpp:952] Server received crypto data offset=0 len=391 currentReadOffset=0 client CID=0000000000000003 server CID=400000d8df7488f0 peer address=127.0.0.1:4987
I1224 00:22:23.290105  5731 RecordLayer.cpp:82] Received handshake message ClientHello
I1224 00:22:23.290200  5731 ServerHandshake.cpp:167] ServerHandshake error fizz::FizzException: no psk modes
I1224 00:22:23.290246  5731 QuicTransportBase.cpp:1870] onNetworkData fizz::FizzException: no psk modes client CID=0000000000000003 server CID=400000d8df7488f0 peer address=127.0.0.1:4987
I1224 00:22:23.290275  5731 QuicTransportBase.cpp:400] Stopping read looper due to immediate close client CID=0000000000000003 server CID=400000d8df7488f0 peer address=127.0.0.1:4987
I1224 00:22:23.290289  5731 FunctionLooper.cpp:88] stop: ReadLooper
I1224 00:22:23.290295  5731 FunctionLooper.cpp:88] stop: PeekLooper
I1224 00:22:23.290302  5731 FunctionLooper.cpp:88] stop: WriteLooper
I1224 00:22:23.290313  5731 QuicTransportBase.cpp:2651] Clearing 0 peek callbacks
I1224 00:22:23.290320  5731 QuicTransportBase.cpp:852] Stopping read looper client CID=0000000000000003 server CID=400000d8df7488f0 peer address=127.0.0.1:4987
I1224 00:22:23.290328  5731 FunctionLooper.cpp:88] stop: ReadLooper
I1224 00:22:23.290333  5731 QuicTransportBase.cpp:1196] Stopping peek looper client CID=0000000000000003 server CID=400000d8df7488f0 peer address=127.0.0.1:4987
I1224 00:22:23.290339  5731 FunctionLooper.cpp:88] stop: PeekLooper
I1224 00:22:23.290345  5731 QuicTransportBase.cpp:1233] Server stopping write looper because conn closed client CID=0000000000000003 server CID=400000d8df7488f0 peer address=127.0.0.1:4987
I1224 00:22:23.290352  5731 FunctionLooper.cpp:88] stop: WriteLooper
E1224 00:22:23.290359  5731 EchoHandler.h:53] Socket error=Crypto error: missing_extension
I1224 00:22:23.290380  5731 QuicTransportFunctions.cpp:1063] Server sent close packetNum=2608880 in space=InitialSpace client CID=0000000000000003 server CID=400000d8df7488f0 peer address=127.0.0.1:4987
I1224 00:22:23.290403  5731 LogQuicStats.h:144] server onWrite size=82
I1224 00:22:23.290413  5731 QuicTransportBase.cpp:852] Stopping read looper client CID=0000000000000003 server CID=400000d8df7488f0 peer address=127.0.0.1:4987
I1224 00:22:23.290421  5731 FunctionLooper.cpp:88] stop: ReadLooper
I1224 00:22:23.290427  5731 QuicTransportBase.cpp:1196] Stopping peek looper client CID=0000000000000003 server CID=400000d8df7488f0 peer address=127.0.0.1:4987
I1224 00:22:23.290433  5731 FunctionLooper.cpp:88] stop: PeekLooper
I1224 00:22:23.290439  5731 QuicTransportBase.cpp:1233] Server stopping write looper because conn closed client CID=0000000000000003 server CID=400000d8df7488f0 peer address=127.0.0.1:4987
I1224 00:22:23.290446  5731 FunctionLooper.cpp:88] stop: WriteLooper
*** Aborted at 1640305343 (Unix time, try 'date -d @1640305343') ***
*** Signal 15 (SIGTERM) (0x165a) received by PID 5725 (pthread TID 0x7fc715327ec0) (linux TID 5725) (maybe from PID 5722, UID 0) (code: 0), stack trace: ***
(error retrieving stack trace)
