I1223 18:30:28.342221 10415 EventBase.cpp:308] EventBase(): Starting loop.
I1223 18:30:28.343042 10416 EventBase.cpp:308] EventBase(): Starting loop.
I1223 18:30:28.343199 10417 EventBase.cpp:308] EventBase(): Starting loop.
I1223 18:30:28.343502 10418 EventBase.cpp:308] EventBase(): Starting loop.
I1223 18:30:28.343590 10419 EventBase.cpp:308] EventBase(): Starting loop.
I1223 18:30:28.347285 10420 EventBase.cpp:308] EventBase(): Starting loop.
I1223 18:30:28.347409 10415 QuicServer.cpp:268] No valid takenover fd found for address=127.0.0.1:4443. binding on worker=0x5562c5aa9040 workerId=0 processId=0
I1223 18:30:28.347558 10416 QuicServer.cpp:268] No valid takenover fd found for address=127.0.0.1:4443. binding on worker=0x5562c5aa9680 workerId=1 processId=0
I1223 18:30:28.347687 10417 QuicServer.cpp:268] No valid takenover fd found for address=127.0.0.1:4443. binding on worker=0x5562c5aa9b30 workerId=2 processId=0
I1223 18:30:28.347867 10418 QuicServer.cpp:268] No valid takenover fd found for address=127.0.0.1:4443. binding on worker=0x5562c5aaa010 workerId=3 processId=0
I1223 18:30:28.347977 10419 QuicServer.cpp:268] No valid takenover fd found for address=127.0.0.1:4443. binding on worker=0x5562c5aaa4f0 workerId=4 processId=0
I1223 18:30:28.348083 10420 QuicServer.cpp:268] No valid takenover fd found for address=127.0.0.1:4443. binding on worker=0x5562c5aaa9f0 workerId=5 processId=0
I1223 18:30:28.348111 10420 QuicServer.cpp:295] Initialized all workers in the eventbase
I1223 18:30:28.348217 10412 EchoServer.h:90] Echo server started at: 127.0.0.1:4443
I1223 18:30:28.348263 10412 EventBase.cpp:308] EventBase(): Starting loop.
I1223 18:30:28.348313 10419 QuicServerWorker.cpp:134] Registered read on worker=0x5562c5aaa4f0, thread=140430440122112, processId=0
I1223 18:30:28.348301 10418 QuicServerWorker.cpp:134] Registered read on worker=0x5562c5aaa010, thread=140430448514816, processId=0
I1223 18:30:28.348338 10417 QuicServerWorker.cpp:134] Registered read on worker=0x5562c5aa9b30, thread=140430456907520, processId=0
I1223 18:30:28.348356 10416 QuicServerWorker.cpp:134] Registered read on worker=0x5562c5aa9680, thread=140430465300224, processId=0
I1223 18:30:28.348390 10420 QuicServerWorker.cpp:134] Registered read on worker=0x5562c5aaa9f0, thread=140430431729408, processId=0
I1223 18:30:28.348302 10415 QuicServerWorker.cpp:134] Registered read on worker=0x5562c5aa9040, thread=140430544652032, processId=0
I1223 18:30:33.924947 10418 QuicServerWorker.cpp:227] Worker=0x5562c5aaa010, Received data on thread=140430448514816, processId=0
I1223 18:30:33.924978 10418 LogQuicStats.h:24] server onPacketReceived
I1223 18:30:33.924986 10418 LogQuicStats.h:140] server onRead size=1232
I1223 18:30:33.925001 10418 LogQuicStats.h:76] server onClientInitialReceived, version: QUIC_DRAFT
I1223 18:30:33.925011 10418 QuicServerWorker.cpp:545] Creating new connection for client=127.0.0.1:4987, routingInfo=CID=0000000000000002, cidVersion=1, workerId=3, processId=0, hostId=0, threadId=140430448514816, 
I1223 18:30:33.925125 10418 LogQuicStats.h:118] server onStatelessReset
I1223 18:30:33.925156 10418 StateMachine-inl.h:41] Transition from Uninitialized to ExpectingClientHello
I1223 18:30:33.925225 10418 LogQuicStats.h:32] server onOutOfOrderPacketReceived
I1223 18:30:33.925235 10418 ServerStateMachine.cpp:952] Server received crypto data offset=0 len=389 currentReadOffset=0 client CID=0000000000000001 server CID=400000dc9b32d820 peer address=127.0.0.1:4987
I1223 18:30:33.925251 10418 RecordLayer.cpp:82] Received handshake message ClientHello
I1223 18:30:33.925359 10418 ServerHandshake.cpp:167] ServerHandshake error fizz::FizzException: no psk modes
I1223 18:30:33.925433 10418 QuicTransportBase.cpp:1870] onNetworkData fizz::FizzException: no psk modes client CID=0000000000000001 server CID=400000dc9b32d820 peer address=127.0.0.1:4987
I1223 18:30:33.925454 10418 QuicTransportBase.cpp:400] Stopping read looper due to immediate close client CID=0000000000000001 server CID=400000dc9b32d820 peer address=127.0.0.1:4987
I1223 18:30:33.925463 10418 FunctionLooper.cpp:88] stop: ReadLooper
I1223 18:30:33.925479 10418 FunctionLooper.cpp:88] stop: PeekLooper
I1223 18:30:33.925487 10418 FunctionLooper.cpp:88] stop: WriteLooper
I1223 18:30:33.925498 10418 QuicTransportBase.cpp:2651] Clearing 0 peek callbacks
I1223 18:30:33.925505 10418 QuicTransportBase.cpp:852] Stopping read looper client CID=0000000000000001 server CID=400000dc9b32d820 peer address=127.0.0.1:4987
I1223 18:30:33.925513 10418 FunctionLooper.cpp:88] stop: ReadLooper
I1223 18:30:33.925519 10418 QuicTransportBase.cpp:1196] Stopping peek looper client CID=0000000000000001 server CID=400000dc9b32d820 peer address=127.0.0.1:4987
I1223 18:30:33.925526 10418 FunctionLooper.cpp:88] stop: PeekLooper
I1223 18:30:33.925534 10418 QuicTransportBase.cpp:1233] Server stopping write looper because conn closed client CID=0000000000000001 server CID=400000dc9b32d820 peer address=127.0.0.1:4987
I1223 18:30:33.925540 10418 FunctionLooper.cpp:88] stop: WriteLooper
E1223 18:30:33.925549 10418 EchoHandler.h:53] Socket error=Crypto error: missing_extension
I1223 18:30:33.925570 10418 QuicTransportFunctions.cpp:1063] Server sent close packetNum=15055230 in space=InitialSpace client CID=0000000000000001 server CID=400000dc9b32d820 peer address=127.0.0.1:4987
I1223 18:30:33.925596 10418 LogQuicStats.h:144] server onWrite size=83
I1223 18:30:33.925606 10418 QuicTransportBase.cpp:852] Stopping read looper client CID=0000000000000001 server CID=400000dc9b32d820 peer address=127.0.0.1:4987
I1223 18:30:33.925614 10418 FunctionLooper.cpp:88] stop: ReadLooper
I1223 18:30:33.925621 10418 QuicTransportBase.cpp:1196] Stopping peek looper client CID=0000000000000001 server CID=400000dc9b32d820 peer address=127.0.0.1:4987
I1223 18:30:33.925628 10418 FunctionLooper.cpp:88] stop: PeekLooper
I1223 18:30:33.925634 10418 QuicTransportBase.cpp:1233] Server stopping write looper because conn closed client CID=0000000000000001 server CID=400000dc9b32d820 peer address=127.0.0.1:4987
I1223 18:30:33.925642 10418 FunctionLooper.cpp:88] stop: WriteLooper
*** Aborted at 1640284233 (Unix time, try 'date -d @1640284233') ***
*** Signal 15 (SIGTERM) (0x28a9) received by PID 10412 (pthread TID 0x7fb88c05aec0) (linux TID 10412) (maybe from PID 10409, UID 0) (code: 0), stack trace: ***
(error retrieving stack trace)
