I1223 18:30:11.070657 10304 EventBase.cpp:308] EventBase(): Starting loop.
I1223 18:30:11.070847 10305 EventBase.cpp:308] EventBase(): Starting loop.
I1223 18:30:11.071177 10306 EventBase.cpp:308] EventBase(): Starting loop.
I1223 18:30:11.071440 10307 EventBase.cpp:308] EventBase(): Starting loop.
I1223 18:30:11.075196 10308 EventBase.cpp:308] EventBase(): Starting loop.
I1223 18:30:11.079941 10309 EventBase.cpp:308] EventBase(): Starting loop.
I1223 18:30:11.080099 10304 QuicServer.cpp:268] No valid takenover fd found for address=127.0.0.1:4443. binding on worker=0x561f84b41040 workerId=0 processId=0
I1223 18:30:11.080307 10305 QuicServer.cpp:268] No valid takenover fd found for address=127.0.0.1:4443. binding on worker=0x561f84b41680 workerId=1 processId=0
I1223 18:30:11.080466 10306 QuicServer.cpp:268] No valid takenover fd found for address=127.0.0.1:4443. binding on worker=0x561f84b41b30 workerId=2 processId=0
I1223 18:30:11.080619 10307 QuicServer.cpp:268] No valid takenover fd found for address=127.0.0.1:4443. binding on worker=0x561f84b42010 workerId=3 processId=0
I1223 18:30:11.080783 10308 QuicServer.cpp:268] No valid takenover fd found for address=127.0.0.1:4443. binding on worker=0x561f84b424f0 workerId=4 processId=0
I1223 18:30:11.080940 10309 QuicServer.cpp:268] No valid takenover fd found for address=127.0.0.1:4443. binding on worker=0x561f84b429f0 workerId=5 processId=0
I1223 18:30:11.080968 10309 QuicServer.cpp:295] Initialized all workers in the eventbase
I1223 18:30:11.081115 10301 EchoServer.h:90] Echo server started at: 127.0.0.1:4443
I1223 18:30:11.081153 10301 EventBase.cpp:308] EventBase(): Starting loop.
I1223 18:30:11.081203 10305 QuicServerWorker.cpp:134] Registered read on worker=0x561f84b41680, thread=139729513215744, processId=0
I1223 18:30:11.081229 10304 QuicServerWorker.cpp:134] Registered read on worker=0x561f84b41040, thread=139729590032128, processId=0
I1223 18:30:11.081229 10308 QuicServerWorker.cpp:134] Registered read on worker=0x561f84b424f0, thread=139729488037632, processId=0
I1223 18:30:11.081230 10307 QuicServerWorker.cpp:134] Registered read on worker=0x561f84b42010, thread=139729496430336, processId=0
I1223 18:30:11.081283 10309 QuicServerWorker.cpp:134] Registered read on worker=0x561f84b429f0, thread=139729479644928, processId=0
I1223 18:30:11.081292 10306 QuicServerWorker.cpp:134] Registered read on worker=0x561f84b41b30, thread=139729504823040, processId=0
I1223 18:30:16.705591 10307 QuicServerWorker.cpp:227] Worker=0x561f84b42010, Received data on thread=139729496430336, processId=0
I1223 18:30:16.705621 10307 LogQuicStats.h:24] server onPacketReceived
I1223 18:30:16.705627 10307 LogQuicStats.h:140] server onRead size=1232
I1223 18:30:16.705644 10307 LogQuicStats.h:76] server onClientInitialReceived, version: QUIC_DRAFT
I1223 18:30:16.705654 10307 QuicServerWorker.cpp:545] Creating new connection for client=127.0.0.1:4987, routingInfo=CID=0000000000000002, cidVersion=1, workerId=3, processId=0, hostId=0, threadId=139729496430336, 
I1223 18:30:16.705773 10307 LogQuicStats.h:118] server onStatelessReset
I1223 18:30:16.705802 10307 StateMachine-inl.h:41] Transition from Uninitialized to ExpectingClientHello
I1223 18:30:16.705871 10307 LogQuicStats.h:32] server onOutOfOrderPacketReceived
I1223 18:30:16.705879 10307 ServerStateMachine.cpp:952] Server received crypto data offset=0 len=389 currentReadOffset=0 client CID=0000000000000001 server CID=400000d88a747797 peer address=127.0.0.1:4987
I1223 18:30:16.705895 10307 RecordLayer.cpp:82] Received handshake message ClientHello
I1223 18:30:16.706009 10307 ServerHandshake.cpp:167] ServerHandshake error fizz::FizzException: no psk modes
I1223 18:30:16.706054 10307 QuicTransportBase.cpp:1870] onNetworkData fizz::FizzException: no psk modes client CID=0000000000000001 server CID=400000d88a747797 peer address=127.0.0.1:4987
I1223 18:30:16.706069 10307 QuicTransportBase.cpp:400] Stopping read looper due to immediate close client CID=0000000000000001 server CID=400000d88a747797 peer address=127.0.0.1:4987
I1223 18:30:16.706079 10307 FunctionLooper.cpp:88] stop: ReadLooper
I1223 18:30:16.706094 10307 FunctionLooper.cpp:88] stop: PeekLooper
I1223 18:30:16.706100 10307 FunctionLooper.cpp:88] stop: WriteLooper
I1223 18:30:16.706112 10307 QuicTransportBase.cpp:2651] Clearing 0 peek callbacks
I1223 18:30:16.706120 10307 QuicTransportBase.cpp:852] Stopping read looper client CID=0000000000000001 server CID=400000d88a747797 peer address=127.0.0.1:4987
I1223 18:30:16.706126 10307 FunctionLooper.cpp:88] stop: ReadLooper
I1223 18:30:16.706133 10307 QuicTransportBase.cpp:1196] Stopping peek looper client CID=0000000000000001 server CID=400000d88a747797 peer address=127.0.0.1:4987
I1223 18:30:16.706140 10307 FunctionLooper.cpp:88] stop: PeekLooper
I1223 18:30:16.706147 10307 QuicTransportBase.cpp:1233] Server stopping write looper because conn closed client CID=0000000000000001 server CID=400000d88a747797 peer address=127.0.0.1:4987
I1223 18:30:16.706154 10307 FunctionLooper.cpp:88] stop: WriteLooper
E1223 18:30:16.706161 10307 EchoHandler.h:53] Socket error=Crypto error: missing_extension
I1223 18:30:16.706183 10307 QuicTransportFunctions.cpp:1063] Server sent close packetNum=7117975 in space=InitialSpace client CID=0000000000000001 server CID=400000d88a747797 peer address=127.0.0.1:4987
I1223 18:30:16.706208 10307 LogQuicStats.h:144] server onWrite size=82
I1223 18:30:16.706219 10307 QuicTransportBase.cpp:852] Stopping read looper client CID=0000000000000001 server CID=400000d88a747797 peer address=127.0.0.1:4987
I1223 18:30:16.706228 10307 FunctionLooper.cpp:88] stop: ReadLooper
I1223 18:30:16.706234 10307 QuicTransportBase.cpp:1196] Stopping peek looper client CID=0000000000000001 server CID=400000d88a747797 peer address=127.0.0.1:4987
I1223 18:30:16.706241 10307 FunctionLooper.cpp:88] stop: PeekLooper
I1223 18:30:16.706248 10307 QuicTransportBase.cpp:1233] Server stopping write looper because conn closed client CID=0000000000000001 server CID=400000d88a747797 peer address=127.0.0.1:4987
I1223 18:30:16.706254 10307 FunctionLooper.cpp:88] stop: WriteLooper
*** Aborted at 1640284216 (Unix time, try 'date -d @1640284216') ***
*** Signal 15 (SIGTERM) (0x283a) received by PID 10301 (pthread TID 0x7f1557defec0) (linux TID 10301) (maybe from PID 10298, UID 0) (code: 0), stack trace: ***
(error retrieving stack trace)
