I1223 18:28:56.467381  9823 EventBase.cpp:308] EventBase(): Starting loop.
I1223 18:28:56.467545  9824 EventBase.cpp:308] EventBase(): Starting loop.
I1223 18:28:56.471208  9825 EventBase.cpp:308] EventBase(): Starting loop.
I1223 18:28:56.471359  9826 EventBase.cpp:308] EventBase(): Starting loop.
I1223 18:28:56.471535  9827 EventBase.cpp:308] EventBase(): Starting loop.
I1223 18:28:56.475672  9828 EventBase.cpp:308] EventBase(): Starting loop.
I1223 18:28:56.475842  9823 QuicServer.cpp:268] No valid takenover fd found for address=127.0.0.1:4443. binding on worker=0x55860141b040 workerId=0 processId=0
I1223 18:28:56.480707  9824 QuicServer.cpp:268] No valid takenover fd found for address=127.0.0.1:4443. binding on worker=0x55860141b680 workerId=1 processId=0
I1223 18:28:56.480875  9825 QuicServer.cpp:268] No valid takenover fd found for address=127.0.0.1:4443. binding on worker=0x55860141bb30 workerId=2 processId=0
I1223 18:28:56.480981  9826 QuicServer.cpp:268] No valid takenover fd found for address=127.0.0.1:4443. binding on worker=0x55860141c010 workerId=3 processId=0
I1223 18:28:56.481086  9827 QuicServer.cpp:268] No valid takenover fd found for address=127.0.0.1:4443. binding on worker=0x55860141c4f0 workerId=4 processId=0
I1223 18:28:56.481245  9828 QuicServer.cpp:268] No valid takenover fd found for address=127.0.0.1:4443. binding on worker=0x55860141c9f0 workerId=5 processId=0
I1223 18:28:56.481273  9828 QuicServer.cpp:295] Initialized all workers in the eventbase
I1223 18:28:56.481379  9820 EchoServer.h:90] Echo server started at: 127.0.0.1:4443
I1223 18:28:56.481426  9820 EventBase.cpp:308] EventBase(): Starting loop.
I1223 18:28:56.481436  9824 QuicServerWorker.cpp:134] Registered read on worker=0x55860141b680, thread=139906210854656, processId=0
I1223 18:28:56.481463  9823 QuicServerWorker.cpp:134] Registered read on worker=0x55860141b040, thread=139906293090048, processId=0
I1223 18:28:56.481478  9826 QuicServerWorker.cpp:134] Registered read on worker=0x55860141c010, thread=139906194069248, processId=0
I1223 18:28:56.481501  9827 QuicServerWorker.cpp:134] Registered read on worker=0x55860141c4f0, thread=139906185676544, processId=0
I1223 18:28:56.481470  9825 QuicServerWorker.cpp:134] Registered read on worker=0x55860141bb30, thread=139906202461952, processId=0
I1223 18:28:56.481560  9828 QuicServerWorker.cpp:134] Registered read on worker=0x55860141c9f0, thread=139906177283840, processId=0
I1223 18:29:02.095031  9826 QuicServerWorker.cpp:227] Worker=0x55860141c010, Received data on thread=139906194069248, processId=0
I1223 18:29:02.095069  9826 LogQuicStats.h:24] server onPacketReceived
I1223 18:29:02.095077  9826 LogQuicStats.h:140] server onRead size=1232
I1223 18:29:02.095093  9826 LogQuicStats.h:76] server onClientInitialReceived, version: QUIC_DRAFT
I1223 18:29:02.095105  9826 QuicServerWorker.cpp:545] Creating new connection for client=127.0.0.1:4987, routingInfo=CID=0000000000000002, cidVersion=1, workerId=3, processId=0, hostId=0, threadId=139906194069248, 
I1223 18:29:02.095216  9826 LogQuicStats.h:118] server onStatelessReset
I1223 18:29:02.095247  9826 StateMachine-inl.h:41] Transition from Uninitialized to ExpectingClientHello
I1223 18:29:02.095319  9826 LogQuicStats.h:32] server onOutOfOrderPacketReceived
I1223 18:29:02.095328  9826 ServerStateMachine.cpp:952] Server received crypto data offset=0 len=391 currentReadOffset=0 client CID=0000000000000001 server CID=400000c159bbfa95 peer address=127.0.0.1:4987
I1223 18:29:02.095350  9826 RecordLayer.cpp:82] Received handshake message ClientHello
I1223 18:29:02.095489  9826 ServerHandshake.cpp:167] ServerHandshake error fizz::FizzException: no psk modes
I1223 18:29:02.095544  9826 QuicTransportBase.cpp:1870] onNetworkData fizz::FizzException: no psk modes client CID=0000000000000001 server CID=400000c159bbfa95 peer address=127.0.0.1:4987
I1223 18:29:02.095561  9826 QuicTransportBase.cpp:400] Stopping read looper due to immediate close client CID=0000000000000001 server CID=400000c159bbfa95 peer address=127.0.0.1:4987
I1223 18:29:02.095569  9826 FunctionLooper.cpp:88] stop: ReadLooper
I1223 18:29:02.095587  9826 FunctionLooper.cpp:88] stop: PeekLooper
I1223 18:29:02.095594  9826 FunctionLooper.cpp:88] stop: WriteLooper
I1223 18:29:02.095607  9826 QuicTransportBase.cpp:2651] Clearing 0 peek callbacks
I1223 18:29:02.095614  9826 QuicTransportBase.cpp:852] Stopping read looper client CID=0000000000000001 server CID=400000c159bbfa95 peer address=127.0.0.1:4987
I1223 18:29:02.095621  9826 FunctionLooper.cpp:88] stop: ReadLooper
I1223 18:29:02.095628  9826 QuicTransportBase.cpp:1196] Stopping peek looper client CID=0000000000000001 server CID=400000c159bbfa95 peer address=127.0.0.1:4987
I1223 18:29:02.095635  9826 FunctionLooper.cpp:88] stop: PeekLooper
I1223 18:29:02.095643  9826 QuicTransportBase.cpp:1233] Server stopping write looper because conn closed client CID=0000000000000001 server CID=400000c159bbfa95 peer address=127.0.0.1:4987
I1223 18:29:02.095649  9826 FunctionLooper.cpp:88] stop: WriteLooper
E1223 18:29:02.095657  9826 EchoHandler.h:53] Socket error=Crypto error: missing_extension
I1223 18:29:02.095679  9826 QuicTransportFunctions.cpp:1063] Server sent close packetNum=11442851 in space=InitialSpace client CID=0000000000000001 server CID=400000c159bbfa95 peer address=127.0.0.1:4987
I1223 18:29:02.095708  9826 LogQuicStats.h:144] server onWrite size=83
I1223 18:29:02.095719  9826 QuicTransportBase.cpp:852] Stopping read looper client CID=0000000000000001 server CID=400000c159bbfa95 peer address=127.0.0.1:4987
I1223 18:29:02.095727  9826 FunctionLooper.cpp:88] stop: ReadLooper
I1223 18:29:02.095734  9826 QuicTransportBase.cpp:1196] Stopping peek looper client CID=0000000000000001 server CID=400000c159bbfa95 peer address=127.0.0.1:4987
I1223 18:29:02.095741  9826 FunctionLooper.cpp:88] stop: PeekLooper
I1223 18:29:02.095748  9826 QuicTransportBase.cpp:1233] Server stopping write looper because conn closed client CID=0000000000000001 server CID=400000c159bbfa95 peer address=127.0.0.1:4987
I1223 18:29:02.095755  9826 FunctionLooper.cpp:88] stop: WriteLooper
*** Aborted at 1640284142 (Unix time, try 'date -d @1640284142') ***
*** Signal 15 (SIGTERM) (0x2659) received by PID 9820 (pthread TID 0x7f3e7c31aec0) (linux TID 9820) (maybe from PID 9817, UID 0) (code: 0), stack trace: ***
(error retrieving stack trace)
