I1224 00:20:47.091176  5136 EventBase.cpp:308] EventBase(): Starting loop.
I1224 00:20:47.095100  5137 EventBase.cpp:308] EventBase(): Starting loop.
I1224 00:20:47.098999  5138 EventBase.cpp:308] EventBase(): Starting loop.
I1224 00:20:47.102077  5139 EventBase.cpp:308] EventBase(): Starting loop.
I1224 00:20:47.102234  5140 EventBase.cpp:308] EventBase(): Starting loop.
I1224 00:20:47.102385  5141 EventBase.cpp:308] EventBase(): Starting loop.
I1224 00:20:47.102542  5136 QuicServer.cpp:268] No valid takenover fd found for address=127.0.0.1:4443. binding on worker=0x55d54ca37ec0 workerId=0 processId=0
I1224 00:20:47.102705  5137 QuicServer.cpp:268] No valid takenover fd found for address=127.0.0.1:4443. binding on worker=0x55d54ca38500 workerId=1 processId=0
I1224 00:20:47.102875  5138 QuicServer.cpp:268] No valid takenover fd found for address=127.0.0.1:4443. binding on worker=0x55d54ca38940 workerId=2 processId=0
I1224 00:20:47.103077  5139 QuicServer.cpp:268] No valid takenover fd found for address=127.0.0.1:4443. binding on worker=0x55d54ca38e20 workerId=3 processId=0
I1224 00:20:47.103240  5140 QuicServer.cpp:268] No valid takenover fd found for address=127.0.0.1:4443. binding on worker=0x55d54ca39300 workerId=4 processId=0
I1224 00:20:47.103756  5141 QuicServer.cpp:268] No valid takenover fd found for address=127.0.0.1:4443. binding on worker=0x55d54ca39800 workerId=5 processId=0
I1224 00:20:47.103837  5141 QuicServer.cpp:295] Initialized all workers in the eventbase
I1224 00:20:47.103969  5133 EchoServer.h:90] Echo server started at: 127.0.0.1:4443
I1224 00:20:47.104017  5133 EventBase.cpp:308] EventBase(): Starting loop.
I1224 00:20:47.104054  5138 QuicServerWorker.cpp:134] Registered read on worker=0x55d54ca38940, thread=139703005214464, processId=0
I1224 00:20:47.104071  5141 QuicServerWorker.cpp:134] Registered read on worker=0x55d54ca39800, thread=139702980036352, processId=0
I1224 00:20:47.104058  5136 QuicServerWorker.cpp:134] Registered read on worker=0x55d54ca37ec0, thread=139703089760000, processId=0
I1224 00:20:47.104118  5139 QuicServerWorker.cpp:134] Registered read on worker=0x55d54ca38e20, thread=139702996821760, processId=0
I1224 00:20:47.104074  5137 QuicServerWorker.cpp:134] Registered read on worker=0x55d54ca38500, thread=139703081367296, processId=0
I1224 00:20:47.104161  5140 QuicServerWorker.cpp:134] Registered read on worker=0x55d54ca39300, thread=139702988429056, processId=0
I1224 00:20:52.533447  5139 QuicServerWorker.cpp:227] Worker=0x55d54ca38e20, Received data on thread=139702996821760, processId=0
I1224 00:20:52.533489  5139 LogQuicStats.h:24] server onPacketReceived
I1224 00:20:52.533499  5139 LogQuicStats.h:140] server onRead size=1232
W1224 00:20:52.533519  5139 Types.cpp:447] toString has unhandled version type
I1224 00:20:52.533514  5139 LogQuicStats.h:76] server onClientInitialReceived, version: UNKNOWN
I1224 00:20:52.533531  5139 QuicServerWorker.cpp:208] Version negotiation sent to client=127.0.0.1:4987
I1224 00:20:52.533540  5139 LogQuicStats.h:144] server onWrite size=43
I1224 00:20:52.533545  5139 LogQuicStats.h:36] server onPacketProcessed
I1224 00:20:52.533551  5139 LogQuicStats.h:40] server onPacketSent
I1224 00:20:52.769794  5139 QuicServerWorker.cpp:227] Worker=0x55d54ca38e20, Received data on thread=139702996821760, processId=0
I1224 00:20:52.769822  5139 LogQuicStats.h:24] server onPacketReceived
I1224 00:20:52.769842  5139 LogQuicStats.h:140] server onRead size=1232
I1224 00:20:52.769855  5139 LogQuicStats.h:76] server onClientInitialReceived, version: QUIC_DRAFT
I1224 00:20:52.769866  5139 QuicServerWorker.cpp:545] Creating new connection for client=127.0.0.1:4987, routingInfo=CID=0000000000000000, cidVersion=1, workerId=3, processId=0, hostId=0, threadId=139702996821760, 
I1224 00:20:52.769973  5139 LogQuicStats.h:118] server onStatelessReset
I1224 00:20:52.770000  5139 StateMachine-inl.h:41] Transition from Uninitialized to ExpectingClientHello
I1224 00:20:52.770066  5139 LogQuicStats.h:32] server onOutOfOrderPacketReceived
I1224 00:20:52.770076  5139 ServerStateMachine.cpp:952] Server received crypto data offset=0 len=391 currentReadOffset=0 client CID=0000000000000003 server CID=400000c7d7450b0f peer address=127.0.0.1:4987
I1224 00:20:52.770100  5139 RecordLayer.cpp:82] Received handshake message ClientHello
I1224 00:20:52.770195  5139 ServerHandshake.cpp:167] ServerHandshake error fizz::FizzException: no psk modes
I1224 00:20:52.770239  5139 QuicTransportBase.cpp:1870] onNetworkData fizz::FizzException: no psk modes client CID=0000000000000003 server CID=400000c7d7450b0f peer address=127.0.0.1:4987
I1224 00:20:52.770252  5139 QuicTransportBase.cpp:400] Stopping read looper due to immediate close client CID=0000000000000003 server CID=400000c7d7450b0f peer address=127.0.0.1:4987
I1224 00:20:52.770259  5139 FunctionLooper.cpp:88] stop: ReadLooper
I1224 00:20:52.770265  5139 FunctionLooper.cpp:88] stop: PeekLooper
I1224 00:20:52.770272  5139 FunctionLooper.cpp:88] stop: WriteLooper
I1224 00:20:52.770282  5139 QuicTransportBase.cpp:2651] Clearing 0 peek callbacks
I1224 00:20:52.770288  5139 QuicTransportBase.cpp:852] Stopping read looper client CID=0000000000000003 server CID=400000c7d7450b0f peer address=127.0.0.1:4987
I1224 00:20:52.770295  5139 FunctionLooper.cpp:88] stop: ReadLooper
I1224 00:20:52.770301  5139 QuicTransportBase.cpp:1196] Stopping peek looper client CID=0000000000000003 server CID=400000c7d7450b0f peer address=127.0.0.1:4987
I1224 00:20:52.770308  5139 FunctionLooper.cpp:88] stop: PeekLooper
I1224 00:20:52.770313  5139 QuicTransportBase.cpp:1233] Server stopping write looper because conn closed client CID=0000000000000003 server CID=400000c7d7450b0f peer address=127.0.0.1:4987
I1224 00:20:52.770320  5139 FunctionLooper.cpp:88] stop: WriteLooper
E1224 00:20:52.770326  5139 EchoHandler.h:53] Socket error=Crypto error: missing_extension
I1224 00:20:52.770345  5139 QuicTransportFunctions.cpp:1063] Server sent close packetNum=12051211 in space=InitialSpace client CID=0000000000000003 server CID=400000c7d7450b0f peer address=127.0.0.1:4987
I1224 00:20:52.770368  5139 LogQuicStats.h:144] server onWrite size=83
I1224 00:20:52.770378  5139 QuicTransportBase.cpp:852] Stopping read looper client CID=0000000000000003 server CID=400000c7d7450b0f peer address=127.0.0.1:4987
I1224 00:20:52.770385  5139 FunctionLooper.cpp:88] stop: ReadLooper
I1224 00:20:52.770391  5139 QuicTransportBase.cpp:1196] Stopping peek looper client CID=0000000000000003 server CID=400000c7d7450b0f peer address=127.0.0.1:4987
I1224 00:20:52.770397  5139 FunctionLooper.cpp:88] stop: PeekLooper
I1224 00:20:52.770403  5139 QuicTransportBase.cpp:1233] Server stopping write looper because conn closed client CID=0000000000000003 server CID=400000c7d7450b0f peer address=127.0.0.1:4987
I1224 00:20:52.770409  5139 FunctionLooper.cpp:88] stop: WriteLooper
*** Aborted at 1640305252 (Unix time, try 'date -d @1640305252') ***
*** Signal 15 (SIGTERM) (0x140a) received by PID 5133 (pthread TID 0x7f0f2c54eec0) (linux TID 5133) (maybe from PID 5130, UID 0) (code: 0), stack trace: ***
(error retrieving stack trace)
