I1224 00:19:22.087235  4581 EventBase.cpp:308] EventBase(): Starting loop.
I1224 00:19:22.092248  4582 EventBase.cpp:308] EventBase(): Starting loop.
I1224 00:19:22.092607  4583 EventBase.cpp:308] EventBase(): Starting loop.
I1224 00:19:22.092734  4584 EventBase.cpp:308] EventBase(): Starting loop.
I1224 00:19:22.095417  4585 EventBase.cpp:308] EventBase(): Starting loop.
I1224 00:19:22.096041  4586 EventBase.cpp:308] EventBase(): Starting loop.
I1224 00:19:22.103358  4581 QuicServer.cpp:268] No valid takenover fd found for address=127.0.0.1:4443. binding on worker=0x562b49dbdec0 workerId=0 processId=0
I1224 00:19:22.103576  4582 QuicServer.cpp:268] No valid takenover fd found for address=127.0.0.1:4443. binding on worker=0x562b49dbe500 workerId=1 processId=0
I1224 00:19:22.103811  4583 QuicServer.cpp:268] No valid takenover fd found for address=127.0.0.1:4443. binding on worker=0x562b49dbe940 workerId=2 processId=0
I1224 00:19:22.104085  4584 QuicServer.cpp:268] No valid takenover fd found for address=127.0.0.1:4443. binding on worker=0x562b49dbee20 workerId=3 processId=0
I1224 00:19:22.104249  4585 QuicServer.cpp:268] No valid takenover fd found for address=127.0.0.1:4443. binding on worker=0x562b49dbf300 workerId=4 processId=0
I1224 00:19:22.104413  4586 QuicServer.cpp:268] No valid takenover fd found for address=127.0.0.1:4443. binding on worker=0x562b49dbf800 workerId=5 processId=0
I1224 00:19:22.104442  4586 QuicServer.cpp:295] Initialized all workers in the eventbase
I1224 00:19:22.104548  4578 EchoServer.h:90] Echo server started at: 127.0.0.1:4443
I1224 00:19:22.104599  4578 EventBase.cpp:308] EventBase(): Starting loop.
I1224 00:19:22.104663  4582 QuicServerWorker.cpp:134] Registered read on worker=0x562b49dbe500, thread=140099722802944, processId=0
I1224 00:19:22.104666  4585 QuicServerWorker.cpp:134] Registered read on worker=0x562b49dbf300, thread=140099697624832, processId=0
I1224 00:19:22.104799  4586 QuicServerWorker.cpp:134] Registered read on worker=0x562b49dbf800, thread=140099350165248, processId=0
I1224 00:19:22.104668  4583 QuicServerWorker.cpp:134] Registered read on worker=0x562b49dbe940, thread=140099714410240, processId=0
I1224 00:19:22.104882  4584 QuicServerWorker.cpp:134] Registered read on worker=0x562b49dbee20, thread=140099706017536, processId=0
I1224 00:19:22.104943  4581 QuicServerWorker.cpp:134] Registered read on worker=0x562b49dbdec0, thread=140099731195648, processId=0
I1224 00:19:27.469195  4584 QuicServerWorker.cpp:227] Worker=0x562b49dbee20, Received data on thread=140099706017536, processId=0
I1224 00:19:27.469219  4584 LogQuicStats.h:24] server onPacketReceived
I1224 00:19:27.469226  4584 LogQuicStats.h:140] server onRead size=1232
W1224 00:19:27.469246  4584 Types.cpp:447] toString has unhandled version type
I1224 00:19:27.469240  4584 LogQuicStats.h:76] server onClientInitialReceived, version: UNKNOWN
I1224 00:19:27.469259  4584 QuicServerWorker.cpp:208] Version negotiation sent to client=127.0.0.1:4987
I1224 00:19:27.469293  4584 LogQuicStats.h:144] server onWrite size=43
I1224 00:19:27.469305  4584 LogQuicStats.h:36] server onPacketProcessed
I1224 00:19:27.469311  4584 LogQuicStats.h:40] server onPacketSent
I1224 00:19:27.658401  4584 QuicServerWorker.cpp:227] Worker=0x562b49dbee20, Received data on thread=140099706017536, processId=0
I1224 00:19:27.658425  4584 LogQuicStats.h:24] server onPacketReceived
I1224 00:19:27.658432  4584 LogQuicStats.h:140] server onRead size=1232
I1224 00:19:27.658439  4584 LogQuicStats.h:76] server onClientInitialReceived, version: QUIC_DRAFT
I1224 00:19:27.658449  4584 QuicServerWorker.cpp:545] Creating new connection for client=127.0.0.1:4987, routingInfo=CID=0000000000000000, cidVersion=1, workerId=3, processId=0, hostId=0, threadId=140099706017536, 
I1224 00:19:27.658646  4584 LogQuicStats.h:118] server onStatelessReset
I1224 00:19:27.658677  4584 StateMachine-inl.h:41] Transition from Uninitialized to ExpectingClientHello
I1224 00:19:27.658744  4584 LogQuicStats.h:32] server onOutOfOrderPacketReceived
I1224 00:19:27.658752  4584 ServerStateMachine.cpp:952] Server received crypto data offset=0 len=391 currentReadOffset=0 client CID=0000000000000003 server CID=400000d5d89b0028 peer address=127.0.0.1:4987
I1224 00:19:27.658778  4584 RecordLayer.cpp:82] Received handshake message ClientHello
I1224 00:19:27.658874  4584 ServerHandshake.cpp:167] ServerHandshake error fizz::FizzException: no psk modes
I1224 00:19:27.658917  4584 QuicTransportBase.cpp:1870] onNetworkData fizz::FizzException: no psk modes client CID=0000000000000003 server CID=400000d5d89b0028 peer address=127.0.0.1:4987
I1224 00:19:27.658931  4584 QuicTransportBase.cpp:400] Stopping read looper due to immediate close client CID=0000000000000003 server CID=400000d5d89b0028 peer address=127.0.0.1:4987
I1224 00:19:27.658939  4584 FunctionLooper.cpp:88] stop: ReadLooper
I1224 00:19:27.658946  4584 FunctionLooper.cpp:88] stop: PeekLooper
I1224 00:19:27.658951  4584 FunctionLooper.cpp:88] stop: WriteLooper
I1224 00:19:27.658962  4584 QuicTransportBase.cpp:2651] Clearing 0 peek callbacks
I1224 00:19:27.658968  4584 QuicTransportBase.cpp:852] Stopping read looper client CID=0000000000000003 server CID=400000d5d89b0028 peer address=127.0.0.1:4987
I1224 00:19:27.658975  4584 FunctionLooper.cpp:88] stop: ReadLooper
I1224 00:19:27.658982  4584 QuicTransportBase.cpp:1196] Stopping peek looper client CID=0000000000000003 server CID=400000d5d89b0028 peer address=127.0.0.1:4987
I1224 00:19:27.658987  4584 FunctionLooper.cpp:88] stop: PeekLooper
I1224 00:19:27.658993  4584 QuicTransportBase.cpp:1233] Server stopping write looper because conn closed client CID=0000000000000003 server CID=400000d5d89b0028 peer address=127.0.0.1:4987
I1224 00:19:27.659000  4584 FunctionLooper.cpp:88] stop: WriteLooper
E1224 00:19:27.659008  4584 EchoHandler.h:53] Socket error=Crypto error: missing_extension
I1224 00:19:27.659026  4584 QuicTransportFunctions.cpp:1063] Server sent close packetNum=16406487 in space=InitialSpace client CID=0000000000000003 server CID=400000d5d89b0028 peer address=127.0.0.1:4987
I1224 00:19:27.659047  4584 LogQuicStats.h:144] server onWrite size=83
I1224 00:19:27.659057  4584 QuicTransportBase.cpp:852] Stopping read looper client CID=0000000000000003 server CID=400000d5d89b0028 peer address=127.0.0.1:4987
I1224 00:19:27.659065  4584 FunctionLooper.cpp:88] stop: ReadLooper
I1224 00:19:27.659070  4584 QuicTransportBase.cpp:1196] Stopping peek looper client CID=0000000000000003 server CID=400000d5d89b0028 peer address=127.0.0.1:4987
I1224 00:19:27.659076  4584 FunctionLooper.cpp:88] stop: PeekLooper
I1224 00:19:27.659082  4584 QuicTransportBase.cpp:1233] Server stopping write looper because conn closed client CID=0000000000000003 server CID=400000d5d89b0028 peer address=127.0.0.1:4987
I1224 00:19:27.659088  4584 FunctionLooper.cpp:88] stop: WriteLooper
*** Aborted at 1640305167 (Unix time, try 'date -d @1640305167') ***
*** Signal 15 (SIGTERM) (0x11df) received by PID 4578 (pthread TID 0x7f6b8600eec0) (linux TID 4578) (maybe from PID 4575, UID 0) (code: 0), stack trace: ***
(error retrieving stack trace)
