I1223 18:28:50.716754  9786 EventBase.cpp:308] EventBase(): Starting loop.
I1223 18:28:50.719166  9787 EventBase.cpp:308] EventBase(): Starting loop.
I1223 18:28:50.719734  9788 EventBase.cpp:308] EventBase(): Starting loop.
I1223 18:28:50.719880  9789 EventBase.cpp:308] EventBase(): Starting loop.
I1223 18:28:50.719998  9790 EventBase.cpp:308] EventBase(): Starting loop.
I1223 18:28:50.720095  9791 EventBase.cpp:308] EventBase(): Starting loop.
I1223 18:28:50.720211  9786 QuicServer.cpp:268] No valid takenover fd found for address=127.0.0.1:4443. binding on worker=0x558a9f566040 workerId=0 processId=0
I1223 18:28:50.720389  9787 QuicServer.cpp:268] No valid takenover fd found for address=127.0.0.1:4443. binding on worker=0x558a9f566680 workerId=1 processId=0
I1223 18:28:50.720535  9788 QuicServer.cpp:268] No valid takenover fd found for address=127.0.0.1:4443. binding on worker=0x558a9f566b30 workerId=2 processId=0
I1223 18:28:50.722993  9789 QuicServer.cpp:268] No valid takenover fd found for address=127.0.0.1:4443. binding on worker=0x558a9f567010 workerId=3 processId=0
I1223 18:28:50.723121  9790 QuicServer.cpp:268] No valid takenover fd found for address=127.0.0.1:4443. binding on worker=0x558a9f5674f0 workerId=4 processId=0
I1223 18:28:50.723245  9791 QuicServer.cpp:268] No valid takenover fd found for address=127.0.0.1:4443. binding on worker=0x558a9f5679f0 workerId=5 processId=0
I1223 18:28:50.723271  9791 QuicServer.cpp:295] Initialized all workers in the eventbase
I1223 18:28:50.723373  9783 EchoServer.h:90] Echo server started at: 127.0.0.1:4443
I1223 18:28:50.723433  9783 EventBase.cpp:308] EventBase(): Starting loop.
I1223 18:28:50.723443  9788 QuicServerWorker.cpp:134] Registered read on worker=0x558a9f566b30, thread=139696790521600, processId=0
I1223 18:28:50.723469  9786 QuicServerWorker.cpp:134] Registered read on worker=0x558a9f566040, thread=139696807307008, processId=0
I1223 18:28:50.723479  9790 QuicServerWorker.cpp:134] Registered read on worker=0x558a9f5674f0, thread=139696773736192, processId=0
I1223 18:28:50.723472  9789 QuicServerWorker.cpp:134] Registered read on worker=0x558a9f567010, thread=139696782128896, processId=0
I1223 18:28:50.723513  9787 QuicServerWorker.cpp:134] Registered read on worker=0x558a9f566680, thread=139696798914304, processId=0
I1223 18:28:50.723517  9791 QuicServerWorker.cpp:134] Registered read on worker=0x558a9f5679f0, thread=139696428545792, processId=0
I1223 18:28:56.371567  9789 QuicServerWorker.cpp:227] Worker=0x558a9f567010, Received data on thread=139696782128896, processId=0
I1223 18:28:56.371592  9789 LogQuicStats.h:24] server onPacketReceived
I1223 18:28:56.371599  9789 LogQuicStats.h:140] server onRead size=1232
I1223 18:28:56.371615  9789 LogQuicStats.h:76] server onClientInitialReceived, version: QUIC_DRAFT
I1223 18:28:56.371625  9789 QuicServerWorker.cpp:545] Creating new connection for client=127.0.0.1:4987, routingInfo=CID=0000000000000002, cidVersion=1, workerId=3, processId=0, hostId=0, threadId=139696782128896, 
I1223 18:28:56.371737  9789 LogQuicStats.h:118] server onStatelessReset
I1223 18:28:56.371767  9789 StateMachine-inl.h:41] Transition from Uninitialized to ExpectingClientHello
I1223 18:28:56.371834  9789 LogQuicStats.h:32] server onOutOfOrderPacketReceived
I1223 18:28:56.371843  9789 ServerStateMachine.cpp:952] Server received crypto data offset=0 len=389 currentReadOffset=0 client CID=0000000000000001 server CID=400000cc5e6c9071 peer address=127.0.0.1:4987
I1223 18:28:56.371860  9789 RecordLayer.cpp:82] Received handshake message ClientHello
I1223 18:28:56.371954  9789 ServerHandshake.cpp:167] ServerHandshake error fizz::FizzException: no psk modes
I1223 18:28:56.372001  9789 QuicTransportBase.cpp:1870] onNetworkData fizz::FizzException: no psk modes client CID=0000000000000001 server CID=400000cc5e6c9071 peer address=127.0.0.1:4987
I1223 18:28:56.372016  9789 QuicTransportBase.cpp:400] Stopping read looper due to immediate close client CID=0000000000000001 server CID=400000cc5e6c9071 peer address=127.0.0.1:4987
I1223 18:28:56.372025  9789 FunctionLooper.cpp:88] stop: ReadLooper
I1223 18:28:56.372061  9789 FunctionLooper.cpp:88] stop: PeekLooper
I1223 18:28:56.372071  9789 FunctionLooper.cpp:88] stop: WriteLooper
I1223 18:28:56.372077  9789 QuicTransportBase.cpp:2651] Clearing 0 peek callbacks
I1223 18:28:56.372084  9789 QuicTransportBase.cpp:852] Stopping read looper client CID=0000000000000001 server CID=400000cc5e6c9071 peer address=127.0.0.1:4987
I1223 18:28:56.372092  9789 FunctionLooper.cpp:88] stop: ReadLooper
I1223 18:28:56.372099  9789 QuicTransportBase.cpp:1196] Stopping peek looper client CID=0000000000000001 server CID=400000cc5e6c9071 peer address=127.0.0.1:4987
I1223 18:28:56.372107  9789 FunctionLooper.cpp:88] stop: PeekLooper
I1223 18:28:56.372112  9789 QuicTransportBase.cpp:1233] Server stopping write looper because conn closed client CID=0000000000000001 server CID=400000cc5e6c9071 peer address=127.0.0.1:4987
I1223 18:28:56.372119  9789 FunctionLooper.cpp:88] stop: WriteLooper
E1223 18:28:56.372126  9789 EchoHandler.h:53] Socket error=Crypto error: missing_extension
I1223 18:28:56.372149  9789 QuicTransportFunctions.cpp:1063] Server sent close packetNum=2773288 in space=InitialSpace client CID=0000000000000001 server CID=400000cc5e6c9071 peer address=127.0.0.1:4987
I1223 18:28:56.372174  9789 LogQuicStats.h:144] server onWrite size=82
I1223 18:28:56.372185  9789 QuicTransportBase.cpp:852] Stopping read looper client CID=0000000000000001 server CID=400000cc5e6c9071 peer address=127.0.0.1:4987
I1223 18:28:56.372193  9789 FunctionLooper.cpp:88] stop: ReadLooper
I1223 18:28:56.372200  9789 QuicTransportBase.cpp:1196] Stopping peek looper client CID=0000000000000001 server CID=400000cc5e6c9071 peer address=127.0.0.1:4987
I1223 18:28:56.372206  9789 FunctionLooper.cpp:88] stop: PeekLooper
I1223 18:28:56.372212  9789 QuicTransportBase.cpp:1233] Server stopping write looper because conn closed client CID=0000000000000001 server CID=400000cc5e6c9071 peer address=127.0.0.1:4987
I1223 18:28:56.372220  9789 FunctionLooper.cpp:88] stop: WriteLooper
*** Aborted at 1640284136 (Unix time, try 'date -d @1640284136') ***
*** Signal 15 (SIGTERM) (0x2634) received by PID 9783 (pthread TID 0x7f0db5de4ec0) (linux TID 9783) (maybe from PID 9780, UID 0) (code: 0), stack trace: ***
(error retrieving stack trace)
