I1223 18:28:39.427345  9712 EventBase.cpp:308] EventBase(): Starting loop.
I1223 18:28:39.430868  9713 EventBase.cpp:308] EventBase(): Starting loop.
I1223 18:28:39.431023  9714 EventBase.cpp:308] EventBase(): Starting loop.
I1223 18:28:39.435978  9715 EventBase.cpp:308] EventBase(): Starting loop.
I1223 18:28:39.436128  9716 EventBase.cpp:308] EventBase(): Starting loop.
I1223 18:28:39.436254  9717 EventBase.cpp:308] EventBase(): Starting loop.
I1223 18:28:39.436375  9712 QuicServer.cpp:268] No valid takenover fd found for address=127.0.0.1:4443. binding on worker=0x557a45423040 workerId=0 processId=0
I1223 18:28:39.436569  9713 QuicServer.cpp:268] No valid takenover fd found for address=127.0.0.1:4443. binding on worker=0x557a45423680 workerId=1 processId=0
I1223 18:28:39.436734  9714 QuicServer.cpp:268] No valid takenover fd found for address=127.0.0.1:4443. binding on worker=0x557a45423b30 workerId=2 processId=0
I1223 18:28:39.436898  9715 QuicServer.cpp:268] No valid takenover fd found for address=127.0.0.1:4443. binding on worker=0x557a45424010 workerId=3 processId=0
I1223 18:28:39.437059  9716 QuicServer.cpp:268] No valid takenover fd found for address=127.0.0.1:4443. binding on worker=0x557a454244f0 workerId=4 processId=0
I1223 18:28:39.437438  9717 QuicServer.cpp:268] No valid takenover fd found for address=127.0.0.1:4443. binding on worker=0x557a454249f0 workerId=5 processId=0
I1223 18:28:39.437467  9717 QuicServer.cpp:295] Initialized all workers in the eventbase
I1223 18:28:39.437602  9709 EchoServer.h:90] Echo server started at: 127.0.0.1:4443
I1223 18:28:39.437644  9709 EventBase.cpp:308] EventBase(): Starting loop.
I1223 18:28:39.437692  9713 QuicServerWorker.cpp:134] Registered read on worker=0x557a45423680, thread=139829169878784, processId=0
I1223 18:28:39.437716  9714 QuicServerWorker.cpp:134] Registered read on worker=0x557a45423b30, thread=139829161486080, processId=0
I1223 18:28:39.437731  9715 QuicServerWorker.cpp:134] Registered read on worker=0x557a45424010, thread=139829153093376, processId=0
I1223 18:28:39.437696  9712 QuicServerWorker.cpp:134] Registered read on worker=0x557a45423040, thread=139829246473984, processId=0
I1223 18:28:39.437741  9717 QuicServerWorker.cpp:134] Registered read on worker=0x557a454249f0, thread=139829136307968, processId=0
I1223 18:28:39.437775  9716 QuicServerWorker.cpp:134] Registered read on worker=0x557a454244f0, thread=139829144700672, processId=0
I1223 18:28:44.972767  9715 QuicServerWorker.cpp:227] Worker=0x557a45424010, Received data on thread=139829153093376, processId=0
I1223 18:28:44.972800  9715 LogQuicStats.h:24] server onPacketReceived
I1223 18:28:44.972806  9715 LogQuicStats.h:140] server onRead size=1232
I1223 18:28:44.972827  9715 LogQuicStats.h:76] server onClientInitialReceived, version: QUIC_DRAFT
I1223 18:28:44.972838  9715 QuicServerWorker.cpp:545] Creating new connection for client=127.0.0.1:4987, routingInfo=CID=0000000000000002, cidVersion=1, workerId=3, processId=0, hostId=0, threadId=139829153093376, 
I1223 18:28:44.972956  9715 LogQuicStats.h:118] server onStatelessReset
I1223 18:28:44.972986  9715 StateMachine-inl.h:41] Transition from Uninitialized to ExpectingClientHello
I1223 18:28:44.973059  9715 LogQuicStats.h:32] server onOutOfOrderPacketReceived
I1223 18:28:44.973068  9715 ServerStateMachine.cpp:952] Server received crypto data offset=0 len=391 currentReadOffset=0 client CID=0000000000000001 server CID=400000dd165b50fe peer address=127.0.0.1:4987
I1223 18:28:44.973085  9715 RecordLayer.cpp:82] Received handshake message ClientHello
I1223 18:28:44.973203  9715 ServerHandshake.cpp:167] ServerHandshake error fizz::FizzException: no psk modes
I1223 18:28:44.973250  9715 QuicTransportBase.cpp:1870] onNetworkData fizz::FizzException: no psk modes client CID=0000000000000001 server CID=400000dd165b50fe peer address=127.0.0.1:4987
I1223 18:28:44.973266  9715 QuicTransportBase.cpp:400] Stopping read looper due to immediate close client CID=0000000000000001 server CID=400000dd165b50fe peer address=127.0.0.1:4987
I1223 18:28:44.973274  9715 FunctionLooper.cpp:88] stop: ReadLooper
I1223 18:28:44.973289  9715 FunctionLooper.cpp:88] stop: PeekLooper
I1223 18:28:44.973295  9715 FunctionLooper.cpp:88] stop: WriteLooper
I1223 18:28:44.973304  9715 QuicTransportBase.cpp:2651] Clearing 0 peek callbacks
I1223 18:28:44.973310  9715 QuicTransportBase.cpp:852] Stopping read looper client CID=0000000000000001 server CID=400000dd165b50fe peer address=127.0.0.1:4987
I1223 18:28:44.973317  9715 FunctionLooper.cpp:88] stop: ReadLooper
I1223 18:28:44.973325  9715 QuicTransportBase.cpp:1196] Stopping peek looper client CID=0000000000000001 server CID=400000dd165b50fe peer address=127.0.0.1:4987
I1223 18:28:44.973332  9715 FunctionLooper.cpp:88] stop: PeekLooper
I1223 18:28:44.973340  9715 QuicTransportBase.cpp:1233] Server stopping write looper because conn closed client CID=0000000000000001 server CID=400000dd165b50fe peer address=127.0.0.1:4987
I1223 18:28:44.973346  9715 FunctionLooper.cpp:88] stop: WriteLooper
E1223 18:28:44.973354  9715 EchoHandler.h:53] Socket error=Crypto error: missing_extension
I1223 18:28:44.973376  9715 QuicTransportFunctions.cpp:1063] Server sent close packetNum=10792133 in space=InitialSpace client CID=0000000000000001 server CID=400000dd165b50fe peer address=127.0.0.1:4987
I1223 18:28:44.973409  9715 LogQuicStats.h:144] server onWrite size=83
I1223 18:28:44.973421  9715 QuicTransportBase.cpp:852] Stopping read looper client CID=0000000000000001 server CID=400000dd165b50fe peer address=127.0.0.1:4987
I1223 18:28:44.973430  9715 FunctionLooper.cpp:88] stop: ReadLooper
I1223 18:28:44.973438  9715 QuicTransportBase.cpp:1196] Stopping peek looper client CID=0000000000000001 server CID=400000dd165b50fe peer address=127.0.0.1:4987
I1223 18:28:44.973444  9715 FunctionLooper.cpp:88] stop: PeekLooper
I1223 18:28:44.973450  9715 QuicTransportBase.cpp:1233] Server stopping write looper because conn closed client CID=0000000000000001 server CID=400000dd165b50fe peer address=127.0.0.1:4987
I1223 18:28:44.973459  9715 FunctionLooper.cpp:88] stop: WriteLooper
*** Aborted at 1640284124 (Unix time, try 'date -d @1640284124') ***
*** Signal 15 (SIGTERM) (0x25ea) received by PID 9709 (pthread TID 0x7f2c8bdb9ec0) (linux TID 9709) (maybe from PID 9706, UID 0) (code: 0), stack trace: ***
(error retrieving stack trace)
