I1224 00:18:48.039069  4359 EventBase.cpp:308] EventBase(): Starting loop.
I1224 00:18:48.039659  4360 EventBase.cpp:308] EventBase(): Starting loop.
I1224 00:18:48.048102  4361 EventBase.cpp:308] EventBase(): Starting loop.
I1224 00:18:48.050909  4362 EventBase.cpp:308] EventBase(): Starting loop.
I1224 00:18:48.055022  4363 EventBase.cpp:308] EventBase(): Starting loop.
I1224 00:18:48.057672  4364 EventBase.cpp:308] EventBase(): Starting loop.
I1224 00:18:48.057848  4359 QuicServer.cpp:268] No valid takenover fd found for address=127.0.0.1:4443. binding on worker=0x55fa85ca4ec0 workerId=0 processId=0
I1224 00:18:48.058043  4360 QuicServer.cpp:268] No valid takenover fd found for address=127.0.0.1:4443. binding on worker=0x55fa85ca5500 workerId=1 processId=0
I1224 00:18:48.058185  4361 QuicServer.cpp:268] No valid takenover fd found for address=127.0.0.1:4443. binding on worker=0x55fa85ca5940 workerId=2 processId=0
I1224 00:18:48.058378  4362 QuicServer.cpp:268] No valid takenover fd found for address=127.0.0.1:4443. binding on worker=0x55fa85ca5e20 workerId=3 processId=0
I1224 00:18:48.058593  4363 QuicServer.cpp:268] No valid takenover fd found for address=127.0.0.1:4443. binding on worker=0x55fa85ca6300 workerId=4 processId=0
I1224 00:18:48.058769  4364 QuicServer.cpp:268] No valid takenover fd found for address=127.0.0.1:4443. binding on worker=0x55fa85ca6800 workerId=5 processId=0
I1224 00:18:48.058975  4364 QuicServer.cpp:295] Initialized all workers in the eventbase
I1224 00:18:48.059118  4356 EchoServer.h:90] Echo server started at: 127.0.0.1:4443
I1224 00:18:48.059165  4356 EventBase.cpp:308] EventBase(): Starting loop.
I1224 00:18:48.059238  4360 QuicServerWorker.cpp:134] Registered read on worker=0x55fa85ca5500, thread=140380173113088, processId=0
I1224 00:18:48.059242  4363 QuicServerWorker.cpp:134] Registered read on worker=0x55fa85ca6300, thread=140380147934976, processId=0
I1224 00:18:48.059244  4361 QuicServerWorker.cpp:134] Registered read on worker=0x55fa85ca5940, thread=140380164720384, processId=0
I1224 00:18:48.059243  4359 QuicServerWorker.cpp:134] Registered read on worker=0x55fa85ca4ec0, thread=140380181505792, processId=0
I1224 00:18:48.059341  4364 QuicServerWorker.cpp:134] Registered read on worker=0x55fa85ca6800, thread=140379798107904, processId=0
I1224 00:18:48.059374  4362 QuicServerWorker.cpp:134] Registered read on worker=0x55fa85ca5e20, thread=140380156327680, processId=0
I1224 00:18:53.452124  4362 QuicServerWorker.cpp:227] Worker=0x55fa85ca5e20, Received data on thread=140380156327680, processId=0
I1224 00:18:53.452154  4362 LogQuicStats.h:24] server onPacketReceived
I1224 00:18:53.452162  4362 LogQuicStats.h:140] server onRead size=1232
W1224 00:18:53.452181  4362 Types.cpp:447] toString has unhandled version type
I1224 00:18:53.452176  4362 LogQuicStats.h:76] server onClientInitialReceived, version: UNKNOWN
I1224 00:18:53.452198  4362 QuicServerWorker.cpp:208] Version negotiation sent to client=127.0.0.1:4987
I1224 00:18:53.452206  4362 LogQuicStats.h:144] server onWrite size=43
I1224 00:18:53.452212  4362 LogQuicStats.h:36] server onPacketProcessed
I1224 00:18:53.452219  4362 LogQuicStats.h:40] server onPacketSent
I1224 00:18:53.630844  4362 QuicServerWorker.cpp:227] Worker=0x55fa85ca5e20, Received data on thread=140380156327680, processId=0
I1224 00:18:53.630872  4362 LogQuicStats.h:24] server onPacketReceived
I1224 00:18:53.630879  4362 LogQuicStats.h:140] server onRead size=1232
I1224 00:18:53.630887  4362 LogQuicStats.h:76] server onClientInitialReceived, version: QUIC_DRAFT
I1224 00:18:53.630898  4362 QuicServerWorker.cpp:545] Creating new connection for client=127.0.0.1:4987, routingInfo=CID=0000000000000000, cidVersion=1, workerId=3, processId=0, hostId=0, threadId=140380156327680, 
I1224 00:18:53.631024  4362 LogQuicStats.h:118] server onStatelessReset
I1224 00:18:53.631057  4362 StateMachine-inl.h:41] Transition from Uninitialized to ExpectingClientHello
I1224 00:18:53.631122  4362 LogQuicStats.h:32] server onOutOfOrderPacketReceived
I1224 00:18:53.631131  4362 ServerStateMachine.cpp:952] Server received crypto data offset=0 len=391 currentReadOffset=0 client CID=0000000000000003 server CID=400000cbd5a5f941 peer address=127.0.0.1:4987
I1224 00:18:53.631152  4362 RecordLayer.cpp:82] Received handshake message ClientHello
I1224 00:18:53.631251  4362 ServerHandshake.cpp:167] ServerHandshake error fizz::FizzException: no psk modes
I1224 00:18:53.631296  4362 QuicTransportBase.cpp:1870] onNetworkData fizz::FizzException: no psk modes client CID=0000000000000003 server CID=400000cbd5a5f941 peer address=127.0.0.1:4987
I1224 00:18:53.631310  4362 QuicTransportBase.cpp:400] Stopping read looper due to immediate close client CID=0000000000000003 server CID=400000cbd5a5f941 peer address=127.0.0.1:4987
I1224 00:18:53.631318  4362 FunctionLooper.cpp:88] stop: ReadLooper
I1224 00:18:53.631325  4362 FunctionLooper.cpp:88] stop: PeekLooper
I1224 00:18:53.631330  4362 FunctionLooper.cpp:88] stop: WriteLooper
I1224 00:18:53.631336  4362 QuicTransportBase.cpp:2651] Clearing 0 peek callbacks
I1224 00:18:53.631342  4362 QuicTransportBase.cpp:852] Stopping read looper client CID=0000000000000003 server CID=400000cbd5a5f941 peer address=127.0.0.1:4987
I1224 00:18:53.631350  4362 FunctionLooper.cpp:88] stop: ReadLooper
I1224 00:18:53.631356  4362 QuicTransportBase.cpp:1196] Stopping peek looper client CID=0000000000000003 server CID=400000cbd5a5f941 peer address=127.0.0.1:4987
I1224 00:18:53.631361  4362 FunctionLooper.cpp:88] stop: PeekLooper
I1224 00:18:53.631367  4362 QuicTransportBase.cpp:1233] Server stopping write looper because conn closed client CID=0000000000000003 server CID=400000cbd5a5f941 peer address=127.0.0.1:4987
I1224 00:18:53.631373  4362 FunctionLooper.cpp:88] stop: WriteLooper
E1224 00:18:53.631381  4362 EchoHandler.h:53] Socket error=Crypto error: missing_extension
I1224 00:18:53.631399  4362 QuicTransportFunctions.cpp:1063] Server sent close packetNum=11962544 in space=InitialSpace client CID=0000000000000003 server CID=400000cbd5a5f941 peer address=127.0.0.1:4987
I1224 00:18:53.631422  4362 LogQuicStats.h:144] server onWrite size=83
I1224 00:18:53.631431  4362 QuicTransportBase.cpp:852] Stopping read looper client CID=0000000000000003 server CID=400000cbd5a5f941 peer address=127.0.0.1:4987
I1224 00:18:53.631438  4362 FunctionLooper.cpp:88] stop: ReadLooper
I1224 00:18:53.631444  4362 QuicTransportBase.cpp:1196] Stopping peek looper client CID=0000000000000003 server CID=400000cbd5a5f941 peer address=127.0.0.1:4987
I1224 00:18:53.631450  4362 FunctionLooper.cpp:88] stop: PeekLooper
I1224 00:18:53.631456  4362 QuicTransportBase.cpp:1233] Server stopping write looper because conn closed client CID=0000000000000003 server CID=400000cbd5a5f941 peer address=127.0.0.1:4987
I1224 00:18:53.631462  4362 FunctionLooper.cpp:88] stop: WriteLooper
*** Aborted at 1640305133 (Unix time, try 'date -d @1640305133') ***
*** Signal 15 (SIGTERM) (0x1101) received by PID 4356 (pthread TID 0x7facd2250ec0) (linux TID 4356) (maybe from PID 4353, UID 0) (code: 0), stack trace: ***
(error retrieving stack trace)
