I1224 00:23:48.505662  6320 EventBase.cpp:308] EventBase(): Starting loop.
I1224 00:23:48.505857  6321 EventBase.cpp:308] EventBase(): Starting loop.
I1224 00:23:48.506403  6322 EventBase.cpp:308] EventBase(): Starting loop.
I1224 00:23:48.506973  6323 EventBase.cpp:308] EventBase(): Starting loop.
I1224 00:23:48.507148  6324 EventBase.cpp:308] EventBase(): Starting loop.
I1224 00:23:48.510838  6325 EventBase.cpp:308] EventBase(): Starting loop.
I1224 00:23:48.511018  6320 QuicServer.cpp:268] No valid takenover fd found for address=127.0.0.1:4443. binding on worker=0x55b331b30ec0 workerId=0 processId=0
I1224 00:23:48.511173  6321 QuicServer.cpp:268] No valid takenover fd found for address=127.0.0.1:4443. binding on worker=0x55b331b31500 workerId=1 processId=0
I1224 00:23:48.511337  6322 QuicServer.cpp:268] No valid takenover fd found for address=127.0.0.1:4443. binding on worker=0x55b331b31940 workerId=2 processId=0
I1224 00:23:48.511497  6323 QuicServer.cpp:268] No valid takenover fd found for address=127.0.0.1:4443. binding on worker=0x55b331b31e20 workerId=3 processId=0
I1224 00:23:48.511649  6324 QuicServer.cpp:268] No valid takenover fd found for address=127.0.0.1:4443. binding on worker=0x55b331b32300 workerId=4 processId=0
I1224 00:23:48.511806  6325 QuicServer.cpp:268] No valid takenover fd found for address=127.0.0.1:4443. binding on worker=0x55b331b32800 workerId=5 processId=0
I1224 00:23:48.511834  6325 QuicServer.cpp:295] Initialized all workers in the eventbase
I1224 00:23:48.511950  6317 EchoServer.h:90] Echo server started at: 127.0.0.1:4443
I1224 00:23:48.511966  6317 EventBase.cpp:308] EventBase(): Starting loop.
I1224 00:23:48.511998  6320 QuicServerWorker.cpp:134] Registered read on worker=0x55b331b30ec0, thread=139740395403008, processId=0
I1224 00:23:48.512027  6322 QuicServerWorker.cpp:134] Registered read on worker=0x55b331b31940, thread=139740309350144, processId=0
I1224 00:23:48.512053  6321 QuicServerWorker.cpp:134] Registered read on worker=0x55b331b31500, thread=139740317742848, processId=0
I1224 00:23:48.512087  6325 QuicServerWorker.cpp:134] Registered read on worker=0x55b331b32800, thread=139740284172032, processId=0
I1224 00:23:48.512182  6323 QuicServerWorker.cpp:134] Registered read on worker=0x55b331b31e20, thread=139740300957440, processId=0
I1224 00:23:48.512064  6324 QuicServerWorker.cpp:134] Registered read on worker=0x55b331b32300, thread=139740292564736, processId=0
I1224 00:23:53.902765  6323 QuicServerWorker.cpp:227] Worker=0x55b331b31e20, Received data on thread=139740300957440, processId=0
I1224 00:23:53.902791  6323 LogQuicStats.h:24] server onPacketReceived
I1224 00:23:53.902798  6323 LogQuicStats.h:140] server onRead size=1232
W1224 00:23:53.902818  6323 Types.cpp:447] toString has unhandled version type
I1224 00:23:53.902812  6323 LogQuicStats.h:76] server onClientInitialReceived, version: UNKNOWN
I1224 00:23:53.902835  6323 QuicServerWorker.cpp:208] Version negotiation sent to client=127.0.0.1:4987
I1224 00:23:53.902845  6323 LogQuicStats.h:144] server onWrite size=43
I1224 00:23:53.902851  6323 LogQuicStats.h:36] server onPacketProcessed
I1224 00:23:53.902856  6323 LogQuicStats.h:40] server onPacketSent
I1224 00:23:54.114192  6323 QuicServerWorker.cpp:227] Worker=0x55b331b31e20, Received data on thread=139740300957440, processId=0
I1224 00:23:54.114220  6323 LogQuicStats.h:24] server onPacketReceived
I1224 00:23:54.114228  6323 LogQuicStats.h:140] server onRead size=1232
I1224 00:23:54.114234  6323 LogQuicStats.h:76] server onClientInitialReceived, version: QUIC_DRAFT
I1224 00:23:54.114244  6323 QuicServerWorker.cpp:545] Creating new connection for client=127.0.0.1:4987, routingInfo=CID=0000000000000000, cidVersion=1, workerId=3, processId=0, hostId=0, threadId=139740300957440, 
I1224 00:23:54.114362  6323 LogQuicStats.h:118] server onStatelessReset
I1224 00:23:54.114390  6323 StateMachine-inl.h:41] Transition from Uninitialized to ExpectingClientHello
I1224 00:23:54.114455  6323 LogQuicStats.h:32] server onOutOfOrderPacketReceived
I1224 00:23:54.114464  6323 ServerStateMachine.cpp:952] Server received crypto data offset=0 len=391 currentReadOffset=0 client CID=0000000000000003 server CID=400000ce2f4cc3d1 peer address=127.0.0.1:4987
I1224 00:23:54.114485  6323 RecordLayer.cpp:82] Received handshake message ClientHello
I1224 00:23:54.114665  6323 ServerHandshake.cpp:167] ServerHandshake error fizz::FizzException: no psk modes
I1224 00:23:54.114827  6323 QuicTransportBase.cpp:1870] onNetworkData fizz::FizzException: no psk modes client CID=0000000000000003 server CID=400000ce2f4cc3d1 peer address=127.0.0.1:4987
I1224 00:23:54.114848  6323 QuicTransportBase.cpp:400] Stopping read looper due to immediate close client CID=0000000000000003 server CID=400000ce2f4cc3d1 peer address=127.0.0.1:4987
I1224 00:23:54.114856  6323 FunctionLooper.cpp:88] stop: ReadLooper
I1224 00:23:54.114862  6323 FunctionLooper.cpp:88] stop: PeekLooper
I1224 00:23:54.114868  6323 FunctionLooper.cpp:88] stop: WriteLooper
I1224 00:23:54.114876  6323 QuicTransportBase.cpp:2651] Clearing 0 peek callbacks
I1224 00:23:54.114881  6323 QuicTransportBase.cpp:852] Stopping read looper client CID=0000000000000003 server CID=400000ce2f4cc3d1 peer address=127.0.0.1:4987
I1224 00:23:54.114888  6323 FunctionLooper.cpp:88] stop: ReadLooper
I1224 00:23:54.114894  6323 QuicTransportBase.cpp:1196] Stopping peek looper client CID=0000000000000003 server CID=400000ce2f4cc3d1 peer address=127.0.0.1:4987
I1224 00:23:54.114900  6323 FunctionLooper.cpp:88] stop: PeekLooper
I1224 00:23:54.114907  6323 QuicTransportBase.cpp:1233] Server stopping write looper because conn closed client CID=0000000000000003 server CID=400000ce2f4cc3d1 peer address=127.0.0.1:4987
I1224 00:23:54.114913  6323 FunctionLooper.cpp:88] stop: WriteLooper
E1224 00:23:54.114920  6323 EchoHandler.h:53] Socket error=Crypto error: missing_extension
I1224 00:23:54.114941  6323 QuicTransportFunctions.cpp:1063] Server sent close packetNum=2185296 in space=InitialSpace client CID=0000000000000003 server CID=400000ce2f4cc3d1 peer address=127.0.0.1:4987
I1224 00:23:54.114966  6323 LogQuicStats.h:144] server onWrite size=82
I1224 00:23:54.114977  6323 QuicTransportBase.cpp:852] Stopping read looper client CID=0000000000000003 server CID=400000ce2f4cc3d1 peer address=127.0.0.1:4987
I1224 00:23:54.114984  6323 FunctionLooper.cpp:88] stop: ReadLooper
I1224 00:23:54.114990  6323 QuicTransportBase.cpp:1196] Stopping peek looper client CID=0000000000000003 server CID=400000ce2f4cc3d1 peer address=127.0.0.1:4987
I1224 00:23:54.114996  6323 FunctionLooper.cpp:88] stop: PeekLooper
I1224 00:23:54.115002  6323 QuicTransportBase.cpp:1233] Server stopping write looper because conn closed client CID=0000000000000003 server CID=400000ce2f4cc3d1 peer address=127.0.0.1:4987
I1224 00:23:54.115010  6323 FunctionLooper.cpp:88] stop: WriteLooper
*** Aborted at 1640305434 (Unix time, try 'date -d @1640305434') ***
*** Signal 15 (SIGTERM) (0x18aa) received by PID 6317 (pthread TID 0x7f17dbebdec0) (linux TID 6317) (maybe from PID 6314, UID 0) (code: 0), stack trace: ***
(error retrieving stack trace)
