I1223 18:36:04.064121 12598 EventBase.cpp:308] EventBase(): Starting loop.
I1223 18:36:04.064278 12599 EventBase.cpp:308] EventBase(): Starting loop.
I1223 18:36:04.064420 12600 EventBase.cpp:308] EventBase(): Starting loop.
I1223 18:36:04.064577 12601 EventBase.cpp:308] EventBase(): Starting loop.
I1223 18:36:04.064683 12602 EventBase.cpp:308] EventBase(): Starting loop.
I1223 18:36:04.064796 12603 EventBase.cpp:308] EventBase(): Starting loop.
I1223 18:36:04.064966 12598 QuicServer.cpp:268] No valid takenover fd found for address=127.0.0.1:4443. binding on worker=0x563c7d1db040 workerId=0 processId=0
I1223 18:36:04.065169 12599 QuicServer.cpp:268] No valid takenover fd found for address=127.0.0.1:4443. binding on worker=0x563c7d1db680 workerId=1 processId=0
I1223 18:36:04.065330 12600 QuicServer.cpp:268] No valid takenover fd found for address=127.0.0.1:4443. binding on worker=0x563c7d1dbb30 workerId=2 processId=0
I1223 18:36:04.065553 12601 QuicServer.cpp:268] No valid takenover fd found for address=127.0.0.1:4443. binding on worker=0x563c7d1dc010 workerId=3 processId=0
I1223 18:36:04.065716 12602 QuicServer.cpp:268] No valid takenover fd found for address=127.0.0.1:4443. binding on worker=0x563c7d1dc4f0 workerId=4 processId=0
I1223 18:36:04.065873 12603 QuicServer.cpp:268] No valid takenover fd found for address=127.0.0.1:4443. binding on worker=0x563c7d1dc9f0 workerId=5 processId=0
I1223 18:36:04.065915 12603 QuicServer.cpp:295] Initialized all workers in the eventbase
I1223 18:36:04.066015 12595 EchoServer.h:90] Echo server started at: 127.0.0.1:4443
I1223 18:36:04.066062 12595 EventBase.cpp:308] EventBase(): Starting loop.
I1223 18:36:04.066108 12598 QuicServerWorker.cpp:134] Registered read on worker=0x563c7d1db040, thread=140014988875520, processId=0
I1223 18:36:04.066157 12602 QuicServerWorker.cpp:134] Registered read on worker=0x563c7d1dc4f0, thread=140014955304704, processId=0
I1223 18:36:04.066116 12601 QuicServerWorker.cpp:134] Registered read on worker=0x563c7d1dc010, thread=140014963697408, processId=0
I1223 18:36:04.066112 12600 QuicServerWorker.cpp:134] Registered read on worker=0x563c7d1dbb30, thread=140014972090112, processId=0
I1223 18:36:04.066180 12603 QuicServerWorker.cpp:134] Registered read on worker=0x563c7d1dc9f0, thread=140014946912000, processId=0
I1223 18:36:04.066170 12599 QuicServerWorker.cpp:134] Registered read on worker=0x563c7d1db680, thread=140014980482816, processId=0
I1223 18:36:09.847734 12601 QuicServerWorker.cpp:227] Worker=0x563c7d1dc010, Received data on thread=140014963697408, processId=0
I1223 18:36:09.847759 12601 LogQuicStats.h:24] server onPacketReceived
I1223 18:36:09.847767 12601 LogQuicStats.h:140] server onRead size=1232
I1223 18:36:09.847782 12601 LogQuicStats.h:76] server onClientInitialReceived, version: QUIC_DRAFT
I1223 18:36:09.847792 12601 QuicServerWorker.cpp:545] Creating new connection for client=127.0.0.1:4987, routingInfo=CID=0000000000000002, cidVersion=1, workerId=3, processId=0, hostId=0, threadId=140014963697408, 
I1223 18:36:09.847905 12601 LogQuicStats.h:118] server onStatelessReset
I1223 18:36:09.847935 12601 StateMachine-inl.h:41] Transition from Uninitialized to ExpectingClientHello
I1223 18:36:09.848006 12601 LogQuicStats.h:32] server onOutOfOrderPacketReceived
I1223 18:36:09.848016 12601 ServerStateMachine.cpp:952] Server received crypto data offset=0 len=391 currentReadOffset=0 client CID=0000000000000001 server CID=400000d0266a0410 peer address=127.0.0.1:4987
I1223 18:36:09.848032 12601 RecordLayer.cpp:82] Received handshake message ClientHello
I1223 18:36:09.848160 12601 ServerHandshake.cpp:167] ServerHandshake error fizz::FizzException: no psk modes
I1223 18:36:09.848217 12601 QuicTransportBase.cpp:1870] onNetworkData fizz::FizzException: no psk modes client CID=0000000000000001 server CID=400000d0266a0410 peer address=127.0.0.1:4987
I1223 18:36:09.848232 12601 QuicTransportBase.cpp:400] Stopping read looper due to immediate close client CID=0000000000000001 server CID=400000d0266a0410 peer address=127.0.0.1:4987
I1223 18:36:09.848242 12601 FunctionLooper.cpp:88] stop: ReadLooper
I1223 18:36:09.848253 12601 FunctionLooper.cpp:88] stop: PeekLooper
I1223 18:36:09.848260 12601 FunctionLooper.cpp:88] stop: WriteLooper
I1223 18:36:09.848268 12601 QuicTransportBase.cpp:2651] Clearing 0 peek callbacks
I1223 18:36:09.848275 12601 QuicTransportBase.cpp:852] Stopping read looper client CID=0000000000000001 server CID=400000d0266a0410 peer address=127.0.0.1:4987
I1223 18:36:09.848284 12601 FunctionLooper.cpp:88] stop: ReadLooper
I1223 18:36:09.848289 12601 QuicTransportBase.cpp:1196] Stopping peek looper client CID=0000000000000001 server CID=400000d0266a0410 peer address=127.0.0.1:4987
I1223 18:36:09.848296 12601 FunctionLooper.cpp:88] stop: PeekLooper
I1223 18:36:09.848304 12601 QuicTransportBase.cpp:1233] Server stopping write looper because conn closed client CID=0000000000000001 server CID=400000d0266a0410 peer address=127.0.0.1:4987
I1223 18:36:09.848310 12601 FunctionLooper.cpp:88] stop: WriteLooper
E1223 18:36:09.848318 12601 EchoHandler.h:53] Socket error=Crypto error: missing_extension
I1223 18:36:09.848340 12601 QuicTransportFunctions.cpp:1063] Server sent close packetNum=6835613 in space=InitialSpace client CID=0000000000000001 server CID=400000d0266a0410 peer address=127.0.0.1:4987
I1223 18:36:09.848362 12601 LogQuicStats.h:144] server onWrite size=82
I1223 18:36:09.848374 12601 QuicTransportBase.cpp:852] Stopping read looper client CID=0000000000000001 server CID=400000d0266a0410 peer address=127.0.0.1:4987
I1223 18:36:09.848382 12601 FunctionLooper.cpp:88] stop: ReadLooper
I1223 18:36:09.848388 12601 QuicTransportBase.cpp:1196] Stopping peek looper client CID=0000000000000001 server CID=400000d0266a0410 peer address=127.0.0.1:4987
I1223 18:36:09.848395 12601 FunctionLooper.cpp:88] stop: PeekLooper
I1223 18:36:09.848402 12601 QuicTransportBase.cpp:1233] Server stopping write looper because conn closed client CID=0000000000000001 server CID=400000d0266a0410 peer address=127.0.0.1:4987
I1223 18:36:09.848409 12601 FunctionLooper.cpp:88] stop: WriteLooper
*** Aborted at 1640284569 (Unix time, try 'date -d @1640284569') ***
*** Signal 15 (SIGTERM) (0x3130) received by PID 12595 (pthread TID 0x7f57caf7bec0) (linux TID 12595) (maybe from PID 12592, UID 0) (code: 0), stack trace: ***
(error retrieving stack trace)
