I1223 18:33:47.445926 11710 EventBase.cpp:308] EventBase(): Starting loop.
I1223 18:33:47.446100 11711 EventBase.cpp:308] EventBase(): Starting loop.
I1223 18:33:47.446323 11712 EventBase.cpp:308] EventBase(): Starting loop.
I1223 18:33:47.446491 11713 EventBase.cpp:308] EventBase(): Starting loop.
I1223 18:33:47.447311 11714 EventBase.cpp:308] EventBase(): Starting loop.
I1223 18:33:47.450917 11715 EventBase.cpp:308] EventBase(): Starting loop.
I1223 18:33:47.451102 11710 QuicServer.cpp:268] No valid takenover fd found for address=127.0.0.1:4443. binding on worker=0x56543120f040 workerId=0 processId=0
I1223 18:33:47.451373 11711 QuicServer.cpp:268] No valid takenover fd found for address=127.0.0.1:4443. binding on worker=0x56543120f680 workerId=1 processId=0
I1223 18:33:47.451534 11712 QuicServer.cpp:268] No valid takenover fd found for address=127.0.0.1:4443. binding on worker=0x56543120fb30 workerId=2 processId=0
I1223 18:33:47.451704 11713 QuicServer.cpp:268] No valid takenover fd found for address=127.0.0.1:4443. binding on worker=0x565431210010 workerId=3 processId=0
I1223 18:33:47.451871 11714 QuicServer.cpp:268] No valid takenover fd found for address=127.0.0.1:4443. binding on worker=0x5654312104f0 workerId=4 processId=0
I1223 18:33:47.452020 11715 QuicServer.cpp:268] No valid takenover fd found for address=127.0.0.1:4443. binding on worker=0x5654312109f0 workerId=5 processId=0
I1223 18:33:47.452047 11715 QuicServer.cpp:295] Initialized all workers in the eventbase
I1223 18:33:47.452143 11707 EchoServer.h:90] Echo server started at: 127.0.0.1:4443
I1223 18:33:47.452191 11707 EventBase.cpp:308] EventBase(): Starting loop.
I1223 18:33:47.452241 11710 QuicServerWorker.cpp:134] Registered read on worker=0x56543120f040, thread=140212954515200, processId=0
I1223 18:33:47.452242 11712 QuicServerWorker.cpp:134] Registered read on worker=0x56543120fb30, thread=140212937729792, processId=0
I1223 18:33:47.452263 11711 QuicServerWorker.cpp:134] Registered read on worker=0x56543120f680, thread=140212946122496, processId=0
I1223 18:33:47.452323 11715 QuicServerWorker.cpp:134] Registered read on worker=0x5654312109f0, thread=140212912551680, processId=0
I1223 18:33:47.452270 11713 QuicServerWorker.cpp:134] Registered read on worker=0x565431210010, thread=140212929337088, processId=0
I1223 18:33:47.452390 11714 QuicServerWorker.cpp:134] Registered read on worker=0x5654312104f0, thread=140212920944384, processId=0
I1223 18:33:53.047072 11713 QuicServerWorker.cpp:227] Worker=0x565431210010, Received data on thread=140212929337088, processId=0
I1223 18:33:53.047132 11713 LogQuicStats.h:24] server onPacketReceived
I1223 18:33:53.047142 11713 LogQuicStats.h:140] server onRead size=1232
I1223 18:33:53.047159 11713 LogQuicStats.h:76] server onClientInitialReceived, version: QUIC_DRAFT
I1223 18:33:53.047170 11713 QuicServerWorker.cpp:545] Creating new connection for client=127.0.0.1:4987, routingInfo=CID=0000000000000002, cidVersion=1, workerId=3, processId=0, hostId=0, threadId=140212929337088, 
I1223 18:33:53.047282 11713 LogQuicStats.h:118] server onStatelessReset
I1223 18:33:53.047313 11713 StateMachine-inl.h:41] Transition from Uninitialized to ExpectingClientHello
I1223 18:33:53.047389 11713 LogQuicStats.h:32] server onOutOfOrderPacketReceived
I1223 18:33:53.047397 11713 ServerStateMachine.cpp:952] Server received crypto data offset=0 len=389 currentReadOffset=0 client CID=0000000000000001 server CID=400000cd437caa7f peer address=127.0.0.1:4987
I1223 18:33:53.047415 11713 RecordLayer.cpp:82] Received handshake message ClientHello
I1223 18:33:53.047519 11713 ServerHandshake.cpp:167] ServerHandshake error fizz::FizzException: no psk modes
I1223 18:33:53.047567 11713 QuicTransportBase.cpp:1870] onNetworkData fizz::FizzException: no psk modes client CID=0000000000000001 server CID=400000cd437caa7f peer address=127.0.0.1:4987
I1223 18:33:53.047582 11713 QuicTransportBase.cpp:400] Stopping read looper due to immediate close client CID=0000000000000001 server CID=400000cd437caa7f peer address=127.0.0.1:4987
I1223 18:33:53.047591 11713 FunctionLooper.cpp:88] stop: ReadLooper
I1223 18:33:53.047607 11713 FunctionLooper.cpp:88] stop: PeekLooper
I1223 18:33:53.047614 11713 FunctionLooper.cpp:88] stop: WriteLooper
I1223 18:33:53.047627 11713 QuicTransportBase.cpp:2651] Clearing 0 peek callbacks
I1223 18:33:53.047634 11713 QuicTransportBase.cpp:852] Stopping read looper client CID=0000000000000001 server CID=400000cd437caa7f peer address=127.0.0.1:4987
I1223 18:33:53.047642 11713 FunctionLooper.cpp:88] stop: ReadLooper
I1223 18:33:53.047649 11713 QuicTransportBase.cpp:1196] Stopping peek looper client CID=0000000000000001 server CID=400000cd437caa7f peer address=127.0.0.1:4987
I1223 18:33:53.047657 11713 FunctionLooper.cpp:88] stop: PeekLooper
I1223 18:33:53.047663 11713 QuicTransportBase.cpp:1233] Server stopping write looper because conn closed client CID=0000000000000001 server CID=400000cd437caa7f peer address=127.0.0.1:4987
I1223 18:33:53.047672 11713 FunctionLooper.cpp:88] stop: WriteLooper
E1223 18:33:53.047678 11713 EchoHandler.h:53] Socket error=Crypto error: missing_extension
I1223 18:33:53.047700 11713 QuicTransportFunctions.cpp:1063] Server sent close packetNum=13961085 in space=InitialSpace client CID=0000000000000001 server CID=400000cd437caa7f peer address=127.0.0.1:4987
I1223 18:33:53.047732 11713 LogQuicStats.h:144] server onWrite size=83
I1223 18:33:53.047745 11713 QuicTransportBase.cpp:852] Stopping read looper client CID=0000000000000001 server CID=400000cd437caa7f peer address=127.0.0.1:4987
I1223 18:33:53.047755 11713 FunctionLooper.cpp:88] stop: ReadLooper
I1223 18:33:53.047760 11713 QuicTransportBase.cpp:1196] Stopping peek looper client CID=0000000000000001 server CID=400000cd437caa7f peer address=127.0.0.1:4987
I1223 18:33:53.047768 11713 FunctionLooper.cpp:88] stop: PeekLooper
I1223 18:33:53.047775 11713 QuicTransportBase.cpp:1233] Server stopping write looper because conn closed client CID=0000000000000001 server CID=400000cd437caa7f peer address=127.0.0.1:4987
I1223 18:33:53.047782 11713 FunctionLooper.cpp:88] stop: WriteLooper
*** Aborted at 1640284433 (Unix time, try 'date -d @1640284433') ***
*** Signal 15 (SIGTERM) (0x2db8) received by PID 11707 (pthread TID 0x7f85e2a3aec0) (linux TID 11707) (maybe from PID 11704, UID 0) (code: 0), stack trace: ***
(error retrieving stack trace)
