I1224 00:17:11.683923  3730 EventBase.cpp:308] EventBase(): Starting loop.
I1224 00:17:11.684108  3731 EventBase.cpp:308] EventBase(): Starting loop.
I1224 00:17:11.687011  3732 EventBase.cpp:308] EventBase(): Starting loop.
I1224 00:17:11.690953  3733 EventBase.cpp:308] EventBase(): Starting loop.
I1224 00:17:11.694878  3734 EventBase.cpp:308] EventBase(): Starting loop.
I1224 00:17:11.698879  3735 EventBase.cpp:308] EventBase(): Starting loop.
I1224 00:17:11.699035  3730 QuicServer.cpp:268] No valid takenover fd found for address=127.0.0.1:4443. binding on worker=0x55dc548cbec0 workerId=0 processId=0
I1224 00:17:11.699244  3731 QuicServer.cpp:268] No valid takenover fd found for address=127.0.0.1:4443. binding on worker=0x55dc548cc500 workerId=1 processId=0
I1224 00:17:11.699399  3732 QuicServer.cpp:268] No valid takenover fd found for address=127.0.0.1:4443. binding on worker=0x55dc548cc940 workerId=2 processId=0
I1224 00:17:11.699558  3733 QuicServer.cpp:268] No valid takenover fd found for address=127.0.0.1:4443. binding on worker=0x55dc548cce20 workerId=3 processId=0
I1224 00:17:11.699714  3734 QuicServer.cpp:268] No valid takenover fd found for address=127.0.0.1:4443. binding on worker=0x55dc548cd300 workerId=4 processId=0
I1224 00:17:11.699872  3735 QuicServer.cpp:268] No valid takenover fd found for address=127.0.0.1:4443. binding on worker=0x55dc548cd800 workerId=5 processId=0
I1224 00:17:11.699901  3735 QuicServer.cpp:295] Initialized all workers in the eventbase
I1224 00:17:11.699995  3727 EchoServer.h:90] Echo server started at: 127.0.0.1:4443
I1224 00:17:11.700065  3727 EventBase.cpp:308] EventBase(): Starting loop.
I1224 00:17:11.700095  3730 QuicServerWorker.cpp:134] Registered read on worker=0x55dc548cbec0, thread=140430707713792, processId=0
I1224 00:17:11.700098  3731 QuicServerWorker.cpp:134] Registered read on worker=0x55dc548cc500, thread=140430699321088, processId=0
I1224 00:17:11.700096  3733 QuicServerWorker.cpp:134] Registered read on worker=0x55dc548cce20, thread=140430682535680, processId=0
I1224 00:17:11.700189  3735 QuicServerWorker.cpp:134] Registered read on worker=0x55dc548cd800, thread=140430456907520, processId=0
I1224 00:17:11.700217  3734 QuicServerWorker.cpp:134] Registered read on worker=0x55dc548cd300, thread=140430465300224, processId=0
I1224 00:17:11.700098  3732 QuicServerWorker.cpp:134] Registered read on worker=0x55dc548cc940, thread=140430690928384, processId=0
I1224 00:17:17.097790  3733 QuicServerWorker.cpp:227] Worker=0x55dc548cce20, Received data on thread=140430682535680, processId=0
I1224 00:17:17.097815  3733 LogQuicStats.h:24] server onPacketReceived
I1224 00:17:17.097821  3733 LogQuicStats.h:140] server onRead size=1232
W1224 00:17:17.097842  3733 Types.cpp:447] toString has unhandled version type
I1224 00:17:17.097837  3733 LogQuicStats.h:76] server onClientInitialReceived, version: UNKNOWN
I1224 00:17:17.097858  3733 QuicServerWorker.cpp:208] Version negotiation sent to client=127.0.0.1:4987
I1224 00:17:17.097867  3733 LogQuicStats.h:144] server onWrite size=43
I1224 00:17:17.097874  3733 LogQuicStats.h:36] server onPacketProcessed
I1224 00:17:17.097880  3733 LogQuicStats.h:40] server onPacketSent
I1224 00:17:17.331087  3733 QuicServerWorker.cpp:227] Worker=0x55dc548cce20, Received data on thread=140430682535680, processId=0
I1224 00:17:17.331112  3733 LogQuicStats.h:24] server onPacketReceived
I1224 00:17:17.331120  3733 LogQuicStats.h:140] server onRead size=1232
I1224 00:17:17.331126  3733 LogQuicStats.h:76] server onClientInitialReceived, version: QUIC_DRAFT
I1224 00:17:17.331136  3733 QuicServerWorker.cpp:545] Creating new connection for client=127.0.0.1:4987, routingInfo=CID=0000000000000000, cidVersion=1, workerId=3, processId=0, hostId=0, threadId=140430682535680, 
I1224 00:17:17.331248  3733 LogQuicStats.h:118] server onStatelessReset
I1224 00:17:17.331277  3733 StateMachine-inl.h:41] Transition from Uninitialized to ExpectingClientHello
I1224 00:17:17.331344  3733 LogQuicStats.h:32] server onOutOfOrderPacketReceived
I1224 00:17:17.331354  3733 ServerStateMachine.cpp:952] Server received crypto data offset=0 len=391 currentReadOffset=0 client CID=0000000000000003 server CID=400000d6357210b5 peer address=127.0.0.1:4987
I1224 00:17:17.331383  3733 RecordLayer.cpp:82] Received handshake message ClientHello
I1224 00:17:17.331490  3733 ServerHandshake.cpp:167] ServerHandshake error fizz::FizzException: no psk modes
I1224 00:17:17.331532  3733 QuicTransportBase.cpp:1870] onNetworkData fizz::FizzException: no psk modes client CID=0000000000000003 server CID=400000d6357210b5 peer address=127.0.0.1:4987
I1224 00:17:17.331545  3733 QuicTransportBase.cpp:400] Stopping read looper due to immediate close client CID=0000000000000003 server CID=400000d6357210b5 peer address=127.0.0.1:4987
I1224 00:17:17.331553  3733 FunctionLooper.cpp:88] stop: ReadLooper
I1224 00:17:17.331559  3733 FunctionLooper.cpp:88] stop: PeekLooper
I1224 00:17:17.331565  3733 FunctionLooper.cpp:88] stop: WriteLooper
I1224 00:17:17.331573  3733 QuicTransportBase.cpp:2651] Clearing 0 peek callbacks
I1224 00:17:17.331579  3733 QuicTransportBase.cpp:852] Stopping read looper client CID=0000000000000003 server CID=400000d6357210b5 peer address=127.0.0.1:4987
I1224 00:17:17.331586  3733 FunctionLooper.cpp:88] stop: ReadLooper
I1224 00:17:17.331593  3733 QuicTransportBase.cpp:1196] Stopping peek looper client CID=0000000000000003 server CID=400000d6357210b5 peer address=127.0.0.1:4987
I1224 00:17:17.331599  3733 FunctionLooper.cpp:88] stop: PeekLooper
I1224 00:17:17.331606  3733 QuicTransportBase.cpp:1233] Server stopping write looper because conn closed client CID=0000000000000003 server CID=400000d6357210b5 peer address=127.0.0.1:4987
I1224 00:17:17.331614  3733 FunctionLooper.cpp:88] stop: WriteLooper
E1224 00:17:17.331620  3733 EchoHandler.h:53] Socket error=Crypto error: missing_extension
I1224 00:17:17.331645  3733 QuicTransportFunctions.cpp:1063] Server sent close packetNum=7867333 in space=InitialSpace client CID=0000000000000003 server CID=400000d6357210b5 peer address=127.0.0.1:4987
I1224 00:17:17.331666  3733 LogQuicStats.h:144] server onWrite size=82
I1224 00:17:17.331751  3733 QuicTransportBase.cpp:852] Stopping read looper client CID=0000000000000003 server CID=400000d6357210b5 peer address=127.0.0.1:4987
I1224 00:17:17.331761  3733 FunctionLooper.cpp:88] stop: ReadLooper
I1224 00:17:17.331768  3733 QuicTransportBase.cpp:1196] Stopping peek looper client CID=0000000000000003 server CID=400000d6357210b5 peer address=127.0.0.1:4987
I1224 00:17:17.331774  3733 FunctionLooper.cpp:88] stop: PeekLooper
I1224 00:17:17.331780  3733 QuicTransportBase.cpp:1233] Server stopping write looper because conn closed client CID=0000000000000003 server CID=400000d6357210b5 peer address=127.0.0.1:4987
I1224 00:17:17.331787  3733 FunctionLooper.cpp:88] stop: WriteLooper
*** Aborted at 1640305037 (Unix time, try 'date -d @1640305037') ***
*** Signal 15 (SIGTERM) (0xe8c) received by PID 3727 (pthread TID 0x7fb895bdcec0) (linux TID 3727) (maybe from PID 3724, UID 0) (code: 0), stack trace: ***
(error retrieving stack trace)
