I1223 18:33:30.499334 11599 EventBase.cpp:308] EventBase(): Starting loop.
I1223 18:33:30.499473 11600 EventBase.cpp:308] EventBase(): Starting loop.
I1223 18:33:30.499608 11601 EventBase.cpp:308] EventBase(): Starting loop.
I1223 18:33:30.506925 11602 EventBase.cpp:308] EventBase(): Starting loop.
I1223 18:33:30.515287 11603 EventBase.cpp:308] EventBase(): Starting loop.
I1223 18:33:30.519402 11604 EventBase.cpp:308] EventBase(): Starting loop.
I1223 18:33:30.519587 11599 QuicServer.cpp:268] No valid takenover fd found for address=127.0.0.1:4443. binding on worker=0x563042a75040 workerId=0 processId=0
I1223 18:33:30.519778 11600 QuicServer.cpp:268] No valid takenover fd found for address=127.0.0.1:4443. binding on worker=0x563042a75680 workerId=1 processId=0
I1223 18:33:30.519945 11601 QuicServer.cpp:268] No valid takenover fd found for address=127.0.0.1:4443. binding on worker=0x563042a75b30 workerId=2 processId=0
I1223 18:33:30.520105 11602 QuicServer.cpp:268] No valid takenover fd found for address=127.0.0.1:4443. binding on worker=0x563042a76010 workerId=3 processId=0
I1223 18:33:30.520267 11603 QuicServer.cpp:268] No valid takenover fd found for address=127.0.0.1:4443. binding on worker=0x563042a764f0 workerId=4 processId=0
I1223 18:33:30.520426 11604 QuicServer.cpp:268] No valid takenover fd found for address=127.0.0.1:4443. binding on worker=0x563042a769f0 workerId=5 processId=0
I1223 18:33:30.520454 11604 QuicServer.cpp:295] Initialized all workers in the eventbase
I1223 18:33:30.520565 11596 EchoServer.h:90] Echo server started at: 127.0.0.1:4443
I1223 18:33:30.520612 11596 EventBase.cpp:308] EventBase(): Starting loop.
I1223 18:33:30.520656 11600 QuicServerWorker.cpp:134] Registered read on worker=0x563042a75680, thread=139964217759488, processId=0
I1223 18:33:30.520656 11599 QuicServerWorker.cpp:134] Registered read on worker=0x563042a75040, thread=139964226152192, processId=0
I1223 18:33:30.520663 11602 QuicServerWorker.cpp:134] Registered read on worker=0x563042a76010, thread=139963991586560, processId=0
I1223 18:33:30.520663 11601 QuicServerWorker.cpp:134] Registered read on worker=0x563042a75b30, thread=139964209366784, processId=0
I1223 18:33:30.520745 11604 QuicServerWorker.cpp:134] Registered read on worker=0x563042a769f0, thread=139963974801152, processId=0
I1223 18:33:30.520753 11603 QuicServerWorker.cpp:134] Registered read on worker=0x563042a764f0, thread=139963983193856, processId=0
I1223 18:33:36.025641 11602 QuicServerWorker.cpp:227] Worker=0x563042a76010, Received data on thread=139963991586560, processId=0
I1223 18:33:36.025681 11602 LogQuicStats.h:24] server onPacketReceived
I1223 18:33:36.025688 11602 LogQuicStats.h:140] server onRead size=1232
I1223 18:33:36.025704 11602 LogQuicStats.h:76] server onClientInitialReceived, version: QUIC_DRAFT
I1223 18:33:36.025715 11602 QuicServerWorker.cpp:545] Creating new connection for client=127.0.0.1:4987, routingInfo=CID=0000000000000002, cidVersion=1, workerId=3, processId=0, hostId=0, threadId=139963991586560, 
I1223 18:33:36.025835 11602 LogQuicStats.h:118] server onStatelessReset
I1223 18:33:36.025863 11602 StateMachine-inl.h:41] Transition from Uninitialized to ExpectingClientHello
I1223 18:33:36.025929 11602 LogQuicStats.h:32] server onOutOfOrderPacketReceived
I1223 18:33:36.025938 11602 ServerStateMachine.cpp:952] Server received crypto data offset=0 len=389 currentReadOffset=0 client CID=0000000000000001 server CID=400000d5b493db43 peer address=127.0.0.1:4987
I1223 18:33:36.025954 11602 RecordLayer.cpp:82] Received handshake message ClientHello
I1223 18:33:36.026046 11602 ServerHandshake.cpp:167] ServerHandshake error fizz::FizzException: no psk modes
I1223 18:33:36.026094 11602 QuicTransportBase.cpp:1870] onNetworkData fizz::FizzException: no psk modes client CID=0000000000000001 server CID=400000d5b493db43 peer address=127.0.0.1:4987
I1223 18:33:36.026108 11602 QuicTransportBase.cpp:400] Stopping read looper due to immediate close client CID=0000000000000001 server CID=400000d5b493db43 peer address=127.0.0.1:4987
I1223 18:33:36.026118 11602 FunctionLooper.cpp:88] stop: ReadLooper
I1223 18:33:36.026134 11602 FunctionLooper.cpp:88] stop: PeekLooper
I1223 18:33:36.026139 11602 FunctionLooper.cpp:88] stop: WriteLooper
I1223 18:33:36.026146 11602 QuicTransportBase.cpp:2651] Clearing 0 peek callbacks
I1223 18:33:36.026154 11602 QuicTransportBase.cpp:852] Stopping read looper client CID=0000000000000001 server CID=400000d5b493db43 peer address=127.0.0.1:4987
I1223 18:33:36.026160 11602 FunctionLooper.cpp:88] stop: ReadLooper
I1223 18:33:36.026166 11602 QuicTransportBase.cpp:1196] Stopping peek looper client CID=0000000000000001 server CID=400000d5b493db43 peer address=127.0.0.1:4987
I1223 18:33:36.026176 11602 FunctionLooper.cpp:88] stop: PeekLooper
I1223 18:33:36.026183 11602 QuicTransportBase.cpp:1233] Server stopping write looper because conn closed client CID=0000000000000001 server CID=400000d5b493db43 peer address=127.0.0.1:4987
I1223 18:33:36.026190 11602 FunctionLooper.cpp:88] stop: WriteLooper
E1223 18:33:36.026197 11602 EchoHandler.h:53] Socket error=Crypto error: missing_extension
I1223 18:33:36.026217 11602 QuicTransportFunctions.cpp:1063] Server sent close packetNum=8555384 in space=InitialSpace client CID=0000000000000001 server CID=400000d5b493db43 peer address=127.0.0.1:4987
I1223 18:33:36.026242 11602 LogQuicStats.h:144] server onWrite size=83
I1223 18:33:36.026252 11602 QuicTransportBase.cpp:852] Stopping read looper client CID=0000000000000001 server CID=400000d5b493db43 peer address=127.0.0.1:4987
I1223 18:33:36.026259 11602 FunctionLooper.cpp:88] stop: ReadLooper
I1223 18:33:36.026265 11602 QuicTransportBase.cpp:1196] Stopping peek looper client CID=0000000000000001 server CID=400000d5b493db43 peer address=127.0.0.1:4987
I1223 18:33:36.026271 11602 FunctionLooper.cpp:88] stop: PeekLooper
I1223 18:33:36.026278 11602 QuicTransportBase.cpp:1233] Server stopping write looper because conn closed client CID=0000000000000001 server CID=400000d5b493db43 peer address=127.0.0.1:4987
I1223 18:33:36.026284 11602 FunctionLooper.cpp:88] stop: WriteLooper
*** Aborted at 1640284416 (Unix time, try 'date -d @1640284416') ***
*** Signal 15 (SIGTERM) (0x2d49) received by PID 11596 (pthread TID 0x7f4bf9460ec0) (linux TID 11596) (maybe from PID 11593, UID 0) (code: 0), stack trace: ***
(error retrieving stack trace)
