I1223 18:35:07.463225 12228 EventBase.cpp:308] EventBase(): Starting loop.
I1223 18:35:07.475209 12229 EventBase.cpp:308] EventBase(): Starting loop.
I1223 18:35:07.475410 12230 EventBase.cpp:308] EventBase(): Starting loop.
I1223 18:35:07.479358 12231 EventBase.cpp:308] EventBase(): Starting loop.
I1223 18:35:07.482990 12232 EventBase.cpp:308] EventBase(): Starting loop.
I1223 18:35:07.484686 12233 EventBase.cpp:308] EventBase(): Starting loop.
I1223 18:35:07.484807 12228 QuicServer.cpp:268] No valid takenover fd found for address=127.0.0.1:4443. binding on worker=0x55e5542cf040 workerId=0 processId=0
I1223 18:35:07.485014 12229 QuicServer.cpp:268] No valid takenover fd found for address=127.0.0.1:4443. binding on worker=0x55e5542cf680 workerId=1 processId=0
I1223 18:35:07.485177 12230 QuicServer.cpp:268] No valid takenover fd found for address=127.0.0.1:4443. binding on worker=0x55e5542cfb30 workerId=2 processId=0
I1223 18:35:07.485345 12231 QuicServer.cpp:268] No valid takenover fd found for address=127.0.0.1:4443. binding on worker=0x55e5542d0010 workerId=3 processId=0
I1223 18:35:07.485505 12232 QuicServer.cpp:268] No valid takenover fd found for address=127.0.0.1:4443. binding on worker=0x55e5542d04f0 workerId=4 processId=0
I1223 18:35:07.485663 12233 QuicServer.cpp:268] No valid takenover fd found for address=127.0.0.1:4443. binding on worker=0x55e5542d09f0 workerId=5 processId=0
I1223 18:35:07.485693 12233 QuicServer.cpp:295] Initialized all workers in the eventbase
I1223 18:35:07.485792 12225 EchoServer.h:90] Echo server started at: 127.0.0.1:4443
I1223 18:35:07.485810 12225 EventBase.cpp:308] EventBase(): Starting loop.
I1223 18:35:07.485864 12228 QuicServerWorker.cpp:134] Registered read on worker=0x55e5542cf040, thread=140369390638848, processId=0
I1223 18:35:07.485885 12232 QuicServerWorker.cpp:134] Registered read on worker=0x55e5542d04f0, thread=140369357068032, processId=0
I1223 18:35:07.485908 12229 QuicServerWorker.cpp:134] Registered read on worker=0x55e5542cf680, thread=140369382246144, processId=0
I1223 18:35:07.485888 12230 QuicServerWorker.cpp:134] Registered read on worker=0x55e5542cfb30, thread=140369373853440, processId=0
I1223 18:35:07.485932 12231 QuicServerWorker.cpp:134] Registered read on worker=0x55e5542d0010, thread=140369365460736, processId=0
I1223 18:35:07.485958 12233 QuicServerWorker.cpp:134] Registered read on worker=0x55e5542d09f0, thread=140369348675328, processId=0
I1223 18:35:12.970679 12231 QuicServerWorker.cpp:227] Worker=0x55e5542d0010, Received data on thread=140369365460736, processId=0
I1223 18:35:12.970706 12231 LogQuicStats.h:24] server onPacketReceived
I1223 18:35:12.970713 12231 LogQuicStats.h:140] server onRead size=1232
I1223 18:35:12.970728 12231 LogQuicStats.h:76] server onClientInitialReceived, version: QUIC_DRAFT
I1223 18:35:12.970739 12231 QuicServerWorker.cpp:545] Creating new connection for client=127.0.0.1:4987, routingInfo=CID=0000000000000002, cidVersion=1, workerId=3, processId=0, hostId=0, threadId=140369365460736, 
I1223 18:35:12.970849 12231 LogQuicStats.h:118] server onStatelessReset
I1223 18:35:12.970875 12231 StateMachine-inl.h:41] Transition from Uninitialized to ExpectingClientHello
I1223 18:35:12.970940 12231 LogQuicStats.h:32] server onOutOfOrderPacketReceived
I1223 18:35:12.970948 12231 ServerStateMachine.cpp:952] Server received crypto data offset=0 len=389 currentReadOffset=0 client CID=0000000000000001 server CID=400000d1fcea25f9 peer address=127.0.0.1:4987
I1223 18:35:12.970963 12231 RecordLayer.cpp:82] Received handshake message ClientHello
I1223 18:35:12.971056 12231 ServerHandshake.cpp:167] ServerHandshake error fizz::FizzException: no psk modes
I1223 18:35:12.971099 12231 QuicTransportBase.cpp:1870] onNetworkData fizz::FizzException: no psk modes client CID=0000000000000001 server CID=400000d1fcea25f9 peer address=127.0.0.1:4987
I1223 18:35:12.971113 12231 QuicTransportBase.cpp:400] Stopping read looper due to immediate close client CID=0000000000000001 server CID=400000d1fcea25f9 peer address=127.0.0.1:4987
I1223 18:35:12.971122 12231 FunctionLooper.cpp:88] stop: ReadLooper
I1223 18:35:12.971138 12231 FunctionLooper.cpp:88] stop: PeekLooper
I1223 18:35:12.971144 12231 FunctionLooper.cpp:88] stop: WriteLooper
I1223 18:35:12.971155 12231 QuicTransportBase.cpp:2651] Clearing 0 peek callbacks
I1223 18:35:12.971163 12231 QuicTransportBase.cpp:852] Stopping read looper client CID=0000000000000001 server CID=400000d1fcea25f9 peer address=127.0.0.1:4987
I1223 18:35:12.971169 12231 FunctionLooper.cpp:88] stop: ReadLooper
I1223 18:35:12.971175 12231 QuicTransportBase.cpp:1196] Stopping peek looper client CID=0000000000000001 server CID=400000d1fcea25f9 peer address=127.0.0.1:4987
I1223 18:35:12.971182 12231 FunctionLooper.cpp:88] stop: PeekLooper
I1223 18:35:12.971189 12231 QuicTransportBase.cpp:1233] Server stopping write looper because conn closed client CID=0000000000000001 server CID=400000d1fcea25f9 peer address=127.0.0.1:4987
I1223 18:35:12.971195 12231 FunctionLooper.cpp:88] stop: WriteLooper
E1223 18:35:12.971201 12231 EchoHandler.h:53] Socket error=Crypto error: missing_extension
I1223 18:35:12.971221 12231 QuicTransportFunctions.cpp:1063] Server sent close packetNum=1055155 in space=InitialSpace client CID=0000000000000001 server CID=400000d1fcea25f9 peer address=127.0.0.1:4987
I1223 18:35:12.971246 12231 LogQuicStats.h:144] server onWrite size=82
I1223 18:35:12.971256 12231 QuicTransportBase.cpp:852] Stopping read looper client CID=0000000000000001 server CID=400000d1fcea25f9 peer address=127.0.0.1:4987
I1223 18:35:12.971264 12231 FunctionLooper.cpp:88] stop: ReadLooper
I1223 18:35:12.971271 12231 QuicTransportBase.cpp:1196] Stopping peek looper client CID=0000000000000001 server CID=400000d1fcea25f9 peer address=127.0.0.1:4987
I1223 18:35:12.971277 12231 FunctionLooper.cpp:88] stop: PeekLooper
I1223 18:35:12.971282 12231 QuicTransportBase.cpp:1233] Server stopping write looper because conn closed client CID=0000000000000001 server CID=400000d1fcea25f9 peer address=127.0.0.1:4987
I1223 18:35:12.971289 12231 FunctionLooper.cpp:88] stop: WriteLooper
*** Aborted at 1640284513 (Unix time, try 'date -d @1640284513') ***
*** Signal 15 (SIGTERM) (0x2fbe) received by PID 12225 (pthread TID 0x7faa4ef57ec0) (linux TID 12225) (maybe from PID 12222, UID 0) (code: 0), stack trace: ***
(error retrieving stack trace)
