I1224 00:17:34.444902  3878 EventBase.cpp:308] EventBase(): Starting loop.
I1224 00:17:34.447100  3879 EventBase.cpp:308] EventBase(): Starting loop.
I1224 00:17:34.450953  3880 EventBase.cpp:308] EventBase(): Starting loop.
I1224 00:17:34.456210  3881 EventBase.cpp:308] EventBase(): Starting loop.
I1224 00:17:34.459213  3882 EventBase.cpp:308] EventBase(): Starting loop.
I1224 00:17:34.463114  3883 EventBase.cpp:308] EventBase(): Starting loop.
I1224 00:17:34.463291  3878 QuicServer.cpp:268] No valid takenover fd found for address=127.0.0.1:4443. binding on worker=0x557b9407eec0 workerId=0 processId=0
I1224 00:17:34.463521  3879 QuicServer.cpp:268] No valid takenover fd found for address=127.0.0.1:4443. binding on worker=0x557b9407f500 workerId=1 processId=0
I1224 00:17:34.463685  3880 QuicServer.cpp:268] No valid takenover fd found for address=127.0.0.1:4443. binding on worker=0x557b9407f940 workerId=2 processId=0
I1224 00:17:34.463847  3881 QuicServer.cpp:268] No valid takenover fd found for address=127.0.0.1:4443. binding on worker=0x557b9407fe20 workerId=3 processId=0
I1224 00:17:34.464012  3882 QuicServer.cpp:268] No valid takenover fd found for address=127.0.0.1:4443. binding on worker=0x557b94080300 workerId=4 processId=0
I1224 00:17:34.464183  3883 QuicServer.cpp:268] No valid takenover fd found for address=127.0.0.1:4443. binding on worker=0x557b94080800 workerId=5 processId=0
I1224 00:17:34.464210  3883 QuicServer.cpp:295] Initialized all workers in the eventbase
I1224 00:17:34.464310  3875 EchoServer.h:90] Echo server started at: 127.0.0.1:4443
I1224 00:17:34.464358  3875 EventBase.cpp:308] EventBase(): Starting loop.
I1224 00:17:34.464408  3878 QuicServerWorker.cpp:134] Registered read on worker=0x557b9407eec0, thread=139891567871744, processId=0
I1224 00:17:34.464411  3881 QuicServerWorker.cpp:134] Registered read on worker=0x557b9407fe20, thread=139891542693632, processId=0
I1224 00:17:34.464411  3880 QuicServerWorker.cpp:134] Registered read on worker=0x557b9407f940, thread=139891551086336, processId=0
I1224 00:17:34.464498  3882 QuicServerWorker.cpp:134] Registered read on worker=0x557b94080300, thread=139891534300928, processId=0
I1224 00:17:34.464515  3879 QuicServerWorker.cpp:134] Registered read on worker=0x557b9407f500, thread=139891559479040, processId=0
I1224 00:17:34.464524  3883 QuicServerWorker.cpp:134] Registered read on worker=0x557b94080800, thread=139891525908224, processId=0
I1224 00:17:39.737061  3881 QuicServerWorker.cpp:227] Worker=0x557b9407fe20, Received data on thread=139891542693632, processId=0
I1224 00:17:39.737088  3881 LogQuicStats.h:24] server onPacketReceived
I1224 00:17:39.737095  3881 LogQuicStats.h:140] server onRead size=1232
W1224 00:17:39.737115  3881 Types.cpp:447] toString has unhandled version type
I1224 00:17:39.737109  3881 LogQuicStats.h:76] server onClientInitialReceived, version: UNKNOWN
I1224 00:17:39.737128  3881 QuicServerWorker.cpp:208] Version negotiation sent to client=127.0.0.1:4987
I1224 00:17:39.737135  3881 LogQuicStats.h:144] server onWrite size=43
I1224 00:17:39.737141  3881 LogQuicStats.h:36] server onPacketProcessed
I1224 00:17:39.737147  3881 LogQuicStats.h:40] server onPacketSent
I1224 00:17:39.901408  3881 QuicServerWorker.cpp:227] Worker=0x557b9407fe20, Received data on thread=139891542693632, processId=0
I1224 00:17:39.901437  3881 LogQuicStats.h:24] server onPacketReceived
I1224 00:17:39.901444  3881 LogQuicStats.h:140] server onRead size=1232
I1224 00:17:39.901453  3881 LogQuicStats.h:76] server onClientInitialReceived, version: QUIC_DRAFT
I1224 00:17:39.901461  3881 QuicServerWorker.cpp:545] Creating new connection for client=127.0.0.1:4987, routingInfo=CID=0000000000000000, cidVersion=1, workerId=3, processId=0, hostId=0, threadId=139891542693632, 
I1224 00:17:39.901576  3881 LogQuicStats.h:118] server onStatelessReset
I1224 00:17:39.901602  3881 StateMachine-inl.h:41] Transition from Uninitialized to ExpectingClientHello
I1224 00:17:39.901666  3881 LogQuicStats.h:32] server onOutOfOrderPacketReceived
I1224 00:17:39.901674  3881 ServerStateMachine.cpp:952] Server received crypto data offset=0 len=391 currentReadOffset=0 client CID=0000000000000003 server CID=400000ca611c7bd2 peer address=127.0.0.1:4987
I1224 00:17:39.901700  3881 RecordLayer.cpp:82] Received handshake message ClientHello
I1224 00:17:39.901804  3881 ServerHandshake.cpp:167] ServerHandshake error fizz::FizzException: no psk modes
I1224 00:17:39.901849  3881 QuicTransportBase.cpp:1870] onNetworkData fizz::FizzException: no psk modes client CID=0000000000000003 server CID=400000ca611c7bd2 peer address=127.0.0.1:4987
I1224 00:17:39.901892  3881 QuicTransportBase.cpp:400] Stopping read looper due to immediate close client CID=0000000000000003 server CID=400000ca611c7bd2 peer address=127.0.0.1:4987
I1224 00:17:39.901904  3881 FunctionLooper.cpp:88] stop: ReadLooper
I1224 00:17:39.901911  3881 FunctionLooper.cpp:88] stop: PeekLooper
I1224 00:17:39.901916  3881 FunctionLooper.cpp:88] stop: WriteLooper
I1224 00:17:39.901928  3881 QuicTransportBase.cpp:2651] Clearing 0 peek callbacks
I1224 00:17:39.901935  3881 QuicTransportBase.cpp:852] Stopping read looper client CID=0000000000000003 server CID=400000ca611c7bd2 peer address=127.0.0.1:4987
I1224 00:17:39.901942  3881 FunctionLooper.cpp:88] stop: ReadLooper
I1224 00:17:39.901947  3881 QuicTransportBase.cpp:1196] Stopping peek looper client CID=0000000000000003 server CID=400000ca611c7bd2 peer address=127.0.0.1:4987
I1224 00:17:39.901954  3881 FunctionLooper.cpp:88] stop: PeekLooper
I1224 00:17:39.901960  3881 QuicTransportBase.cpp:1233] Server stopping write looper because conn closed client CID=0000000000000003 server CID=400000ca611c7bd2 peer address=127.0.0.1:4987
I1224 00:17:39.901966  3881 FunctionLooper.cpp:88] stop: WriteLooper
E1224 00:17:39.901973  3881 EchoHandler.h:53] Socket error=Crypto error: missing_extension
I1224 00:17:39.901993  3881 QuicTransportFunctions.cpp:1063] Server sent close packetNum=61128 in space=InitialSpace client CID=0000000000000003 server CID=400000ca611c7bd2 peer address=127.0.0.1:4987
I1224 00:17:39.902017  3881 LogQuicStats.h:144] server onWrite size=82
I1224 00:17:39.902029  3881 QuicTransportBase.cpp:852] Stopping read looper client CID=0000000000000003 server CID=400000ca611c7bd2 peer address=127.0.0.1:4987
I1224 00:17:39.902035  3881 FunctionLooper.cpp:88] stop: ReadLooper
I1224 00:17:39.902041  3881 QuicTransportBase.cpp:1196] Stopping peek looper client CID=0000000000000003 server CID=400000ca611c7bd2 peer address=127.0.0.1:4987
I1224 00:17:39.902047  3881 FunctionLooper.cpp:88] stop: PeekLooper
I1224 00:17:39.902053  3881 QuicTransportBase.cpp:1233] Server stopping write looper because conn closed client CID=0000000000000003 server CID=400000ca611c7bd2 peer address=127.0.0.1:4987
I1224 00:17:39.902060  3881 FunctionLooper.cpp:88] stop: WriteLooper
*** Aborted at 1640305059 (Unix time, try 'date -d @1640305059') ***
*** Signal 15 (SIGTERM) (0xf20) received by PID 3875 (pthread TID 0x7f3b0e80aec0) (linux TID 3875) (maybe from PID 3872, UID 0) (code: 0), stack trace: ***
(error retrieving stack trace)
