I1224 00:22:00.647032  5617 EventBase.cpp:308] EventBase(): Starting loop.
I1224 00:22:00.647289  5618 EventBase.cpp:308] EventBase(): Starting loop.
I1224 00:22:00.660748  5619 EventBase.cpp:308] EventBase(): Starting loop.
I1224 00:22:00.660948  5620 EventBase.cpp:308] EventBase(): Starting loop.
I1224 00:22:00.661093  5621 EventBase.cpp:308] EventBase(): Starting loop.
I1224 00:22:00.661211  5622 EventBase.cpp:308] EventBase(): Starting loop.
I1224 00:22:00.661291  5617 QuicServer.cpp:268] No valid takenover fd found for address=127.0.0.1:4443. binding on worker=0x55d2ef012ec0 workerId=0 processId=0
I1224 00:22:00.661465  5618 QuicServer.cpp:268] No valid takenover fd found for address=127.0.0.1:4443. binding on worker=0x55d2ef013500 workerId=1 processId=0
I1224 00:22:00.661628  5619 QuicServer.cpp:268] No valid takenover fd found for address=127.0.0.1:4443. binding on worker=0x55d2ef013940 workerId=2 processId=0
I1224 00:22:00.661801  5620 QuicServer.cpp:268] No valid takenover fd found for address=127.0.0.1:4443. binding on worker=0x55d2ef013e20 workerId=3 processId=0
I1224 00:22:00.662050  5621 QuicServer.cpp:268] No valid takenover fd found for address=127.0.0.1:4443. binding on worker=0x55d2ef014300 workerId=4 processId=0
I1224 00:22:00.662266  5622 QuicServer.cpp:268] No valid takenover fd found for address=127.0.0.1:4443. binding on worker=0x55d2ef014800 workerId=5 processId=0
I1224 00:22:00.662312  5622 QuicServer.cpp:295] Initialized all workers in the eventbase
I1224 00:22:00.662417  5614 EchoServer.h:90] Echo server started at: 127.0.0.1:4443
I1224 00:22:00.662461  5614 EventBase.cpp:308] EventBase(): Starting loop.
I1224 00:22:00.662468  5617 QuicServerWorker.cpp:134] Registered read on worker=0x55d2ef012ec0, thread=140703926736640, processId=0
I1224 00:22:00.662520  5618 QuicServerWorker.cpp:134] Registered read on worker=0x55d2ef013500, thread=140703918343936, processId=0
I1224 00:22:00.662528  5621 QuicServerWorker.cpp:134] Registered read on worker=0x55d2ef014300, thread=140703893165824, processId=0
I1224 00:22:00.662530  5619 QuicServerWorker.cpp:134] Registered read on worker=0x55d2ef013940, thread=140703909951232, processId=0
I1224 00:22:00.662575  5622 QuicServerWorker.cpp:134] Registered read on worker=0x55d2ef014800, thread=140703884773120, processId=0
I1224 00:22:00.662602  5620 QuicServerWorker.cpp:134] Registered read on worker=0x55d2ef013e20, thread=140703901558528, processId=0
I1224 00:22:06.088286  5620 QuicServerWorker.cpp:227] Worker=0x55d2ef013e20, Received data on thread=140703901558528, processId=0
I1224 00:22:06.088344  5620 LogQuicStats.h:24] server onPacketReceived
I1224 00:22:06.088351  5620 LogQuicStats.h:140] server onRead size=1232
W1224 00:22:06.088410  5620 Types.cpp:447] toString has unhandled version type
I1224 00:22:06.088405  5620 LogQuicStats.h:76] server onClientInitialReceived, version: UNKNOWN
I1224 00:22:06.088428  5620 QuicServerWorker.cpp:208] Version negotiation sent to client=127.0.0.1:4987
I1224 00:22:06.088436  5620 LogQuicStats.h:144] server onWrite size=43
I1224 00:22:06.088443  5620 LogQuicStats.h:36] server onPacketProcessed
I1224 00:22:06.088449  5620 LogQuicStats.h:40] server onPacketSent
I1224 00:22:06.270802  5620 QuicServerWorker.cpp:227] Worker=0x55d2ef013e20, Received data on thread=140703901558528, processId=0
I1224 00:22:06.270850  5620 LogQuicStats.h:24] server onPacketReceived
I1224 00:22:06.270857  5620 LogQuicStats.h:140] server onRead size=1232
I1224 00:22:06.270865  5620 LogQuicStats.h:76] server onClientInitialReceived, version: QUIC_DRAFT
I1224 00:22:06.270875  5620 QuicServerWorker.cpp:545] Creating new connection for client=127.0.0.1:4987, routingInfo=CID=0000000000000000, cidVersion=1, workerId=3, processId=0, hostId=0, threadId=140703901558528, 
I1224 00:22:06.270992  5620 LogQuicStats.h:118] server onStatelessReset
I1224 00:22:06.271019  5620 StateMachine-inl.h:41] Transition from Uninitialized to ExpectingClientHello
I1224 00:22:06.271083  5620 LogQuicStats.h:32] server onOutOfOrderPacketReceived
I1224 00:22:06.271092  5620 ServerStateMachine.cpp:952] Server received crypto data offset=0 len=391 currentReadOffset=0 client CID=0000000000000003 server CID=400000d3e5ea0e53 peer address=127.0.0.1:4987
I1224 00:22:06.271113  5620 RecordLayer.cpp:82] Received handshake message ClientHello
I1224 00:22:06.271210  5620 ServerHandshake.cpp:167] ServerHandshake error fizz::FizzException: no psk modes
I1224 00:22:06.271253  5620 QuicTransportBase.cpp:1870] onNetworkData fizz::FizzException: no psk modes client CID=0000000000000003 server CID=400000d3e5ea0e53 peer address=127.0.0.1:4987
I1224 00:22:06.271267  5620 QuicTransportBase.cpp:400] Stopping read looper due to immediate close client CID=0000000000000003 server CID=400000d3e5ea0e53 peer address=127.0.0.1:4987
I1224 00:22:06.271275  5620 FunctionLooper.cpp:88] stop: ReadLooper
I1224 00:22:06.271281  5620 FunctionLooper.cpp:88] stop: PeekLooper
I1224 00:22:06.271286  5620 FunctionLooper.cpp:88] stop: WriteLooper
I1224 00:22:06.271293  5620 QuicTransportBase.cpp:2651] Clearing 0 peek callbacks
I1224 00:22:06.271299  5620 QuicTransportBase.cpp:852] Stopping read looper client CID=0000000000000003 server CID=400000d3e5ea0e53 peer address=127.0.0.1:4987
I1224 00:22:06.271306  5620 FunctionLooper.cpp:88] stop: ReadLooper
I1224 00:22:06.271312  5620 QuicTransportBase.cpp:1196] Stopping peek looper client CID=0000000000000003 server CID=400000d3e5ea0e53 peer address=127.0.0.1:4987
I1224 00:22:06.271318  5620 FunctionLooper.cpp:88] stop: PeekLooper
I1224 00:22:06.271324  5620 QuicTransportBase.cpp:1233] Server stopping write looper because conn closed client CID=0000000000000003 server CID=400000d3e5ea0e53 peer address=127.0.0.1:4987
I1224 00:22:06.271332  5620 FunctionLooper.cpp:88] stop: WriteLooper
E1224 00:22:06.271338  5620 EchoHandler.h:53] Socket error=Crypto error: missing_extension
I1224 00:22:06.271358  5620 QuicTransportFunctions.cpp:1063] Server sent close packetNum=11166183 in space=InitialSpace client CID=0000000000000003 server CID=400000d3e5ea0e53 peer address=127.0.0.1:4987
I1224 00:22:06.271380  5620 LogQuicStats.h:144] server onWrite size=83
I1224 00:22:06.271390  5620 QuicTransportBase.cpp:852] Stopping read looper client CID=0000000000000003 server CID=400000d3e5ea0e53 peer address=127.0.0.1:4987
I1224 00:22:06.271397  5620 FunctionLooper.cpp:88] stop: ReadLooper
I1224 00:22:06.271404  5620 QuicTransportBase.cpp:1196] Stopping peek looper client CID=0000000000000003 server CID=400000d3e5ea0e53 peer address=127.0.0.1:4987
I1224 00:22:06.271410  5620 FunctionLooper.cpp:88] stop: PeekLooper
I1224 00:22:06.271416  5620 QuicTransportBase.cpp:1233] Server stopping write looper because conn closed client CID=0000000000000003 server CID=400000d3e5ea0e53 peer address=127.0.0.1:4987
I1224 00:22:06.271422  5620 FunctionLooper.cpp:88] stop: WriteLooper
*** Aborted at 1640305326 (Unix time, try 'date -d @1640305326') ***
*** Signal 15 (SIGTERM) (0x15eb) received by PID 5614 (pthread TID 0x7ff832dd3ec0) (linux TID 5614) (maybe from PID 5611, UID 0) (code: 0), stack trace: ***
(error retrieving stack trace)
