I1224 00:17:28.817353  3841 EventBase.cpp:308] EventBase(): Starting loop.
I1224 00:17:28.823093  3842 EventBase.cpp:308] EventBase(): Starting loop.
I1224 00:17:28.831833  3843 EventBase.cpp:308] EventBase(): Starting loop.
I1224 00:17:28.835464  3844 EventBase.cpp:308] EventBase(): Starting loop.
I1224 00:17:28.838657  3845 EventBase.cpp:308] EventBase(): Starting loop.
I1224 00:17:28.838845  3846 EventBase.cpp:308] EventBase(): Starting loop.
I1224 00:17:28.839022  3841 QuicServer.cpp:268] No valid takenover fd found for address=127.0.0.1:4443. binding on worker=0x55b9be3d8ec0 workerId=0 processId=0
I1224 00:17:28.839226  3842 QuicServer.cpp:268] No valid takenover fd found for address=127.0.0.1:4443. binding on worker=0x55b9be3d9500 workerId=1 processId=0
I1224 00:17:28.839376  3843 QuicServer.cpp:268] No valid takenover fd found for address=127.0.0.1:4443. binding on worker=0x55b9be3d9940 workerId=2 processId=0
I1224 00:17:28.839570  3844 QuicServer.cpp:268] No valid takenover fd found for address=127.0.0.1:4443. binding on worker=0x55b9be3d9e20 workerId=3 processId=0
I1224 00:17:28.839756  3845 QuicServer.cpp:268] No valid takenover fd found for address=127.0.0.1:4443. binding on worker=0x55b9be3da300 workerId=4 processId=0
I1224 00:17:28.839941  3846 QuicServer.cpp:268] No valid takenover fd found for address=127.0.0.1:4443. binding on worker=0x55b9be3da800 workerId=5 processId=0
I1224 00:17:28.839974  3846 QuicServer.cpp:295] Initialized all workers in the eventbase
I1224 00:17:28.840097  3838 EchoServer.h:90] Echo server started at: 127.0.0.1:4443
I1224 00:17:28.840118  3838 EventBase.cpp:308] EventBase(): Starting loop.
I1224 00:17:28.840188  3842 QuicServerWorker.cpp:134] Registered read on worker=0x55b9be3d9500, thread=140026268612352, processId=0
I1224 00:17:28.840200  3845 QuicServerWorker.cpp:134] Registered read on worker=0x55b9be3da300, thread=140026243434240, processId=0
I1224 00:17:28.840246  3843 QuicServerWorker.cpp:134] Registered read on worker=0x55b9be3d9940, thread=140026260219648, processId=0
I1224 00:17:28.840261  3844 QuicServerWorker.cpp:134] Registered read on worker=0x55b9be3d9e20, thread=140026251826944, processId=0
I1224 00:17:28.840190  3841 QuicServerWorker.cpp:134] Registered read on worker=0x55b9be3d8ec0, thread=140026348390144, processId=0
I1224 00:17:28.840301  3846 QuicServerWorker.cpp:134] Registered read on worker=0x55b9be3da800, thread=140026235041536, processId=0
I1224 00:17:34.149632  3844 QuicServerWorker.cpp:227] Worker=0x55b9be3d9e20, Received data on thread=140026251826944, processId=0
I1224 00:17:34.149660  3844 LogQuicStats.h:24] server onPacketReceived
I1224 00:17:34.149667  3844 LogQuicStats.h:140] server onRead size=1232
W1224 00:17:34.149686  3844 Types.cpp:447] toString has unhandled version type
I1224 00:17:34.149682  3844 LogQuicStats.h:76] server onClientInitialReceived, version: UNKNOWN
I1224 00:17:34.149698  3844 QuicServerWorker.cpp:208] Version negotiation sent to client=127.0.0.1:4987
I1224 00:17:34.149708  3844 LogQuicStats.h:144] server onWrite size=43
I1224 00:17:34.149713  3844 LogQuicStats.h:36] server onPacketProcessed
I1224 00:17:34.149718  3844 LogQuicStats.h:40] server onPacketSent
I1224 00:17:34.354171  3844 QuicServerWorker.cpp:227] Worker=0x55b9be3d9e20, Received data on thread=140026251826944, processId=0
I1224 00:17:34.354202  3844 LogQuicStats.h:24] server onPacketReceived
I1224 00:17:34.354208  3844 LogQuicStats.h:140] server onRead size=1232
I1224 00:17:34.354216  3844 LogQuicStats.h:76] server onClientInitialReceived, version: QUIC_DRAFT
I1224 00:17:34.354226  3844 QuicServerWorker.cpp:545] Creating new connection for client=127.0.0.1:4987, routingInfo=CID=0000000000000000, cidVersion=1, workerId=3, processId=0, hostId=0, threadId=140026251826944, 
I1224 00:17:34.354339  3844 LogQuicStats.h:118] server onStatelessReset
I1224 00:17:34.354368  3844 StateMachine-inl.h:41] Transition from Uninitialized to ExpectingClientHello
I1224 00:17:34.354449  3844 LogQuicStats.h:32] server onOutOfOrderPacketReceived
I1224 00:17:34.354455  3844 ServerStateMachine.cpp:952] Server received crypto data offset=0 len=391 currentReadOffset=0 client CID=0000000000000003 server CID=400000dc598ae2a7 peer address=127.0.0.1:4987
I1224 00:17:34.354480  3844 RecordLayer.cpp:82] Received handshake message ClientHello
I1224 00:17:34.354579  3844 ServerHandshake.cpp:167] ServerHandshake error fizz::FizzException: no psk modes
I1224 00:17:34.354624  3844 QuicTransportBase.cpp:1870] onNetworkData fizz::FizzException: no psk modes client CID=0000000000000003 server CID=400000dc598ae2a7 peer address=127.0.0.1:4987
I1224 00:17:34.354669  3844 QuicTransportBase.cpp:400] Stopping read looper due to immediate close client CID=0000000000000003 server CID=400000dc598ae2a7 peer address=127.0.0.1:4987
I1224 00:17:34.354683  3844 FunctionLooper.cpp:88] stop: ReadLooper
I1224 00:17:34.354689  3844 FunctionLooper.cpp:88] stop: PeekLooper
I1224 00:17:34.354756  3844 FunctionLooper.cpp:88] stop: WriteLooper
I1224 00:17:34.354792  3844 QuicTransportBase.cpp:2651] Clearing 0 peek callbacks
I1224 00:17:34.354815  3844 QuicTransportBase.cpp:852] Stopping read looper client CID=0000000000000003 server CID=400000dc598ae2a7 peer address=127.0.0.1:4987
I1224 00:17:34.354823  3844 FunctionLooper.cpp:88] stop: ReadLooper
I1224 00:17:34.354830  3844 QuicTransportBase.cpp:1196] Stopping peek looper client CID=0000000000000003 server CID=400000dc598ae2a7 peer address=127.0.0.1:4987
I1224 00:17:34.354836  3844 FunctionLooper.cpp:88] stop: PeekLooper
I1224 00:17:34.354842  3844 QuicTransportBase.cpp:1233] Server stopping write looper because conn closed client CID=0000000000000003 server CID=400000dc598ae2a7 peer address=127.0.0.1:4987
I1224 00:17:34.354848  3844 FunctionLooper.cpp:88] stop: WriteLooper
E1224 00:17:34.354856  3844 EchoHandler.h:53] Socket error=Crypto error: missing_extension
I1224 00:17:34.354876  3844 QuicTransportFunctions.cpp:1063] Server sent close packetNum=5774177 in space=InitialSpace client CID=0000000000000003 server CID=400000dc598ae2a7 peer address=127.0.0.1:4987
I1224 00:17:34.354900  3844 LogQuicStats.h:144] server onWrite size=82
I1224 00:17:34.354912  3844 QuicTransportBase.cpp:852] Stopping read looper client CID=0000000000000003 server CID=400000dc598ae2a7 peer address=127.0.0.1:4987
I1224 00:17:34.354918  3844 FunctionLooper.cpp:88] stop: ReadLooper
I1224 00:17:34.354924  3844 QuicTransportBase.cpp:1196] Stopping peek looper client CID=0000000000000003 server CID=400000dc598ae2a7 peer address=127.0.0.1:4987
I1224 00:17:34.354931  3844 FunctionLooper.cpp:88] stop: PeekLooper
I1224 00:17:34.354936  3844 QuicTransportBase.cpp:1233] Server stopping write looper because conn closed client CID=0000000000000003 server CID=400000dc598ae2a7 peer address=127.0.0.1:4987
I1224 00:17:34.354943  3844 FunctionLooper.cpp:88] stop: WriteLooper
*** Aborted at 1640305054 (Unix time, try 'date -d @1640305054') ***
*** Signal 15 (SIGTERM) (0xefb) received by PID 3838 (pthread TID 0x7f5a700c2ec0) (linux TID 3838) (maybe from PID 3835, UID 0) (code: 0), stack trace: ***
(error retrieving stack trace)
