I1224 00:19:33.346935  4655 EventBase.cpp:308] EventBase(): Starting loop.
I1224 00:19:33.347407  4656 EventBase.cpp:308] EventBase(): Starting loop.
I1224 00:19:33.348873  4657 EventBase.cpp:308] EventBase(): Starting loop.
I1224 00:19:33.349018  4658 EventBase.cpp:308] EventBase(): Starting loop.
I1224 00:19:33.350936  4659 EventBase.cpp:308] EventBase(): Starting loop.
I1224 00:19:33.351362  4660 EventBase.cpp:308] EventBase(): Starting loop.
I1224 00:19:33.351547  4655 QuicServer.cpp:268] No valid takenover fd found for address=127.0.0.1:4443. binding on worker=0x5565081cdec0 workerId=0 processId=0
I1224 00:19:33.351722  4656 QuicServer.cpp:268] No valid takenover fd found for address=127.0.0.1:4443. binding on worker=0x5565081ce500 workerId=1 processId=0
I1224 00:19:33.351924  4657 QuicServer.cpp:268] No valid takenover fd found for address=127.0.0.1:4443. binding on worker=0x5565081ce940 workerId=2 processId=0
I1224 00:19:33.352082  4658 QuicServer.cpp:268] No valid takenover fd found for address=127.0.0.1:4443. binding on worker=0x5565081cee20 workerId=3 processId=0
I1224 00:19:33.352232  4659 QuicServer.cpp:268] No valid takenover fd found for address=127.0.0.1:4443. binding on worker=0x5565081cf300 workerId=4 processId=0
I1224 00:19:33.352387  4660 QuicServer.cpp:268] No valid takenover fd found for address=127.0.0.1:4443. binding on worker=0x5565081cf800 workerId=5 processId=0
I1224 00:19:33.352416  4660 QuicServer.cpp:295] Initialized all workers in the eventbase
I1224 00:19:33.352511  4652 EchoServer.h:90] Echo server started at: 127.0.0.1:4443
I1224 00:19:33.352555  4652 EventBase.cpp:308] EventBase(): Starting loop.
I1224 00:19:33.352599  4655 QuicServerWorker.cpp:134] Registered read on worker=0x5565081cdec0, thread=139801380390656, processId=0
I1224 00:19:33.352602  4656 QuicServerWorker.cpp:134] Registered read on worker=0x5565081ce500, thread=139801371997952, processId=0
I1224 00:19:33.352600  4657 QuicServerWorker.cpp:134] Registered read on worker=0x5565081ce940, thread=139801363605248, processId=0
I1224 00:19:33.352707  4660 QuicServerWorker.cpp:134] Registered read on worker=0x5565081cf800, thread=139801338427136, processId=0
I1224 00:19:33.352761  4658 QuicServerWorker.cpp:134] Registered read on worker=0x5565081cee20, thread=139801355212544, processId=0
I1224 00:19:33.352789  4659 QuicServerWorker.cpp:134] Registered read on worker=0x5565081cf300, thread=139801346819840, processId=0
I1224 00:19:38.692152  4658 QuicServerWorker.cpp:227] Worker=0x5565081cee20, Received data on thread=139801355212544, processId=0
I1224 00:19:38.692180  4658 LogQuicStats.h:24] server onPacketReceived
I1224 00:19:38.692188  4658 LogQuicStats.h:140] server onRead size=1232
W1224 00:19:38.692207  4658 Types.cpp:447] toString has unhandled version type
I1224 00:19:38.692203  4658 LogQuicStats.h:76] server onClientInitialReceived, version: UNKNOWN
I1224 00:19:38.692224  4658 QuicServerWorker.cpp:208] Version negotiation sent to client=127.0.0.1:4987
I1224 00:19:38.692234  4658 LogQuicStats.h:144] server onWrite size=43
I1224 00:19:38.692239  4658 LogQuicStats.h:36] server onPacketProcessed
I1224 00:19:38.692245  4658 LogQuicStats.h:40] server onPacketSent
I1224 00:19:38.891093  4658 QuicServerWorker.cpp:227] Worker=0x5565081cee20, Received data on thread=139801355212544, processId=0
I1224 00:19:38.891121  4658 LogQuicStats.h:24] server onPacketReceived
I1224 00:19:38.891129  4658 LogQuicStats.h:140] server onRead size=1232
I1224 00:19:38.891135  4658 LogQuicStats.h:76] server onClientInitialReceived, version: QUIC_DRAFT
I1224 00:19:38.891145  4658 QuicServerWorker.cpp:545] Creating new connection for client=127.0.0.1:4987, routingInfo=CID=0000000000000000, cidVersion=1, workerId=3, processId=0, hostId=0, threadId=139801355212544, 
I1224 00:19:38.891256  4658 LogQuicStats.h:118] server onStatelessReset
I1224 00:19:38.891284  4658 StateMachine-inl.h:41] Transition from Uninitialized to ExpectingClientHello
I1224 00:19:38.891348  4658 LogQuicStats.h:32] server onOutOfOrderPacketReceived
I1224 00:19:38.891356  4658 ServerStateMachine.cpp:952] Server received crypto data offset=0 len=391 currentReadOffset=0 client CID=0000000000000003 server CID=400000dabb8fced6 peer address=127.0.0.1:4987
I1224 00:19:38.891405  4658 RecordLayer.cpp:82] Received handshake message ClientHello
I1224 00:19:38.891507  4658 ServerHandshake.cpp:167] ServerHandshake error fizz::FizzException: no psk modes
I1224 00:19:38.891549  4658 QuicTransportBase.cpp:1870] onNetworkData fizz::FizzException: no psk modes client CID=0000000000000003 server CID=400000dabb8fced6 peer address=127.0.0.1:4987
I1224 00:19:38.891564  4658 QuicTransportBase.cpp:400] Stopping read looper due to immediate close client CID=0000000000000003 server CID=400000dabb8fced6 peer address=127.0.0.1:4987
I1224 00:19:38.891572  4658 FunctionLooper.cpp:88] stop: ReadLooper
I1224 00:19:38.891577  4658 FunctionLooper.cpp:88] stop: PeekLooper
I1224 00:19:38.891583  4658 FunctionLooper.cpp:88] stop: WriteLooper
I1224 00:19:38.891595  4658 QuicTransportBase.cpp:2651] Clearing 0 peek callbacks
I1224 00:19:38.891602  4658 QuicTransportBase.cpp:852] Stopping read looper client CID=0000000000000003 server CID=400000dabb8fced6 peer address=127.0.0.1:4987
I1224 00:19:38.891608  4658 FunctionLooper.cpp:88] stop: ReadLooper
I1224 00:19:38.891614  4658 QuicTransportBase.cpp:1196] Stopping peek looper client CID=0000000000000003 server CID=400000dabb8fced6 peer address=127.0.0.1:4987
I1224 00:19:38.891620  4658 FunctionLooper.cpp:88] stop: PeekLooper
I1224 00:19:38.891626  4658 QuicTransportBase.cpp:1233] Server stopping write looper because conn closed client CID=0000000000000003 server CID=400000dabb8fced6 peer address=127.0.0.1:4987
I1224 00:19:38.891633  4658 FunctionLooper.cpp:88] stop: WriteLooper
E1224 00:19:38.891640  4658 EchoHandler.h:53] Socket error=Crypto error: missing_extension
I1224 00:19:38.891660  4658 QuicTransportFunctions.cpp:1063] Server sent close packetNum=6034465 in space=InitialSpace client CID=0000000000000003 server CID=400000dabb8fced6 peer address=127.0.0.1:4987
I1224 00:19:38.891685  4658 LogQuicStats.h:144] server onWrite size=82
I1224 00:19:38.891695  4658 QuicTransportBase.cpp:852] Stopping read looper client CID=0000000000000003 server CID=400000dabb8fced6 peer address=127.0.0.1:4987
I1224 00:19:38.891701  4658 FunctionLooper.cpp:88] stop: ReadLooper
I1224 00:19:38.891707  4658 QuicTransportBase.cpp:1196] Stopping peek looper client CID=0000000000000003 server CID=400000dabb8fced6 peer address=127.0.0.1:4987
I1224 00:19:38.891713  4658 FunctionLooper.cpp:88] stop: PeekLooper
I1224 00:19:38.891719  4658 QuicTransportBase.cpp:1233] Server stopping write looper because conn closed client CID=0000000000000003 server CID=400000dabb8fced6 peer address=127.0.0.1:4987
I1224 00:19:38.891726  4658 FunctionLooper.cpp:88] stop: WriteLooper
*** Aborted at 1640305178 (Unix time, try 'date -d @1640305178') ***
*** Signal 15 (SIGTERM) (0x1229) received by PID 4652 (pthread TID 0x7f260ee8eec0) (linux TID 4652) (maybe from PID 4649, UID 0) (code: 0), stack trace: ***
(error retrieving stack trace)
