I1223 16:22:49.869588  7124 EventBase.cpp:308] EventBase(): Starting loop.
I1223 16:22:49.869814  7125 EventBase.cpp:308] EventBase(): Starting loop.
I1223 16:22:49.875105  7126 EventBase.cpp:308] EventBase(): Starting loop.
I1223 16:22:49.875816  7127 EventBase.cpp:308] EventBase(): Starting loop.
I1223 16:22:49.877689  7128 EventBase.cpp:308] EventBase(): Starting loop.
I1223 16:22:49.878080  7129 EventBase.cpp:308] EventBase(): Starting loop.
I1223 16:22:49.878218  7124 QuicServer.cpp:268] No valid takenover fd found for address=127.0.0.1:4443. binding on worker=0x5570e11dbec0 workerId=0 processId=0
I1223 16:22:49.878455  7125 QuicServer.cpp:268] No valid takenover fd found for address=127.0.0.1:4443. binding on worker=0x5570e11dc500 workerId=1 processId=0
I1223 16:22:49.878645  7126 QuicServer.cpp:268] No valid takenover fd found for address=127.0.0.1:4443. binding on worker=0x5570e11dc940 workerId=2 processId=0
I1223 16:22:49.878918  7127 QuicServer.cpp:268] No valid takenover fd found for address=127.0.0.1:4443. binding on worker=0x5570e11dce20 workerId=3 processId=0
I1223 16:22:49.879118  7128 QuicServer.cpp:268] No valid takenover fd found for address=127.0.0.1:4443. binding on worker=0x5570e11dd300 workerId=4 processId=0
I1223 16:22:49.879338  7129 QuicServer.cpp:268] No valid takenover fd found for address=127.0.0.1:4443. binding on worker=0x5570e11dd800 workerId=5 processId=0
I1223 16:22:49.879390  7129 QuicServer.cpp:295] Initialized all workers in the eventbase
I1223 16:22:49.879537  7121 EchoServer.h:90] Echo server started at: 127.0.0.1:4443
I1223 16:22:49.879588  7121 EventBase.cpp:308] EventBase(): Starting loop.
I1223 16:22:49.879611  7126 QuicServerWorker.cpp:134] Registered read on worker=0x5570e11dc940, thread=139866841827072, processId=0
I1223 16:22:49.879621  7127 QuicServerWorker.cpp:134] Registered read on worker=0x5570e11dce20, thread=139866833434368, processId=0
I1223 16:22:49.879622  7124 QuicServerWorker.cpp:134] Registered read on worker=0x5570e11dbec0, thread=139866858612480, processId=0
I1223 16:22:49.879696  7128 QuicServerWorker.cpp:134] Registered read on worker=0x5570e11dd300, thread=139866616624896, processId=0
I1223 16:22:49.879632  7125 QuicServerWorker.cpp:134] Registered read on worker=0x5570e11dc500, thread=139866850219776, processId=0
I1223 16:22:49.879673  7129 QuicServerWorker.cpp:134] Registered read on worker=0x5570e11dd800, thread=139866608232192, processId=0
I1223 16:22:55.242913  7126 QuicServerWorker.cpp:227] Worker=0x5570e11dc940, Received data on thread=139866841827072, processId=0
I1223 16:22:55.242945  7126 LogQuicStats.h:24] server onPacketReceived
I1223 16:22:55.242954  7126 LogQuicStats.h:140] server onRead size=1232
W1223 16:22:55.242974  7126 Types.cpp:447] toString has unhandled version type
I1223 16:22:55.242969  7126 LogQuicStats.h:76] server onClientInitialReceived, version: UNKNOWN
I1223 16:22:55.242987  7126 QuicServerWorker.cpp:208] Version negotiation sent to client=127.0.0.1:4987
I1223 16:22:55.242997  7126 LogQuicStats.h:144] server onWrite size=43
I1223 16:22:55.243005  7126 LogQuicStats.h:36] server onPacketProcessed
I1223 16:22:55.243010  7126 LogQuicStats.h:40] server onPacketSent
I1223 16:22:55.491709  7126 QuicServerWorker.cpp:227] Worker=0x5570e11dc940, Received data on thread=139866841827072, processId=0
I1223 16:22:55.491742  7126 LogQuicStats.h:24] server onPacketReceived
I1223 16:22:55.491750  7126 LogQuicStats.h:140] server onRead size=1232
I1223 16:22:55.491760  7126 LogQuicStats.h:76] server onClientInitialReceived, version: QUIC_DRAFT
I1223 16:22:55.491770  7126 QuicServerWorker.cpp:545] Creating new connection for client=127.0.0.1:4987, routingInfo=CID=0000000000000000, cidVersion=1, workerId=2, processId=0, hostId=0, threadId=139866841827072, 
I1223 16:22:55.491914  7126 LogQuicStats.h:118] server onStatelessReset
I1223 16:22:55.491948  7126 StateMachine-inl.h:41] Transition from Uninitialized to ExpectingClientHello
I1223 16:22:55.492020  7126 LogQuicStats.h:32] server onOutOfOrderPacketReceived
I1223 16:22:55.492030  7126 ServerStateMachine.cpp:952] Server received crypto data offset=0 len=389 currentReadOffset=0 client CID=0000000000000003 server CID=40000095cb612f6a peer address=127.0.0.1:4987
I1223 16:22:55.492060  7126 RecordLayer.cpp:82] Received handshake message ClientHello
I1223 16:22:55.492166  7126 ServerHandshake.cpp:167] ServerHandshake error fizz::FizzException: no psk modes
I1223 16:22:55.492216  7126 QuicTransportBase.cpp:1870] onNetworkData fizz::FizzException: no psk modes client CID=0000000000000003 server CID=40000095cb612f6a peer address=127.0.0.1:4987
I1223 16:22:55.492231  7126 QuicTransportBase.cpp:400] Stopping read looper due to immediate close client CID=0000000000000003 server CID=40000095cb612f6a peer address=127.0.0.1:4987
I1223 16:22:55.492240  7126 FunctionLooper.cpp:88] stop: ReadLooper
I1223 16:22:55.492246  7126 FunctionLooper.cpp:88] stop: PeekLooper
I1223 16:22:55.492254  7126 FunctionLooper.cpp:88] stop: WriteLooper
I1223 16:22:55.492265  7126 QuicTransportBase.cpp:2651] Clearing 0 peek callbacks
I1223 16:22:55.492273  7126 QuicTransportBase.cpp:852] Stopping read looper client CID=0000000000000003 server CID=40000095cb612f6a peer address=127.0.0.1:4987
I1223 16:22:55.492280  7126 FunctionLooper.cpp:88] stop: ReadLooper
I1223 16:22:55.492288  7126 QuicTransportBase.cpp:1196] Stopping peek looper client CID=0000000000000003 server CID=40000095cb612f6a peer address=127.0.0.1:4987
I1223 16:22:55.492295  7126 FunctionLooper.cpp:88] stop: PeekLooper
I1223 16:22:55.492302  7126 QuicTransportBase.cpp:1233] Server stopping write looper because conn closed client CID=0000000000000003 server CID=40000095cb612f6a peer address=127.0.0.1:4987
I1223 16:22:55.492309  7126 FunctionLooper.cpp:88] stop: WriteLooper
E1223 16:22:55.492317  7126 EchoHandler.h:53] Socket error=Crypto error: missing_extension
I1223 16:22:55.492338  7126 QuicTransportFunctions.cpp:1063] Server sent close packetNum=6274480 in space=InitialSpace client CID=0000000000000003 server CID=40000095cb612f6a peer address=127.0.0.1:4987
I1223 16:22:55.492372  7126 LogQuicStats.h:144] server onWrite size=82
I1223 16:22:55.492384  7126 QuicTransportBase.cpp:852] Stopping read looper client CID=0000000000000003 server CID=40000095cb612f6a peer address=127.0.0.1:4987
I1223 16:22:55.492393  7126 FunctionLooper.cpp:88] stop: ReadLooper
I1223 16:22:55.492399  7126 QuicTransportBase.cpp:1196] Stopping peek looper client CID=0000000000000003 server CID=40000095cb612f6a peer address=127.0.0.1:4987
I1223 16:22:55.492406  7126 FunctionLooper.cpp:88] stop: PeekLooper
I1223 16:22:55.492413  7126 QuicTransportBase.cpp:1233] Server stopping write looper because conn closed client CID=0000000000000003 server CID=40000095cb612f6a peer address=127.0.0.1:4987
I1223 16:22:55.492420  7126 FunctionLooper.cpp:88] stop: WriteLooper
*** Aborted at 1640276575 (Unix time, try 'date -d @1640276575') ***
*** Signal 15 (SIGTERM) (0x1bce) received by PID 7121 (pthread TID 0x7f354db74ec0) (linux TID 7121) (maybe from PID 7118, UID 0) (code: 0), stack trace: ***
(error retrieving stack trace)
