I1224 00:21:32.524600  5432 EventBase.cpp:308] EventBase(): Starting loop.
I1224 00:21:32.524781  5433 EventBase.cpp:308] EventBase(): Starting loop.
I1224 00:21:32.524910  5434 EventBase.cpp:308] EventBase(): Starting loop.
I1224 00:21:32.531102  5435 EventBase.cpp:308] EventBase(): Starting loop.
I1224 00:21:32.532474  5436 EventBase.cpp:308] EventBase(): Starting loop.
I1224 00:21:32.532642  5437 EventBase.cpp:308] EventBase(): Starting loop.
I1224 00:21:32.532831  5432 QuicServer.cpp:268] No valid takenover fd found for address=127.0.0.1:4443. binding on worker=0x56048a060ec0 workerId=0 processId=0
I1224 00:21:32.533010  5433 QuicServer.cpp:268] No valid takenover fd found for address=127.0.0.1:4443. binding on worker=0x56048a061500 workerId=1 processId=0
I1224 00:21:32.533048  5434 QuicServer.cpp:268] No valid takenover fd found for address=127.0.0.1:4443. binding on worker=0x56048a061940 workerId=2 processId=0
I1224 00:21:32.533077  5435 QuicServer.cpp:268] No valid takenover fd found for address=127.0.0.1:4443. binding on worker=0x56048a061e20 workerId=3 processId=0
I1224 00:21:32.533171  5436 QuicServer.cpp:268] No valid takenover fd found for address=127.0.0.1:4443. binding on worker=0x56048a062300 workerId=4 processId=0
I1224 00:21:32.533361  5437 QuicServer.cpp:268] No valid takenover fd found for address=127.0.0.1:4443. binding on worker=0x56048a062800 workerId=5 processId=0
I1224 00:21:32.533394  5437 QuicServer.cpp:295] Initialized all workers in the eventbase
I1224 00:21:32.533609  5434 QuicServerWorker.cpp:134] Registered read on worker=0x56048a061940, thread=140256161031936, processId=0
I1224 00:21:32.533655  5429 EchoServer.h:90] Echo server started at: 127.0.0.1:4443
I1224 00:21:32.533665  5429 EventBase.cpp:308] EventBase(): Starting loop.
I1224 00:21:32.533663  5432 QuicServerWorker.cpp:134] Registered read on worker=0x56048a060ec0, thread=140256177817344, processId=0
I1224 00:21:32.533702  5435 QuicServerWorker.cpp:134] Registered read on worker=0x56048a061e20, thread=140256152639232, processId=0
I1224 00:21:32.533751  5436 QuicServerWorker.cpp:134] Registered read on worker=0x56048a062300, thread=140256144246528, processId=0
I1224 00:21:32.533759  5437 QuicServerWorker.cpp:134] Registered read on worker=0x56048a062800, thread=140256135853824, processId=0
I1224 00:21:32.533689  5433 QuicServerWorker.cpp:134] Registered read on worker=0x56048a061500, thread=140256169424640, processId=0
I1224 00:21:37.855365  5435 QuicServerWorker.cpp:227] Worker=0x56048a061e20, Received data on thread=140256152639232, processId=0
I1224 00:21:37.855389  5435 LogQuicStats.h:24] server onPacketReceived
I1224 00:21:37.855396  5435 LogQuicStats.h:140] server onRead size=1232
W1224 00:21:37.855415  5435 Types.cpp:447] toString has unhandled version type
I1224 00:21:37.855410  5435 LogQuicStats.h:76] server onClientInitialReceived, version: UNKNOWN
I1224 00:21:37.855432  5435 QuicServerWorker.cpp:208] Version negotiation sent to client=127.0.0.1:4987
I1224 00:21:37.855440  5435 LogQuicStats.h:144] server onWrite size=43
I1224 00:21:37.855446  5435 LogQuicStats.h:36] server onPacketProcessed
I1224 00:21:37.855453  5435 LogQuicStats.h:40] server onPacketSent
I1224 00:21:38.040779  5435 QuicServerWorker.cpp:227] Worker=0x56048a061e20, Received data on thread=140256152639232, processId=0
I1224 00:21:38.040804  5435 LogQuicStats.h:24] server onPacketReceived
I1224 00:21:38.040812  5435 LogQuicStats.h:140] server onRead size=1232
I1224 00:21:38.040819  5435 LogQuicStats.h:76] server onClientInitialReceived, version: QUIC_DRAFT
I1224 00:21:38.040829  5435 QuicServerWorker.cpp:545] Creating new connection for client=127.0.0.1:4987, routingInfo=CID=0000000000000000, cidVersion=1, workerId=3, processId=0, hostId=0, threadId=140256152639232, 
I1224 00:21:38.040941  5435 LogQuicStats.h:118] server onStatelessReset
I1224 00:21:38.040971  5435 StateMachine-inl.h:41] Transition from Uninitialized to ExpectingClientHello
I1224 00:21:38.041036  5435 LogQuicStats.h:32] server onOutOfOrderPacketReceived
I1224 00:21:38.041045  5435 ServerStateMachine.cpp:952] Server received crypto data offset=0 len=389 currentReadOffset=0 client CID=0000000000000003 server CID=400000c8922638df peer address=127.0.0.1:4987
I1224 00:21:38.041067  5435 RecordLayer.cpp:82] Received handshake message ClientHello
I1224 00:21:38.041194  5435 ServerHandshake.cpp:167] ServerHandshake error fizz::FizzException: no psk modes
I1224 00:21:38.041241  5435 QuicTransportBase.cpp:1870] onNetworkData fizz::FizzException: no psk modes client CID=0000000000000003 server CID=400000c8922638df peer address=127.0.0.1:4987
I1224 00:21:38.041255  5435 QuicTransportBase.cpp:400] Stopping read looper due to immediate close client CID=0000000000000003 server CID=400000c8922638df peer address=127.0.0.1:4987
I1224 00:21:38.041263  5435 FunctionLooper.cpp:88] stop: ReadLooper
I1224 00:21:38.041270  5435 FunctionLooper.cpp:88] stop: PeekLooper
I1224 00:21:38.041275  5435 FunctionLooper.cpp:88] stop: WriteLooper
I1224 00:21:38.041286  5435 QuicTransportBase.cpp:2651] Clearing 0 peek callbacks
I1224 00:21:38.041293  5435 QuicTransportBase.cpp:852] Stopping read looper client CID=0000000000000003 server CID=400000c8922638df peer address=127.0.0.1:4987
I1224 00:21:38.041299  5435 FunctionLooper.cpp:88] stop: ReadLooper
I1224 00:21:38.041306  5435 QuicTransportBase.cpp:1196] Stopping peek looper client CID=0000000000000003 server CID=400000c8922638df peer address=127.0.0.1:4987
I1224 00:21:38.041312  5435 FunctionLooper.cpp:88] stop: PeekLooper
I1224 00:21:38.041318  5435 QuicTransportBase.cpp:1233] Server stopping write looper because conn closed client CID=0000000000000003 server CID=400000c8922638df peer address=127.0.0.1:4987
I1224 00:21:38.041325  5435 FunctionLooper.cpp:88] stop: WriteLooper
E1224 00:21:38.041332  5435 EchoHandler.h:53] Socket error=Crypto error: missing_extension
I1224 00:21:38.041352  5435 QuicTransportFunctions.cpp:1063] Server sent close packetNum=3976631 in space=InitialSpace client CID=0000000000000003 server CID=400000c8922638df peer address=127.0.0.1:4987
I1224 00:21:38.041373  5435 LogQuicStats.h:144] server onWrite size=82
I1224 00:21:38.041383  5435 QuicTransportBase.cpp:852] Stopping read looper client CID=0000000000000003 server CID=400000c8922638df peer address=127.0.0.1:4987
I1224 00:21:38.041391  5435 FunctionLooper.cpp:88] stop: ReadLooper
I1224 00:21:38.041396  5435 QuicTransportBase.cpp:1196] Stopping peek looper client CID=0000000000000003 server CID=400000c8922638df peer address=127.0.0.1:4987
I1224 00:21:38.041404  5435 FunctionLooper.cpp:88] stop: PeekLooper
I1224 00:21:38.041409  5435 QuicTransportBase.cpp:1233] Server stopping write looper because conn closed client CID=0000000000000003 server CID=400000c8922638df peer address=127.0.0.1:4987
I1224 00:21:38.041415  5435 FunctionLooper.cpp:88] stop: WriteLooper
*** Aborted at 1640305298 (Unix time, try 'date -d @1640305298') ***
*** Signal 15 (SIGTERM) (0x1532) received by PID 5429 (pthread TID 0x7f8ff2f2eec0) (linux TID 5429) (maybe from PID 5426, UID 0) (code: 0), stack trace: ***
(error retrieving stack trace)
