I1223 18:32:56.297837 11377 EventBase.cpp:308] EventBase(): Starting loop.
I1223 18:32:56.298015 11378 EventBase.cpp:308] EventBase(): Starting loop.
I1223 18:32:56.298853 11379 EventBase.cpp:308] EventBase(): Starting loop.
I1223 18:32:56.303455 11380 EventBase.cpp:308] EventBase(): Starting loop.
I1223 18:32:56.307174 11381 EventBase.cpp:308] EventBase(): Starting loop.
I1223 18:32:56.311067 11382 EventBase.cpp:308] EventBase(): Starting loop.
I1223 18:32:56.311205 11377 QuicServer.cpp:268] No valid takenover fd found for address=127.0.0.1:4443. binding on worker=0x561d17e38040 workerId=0 processId=0
I1223 18:32:56.311416 11378 QuicServer.cpp:268] No valid takenover fd found for address=127.0.0.1:4443. binding on worker=0x561d17e38680 workerId=1 processId=0
I1223 18:32:56.311595 11379 QuicServer.cpp:268] No valid takenover fd found for address=127.0.0.1:4443. binding on worker=0x561d17e38b30 workerId=2 processId=0
I1223 18:32:56.311759 11380 QuicServer.cpp:268] No valid takenover fd found for address=127.0.0.1:4443. binding on worker=0x561d17e39010 workerId=3 processId=0
I1223 18:32:56.311939 11381 QuicServer.cpp:268] No valid takenover fd found for address=127.0.0.1:4443. binding on worker=0x561d17e394f0 workerId=4 processId=0
I1223 18:32:56.312121 11382 QuicServer.cpp:268] No valid takenover fd found for address=127.0.0.1:4443. binding on worker=0x561d17e399f0 workerId=5 processId=0
I1223 18:32:56.312147 11382 QuicServer.cpp:295] Initialized all workers in the eventbase
I1223 18:32:56.312249 11374 EchoServer.h:90] Echo server started at: 127.0.0.1:4443
I1223 18:32:56.312299 11374 EventBase.cpp:308] EventBase(): Starting loop.
I1223 18:32:56.312353 11380 QuicServerWorker.cpp:134] Registered read on worker=0x561d17e39010, thread=139788493514496, processId=0
I1223 18:32:56.312347 11377 QuicServerWorker.cpp:134] Registered read on worker=0x561d17e38040, thread=139788588246784, processId=0
I1223 18:32:56.312362 11381 QuicServerWorker.cpp:134] Registered read on worker=0x561d17e394f0, thread=139788485121792, processId=0
I1223 18:32:56.312453 11382 QuicServerWorker.cpp:134] Registered read on worker=0x561d17e399f0, thread=139788476729088, processId=0
I1223 18:32:56.312347 11378 QuicServerWorker.cpp:134] Registered read on worker=0x561d17e38680, thread=139788579854080, processId=0
I1223 18:32:56.312400 11379 QuicServerWorker.cpp:134] Registered read on worker=0x561d17e38b30, thread=139788501907200, processId=0
I1223 18:33:01.881378 11380 QuicServerWorker.cpp:227] Worker=0x561d17e39010, Received data on thread=139788493514496, processId=0
I1223 18:33:01.881418 11380 LogQuicStats.h:24] server onPacketReceived
I1223 18:33:01.881426 11380 LogQuicStats.h:140] server onRead size=1232
I1223 18:33:01.881443 11380 LogQuicStats.h:76] server onClientInitialReceived, version: QUIC_DRAFT
I1223 18:33:01.881453 11380 QuicServerWorker.cpp:545] Creating new connection for client=127.0.0.1:4987, routingInfo=CID=0000000000000002, cidVersion=1, workerId=3, processId=0, hostId=0, threadId=139788493514496, 
I1223 18:33:01.881567 11380 LogQuicStats.h:118] server onStatelessReset
I1223 18:33:01.881597 11380 StateMachine-inl.h:41] Transition from Uninitialized to ExpectingClientHello
I1223 18:33:01.881667 11380 LogQuicStats.h:32] server onOutOfOrderPacketReceived
I1223 18:33:01.881676 11380 ServerStateMachine.cpp:952] Server received crypto data offset=0 len=389 currentReadOffset=0 client CID=0000000000000001 server CID=400000c1db3ec0c3 peer address=127.0.0.1:4987
I1223 18:33:01.881692 11380 RecordLayer.cpp:82] Received handshake message ClientHello
I1223 18:33:01.881786 11380 ServerHandshake.cpp:167] ServerHandshake error fizz::FizzException: no psk modes
I1223 18:33:01.881834 11380 QuicTransportBase.cpp:1870] onNetworkData fizz::FizzException: no psk modes client CID=0000000000000001 server CID=400000c1db3ec0c3 peer address=127.0.0.1:4987
I1223 18:33:01.881847 11380 QuicTransportBase.cpp:400] Stopping read looper due to immediate close client CID=0000000000000001 server CID=400000c1db3ec0c3 peer address=127.0.0.1:4987
I1223 18:33:01.881856 11380 FunctionLooper.cpp:88] stop: ReadLooper
I1223 18:33:01.881871 11380 FunctionLooper.cpp:88] stop: PeekLooper
I1223 18:33:01.881878 11380 FunctionLooper.cpp:88] stop: WriteLooper
I1223 18:33:01.881891 11380 QuicTransportBase.cpp:2651] Clearing 0 peek callbacks
I1223 18:33:01.881897 11380 QuicTransportBase.cpp:852] Stopping read looper client CID=0000000000000001 server CID=400000c1db3ec0c3 peer address=127.0.0.1:4987
I1223 18:33:01.881904 11380 FunctionLooper.cpp:88] stop: ReadLooper
I1223 18:33:01.881911 11380 QuicTransportBase.cpp:1196] Stopping peek looper client CID=0000000000000001 server CID=400000c1db3ec0c3 peer address=127.0.0.1:4987
I1223 18:33:01.881918 11380 FunctionLooper.cpp:88] stop: PeekLooper
I1223 18:33:01.881924 11380 QuicTransportBase.cpp:1233] Server stopping write looper because conn closed client CID=0000000000000001 server CID=400000c1db3ec0c3 peer address=127.0.0.1:4987
I1223 18:33:01.881932 11380 FunctionLooper.cpp:88] stop: WriteLooper
E1223 18:33:01.881939 11380 EchoHandler.h:53] Socket error=Crypto error: missing_extension
I1223 18:33:01.881959 11380 QuicTransportFunctions.cpp:1063] Server sent close packetNum=14805099 in space=InitialSpace client CID=0000000000000001 server CID=400000c1db3ec0c3 peer address=127.0.0.1:4987
I1223 18:33:01.881984 11380 LogQuicStats.h:144] server onWrite size=83
I1223 18:33:01.881994 11380 QuicTransportBase.cpp:852] Stopping read looper client CID=0000000000000001 server CID=400000c1db3ec0c3 peer address=127.0.0.1:4987
I1223 18:33:01.882002 11380 FunctionLooper.cpp:88] stop: ReadLooper
I1223 18:33:01.882009 11380 QuicTransportBase.cpp:1196] Stopping peek looper client CID=0000000000000001 server CID=400000c1db3ec0c3 peer address=127.0.0.1:4987
I1223 18:33:01.882015 11380 FunctionLooper.cpp:88] stop: PeekLooper
I1223 18:33:01.882021 11380 QuicTransportBase.cpp:1233] Server stopping write looper because conn closed client CID=0000000000000001 server CID=400000c1db3ec0c3 peer address=127.0.0.1:4987
I1223 18:33:01.882028 11380 FunctionLooper.cpp:88] stop: WriteLooper
*** Aborted at 1640284381 (Unix time, try 'date -d @1640284381') ***
*** Signal 15 (SIGTERM) (0x2c6b) received by PID 11374 (pthread TID 0x7f2314704ec0) (linux TID 11374) (maybe from PID 11371, UID 0) (code: 0), stack trace: ***
(error retrieving stack trace)
