I1223 18:29:30.847347 10045 EventBase.cpp:308] EventBase(): Starting loop.
I1223 18:29:30.851053 10046 EventBase.cpp:308] EventBase(): Starting loop.
I1223 18:29:30.851516 10047 EventBase.cpp:308] EventBase(): Starting loop.
I1223 18:29:30.858989 10048 EventBase.cpp:308] EventBase(): Starting loop.
I1223 18:29:30.860688 10049 EventBase.cpp:308] EventBase(): Starting loop.
I1223 18:29:30.860780 10050 EventBase.cpp:308] EventBase(): Starting loop.
I1223 18:29:30.860891 10045 QuicServer.cpp:268] No valid takenover fd found for address=127.0.0.1:4443. binding on worker=0x556ca81a2040 workerId=0 processId=0
I1223 18:29:30.861100 10046 QuicServer.cpp:268] No valid takenover fd found for address=127.0.0.1:4443. binding on worker=0x556ca81a2680 workerId=1 processId=0
I1223 18:29:30.861259 10047 QuicServer.cpp:268] No valid takenover fd found for address=127.0.0.1:4443. binding on worker=0x556ca81a2b30 workerId=2 processId=0
I1223 18:29:30.861426 10048 QuicServer.cpp:268] No valid takenover fd found for address=127.0.0.1:4443. binding on worker=0x556ca81a3010 workerId=3 processId=0
I1223 18:29:30.861584 10049 QuicServer.cpp:268] No valid takenover fd found for address=127.0.0.1:4443. binding on worker=0x556ca81a34f0 workerId=4 processId=0
I1223 18:29:30.861740 10050 QuicServer.cpp:268] No valid takenover fd found for address=127.0.0.1:4443. binding on worker=0x556ca81a39f0 workerId=5 processId=0
I1223 18:29:30.861768 10050 QuicServer.cpp:295] Initialized all workers in the eventbase
I1223 18:29:30.861867 10042 EchoServer.h:90] Echo server started at: 127.0.0.1:4443
I1223 18:29:30.861912 10042 EventBase.cpp:308] EventBase(): Starting loop.
I1223 18:29:30.861958 10047 QuicServerWorker.cpp:134] Registered read on worker=0x556ca81a2b30, thread=140014717249280, processId=0
I1223 18:29:30.861958 10045 QuicServerWorker.cpp:134] Registered read on worker=0x556ca81a2040, thread=140014734034688, processId=0
I1223 18:29:30.861989 10046 QuicServerWorker.cpp:134] Registered read on worker=0x556ca81a2680, thread=140014725641984, processId=0
I1223 18:29:30.861968 10049 QuicServerWorker.cpp:134] Registered read on worker=0x556ca81a34f0, thread=140014700463872, processId=0
I1223 18:29:30.862036 10048 QuicServerWorker.cpp:134] Registered read on worker=0x556ca81a3010, thread=140014708856576, processId=0
I1223 18:29:30.862046 10050 QuicServerWorker.cpp:134] Registered read on worker=0x556ca81a39f0, thread=140014692071168, processId=0
I1223 18:29:36.487433 10048 QuicServerWorker.cpp:227] Worker=0x556ca81a3010, Received data on thread=140014708856576, processId=0
I1223 18:29:36.487462 10048 LogQuicStats.h:24] server onPacketReceived
I1223 18:29:36.487470 10048 LogQuicStats.h:140] server onRead size=1232
I1223 18:29:36.487485 10048 LogQuicStats.h:76] server onClientInitialReceived, version: QUIC_DRAFT
I1223 18:29:36.487496 10048 QuicServerWorker.cpp:545] Creating new connection for client=127.0.0.1:4987, routingInfo=CID=0000000000000002, cidVersion=1, workerId=3, processId=0, hostId=0, threadId=140014708856576, 
I1223 18:29:36.487612 10048 LogQuicStats.h:118] server onStatelessReset
I1223 18:29:36.487640 10048 StateMachine-inl.h:41] Transition from Uninitialized to ExpectingClientHello
I1223 18:29:36.487708 10048 LogQuicStats.h:32] server onOutOfOrderPacketReceived
I1223 18:29:36.487716 10048 ServerStateMachine.cpp:952] Server received crypto data offset=0 len=391 currentReadOffset=0 client CID=0000000000000001 server CID=400000d2674c13c4 peer address=127.0.0.1:4987
I1223 18:29:36.487732 10048 RecordLayer.cpp:82] Received handshake message ClientHello
I1223 18:29:36.487829 10048 ServerHandshake.cpp:167] ServerHandshake error fizz::FizzException: no psk modes
I1223 18:29:36.487874 10048 QuicTransportBase.cpp:1870] onNetworkData fizz::FizzException: no psk modes client CID=0000000000000001 server CID=400000d2674c13c4 peer address=127.0.0.1:4987
I1223 18:29:36.487887 10048 QuicTransportBase.cpp:400] Stopping read looper due to immediate close client CID=0000000000000001 server CID=400000d2674c13c4 peer address=127.0.0.1:4987
I1223 18:29:36.487896 10048 FunctionLooper.cpp:88] stop: ReadLooper
I1223 18:29:36.487915 10048 FunctionLooper.cpp:88] stop: PeekLooper
I1223 18:29:36.487921 10048 FunctionLooper.cpp:88] stop: WriteLooper
I1223 18:29:36.487933 10048 QuicTransportBase.cpp:2651] Clearing 0 peek callbacks
I1223 18:29:36.487941 10048 QuicTransportBase.cpp:852] Stopping read looper client CID=0000000000000001 server CID=400000d2674c13c4 peer address=127.0.0.1:4987
I1223 18:29:36.487947 10048 FunctionLooper.cpp:88] stop: ReadLooper
I1223 18:29:36.487954 10048 QuicTransportBase.cpp:1196] Stopping peek looper client CID=0000000000000001 server CID=400000d2674c13c4 peer address=127.0.0.1:4987
I1223 18:29:36.487962 10048 FunctionLooper.cpp:88] stop: PeekLooper
I1223 18:29:36.487967 10048 QuicTransportBase.cpp:1233] Server stopping write looper because conn closed client CID=0000000000000001 server CID=400000d2674c13c4 peer address=127.0.0.1:4987
I1223 18:29:36.487974 10048 FunctionLooper.cpp:88] stop: WriteLooper
E1223 18:29:36.487982 10048 EchoHandler.h:53] Socket error=Crypto error: missing_extension
I1223 18:29:36.488003 10048 QuicTransportFunctions.cpp:1063] Server sent close packetNum=6779376 in space=InitialSpace client CID=0000000000000001 server CID=400000d2674c13c4 peer address=127.0.0.1:4987
I1223 18:29:36.488025 10048 LogQuicStats.h:144] server onWrite size=82
I1223 18:29:36.488035 10048 QuicTransportBase.cpp:852] Stopping read looper client CID=0000000000000001 server CID=400000d2674c13c4 peer address=127.0.0.1:4987
I1223 18:29:36.488044 10048 FunctionLooper.cpp:88] stop: ReadLooper
I1223 18:29:36.488049 10048 QuicTransportBase.cpp:1196] Stopping peek looper client CID=0000000000000001 server CID=400000d2674c13c4 peer address=127.0.0.1:4987
I1223 18:29:36.488056 10048 FunctionLooper.cpp:88] stop: PeekLooper
I1223 18:29:36.488062 10048 QuicTransportBase.cpp:1233] Server stopping write looper because conn closed client CID=0000000000000001 server CID=400000d2674c13c4 peer address=127.0.0.1:4987
I1223 18:29:36.488070 10048 FunctionLooper.cpp:88] stop: WriteLooper
*** Aborted at 1640284176 (Unix time, try 'date -d @1640284176') ***
*** Signal 15 (SIGTERM) (0x2737) received by PID 10042 (pthread TID 0x7f57bbc72ec0) (linux TID 10042) (maybe from PID 10039, UID 0) (code: 0), stack trace: ***
(error retrieving stack trace)
