I1223 18:28:33.752727  9675 EventBase.cpp:308] EventBase(): Starting loop.
I1223 18:28:33.752912  9676 EventBase.cpp:308] EventBase(): Starting loop.
I1223 18:28:33.755200  9677 EventBase.cpp:308] EventBase(): Starting loop.
I1223 18:28:33.759126  9678 EventBase.cpp:308] EventBase(): Starting loop.
I1223 18:28:33.762974  9679 EventBase.cpp:308] EventBase(): Starting loop.
I1223 18:28:33.767434  9680 EventBase.cpp:308] EventBase(): Starting loop.
I1223 18:28:33.767570  9675 QuicServer.cpp:268] No valid takenover fd found for address=127.0.0.1:4443. binding on worker=0x55f7222d3040 workerId=0 processId=0
I1223 18:28:33.767778  9676 QuicServer.cpp:268] No valid takenover fd found for address=127.0.0.1:4443. binding on worker=0x55f7222d3680 workerId=1 processId=0
I1223 18:28:33.767961  9677 QuicServer.cpp:268] No valid takenover fd found for address=127.0.0.1:4443. binding on worker=0x55f7222d3b30 workerId=2 processId=0
I1223 18:28:33.768143  9678 QuicServer.cpp:268] No valid takenover fd found for address=127.0.0.1:4443. binding on worker=0x55f7222d4010 workerId=3 processId=0
I1223 18:28:33.768314  9679 QuicServer.cpp:268] No valid takenover fd found for address=127.0.0.1:4443. binding on worker=0x55f7222d44f0 workerId=4 processId=0
I1223 18:28:33.768484  9680 QuicServer.cpp:268] No valid takenover fd found for address=127.0.0.1:4443. binding on worker=0x55f7222d49f0 workerId=5 processId=0
I1223 18:28:33.768517  9680 QuicServer.cpp:295] Initialized all workers in the eventbase
I1223 18:28:33.768621  9672 EchoServer.h:90] Echo server started at: 127.0.0.1:4443
I1223 18:28:33.768642  9672 EventBase.cpp:308] EventBase(): Starting loop.
I1223 18:28:33.768697  9677 QuicServerWorker.cpp:134] Registered read on worker=0x55f7222d3b30, thread=140634300372736, processId=0
I1223 18:28:33.768709  9676 QuicServerWorker.cpp:134] Registered read on worker=0x55f7222d3680, thread=140634308765440, processId=0
I1223 18:28:33.768698  9675 QuicServerWorker.cpp:134] Registered read on worker=0x55f7222d3040, thread=140634317158144, processId=0
I1223 18:28:33.768771  9679 QuicServerWorker.cpp:134] Registered read on worker=0x55f7222d44f0, thread=140634283587328, processId=0
I1223 18:28:33.768801  9678 QuicServerWorker.cpp:134] Registered read on worker=0x55f7222d4010, thread=140634291980032, processId=0
I1223 18:28:33.768811  9680 QuicServerWorker.cpp:134] Registered read on worker=0x55f7222d49f0, thread=140633939375872, processId=0
I1223 18:28:39.359721  9678 QuicServerWorker.cpp:227] Worker=0x55f7222d4010, Received data on thread=140634291980032, processId=0
I1223 18:28:39.359750  9678 LogQuicStats.h:24] server onPacketReceived
I1223 18:28:39.359757  9678 LogQuicStats.h:140] server onRead size=1232
I1223 18:28:39.359773  9678 LogQuicStats.h:76] server onClientInitialReceived, version: QUIC_DRAFT
I1223 18:28:39.359784  9678 QuicServerWorker.cpp:545] Creating new connection for client=127.0.0.1:4987, routingInfo=CID=0000000000000002, cidVersion=1, workerId=3, processId=0, hostId=0, threadId=140634291980032, 
I1223 18:28:39.359892  9678 LogQuicStats.h:118] server onStatelessReset
I1223 18:28:39.359921  9678 StateMachine-inl.h:41] Transition from Uninitialized to ExpectingClientHello
I1223 18:28:39.359990  9678 LogQuicStats.h:32] server onOutOfOrderPacketReceived
I1223 18:28:39.359998  9678 ServerStateMachine.cpp:952] Server received crypto data offset=0 len=391 currentReadOffset=0 client CID=0000000000000001 server CID=400000d1f4db3527 peer address=127.0.0.1:4987
I1223 18:28:39.360018  9678 RecordLayer.cpp:82] Received handshake message ClientHello
I1223 18:28:39.360126  9678 ServerHandshake.cpp:167] ServerHandshake error fizz::FizzException: no psk modes
I1223 18:28:39.360167  9678 QuicTransportBase.cpp:1870] onNetworkData fizz::FizzException: no psk modes client CID=0000000000000001 server CID=400000d1f4db3527 peer address=127.0.0.1:4987
I1223 18:28:39.360180  9678 QuicTransportBase.cpp:400] Stopping read looper due to immediate close client CID=0000000000000001 server CID=400000d1f4db3527 peer address=127.0.0.1:4987
I1223 18:28:39.360188  9678 FunctionLooper.cpp:88] stop: ReadLooper
I1223 18:28:39.360203  9678 FunctionLooper.cpp:88] stop: PeekLooper
I1223 18:28:39.360208  9678 FunctionLooper.cpp:88] stop: WriteLooper
I1223 18:28:39.360219  9678 QuicTransportBase.cpp:2651] Clearing 0 peek callbacks
I1223 18:28:39.360226  9678 QuicTransportBase.cpp:852] Stopping read looper client CID=0000000000000001 server CID=400000d1f4db3527 peer address=127.0.0.1:4987
I1223 18:28:39.360234  9678 FunctionLooper.cpp:88] stop: ReadLooper
I1223 18:28:39.360239  9678 QuicTransportBase.cpp:1196] Stopping peek looper client CID=0000000000000001 server CID=400000d1f4db3527 peer address=127.0.0.1:4987
I1223 18:28:39.360245  9678 FunctionLooper.cpp:88] stop: PeekLooper
I1223 18:28:39.360251  9678 QuicTransportBase.cpp:1233] Server stopping write looper because conn closed client CID=0000000000000001 server CID=400000d1f4db3527 peer address=127.0.0.1:4987
I1223 18:28:39.360257  9678 FunctionLooper.cpp:88] stop: WriteLooper
E1223 18:28:39.360265  9678 EchoHandler.h:53] Socket error=Crypto error: missing_extension
I1223 18:28:39.360285  9678 QuicTransportFunctions.cpp:1063] Server sent close packetNum=10261611 in space=InitialSpace client CID=0000000000000001 server CID=400000d1f4db3527 peer address=127.0.0.1:4987
I1223 18:28:39.360314  9678 LogQuicStats.h:144] server onWrite size=83
I1223 18:28:39.360325  9678 QuicTransportBase.cpp:852] Stopping read looper client CID=0000000000000001 server CID=400000d1f4db3527 peer address=127.0.0.1:4987
I1223 18:28:39.360333  9678 FunctionLooper.cpp:88] stop: ReadLooper
I1223 18:28:39.360357  9678 QuicTransportBase.cpp:1196] Stopping peek looper client CID=0000000000000001 server CID=400000d1f4db3527 peer address=127.0.0.1:4987
I1223 18:28:39.360370  9678 FunctionLooper.cpp:88] stop: PeekLooper
I1223 18:28:39.360376  9678 QuicTransportBase.cpp:1233] Server stopping write looper because conn closed client CID=0000000000000001 server CID=400000d1f4db3527 peer address=127.0.0.1:4987
I1223 18:28:39.360383  9678 FunctionLooper.cpp:88] stop: WriteLooper
*** Aborted at 1640284119 (Unix time, try 'date -d @1640284119') ***
*** Signal 15 (SIGTERM) (0x25c5) received by PID 9672 (pthread TID 0x7fe7fdcf5ec0) (linux TID 9672) (maybe from PID 9669, UID 0) (code: 0), stack trace: ***
(error retrieving stack trace)
