I1224 00:21:04.229934  5247 EventBase.cpp:308] EventBase(): Starting loop.
I1224 00:21:04.231196  5248 EventBase.cpp:308] EventBase(): Starting loop.
I1224 00:21:04.231460  5249 EventBase.cpp:308] EventBase(): Starting loop.
I1224 00:21:04.235564  5250 EventBase.cpp:308] EventBase(): Starting loop.
I1224 00:21:04.236371  5251 EventBase.cpp:308] EventBase(): Starting loop.
I1224 00:21:04.244261  5252 EventBase.cpp:308] EventBase(): Starting loop.
I1224 00:21:04.244462  5247 QuicServer.cpp:268] No valid takenover fd found for address=127.0.0.1:4443. binding on worker=0x55e3f687bec0 workerId=0 processId=0
I1224 00:21:04.244618  5248 QuicServer.cpp:268] No valid takenover fd found for address=127.0.0.1:4443. binding on worker=0x55e3f687c500 workerId=1 processId=0
I1224 00:21:04.244658  5249 QuicServer.cpp:268] No valid takenover fd found for address=127.0.0.1:4443. binding on worker=0x55e3f687c940 workerId=2 processId=0
I1224 00:21:04.244688  5250 QuicServer.cpp:268] No valid takenover fd found for address=127.0.0.1:4443. binding on worker=0x55e3f687ce20 workerId=3 processId=0
I1224 00:21:04.244715  5251 QuicServer.cpp:268] No valid takenover fd found for address=127.0.0.1:4443. binding on worker=0x55e3f687d300 workerId=4 processId=0
I1224 00:21:04.244812  5252 QuicServer.cpp:268] No valid takenover fd found for address=127.0.0.1:4443. binding on worker=0x55e3f687d800 workerId=5 processId=0
I1224 00:21:04.244839  5252 QuicServer.cpp:295] Initialized all workers in the eventbase
I1224 00:21:04.245040  5248 QuicServerWorker.cpp:134] Registered read on worker=0x55e3f687c500, thread=140043646568192, processId=0
I1224 00:21:04.245040  5247 QuicServerWorker.cpp:134] Registered read on worker=0x55e3f687bec0, thread=140043654960896, processId=0
I1224 00:21:04.245108  5249 QuicServerWorker.cpp:134] Registered read on worker=0x55e3f687c940, thread=140043638175488, processId=0
I1224 00:21:04.245153  5250 QuicServerWorker.cpp:134] Registered read on worker=0x55e3f687ce20, thread=140043629782784, processId=0
I1224 00:21:04.245198  5244 EchoServer.h:90] Echo server started at: 127.0.0.1:4443
I1224 00:21:04.245208  5244 EventBase.cpp:308] EventBase(): Starting loop.
I1224 00:21:04.245235  5251 QuicServerWorker.cpp:134] Registered read on worker=0x55e3f687d300, thread=140043621390080, processId=0
I1224 00:21:04.245302  5252 QuicServerWorker.cpp:134] Registered read on worker=0x55e3f687d800, thread=140043612997376, processId=0
I1224 00:21:09.611344  5250 QuicServerWorker.cpp:227] Worker=0x55e3f687ce20, Received data on thread=140043629782784, processId=0
I1224 00:21:09.611373  5250 LogQuicStats.h:24] server onPacketReceived
I1224 00:21:09.611380  5250 LogQuicStats.h:140] server onRead size=1232
W1224 00:21:09.611400  5250 Types.cpp:447] toString has unhandled version type
I1224 00:21:09.611394  5250 LogQuicStats.h:76] server onClientInitialReceived, version: UNKNOWN
I1224 00:21:09.611416  5250 QuicServerWorker.cpp:208] Version negotiation sent to client=127.0.0.1:4987
I1224 00:21:09.611425  5250 LogQuicStats.h:144] server onWrite size=43
I1224 00:21:09.611431  5250 LogQuicStats.h:36] server onPacketProcessed
I1224 00:21:09.611438  5250 LogQuicStats.h:40] server onPacketSent
I1224 00:21:09.770764  5250 QuicServerWorker.cpp:227] Worker=0x55e3f687ce20, Received data on thread=140043629782784, processId=0
I1224 00:21:09.770792  5250 LogQuicStats.h:24] server onPacketReceived
I1224 00:21:09.770800  5250 LogQuicStats.h:140] server onRead size=1232
I1224 00:21:09.770807  5250 LogQuicStats.h:76] server onClientInitialReceived, version: QUIC_DRAFT
I1224 00:21:09.770817  5250 QuicServerWorker.cpp:545] Creating new connection for client=127.0.0.1:4987, routingInfo=CID=0000000000000000, cidVersion=1, workerId=3, processId=0, hostId=0, threadId=140043629782784, 
I1224 00:21:09.770933  5250 LogQuicStats.h:118] server onStatelessReset
I1224 00:21:09.770961  5250 StateMachine-inl.h:41] Transition from Uninitialized to ExpectingClientHello
I1224 00:21:09.771026  5250 LogQuicStats.h:32] server onOutOfOrderPacketReceived
I1224 00:21:09.771034  5250 ServerStateMachine.cpp:952] Server received crypto data offset=0 len=391 currentReadOffset=0 client CID=0000000000000003 server CID=400000c566011b00 peer address=127.0.0.1:4987
I1224 00:21:09.771055  5250 RecordLayer.cpp:82] Received handshake message ClientHello
I1224 00:21:09.771162  5250 ServerHandshake.cpp:167] ServerHandshake error fizz::FizzException: no psk modes
I1224 00:21:09.771205  5250 QuicTransportBase.cpp:1870] onNetworkData fizz::FizzException: no psk modes client CID=0000000000000003 server CID=400000c566011b00 peer address=127.0.0.1:4987
I1224 00:21:09.771219  5250 QuicTransportBase.cpp:400] Stopping read looper due to immediate close client CID=0000000000000003 server CID=400000c566011b00 peer address=127.0.0.1:4987
I1224 00:21:09.771227  5250 FunctionLooper.cpp:88] stop: ReadLooper
I1224 00:21:09.771232  5250 FunctionLooper.cpp:88] stop: PeekLooper
I1224 00:21:09.771239  5250 FunctionLooper.cpp:88] stop: WriteLooper
I1224 00:21:09.771250  5250 QuicTransportBase.cpp:2651] Clearing 0 peek callbacks
I1224 00:21:09.771256  5250 QuicTransportBase.cpp:852] Stopping read looper client CID=0000000000000003 server CID=400000c566011b00 peer address=127.0.0.1:4987
I1224 00:21:09.771263  5250 FunctionLooper.cpp:88] stop: ReadLooper
I1224 00:21:09.771270  5250 QuicTransportBase.cpp:1196] Stopping peek looper client CID=0000000000000003 server CID=400000c566011b00 peer address=127.0.0.1:4987
I1224 00:21:09.771275  5250 FunctionLooper.cpp:88] stop: PeekLooper
I1224 00:21:09.771281  5250 QuicTransportBase.cpp:1233] Server stopping write looper because conn closed client CID=0000000000000003 server CID=400000c566011b00 peer address=127.0.0.1:4987
I1224 00:21:09.771288  5250 FunctionLooper.cpp:88] stop: WriteLooper
E1224 00:21:09.771296  5250 EchoHandler.h:53] Socket error=Crypto error: missing_extension
I1224 00:21:09.771314  5250 QuicTransportFunctions.cpp:1063] Server sent close packetNum=2358208 in space=InitialSpace client CID=0000000000000003 server CID=400000c566011b00 peer address=127.0.0.1:4987
I1224 00:21:09.771411  5250 LogQuicStats.h:144] server onWrite size=82
I1224 00:21:09.771425  5250 QuicTransportBase.cpp:852] Stopping read looper client CID=0000000000000003 server CID=400000c566011b00 peer address=127.0.0.1:4987
I1224 00:21:09.771431  5250 FunctionLooper.cpp:88] stop: ReadLooper
I1224 00:21:09.771437  5250 QuicTransportBase.cpp:1196] Stopping peek looper client CID=0000000000000003 server CID=400000c566011b00 peer address=127.0.0.1:4987
I1224 00:21:09.771445  5250 FunctionLooper.cpp:88] stop: PeekLooper
I1224 00:21:09.771450  5250 QuicTransportBase.cpp:1233] Server stopping write looper because conn closed client CID=0000000000000003 server CID=400000c566011b00 peer address=127.0.0.1:4987
I1224 00:21:09.771456  5250 FunctionLooper.cpp:88] stop: WriteLooper
*** Aborted at 1640305269 (Unix time, try 'date -d @1640305269') ***
*** Signal 15 (SIGTERM) (0x1479) received by PID 5244 (pthread TID 0x7f5e77997ec0) (linux TID 5244) (maybe from PID 5241, UID 0) (code: 0), stack trace: ***
(error retrieving stack trace)
