I1224 00:21:43.736799  5506 EventBase.cpp:308] EventBase(): Starting loop.
I1224 00:21:43.737071  5507 EventBase.cpp:308] EventBase(): Starting loop.
I1224 00:21:43.737224  5508 EventBase.cpp:308] EventBase(): Starting loop.
I1224 00:21:43.739053  5509 EventBase.cpp:308] EventBase(): Starting loop.
I1224 00:21:43.739272  5510 EventBase.cpp:308] EventBase(): Starting loop.
I1224 00:21:43.741290  5511 EventBase.cpp:308] EventBase(): Starting loop.
I1224 00:21:43.741464  5506 QuicServer.cpp:268] No valid takenover fd found for address=127.0.0.1:4443. binding on worker=0x55be2de2fec0 workerId=0 processId=0
I1224 00:21:43.741724  5507 QuicServer.cpp:268] No valid takenover fd found for address=127.0.0.1:4443. binding on worker=0x55be2de30500 workerId=1 processId=0
I1224 00:21:43.741886  5508 QuicServer.cpp:268] No valid takenover fd found for address=127.0.0.1:4443. binding on worker=0x55be2de30940 workerId=2 processId=0
I1224 00:21:43.741999  5509 QuicServer.cpp:268] No valid takenover fd found for address=127.0.0.1:4443. binding on worker=0x55be2de30e20 workerId=3 processId=0
I1224 00:21:43.742101  5510 QuicServer.cpp:268] No valid takenover fd found for address=127.0.0.1:4443. binding on worker=0x55be2de31300 workerId=4 processId=0
I1224 00:21:43.742262  5511 QuicServer.cpp:268] No valid takenover fd found for address=127.0.0.1:4443. binding on worker=0x55be2de31800 workerId=5 processId=0
I1224 00:21:43.742290  5511 QuicServer.cpp:295] Initialized all workers in the eventbase
I1224 00:21:43.742393  5503 EchoServer.h:90] Echo server started at: 127.0.0.1:4443
I1224 00:21:43.742455  5503 EventBase.cpp:308] EventBase(): Starting loop.
I1224 00:21:43.742488  5511 QuicServerWorker.cpp:134] Registered read on worker=0x55be2de31800, thread=140688675030784, processId=0
I1224 00:21:43.742511  5507 QuicServerWorker.cpp:134] Registered read on worker=0x55be2de30500, thread=140688783808256, processId=0
I1224 00:21:43.742512  5508 QuicServerWorker.cpp:134] Registered read on worker=0x55be2de30940, thread=140688700208896, processId=0
I1224 00:21:43.742604  5510 QuicServerWorker.cpp:134] Registered read on worker=0x55be2de31300, thread=140688683423488, processId=0
I1224 00:21:43.742517  5506 QuicServerWorker.cpp:134] Registered read on worker=0x55be2de2fec0, thread=140688792200960, processId=0
I1224 00:21:43.742519  5509 QuicServerWorker.cpp:134] Registered read on worker=0x55be2de30e20, thread=140688691816192, processId=0
I1224 00:21:49.119616  5509 QuicServerWorker.cpp:227] Worker=0x55be2de30e20, Received data on thread=140688691816192, processId=0
I1224 00:21:49.119643  5509 LogQuicStats.h:24] server onPacketReceived
I1224 00:21:49.119650  5509 LogQuicStats.h:140] server onRead size=1232
W1224 00:21:49.119670  5509 Types.cpp:447] toString has unhandled version type
I1224 00:21:49.119665  5509 LogQuicStats.h:76] server onClientInitialReceived, version: UNKNOWN
I1224 00:21:49.119686  5509 QuicServerWorker.cpp:208] Version negotiation sent to client=127.0.0.1:4987
I1224 00:21:49.119695  5509 LogQuicStats.h:144] server onWrite size=43
I1224 00:21:49.119719  5509 LogQuicStats.h:36] server onPacketProcessed
I1224 00:21:49.119726  5509 LogQuicStats.h:40] server onPacketSent
I1224 00:21:49.337872  5509 QuicServerWorker.cpp:227] Worker=0x55be2de30e20, Received data on thread=140688691816192, processId=0
I1224 00:21:49.337903  5509 LogQuicStats.h:24] server onPacketReceived
I1224 00:21:49.337909  5509 LogQuicStats.h:140] server onRead size=1232
I1224 00:21:49.337916  5509 LogQuicStats.h:76] server onClientInitialReceived, version: QUIC_DRAFT
I1224 00:21:49.337926  5509 QuicServerWorker.cpp:545] Creating new connection for client=127.0.0.1:4987, routingInfo=CID=0000000000000000, cidVersion=1, workerId=3, processId=0, hostId=0, threadId=140688691816192, 
I1224 00:21:49.338035  5509 LogQuicStats.h:118] server onStatelessReset
I1224 00:21:49.338063  5509 StateMachine-inl.h:41] Transition from Uninitialized to ExpectingClientHello
I1224 00:21:49.338142  5509 LogQuicStats.h:32] server onOutOfOrderPacketReceived
I1224 00:21:49.338150  5509 ServerStateMachine.cpp:952] Server received crypto data offset=0 len=391 currentReadOffset=0 client CID=0000000000000003 server CID=400000d6103bb25a peer address=127.0.0.1:4987
I1224 00:21:49.338171  5509 RecordLayer.cpp:82] Received handshake message ClientHello
I1224 00:21:49.338276  5509 ServerHandshake.cpp:167] ServerHandshake error fizz::FizzException: no psk modes
I1224 00:21:49.338320  5509 QuicTransportBase.cpp:1870] onNetworkData fizz::FizzException: no psk modes client CID=0000000000000003 server CID=400000d6103bb25a peer address=127.0.0.1:4987
I1224 00:21:49.338333  5509 QuicTransportBase.cpp:400] Stopping read looper due to immediate close client CID=0000000000000003 server CID=400000d6103bb25a peer address=127.0.0.1:4987
I1224 00:21:49.338341  5509 FunctionLooper.cpp:88] stop: ReadLooper
I1224 00:21:49.338346  5509 FunctionLooper.cpp:88] stop: PeekLooper
I1224 00:21:49.338352  5509 FunctionLooper.cpp:88] stop: WriteLooper
I1224 00:21:49.338363  5509 QuicTransportBase.cpp:2651] Clearing 0 peek callbacks
I1224 00:21:49.338371  5509 QuicTransportBase.cpp:852] Stopping read looper client CID=0000000000000003 server CID=400000d6103bb25a peer address=127.0.0.1:4987
I1224 00:21:49.338376  5509 FunctionLooper.cpp:88] stop: ReadLooper
I1224 00:21:49.338382  5509 QuicTransportBase.cpp:1196] Stopping peek looper client CID=0000000000000003 server CID=400000d6103bb25a peer address=127.0.0.1:4987
I1224 00:21:49.338388  5509 FunctionLooper.cpp:88] stop: PeekLooper
I1224 00:21:49.338394  5509 QuicTransportBase.cpp:1233] Server stopping write looper because conn closed client CID=0000000000000003 server CID=400000d6103bb25a peer address=127.0.0.1:4987
I1224 00:21:49.338402  5509 FunctionLooper.cpp:88] stop: WriteLooper
E1224 00:21:49.338408  5509 EchoHandler.h:53] Socket error=Crypto error: missing_extension
I1224 00:21:49.338428  5509 QuicTransportFunctions.cpp:1063] Server sent close packetNum=779740 in space=InitialSpace client CID=0000000000000003 server CID=400000d6103bb25a peer address=127.0.0.1:4987
I1224 00:21:49.338457  5509 LogQuicStats.h:144] server onWrite size=82
I1224 00:21:49.338469  5509 QuicTransportBase.cpp:852] Stopping read looper client CID=0000000000000003 server CID=400000d6103bb25a peer address=127.0.0.1:4987
I1224 00:21:49.338476  5509 FunctionLooper.cpp:88] stop: ReadLooper
I1224 00:21:49.338481  5509 QuicTransportBase.cpp:1196] Stopping peek looper client CID=0000000000000003 server CID=400000d6103bb25a peer address=127.0.0.1:4987
I1224 00:21:49.338488  5509 FunctionLooper.cpp:88] stop: PeekLooper
I1224 00:21:49.338495  5509 QuicTransportBase.cpp:1233] Server stopping write looper because conn closed client CID=0000000000000003 server CID=400000d6103bb25a peer address=127.0.0.1:4987
I1224 00:21:49.338500  5509 FunctionLooper.cpp:88] stop: WriteLooper
*** Aborted at 1640305309 (Unix time, try 'date -d @1640305309') ***
*** Signal 15 (SIGTERM) (0x157c) received by PID 5503 (pthread TID 0x7ff4acc68ec0) (linux TID 5503) (maybe from PID 5500, UID 0) (code: 0), stack trace: ***
(error retrieving stack trace)
