I1224 00:21:55.037983  5580 EventBase.cpp:308] EventBase(): Starting loop.
I1224 00:21:55.038172  5581 EventBase.cpp:308] EventBase(): Starting loop.
I1224 00:21:55.039425  5582 EventBase.cpp:308] EventBase(): Starting loop.
I1224 00:21:55.039597  5583 EventBase.cpp:308] EventBase(): Starting loop.
I1224 00:21:55.039717  5584 EventBase.cpp:308] EventBase(): Starting loop.
I1224 00:21:55.042990  5585 EventBase.cpp:308] EventBase(): Starting loop.
I1224 00:21:55.043143  5580 QuicServer.cpp:268] No valid takenover fd found for address=127.0.0.1:4443. binding on worker=0x55826a25bec0 workerId=0 processId=0
I1224 00:21:55.043332  5581 QuicServer.cpp:268] No valid takenover fd found for address=127.0.0.1:4443. binding on worker=0x55826a25c500 workerId=1 processId=0
I1224 00:21:55.043495  5582 QuicServer.cpp:268] No valid takenover fd found for address=127.0.0.1:4443. binding on worker=0x55826a25c940 workerId=2 processId=0
I1224 00:21:55.043659  5583 QuicServer.cpp:268] No valid takenover fd found for address=127.0.0.1:4443. binding on worker=0x55826a25ce20 workerId=3 processId=0
I1224 00:21:55.043817  5584 QuicServer.cpp:268] No valid takenover fd found for address=127.0.0.1:4443. binding on worker=0x55826a25d300 workerId=4 processId=0
I1224 00:21:55.043973  5585 QuicServer.cpp:268] No valid takenover fd found for address=127.0.0.1:4443. binding on worker=0x55826a25d800 workerId=5 processId=0
I1224 00:21:55.044001  5585 QuicServer.cpp:295] Initialized all workers in the eventbase
I1224 00:21:55.044098  5577 EchoServer.h:90] Echo server started at: 127.0.0.1:4443
I1224 00:21:55.044142  5577 EventBase.cpp:308] EventBase(): Starting loop.
I1224 00:21:55.044212  5580 QuicServerWorker.cpp:134] Registered read on worker=0x55826a25bec0, thread=139903426688768, processId=0
I1224 00:21:55.044263  5584 QuicServerWorker.cpp:134] Registered read on worker=0x55826a25d300, thread=139903190955776, processId=0
I1224 00:21:55.044296  5583 QuicServerWorker.cpp:134] Registered read on worker=0x55826a25ce20, thread=139903401510656, processId=0
I1224 00:21:55.044219  5582 QuicServerWorker.cpp:134] Registered read on worker=0x55826a25c940, thread=139903409903360, processId=0
I1224 00:21:55.044302  5585 QuicServerWorker.cpp:134] Registered read on worker=0x55826a25d800, thread=139903182563072, processId=0
I1224 00:21:55.044216  5581 QuicServerWorker.cpp:134] Registered read on worker=0x55826a25c500, thread=139903418296064, processId=0
I1224 00:22:00.356587  5583 QuicServerWorker.cpp:227] Worker=0x55826a25ce20, Received data on thread=139903401510656, processId=0
I1224 00:22:00.356616  5583 LogQuicStats.h:24] server onPacketReceived
I1224 00:22:00.356623  5583 LogQuicStats.h:140] server onRead size=1232
W1224 00:22:00.356644  5583 Types.cpp:447] toString has unhandled version type
I1224 00:22:00.356638  5583 LogQuicStats.h:76] server onClientInitialReceived, version: UNKNOWN
I1224 00:22:00.356662  5583 QuicServerWorker.cpp:208] Version negotiation sent to client=127.0.0.1:4987
I1224 00:22:00.356670  5583 LogQuicStats.h:144] server onWrite size=43
I1224 00:22:00.356678  5583 LogQuicStats.h:36] server onPacketProcessed
I1224 00:22:00.356683  5583 LogQuicStats.h:40] server onPacketSent
I1224 00:22:00.579427  5583 QuicServerWorker.cpp:227] Worker=0x55826a25ce20, Received data on thread=139903401510656, processId=0
I1224 00:22:00.579453  5583 LogQuicStats.h:24] server onPacketReceived
I1224 00:22:00.579460  5583 LogQuicStats.h:140] server onRead size=1232
I1224 00:22:00.579468  5583 LogQuicStats.h:76] server onClientInitialReceived, version: QUIC_DRAFT
I1224 00:22:00.579478  5583 QuicServerWorker.cpp:545] Creating new connection for client=127.0.0.1:4987, routingInfo=CID=0000000000000000, cidVersion=1, workerId=3, processId=0, hostId=0, threadId=139903401510656, 
I1224 00:22:00.579589  5583 LogQuicStats.h:118] server onStatelessReset
I1224 00:22:00.579617  5583 StateMachine-inl.h:41] Transition from Uninitialized to ExpectingClientHello
I1224 00:22:00.579680  5583 LogQuicStats.h:32] server onOutOfOrderPacketReceived
I1224 00:22:00.579689  5583 ServerStateMachine.cpp:952] Server received crypto data offset=0 len=391 currentReadOffset=0 client CID=0000000000000003 server CID=400000d03c0e63bf peer address=127.0.0.1:4987
I1224 00:22:00.579715  5583 RecordLayer.cpp:82] Received handshake message ClientHello
I1224 00:22:00.579807  5583 ServerHandshake.cpp:167] ServerHandshake error fizz::FizzException: no psk modes
I1224 00:22:00.579851  5583 QuicTransportBase.cpp:1870] onNetworkData fizz::FizzException: no psk modes client CID=0000000000000003 server CID=400000d03c0e63bf peer address=127.0.0.1:4987
I1224 00:22:00.579864  5583 QuicTransportBase.cpp:400] Stopping read looper due to immediate close client CID=0000000000000003 server CID=400000d03c0e63bf peer address=127.0.0.1:4987
I1224 00:22:00.579872  5583 FunctionLooper.cpp:88] stop: ReadLooper
I1224 00:22:00.579878  5583 FunctionLooper.cpp:88] stop: PeekLooper
I1224 00:22:00.579910  5583 FunctionLooper.cpp:88] stop: WriteLooper
I1224 00:22:00.579918  5583 QuicTransportBase.cpp:2651] Clearing 0 peek callbacks
I1224 00:22:00.579926  5583 QuicTransportBase.cpp:852] Stopping read looper client CID=0000000000000003 server CID=400000d03c0e63bf peer address=127.0.0.1:4987
I1224 00:22:00.579933  5583 FunctionLooper.cpp:88] stop: ReadLooper
I1224 00:22:00.579939  5583 QuicTransportBase.cpp:1196] Stopping peek looper client CID=0000000000000003 server CID=400000d03c0e63bf peer address=127.0.0.1:4987
I1224 00:22:00.579946  5583 FunctionLooper.cpp:88] stop: PeekLooper
I1224 00:22:00.579952  5583 QuicTransportBase.cpp:1233] Server stopping write looper because conn closed client CID=0000000000000003 server CID=400000d03c0e63bf peer address=127.0.0.1:4987
I1224 00:22:00.579958  5583 FunctionLooper.cpp:88] stop: WriteLooper
E1224 00:22:00.579965  5583 EchoHandler.h:53] Socket error=Crypto error: missing_extension
I1224 00:22:00.579988  5583 QuicTransportFunctions.cpp:1063] Server sent close packetNum=11146524 in space=InitialSpace client CID=0000000000000003 server CID=400000d03c0e63bf peer address=127.0.0.1:4987
I1224 00:22:00.580027  5583 LogQuicStats.h:144] server onWrite size=83
I1224 00:22:00.580044  5583 QuicTransportBase.cpp:852] Stopping read looper client CID=0000000000000003 server CID=400000d03c0e63bf peer address=127.0.0.1:4987
I1224 00:22:00.580051  5583 FunctionLooper.cpp:88] stop: ReadLooper
I1224 00:22:00.580057  5583 QuicTransportBase.cpp:1196] Stopping peek looper client CID=0000000000000003 server CID=400000d03c0e63bf peer address=127.0.0.1:4987
I1224 00:22:00.580065  5583 FunctionLooper.cpp:88] stop: PeekLooper
I1224 00:22:00.580070  5583 QuicTransportBase.cpp:1233] Server stopping write looper because conn closed client CID=0000000000000003 server CID=400000d03c0e63bf peer address=127.0.0.1:4987
I1224 00:22:00.580077  5583 FunctionLooper.cpp:88] stop: WriteLooper
*** Aborted at 1640305320 (Unix time, try 'date -d @1640305320') ***
*** Signal 15 (SIGTERM) (0x15c6) received by PID 5577 (pthread TID 0x7f3dd157dec0) (linux TID 5577) (maybe from PID 5574, UID 0) (code: 0), stack trace: ***
(error retrieving stack trace)
