I1223 18:27:53.755579  9415 EventBase.cpp:308] EventBase(): Starting loop.
I1223 18:27:53.755842  9416 EventBase.cpp:308] EventBase(): Starting loop.
I1223 18:27:53.756014  9417 EventBase.cpp:308] EventBase(): Starting loop.
I1223 18:27:53.766616  9418 EventBase.cpp:308] EventBase(): Starting loop.
I1223 18:27:53.767093  9420 EventBase.cpp:308] EventBase(): Starting loop.
I1223 18:27:53.768477  9421 EventBase.cpp:308] EventBase(): Starting loop.
I1223 18:27:53.768627  9415 QuicServer.cpp:268] No valid takenover fd found for address=127.0.0.1:4443. binding on worker=0x56092f88e040 workerId=0 processId=0
I1223 18:27:53.768829  9416 QuicServer.cpp:268] No valid takenover fd found for address=127.0.0.1:4443. binding on worker=0x56092f88e680 workerId=1 processId=0
I1223 18:27:53.769001  9417 QuicServer.cpp:268] No valid takenover fd found for address=127.0.0.1:4443. binding on worker=0x56092f88eb30 workerId=2 processId=0
I1223 18:27:53.769213  9418 QuicServer.cpp:268] No valid takenover fd found for address=127.0.0.1:4443. binding on worker=0x56092f88f010 workerId=3 processId=0
I1223 18:27:53.769418  9420 QuicServer.cpp:268] No valid takenover fd found for address=127.0.0.1:4443. binding on worker=0x56092f88f4f0 workerId=4 processId=0
I1223 18:27:53.769626  9421 QuicServer.cpp:268] No valid takenover fd found for address=127.0.0.1:4443. binding on worker=0x56092f88f9f0 workerId=5 processId=0
I1223 18:27:53.769670  9421 QuicServer.cpp:295] Initialized all workers in the eventbase
I1223 18:27:53.769817  9413 EchoServer.h:90] Echo server started at: 127.0.0.1:4443
I1223 18:27:53.769843  9413 EventBase.cpp:308] EventBase(): Starting loop.
I1223 18:27:53.769886  9418 QuicServerWorker.cpp:134] Registered read on worker=0x56092f88f010, thread=140506532730624, processId=0
I1223 18:27:53.769914  9417 QuicServerWorker.cpp:134] Registered read on worker=0x56092f88eb30, thread=140506541123328, processId=0
I1223 18:27:53.769922  9416 QuicServerWorker.cpp:134] Registered read on worker=0x56092f88e680, thread=140506549516032, processId=0
I1223 18:27:53.769964  9420 QuicServerWorker.cpp:134] Registered read on worker=0x56092f88f4f0, thread=140506524337920, processId=0
I1223 18:27:53.769896  9415 QuicServerWorker.cpp:134] Registered read on worker=0x56092f88e040, thread=140506557908736, processId=0
I1223 18:27:53.770015  9421 QuicServerWorker.cpp:134] Registered read on worker=0x56092f88f9f0, thread=140506515945216, processId=0
I1223 18:27:59.376061  9418 QuicServerWorker.cpp:227] Worker=0x56092f88f010, Received data on thread=140506532730624, processId=0
I1223 18:27:59.376104  9418 LogQuicStats.h:24] server onPacketReceived
I1223 18:27:59.376112  9418 LogQuicStats.h:140] server onRead size=1232
I1223 18:27:59.376128  9418 LogQuicStats.h:76] server onClientInitialReceived, version: QUIC_DRAFT
I1223 18:27:59.376139  9418 QuicServerWorker.cpp:545] Creating new connection for client=127.0.0.1:4987, routingInfo=CID=0000000000000002, cidVersion=1, workerId=3, processId=0, hostId=0, threadId=140506532730624, 
I1223 18:27:59.376253  9418 LogQuicStats.h:118] server onStatelessReset
I1223 18:27:59.376282  9418 StateMachine-inl.h:41] Transition from Uninitialized to ExpectingClientHello
I1223 18:27:59.376354  9418 LogQuicStats.h:32] server onOutOfOrderPacketReceived
I1223 18:27:59.376363  9418 ServerStateMachine.cpp:952] Server received crypto data offset=0 len=391 currentReadOffset=0 client CID=0000000000000001 server CID=400000dc5d9f14cd peer address=127.0.0.1:4987
I1223 18:27:59.376379  9418 RecordLayer.cpp:82] Received handshake message ClientHello
I1223 18:27:59.376484  9418 ServerHandshake.cpp:167] ServerHandshake error fizz::FizzException: no psk modes
I1223 18:27:59.376533  9418 QuicTransportBase.cpp:1870] onNetworkData fizz::FizzException: no psk modes client CID=0000000000000001 server CID=400000dc5d9f14cd peer address=127.0.0.1:4987
I1223 18:27:59.376547  9418 QuicTransportBase.cpp:400] Stopping read looper due to immediate close client CID=0000000000000001 server CID=400000dc5d9f14cd peer address=127.0.0.1:4987
I1223 18:27:59.376556  9418 FunctionLooper.cpp:88] stop: ReadLooper
I1223 18:27:59.376570  9418 FunctionLooper.cpp:88] stop: PeekLooper
I1223 18:27:59.376577  9418 FunctionLooper.cpp:88] stop: WriteLooper
I1223 18:27:59.376585  9418 QuicTransportBase.cpp:2651] Clearing 0 peek callbacks
I1223 18:27:59.376591  9418 QuicTransportBase.cpp:852] Stopping read looper client CID=0000000000000001 server CID=400000dc5d9f14cd peer address=127.0.0.1:4987
I1223 18:27:59.376600  9418 FunctionLooper.cpp:88] stop: ReadLooper
I1223 18:27:59.376606  9418 QuicTransportBase.cpp:1196] Stopping peek looper client CID=0000000000000001 server CID=400000dc5d9f14cd peer address=127.0.0.1:4987
I1223 18:27:59.376613  9418 FunctionLooper.cpp:88] stop: PeekLooper
I1223 18:27:59.376619  9418 QuicTransportBase.cpp:1233] Server stopping write looper because conn closed client CID=0000000000000001 server CID=400000dc5d9f14cd peer address=127.0.0.1:4987
I1223 18:27:59.376627  9418 FunctionLooper.cpp:88] stop: WriteLooper
E1223 18:27:59.376634  9418 EchoHandler.h:53] Socket error=Crypto error: missing_extension
I1223 18:27:59.376657  9418 QuicTransportFunctions.cpp:1063] Server sent close packetNum=11198090 in space=InitialSpace client CID=0000000000000001 server CID=400000dc5d9f14cd peer address=127.0.0.1:4987
I1223 18:27:59.376682  9418 LogQuicStats.h:144] server onWrite size=83
I1223 18:27:59.376693  9418 QuicTransportBase.cpp:852] Stopping read looper client CID=0000000000000001 server CID=400000dc5d9f14cd peer address=127.0.0.1:4987
I1223 18:27:59.376701  9418 FunctionLooper.cpp:88] stop: ReadLooper
I1223 18:27:59.376708  9418 QuicTransportBase.cpp:1196] Stopping peek looper client CID=0000000000000001 server CID=400000dc5d9f14cd peer address=127.0.0.1:4987
I1223 18:27:59.376715  9418 FunctionLooper.cpp:88] stop: PeekLooper
I1223 18:27:59.376721  9418 QuicTransportBase.cpp:1233] Server stopping write looper because conn closed client CID=0000000000000001 server CID=400000dc5d9f14cd peer address=127.0.0.1:4987
I1223 18:27:59.376729  9418 FunctionLooper.cpp:88] stop: WriteLooper
*** Aborted at 1640284079 (Unix time, try 'date -d @1640284079') ***
*** Signal 15 (SIGTERM) (0x24c2) received by PID 9413 (pthread TID 0x7fca3ec3eec0) (linux TID 9413) (maybe from PID 9410, UID 0) (code: 0), stack trace: ***
(error retrieving stack trace)
