I1223 18:35:24.508623 12339 EventBase.cpp:308] EventBase(): Starting loop.
I1223 18:35:24.510869 12340 EventBase.cpp:308] EventBase(): Starting loop.
I1223 18:35:24.511036 12341 EventBase.cpp:308] EventBase(): Starting loop.
I1223 18:35:24.511173 12342 EventBase.cpp:308] EventBase(): Starting loop.
I1223 18:35:24.515089 12343 EventBase.cpp:308] EventBase(): Starting loop.
I1223 18:35:24.519186 12344 EventBase.cpp:308] EventBase(): Starting loop.
I1223 18:35:24.519344 12339 QuicServer.cpp:268] No valid takenover fd found for address=127.0.0.1:4443. binding on worker=0x55ce076c6040 workerId=0 processId=0
I1223 18:35:24.519520 12340 QuicServer.cpp:268] No valid takenover fd found for address=127.0.0.1:4443. binding on worker=0x55ce076c6680 workerId=1 processId=0
I1223 18:35:24.520066 12341 QuicServer.cpp:268] No valid takenover fd found for address=127.0.0.1:4443. binding on worker=0x55ce076c6b30 workerId=2 processId=0
I1223 18:35:24.520207 12342 QuicServer.cpp:268] No valid takenover fd found for address=127.0.0.1:4443. binding on worker=0x55ce076c7010 workerId=3 processId=0
I1223 18:35:24.520365 12343 QuicServer.cpp:268] No valid takenover fd found for address=127.0.0.1:4443. binding on worker=0x55ce076c74f0 workerId=4 processId=0
I1223 18:35:24.520450 12344 QuicServer.cpp:268] No valid takenover fd found for address=127.0.0.1:4443. binding on worker=0x55ce076c79f0 workerId=5 processId=0
I1223 18:35:24.520491 12344 QuicServer.cpp:295] Initialized all workers in the eventbase
I1223 18:35:24.520624 12336 EchoServer.h:90] Echo server started at: 127.0.0.1:4443
I1223 18:35:24.520673 12336 EventBase.cpp:308] EventBase(): Starting loop.
I1223 18:35:24.520691 12344 QuicServerWorker.cpp:134] Registered read on worker=0x55ce076c79f0, thread=139876993320704, processId=0
I1223 18:35:24.520709 12339 QuicServerWorker.cpp:134] Registered read on worker=0x55ce076c6040, thread=139877106558720, processId=0
I1223 18:35:24.520718 12341 QuicServerWorker.cpp:134] Registered read on worker=0x55ce076c6b30, thread=139877018498816, processId=0
I1223 18:35:24.520721 12340 QuicServerWorker.cpp:134] Registered read on worker=0x55ce076c6680, thread=139877098166016, processId=0
I1223 18:35:24.520779 12342 QuicServerWorker.cpp:134] Registered read on worker=0x55ce076c7010, thread=139877010106112, processId=0
I1223 18:35:24.520803 12343 QuicServerWorker.cpp:134] Registered read on worker=0x55ce076c74f0, thread=139877001713408, processId=0
I1223 18:35:30.130074 12342 QuicServerWorker.cpp:227] Worker=0x55ce076c7010, Received data on thread=139877010106112, processId=0
I1223 18:35:30.130102 12342 LogQuicStats.h:24] server onPacketReceived
I1223 18:35:30.130110 12342 LogQuicStats.h:140] server onRead size=1232
I1223 18:35:30.130124 12342 LogQuicStats.h:76] server onClientInitialReceived, version: QUIC_DRAFT
I1223 18:35:30.130134 12342 QuicServerWorker.cpp:545] Creating new connection for client=127.0.0.1:4987, routingInfo=CID=0000000000000002, cidVersion=1, workerId=3, processId=0, hostId=0, threadId=139877010106112, 
I1223 18:35:30.130287 12342 LogQuicStats.h:118] server onStatelessReset
I1223 18:35:30.130374 12342 StateMachine-inl.h:41] Transition from Uninitialized to ExpectingClientHello
I1223 18:35:30.130446 12342 LogQuicStats.h:32] server onOutOfOrderPacketReceived
I1223 18:35:30.130455 12342 ServerStateMachine.cpp:952] Server received crypto data offset=0 len=391 currentReadOffset=0 client CID=0000000000000001 server CID=400000d440c20376 peer address=127.0.0.1:4987
I1223 18:35:30.130470 12342 RecordLayer.cpp:82] Received handshake message ClientHello
I1223 18:35:30.130582 12342 ServerHandshake.cpp:167] ServerHandshake error fizz::FizzException: no psk modes
I1223 18:35:30.130630 12342 QuicTransportBase.cpp:1870] onNetworkData fizz::FizzException: no psk modes client CID=0000000000000001 server CID=400000d440c20376 peer address=127.0.0.1:4987
I1223 18:35:30.130643 12342 QuicTransportBase.cpp:400] Stopping read looper due to immediate close client CID=0000000000000001 server CID=400000d440c20376 peer address=127.0.0.1:4987
I1223 18:35:30.130652 12342 FunctionLooper.cpp:88] stop: ReadLooper
I1223 18:35:30.130668 12342 FunctionLooper.cpp:88] stop: PeekLooper
I1223 18:35:30.130676 12342 FunctionLooper.cpp:88] stop: WriteLooper
I1223 18:35:30.130682 12342 QuicTransportBase.cpp:2651] Clearing 0 peek callbacks
I1223 18:35:30.130689 12342 QuicTransportBase.cpp:852] Stopping read looper client CID=0000000000000001 server CID=400000d440c20376 peer address=127.0.0.1:4987
I1223 18:35:30.130695 12342 FunctionLooper.cpp:88] stop: ReadLooper
I1223 18:35:30.130702 12342 QuicTransportBase.cpp:1196] Stopping peek looper client CID=0000000000000001 server CID=400000d440c20376 peer address=127.0.0.1:4987
I1223 18:35:30.130709 12342 FunctionLooper.cpp:88] stop: PeekLooper
I1223 18:35:30.130715 12342 QuicTransportBase.cpp:1233] Server stopping write looper because conn closed client CID=0000000000000001 server CID=400000d440c20376 peer address=127.0.0.1:4987
I1223 18:35:30.130721 12342 FunctionLooper.cpp:88] stop: WriteLooper
E1223 18:35:30.130728 12342 EchoHandler.h:53] Socket error=Crypto error: missing_extension
I1223 18:35:30.130748 12342 QuicTransportFunctions.cpp:1063] Server sent close packetNum=12446670 in space=InitialSpace client CID=0000000000000001 server CID=400000d440c20376 peer address=127.0.0.1:4987
I1223 18:35:30.130771 12342 LogQuicStats.h:144] server onWrite size=83
I1223 18:35:30.130782 12342 QuicTransportBase.cpp:852] Stopping read looper client CID=0000000000000001 server CID=400000d440c20376 peer address=127.0.0.1:4987
I1223 18:35:30.130789 12342 FunctionLooper.cpp:88] stop: ReadLooper
I1223 18:35:30.130795 12342 QuicTransportBase.cpp:1196] Stopping peek looper client CID=0000000000000001 server CID=400000d440c20376 peer address=127.0.0.1:4987
I1223 18:35:30.130802 12342 FunctionLooper.cpp:88] stop: PeekLooper
I1223 18:35:30.130808 12342 QuicTransportBase.cpp:1233] Server stopping write looper because conn closed client CID=0000000000000001 server CID=400000d440c20376 peer address=127.0.0.1:4987
I1223 18:35:30.130815 12342 FunctionLooper.cpp:88] stop: WriteLooper
*** Aborted at 1640284530 (Unix time, try 'date -d @1640284530') ***
*** Signal 15 (SIGTERM) (0x302d) received by PID 12336 (pthread TID 0x7f37b08a8ec0) (linux TID 12336) (maybe from PID 12333, UID 0) (code: 0), stack trace: ***
(error retrieving stack trace)
