I1224 00:22:34.604815  5839 EventBase.cpp:308] EventBase(): Starting loop.
I1224 00:22:34.606386  5840 EventBase.cpp:308] EventBase(): Starting loop.
I1224 00:22:34.606536  5841 EventBase.cpp:308] EventBase(): Starting loop.
I1224 00:22:34.611129  5842 EventBase.cpp:308] EventBase(): Starting loop.
I1224 00:22:34.615031  5843 EventBase.cpp:308] EventBase(): Starting loop.
I1224 00:22:34.615878  5844 EventBase.cpp:308] EventBase(): Starting loop.
I1224 00:22:34.616020  5839 QuicServer.cpp:268] No valid takenover fd found for address=127.0.0.1:4443. binding on worker=0x556296230ec0 workerId=0 processId=0
I1224 00:22:34.616189  5840 QuicServer.cpp:268] No valid takenover fd found for address=127.0.0.1:4443. binding on worker=0x556296231500 workerId=1 processId=0
I1224 00:22:34.616364  5841 QuicServer.cpp:268] No valid takenover fd found for address=127.0.0.1:4443. binding on worker=0x556296231940 workerId=2 processId=0
I1224 00:22:34.616523  5842 QuicServer.cpp:268] No valid takenover fd found for address=127.0.0.1:4443. binding on worker=0x556296231e20 workerId=3 processId=0
I1224 00:22:34.616686  5843 QuicServer.cpp:268] No valid takenover fd found for address=127.0.0.1:4443. binding on worker=0x556296232300 workerId=4 processId=0
I1224 00:22:34.616845  5844 QuicServer.cpp:268] No valid takenover fd found for address=127.0.0.1:4443. binding on worker=0x556296232800 workerId=5 processId=0
I1224 00:22:34.616874  5844 QuicServer.cpp:295] Initialized all workers in the eventbase
I1224 00:22:34.616973  5836 EchoServer.h:90] Echo server started at: 127.0.0.1:4443
I1224 00:22:34.616991  5836 EventBase.cpp:308] EventBase(): Starting loop.
I1224 00:22:34.617043  5839 QuicServerWorker.cpp:134] Registered read on worker=0x556296230ec0, thread=139784548853504, processId=0
I1224 00:22:34.617066  5844 QuicServerWorker.cpp:134] Registered read on worker=0x556296232800, thread=139784506889984, processId=0
I1224 00:22:34.617094  5842 QuicServerWorker.cpp:134] Registered read on worker=0x556296231e20, thread=139784523675392, processId=0
I1224 00:22:34.617118  5840 QuicServerWorker.cpp:134] Registered read on worker=0x556296231500, thread=139784540460800, processId=0
I1224 00:22:34.617067  5841 QuicServerWorker.cpp:134] Registered read on worker=0x556296231940, thread=139784532068096, processId=0
I1224 00:22:34.617162  5843 QuicServerWorker.cpp:134] Registered read on worker=0x556296232300, thread=139784515282688, processId=0
I1224 00:22:40.026094  5842 QuicServerWorker.cpp:227] Worker=0x556296231e20, Received data on thread=139784523675392, processId=0
I1224 00:22:40.026124  5842 LogQuicStats.h:24] server onPacketReceived
I1224 00:22:40.026130  5842 LogQuicStats.h:140] server onRead size=1232
W1224 00:22:40.026150  5842 Types.cpp:447] toString has unhandled version type
I1224 00:22:40.026145  5842 LogQuicStats.h:76] server onClientInitialReceived, version: UNKNOWN
I1224 00:22:40.026166  5842 QuicServerWorker.cpp:208] Version negotiation sent to client=127.0.0.1:4987
I1224 00:22:40.026175  5842 LogQuicStats.h:144] server onWrite size=43
I1224 00:22:40.026181  5842 LogQuicStats.h:36] server onPacketProcessed
I1224 00:22:40.026186  5842 LogQuicStats.h:40] server onPacketSent
I1224 00:22:40.190220  5842 QuicServerWorker.cpp:227] Worker=0x556296231e20, Received data on thread=139784523675392, processId=0
I1224 00:22:40.190250  5842 LogQuicStats.h:24] server onPacketReceived
I1224 00:22:40.190258  5842 LogQuicStats.h:140] server onRead size=1232
I1224 00:22:40.190264  5842 LogQuicStats.h:76] server onClientInitialReceived, version: QUIC_DRAFT
I1224 00:22:40.190275  5842 QuicServerWorker.cpp:545] Creating new connection for client=127.0.0.1:4987, routingInfo=CID=0000000000000000, cidVersion=1, workerId=3, processId=0, hostId=0, threadId=139784523675392, 
I1224 00:22:40.190395  5842 LogQuicStats.h:118] server onStatelessReset
I1224 00:22:40.190423  5842 StateMachine-inl.h:41] Transition from Uninitialized to ExpectingClientHello
I1224 00:22:40.190488  5842 LogQuicStats.h:32] server onOutOfOrderPacketReceived
I1224 00:22:40.190497  5842 ServerStateMachine.cpp:952] Server received crypto data offset=0 len=391 currentReadOffset=0 client CID=0000000000000003 server CID=400000c27f8d6650 peer address=127.0.0.1:4987
I1224 00:22:40.190519  5842 RecordLayer.cpp:82] Received handshake message ClientHello
I1224 00:22:40.190614  5842 ServerHandshake.cpp:167] ServerHandshake error fizz::FizzException: no psk modes
I1224 00:22:40.190660  5842 QuicTransportBase.cpp:1870] onNetworkData fizz::FizzException: no psk modes client CID=0000000000000003 server CID=400000c27f8d6650 peer address=127.0.0.1:4987
I1224 00:22:40.190678  5842 QuicTransportBase.cpp:400] Stopping read looper due to immediate close client CID=0000000000000003 server CID=400000c27f8d6650 peer address=127.0.0.1:4987
I1224 00:22:40.190686  5842 FunctionLooper.cpp:88] stop: ReadLooper
I1224 00:22:40.190693  5842 FunctionLooper.cpp:88] stop: PeekLooper
I1224 00:22:40.190698  5842 FunctionLooper.cpp:88] stop: WriteLooper
I1224 00:22:40.190706  5842 QuicTransportBase.cpp:2651] Clearing 0 peek callbacks
I1224 00:22:40.190712  5842 QuicTransportBase.cpp:852] Stopping read looper client CID=0000000000000003 server CID=400000c27f8d6650 peer address=127.0.0.1:4987
I1224 00:22:40.190719  5842 FunctionLooper.cpp:88] stop: ReadLooper
I1224 00:22:40.190726  5842 QuicTransportBase.cpp:1196] Stopping peek looper client CID=0000000000000003 server CID=400000c27f8d6650 peer address=127.0.0.1:4987
I1224 00:22:40.190732  5842 FunctionLooper.cpp:88] stop: PeekLooper
I1224 00:22:40.190737  5842 QuicTransportBase.cpp:1233] Server stopping write looper because conn closed client CID=0000000000000003 server CID=400000c27f8d6650 peer address=127.0.0.1:4987
I1224 00:22:40.190744  5842 FunctionLooper.cpp:88] stop: WriteLooper
E1224 00:22:40.190752  5842 EchoHandler.h:53] Socket error=Crypto error: missing_extension
I1224 00:22:40.190771  5842 QuicTransportFunctions.cpp:1063] Server sent close packetNum=7915402 in space=InitialSpace client CID=0000000000000003 server CID=400000c27f8d6650 peer address=127.0.0.1:4987
I1224 00:22:40.190796  5842 LogQuicStats.h:144] server onWrite size=82
I1224 00:22:40.190807  5842 QuicTransportBase.cpp:852] Stopping read looper client CID=0000000000000003 server CID=400000c27f8d6650 peer address=127.0.0.1:4987
I1224 00:22:40.190815  5842 FunctionLooper.cpp:88] stop: ReadLooper
I1224 00:22:40.190821  5842 QuicTransportBase.cpp:1196] Stopping peek looper client CID=0000000000000003 server CID=400000c27f8d6650 peer address=127.0.0.1:4987
I1224 00:22:40.190827  5842 FunctionLooper.cpp:88] stop: PeekLooper
I1224 00:22:40.190833  5842 QuicTransportBase.cpp:1233] Server stopping write looper because conn closed client CID=0000000000000003 server CID=400000c27f8d6650 peer address=127.0.0.1:4987
I1224 00:22:40.190840  5842 FunctionLooper.cpp:88] stop: WriteLooper
*** Aborted at 1640305360 (Unix time, try 'date -d @1640305360') ***
*** Signal 15 (SIGTERM) (0x16c9) received by PID 5836 (pthread TID 0x7f2223ac0ec0) (linux TID 5836) (maybe from PID 5833, UID 0) (code: 0), stack trace: ***
(error retrieving stack trace)
