I1224 00:15:29.375888  3064 EventBase.cpp:308] EventBase(): Starting loop.
I1224 00:15:29.376258  3065 EventBase.cpp:308] EventBase(): Starting loop.
I1224 00:15:29.376426  3066 EventBase.cpp:308] EventBase(): Starting loop.
I1224 00:15:29.379078  3067 EventBase.cpp:308] EventBase(): Starting loop.
I1224 00:15:29.387920  3068 EventBase.cpp:308] EventBase(): Starting loop.
I1224 00:15:29.388844  3069 EventBase.cpp:308] EventBase(): Starting loop.
I1224 00:15:29.389009  3064 QuicServer.cpp:268] No valid takenover fd found for address=127.0.0.1:4443. binding on worker=0x5600c0737ec0 workerId=0 processId=0
I1224 00:15:29.389217  3065 QuicServer.cpp:268] No valid takenover fd found for address=127.0.0.1:4443. binding on worker=0x5600c0738500 workerId=1 processId=0
I1224 00:15:29.389381  3066 QuicServer.cpp:268] No valid takenover fd found for address=127.0.0.1:4443. binding on worker=0x5600c0738940 workerId=2 processId=0
I1224 00:15:29.389544  3067 QuicServer.cpp:268] No valid takenover fd found for address=127.0.0.1:4443. binding on worker=0x5600c0738e20 workerId=3 processId=0
I1224 00:15:29.389708  3068 QuicServer.cpp:268] No valid takenover fd found for address=127.0.0.1:4443. binding on worker=0x5600c0739300 workerId=4 processId=0
I1224 00:15:29.389870  3069 QuicServer.cpp:268] No valid takenover fd found for address=127.0.0.1:4443. binding on worker=0x5600c0739800 workerId=5 processId=0
I1224 00:15:29.389900  3069 QuicServer.cpp:295] Initialized all workers in the eventbase
I1224 00:15:29.390000  3061 EchoServer.h:90] Echo server started at: 127.0.0.1:4443
I1224 00:15:29.390018  3061 EventBase.cpp:308] EventBase(): Starting loop.
I1224 00:15:29.390071  3066 QuicServerWorker.cpp:134] Registered read on worker=0x5600c0738940, thread=140701499512576, processId=0
I1224 00:15:29.390075  3064 QuicServerWorker.cpp:134] Registered read on worker=0x5600c0737ec0, thread=140701516297984, processId=0
I1224 00:15:29.390100  3065 QuicServerWorker.cpp:134] Registered read on worker=0x5600c0738500, thread=140701507905280, processId=0
I1224 00:15:29.390125  3067 QuicServerWorker.cpp:134] Registered read on worker=0x5600c0738e20, thread=140701491119872, processId=0
I1224 00:15:29.390139  3068 QuicServerWorker.cpp:134] Registered read on worker=0x5600c0739300, thread=140701482727168, processId=0
I1224 00:15:29.390166  3069 QuicServerWorker.cpp:134] Registered read on worker=0x5600c0739800, thread=140701474334464, processId=0
I1224 00:15:34.752255  3067 QuicServerWorker.cpp:227] Worker=0x5600c0738e20, Received data on thread=140701491119872, processId=0
I1224 00:15:34.752282  3067 LogQuicStats.h:24] server onPacketReceived
I1224 00:15:34.752290  3067 LogQuicStats.h:140] server onRead size=1232
W1224 00:15:34.752310  3067 Types.cpp:447] toString has unhandled version type
I1224 00:15:34.752303  3067 LogQuicStats.h:76] server onClientInitialReceived, version: UNKNOWN
I1224 00:15:34.752326  3067 QuicServerWorker.cpp:208] Version negotiation sent to client=127.0.0.1:4987
I1224 00:15:34.752336  3067 LogQuicStats.h:144] server onWrite size=43
I1224 00:15:34.752341  3067 LogQuicStats.h:36] server onPacketProcessed
I1224 00:15:34.752347  3067 LogQuicStats.h:40] server onPacketSent
I1224 00:15:34.960894  3067 QuicServerWorker.cpp:227] Worker=0x5600c0738e20, Received data on thread=140701491119872, processId=0
I1224 00:15:34.960918  3067 LogQuicStats.h:24] server onPacketReceived
I1224 00:15:34.960925  3067 LogQuicStats.h:140] server onRead size=1232
I1224 00:15:34.960933  3067 LogQuicStats.h:76] server onClientInitialReceived, version: QUIC_DRAFT
I1224 00:15:34.960943  3067 QuicServerWorker.cpp:545] Creating new connection for client=127.0.0.1:4987, routingInfo=CID=0000000000000000, cidVersion=1, workerId=3, processId=0, hostId=0, threadId=140701491119872, 
I1224 00:15:34.961048  3067 LogQuicStats.h:118] server onStatelessReset
I1224 00:15:34.961076  3067 StateMachine-inl.h:41] Transition from Uninitialized to ExpectingClientHello
I1224 00:15:34.961141  3067 LogQuicStats.h:32] server onOutOfOrderPacketReceived
I1224 00:15:34.961150  3067 ServerStateMachine.cpp:952] Server received crypto data offset=0 len=391 currentReadOffset=0 client CID=0000000000000003 server CID=400000cb458f04e3 peer address=127.0.0.1:4987
I1224 00:15:34.961170  3067 RecordLayer.cpp:82] Received handshake message ClientHello
I1224 00:15:34.961279  3067 ServerHandshake.cpp:167] ServerHandshake error fizz::FizzException: no psk modes
I1224 00:15:34.961329  3067 QuicTransportBase.cpp:1870] onNetworkData fizz::FizzException: no psk modes client CID=0000000000000003 server CID=400000cb458f04e3 peer address=127.0.0.1:4987
I1224 00:15:34.961344  3067 QuicTransportBase.cpp:400] Stopping read looper due to immediate close client CID=0000000000000003 server CID=400000cb458f04e3 peer address=127.0.0.1:4987
I1224 00:15:34.961351  3067 FunctionLooper.cpp:88] stop: ReadLooper
I1224 00:15:34.961357  3067 FunctionLooper.cpp:88] stop: PeekLooper
I1224 00:15:34.961364  3067 FunctionLooper.cpp:88] stop: WriteLooper
I1224 00:15:34.961370  3067 QuicTransportBase.cpp:2651] Clearing 0 peek callbacks
I1224 00:15:34.961376  3067 QuicTransportBase.cpp:852] Stopping read looper client CID=0000000000000003 server CID=400000cb458f04e3 peer address=127.0.0.1:4987
I1224 00:15:34.961383  3067 FunctionLooper.cpp:88] stop: ReadLooper
I1224 00:15:34.961390  3067 QuicTransportBase.cpp:1196] Stopping peek looper client CID=0000000000000003 server CID=400000cb458f04e3 peer address=127.0.0.1:4987
I1224 00:15:34.961395  3067 FunctionLooper.cpp:88] stop: PeekLooper
I1224 00:15:34.961401  3067 QuicTransportBase.cpp:1233] Server stopping write looper because conn closed client CID=0000000000000003 server CID=400000cb458f04e3 peer address=127.0.0.1:4987
I1224 00:15:34.961408  3067 FunctionLooper.cpp:88] stop: WriteLooper
E1224 00:15:34.961416  3067 EchoHandler.h:53] Socket error=Crypto error: missing_extension
I1224 00:15:34.961436  3067 QuicTransportFunctions.cpp:1063] Server sent close packetNum=568887 in space=InitialSpace client CID=0000000000000003 server CID=400000cb458f04e3 peer address=127.0.0.1:4987
I1224 00:15:34.961457  3067 LogQuicStats.h:144] server onWrite size=82
I1224 00:15:34.961467  3067 QuicTransportBase.cpp:852] Stopping read looper client CID=0000000000000003 server CID=400000cb458f04e3 peer address=127.0.0.1:4987
I1224 00:15:34.961474  3067 FunctionLooper.cpp:88] stop: ReadLooper
I1224 00:15:34.961480  3067 QuicTransportBase.cpp:1196] Stopping peek looper client CID=0000000000000003 server CID=400000cb458f04e3 peer address=127.0.0.1:4987
I1224 00:15:34.961486  3067 FunctionLooper.cpp:88] stop: PeekLooper
I1224 00:15:34.961493  3067 QuicTransportBase.cpp:1233] Server stopping write looper because conn closed client CID=0000000000000003 server CID=400000cb458f04e3 peer address=127.0.0.1:4987
I1224 00:15:34.961499  3067 FunctionLooper.cpp:88] stop: WriteLooper
*** Aborted at 1640304934 (Unix time, try 'date -d @1640304934') ***
*** Signal 15 (SIGTERM) (0xbf2) received by PID 3061 (pthread TID 0x7ff7a330dec0) (linux TID 3061) (maybe from PID 3058, UID 0) (code: 0), stack trace: ***
(error retrieving stack trace)
