I1223 18:30:22.617108 10378 EventBase.cpp:308] EventBase(): Starting loop.
I1223 18:30:22.617291 10379 EventBase.cpp:308] EventBase(): Starting loop.
I1223 18:30:22.619349 10380 EventBase.cpp:308] EventBase(): Starting loop.
I1223 18:30:22.619864 10381 EventBase.cpp:308] EventBase(): Starting loop.
I1223 18:30:22.632071 10382 EventBase.cpp:308] EventBase(): Starting loop.
I1223 18:30:22.632982 10383 EventBase.cpp:308] EventBase(): Starting loop.
I1223 18:30:22.633103 10378 QuicServer.cpp:268] No valid takenover fd found for address=127.0.0.1:4443. binding on worker=0x564733a5c040 workerId=0 processId=0
I1223 18:30:22.633219 10379 QuicServer.cpp:268] No valid takenover fd found for address=127.0.0.1:4443. binding on worker=0x564733a5c680 workerId=1 processId=0
I1223 18:30:22.633399 10380 QuicServer.cpp:268] No valid takenover fd found for address=127.0.0.1:4443. binding on worker=0x564733a5cb30 workerId=2 processId=0
I1223 18:30:22.633559 10381 QuicServer.cpp:268] No valid takenover fd found for address=127.0.0.1:4443. binding on worker=0x564733a5d010 workerId=3 processId=0
I1223 18:30:22.633716 10382 QuicServer.cpp:268] No valid takenover fd found for address=127.0.0.1:4443. binding on worker=0x564733a5d4f0 workerId=4 processId=0
I1223 18:30:22.633905 10383 QuicServer.cpp:268] No valid takenover fd found for address=127.0.0.1:4443. binding on worker=0x564733a5d9f0 workerId=5 processId=0
I1223 18:30:22.633949 10383 QuicServer.cpp:295] Initialized all workers in the eventbase
I1223 18:30:22.634152 10378 QuicServerWorker.cpp:134] Registered read on worker=0x564733a5c040, thread=140004750870272, processId=0
I1223 18:30:22.634191 10375 EchoServer.h:90] Echo server started at: 127.0.0.1:4443
I1223 18:30:22.634202 10375 EventBase.cpp:308] EventBase(): Starting loop.
I1223 18:30:22.634235 10380 QuicServerWorker.cpp:134] Registered read on worker=0x564733a5cb30, thread=140004659558144, processId=0
I1223 18:30:22.634253 10382 QuicServerWorker.cpp:134] Registered read on worker=0x564733a5d4f0, thread=140004642772736, processId=0
I1223 18:30:22.634274 10379 QuicServerWorker.cpp:134] Registered read on worker=0x564733a5c680, thread=140004742477568, processId=0
I1223 18:30:22.634308 10383 QuicServerWorker.cpp:134] Registered read on worker=0x564733a5d9f0, thread=140004634380032, processId=0
I1223 18:30:22.634310 10381 QuicServerWorker.cpp:134] Registered read on worker=0x564733a5d010, thread=140004651165440, processId=0
I1223 18:30:28.233407 10381 QuicServerWorker.cpp:227] Worker=0x564733a5d010, Received data on thread=140004651165440, processId=0
I1223 18:30:28.233439 10381 LogQuicStats.h:24] server onPacketReceived
I1223 18:30:28.233446 10381 LogQuicStats.h:140] server onRead size=1232
I1223 18:30:28.233462 10381 LogQuicStats.h:76] server onClientInitialReceived, version: QUIC_DRAFT
I1223 18:30:28.233474 10381 QuicServerWorker.cpp:545] Creating new connection for client=127.0.0.1:4987, routingInfo=CID=0000000000000002, cidVersion=1, workerId=3, processId=0, hostId=0, threadId=140004651165440, 
I1223 18:30:28.233583 10381 LogQuicStats.h:118] server onStatelessReset
I1223 18:30:28.233613 10381 StateMachine-inl.h:41] Transition from Uninitialized to ExpectingClientHello
I1223 18:30:28.233680 10381 LogQuicStats.h:32] server onOutOfOrderPacketReceived
I1223 18:30:28.233690 10381 ServerStateMachine.cpp:952] Server received crypto data offset=0 len=389 currentReadOffset=0 client CID=0000000000000001 server CID=400000d692c8ba3c peer address=127.0.0.1:4987
I1223 18:30:28.233705 10381 RecordLayer.cpp:82] Received handshake message ClientHello
I1223 18:30:28.233803 10381 ServerHandshake.cpp:167] ServerHandshake error fizz::FizzException: no psk modes
I1223 18:30:28.233850 10381 QuicTransportBase.cpp:1870] onNetworkData fizz::FizzException: no psk modes client CID=0000000000000001 server CID=400000d692c8ba3c peer address=127.0.0.1:4987
I1223 18:30:28.233865 10381 QuicTransportBase.cpp:400] Stopping read looper due to immediate close client CID=0000000000000001 server CID=400000d692c8ba3c peer address=127.0.0.1:4987
I1223 18:30:28.233873 10381 FunctionLooper.cpp:88] stop: ReadLooper
I1223 18:30:28.233889 10381 FunctionLooper.cpp:88] stop: PeekLooper
I1223 18:30:28.233896 10381 FunctionLooper.cpp:88] stop: WriteLooper
I1223 18:30:28.233907 10381 QuicTransportBase.cpp:2651] Clearing 0 peek callbacks
I1223 18:30:28.233914 10381 QuicTransportBase.cpp:852] Stopping read looper client CID=0000000000000001 server CID=400000d692c8ba3c peer address=127.0.0.1:4987
I1223 18:30:28.233922 10381 FunctionLooper.cpp:88] stop: ReadLooper
I1223 18:30:28.233928 10381 QuicTransportBase.cpp:1196] Stopping peek looper client CID=0000000000000001 server CID=400000d692c8ba3c peer address=127.0.0.1:4987
I1223 18:30:28.233935 10381 FunctionLooper.cpp:88] stop: PeekLooper
I1223 18:30:28.233942 10381 QuicTransportBase.cpp:1233] Server stopping write looper because conn closed client CID=0000000000000001 server CID=400000d692c8ba3c peer address=127.0.0.1:4987
I1223 18:30:28.233948 10381 FunctionLooper.cpp:88] stop: WriteLooper
E1223 18:30:28.233955 10381 EchoHandler.h:53] Socket error=Crypto error: missing_extension
I1223 18:30:28.233975 10381 QuicTransportFunctions.cpp:1063] Server sent close packetNum=12366889 in space=InitialSpace client CID=0000000000000001 server CID=400000d692c8ba3c peer address=127.0.0.1:4987
I1223 18:30:28.234025 10381 LogQuicStats.h:144] server onWrite size=83
I1223 18:30:28.234042 10381 QuicTransportBase.cpp:852] Stopping read looper client CID=0000000000000001 server CID=400000d692c8ba3c peer address=127.0.0.1:4987
I1223 18:30:28.234051 10381 FunctionLooper.cpp:88] stop: ReadLooper
I1223 18:30:28.234057 10381 QuicTransportBase.cpp:1196] Stopping peek looper client CID=0000000000000001 server CID=400000d692c8ba3c peer address=127.0.0.1:4987
I1223 18:30:28.234064 10381 FunctionLooper.cpp:88] stop: PeekLooper
I1223 18:30:28.234071 10381 QuicTransportBase.cpp:1233] Server stopping write looper because conn closed client CID=0000000000000001 server CID=400000d692c8ba3c peer address=127.0.0.1:4987
I1223 18:30:28.234077 10381 FunctionLooper.cpp:88] stop: WriteLooper
*** Aborted at 1640284228 (Unix time, try 'date -d @1640284228') ***
*** Signal 15 (SIGTERM) (0x2884) received by PID 10375 (pthread TID 0x7f5568bc2ec0) (linux TID 10375) (maybe from PID 10372, UID 0) (code: 0), stack trace: ***
(error retrieving stack trace)
