I1224 00:15:12.390451  2953 EventBase.cpp:308] EventBase(): Starting loop.
I1224 00:15:12.391055  2954 EventBase.cpp:308] EventBase(): Starting loop.
I1224 00:15:12.391374  2955 EventBase.cpp:308] EventBase(): Starting loop.
I1224 00:15:12.402848  2956 EventBase.cpp:308] EventBase(): Starting loop.
I1224 00:15:12.403192  2957 EventBase.cpp:308] EventBase(): Starting loop.
I1224 00:15:12.404855  2958 EventBase.cpp:308] EventBase(): Starting loop.
I1224 00:15:12.404951  2953 QuicServer.cpp:268] No valid takenover fd found for address=127.0.0.1:4443. binding on worker=0x561db8086ec0 workerId=0 processId=0
I1224 00:15:12.405153  2954 QuicServer.cpp:268] No valid takenover fd found for address=127.0.0.1:4443. binding on worker=0x561db8087500 workerId=1 processId=0
I1224 00:15:12.405308  2955 QuicServer.cpp:268] No valid takenover fd found for address=127.0.0.1:4443. binding on worker=0x561db8087940 workerId=2 processId=0
I1224 00:15:12.405474  2956 QuicServer.cpp:268] No valid takenover fd found for address=127.0.0.1:4443. binding on worker=0x561db8087e20 workerId=3 processId=0
I1224 00:15:12.405666  2957 QuicServer.cpp:268] No valid takenover fd found for address=127.0.0.1:4443. binding on worker=0x561db8088300 workerId=4 processId=0
I1224 00:15:12.405825  2958 QuicServer.cpp:268] No valid takenover fd found for address=127.0.0.1:4443. binding on worker=0x561db8088800 workerId=5 processId=0
I1224 00:15:12.405856  2958 QuicServer.cpp:295] Initialized all workers in the eventbase
I1224 00:15:12.405956  2950 EchoServer.h:90] Echo server started at: 127.0.0.1:4443
I1224 00:15:12.405973  2950 EventBase.cpp:308] EventBase(): Starting loop.
I1224 00:15:12.405990  2953 QuicServerWorker.cpp:134] Registered read on worker=0x561db8086ec0, thread=140274335971072, processId=0
I1224 00:15:12.406039  2955 QuicServerWorker.cpp:134] Registered read on worker=0x561db8087940, thread=140274319185664, processId=0
I1224 00:15:12.406040  2954 QuicServerWorker.cpp:134] Registered read on worker=0x561db8087500, thread=140274327578368, processId=0
I1224 00:15:12.406052  2956 QuicServerWorker.cpp:134] Registered read on worker=0x561db8087e20, thread=140274101647104, processId=0
I1224 00:15:12.406100  2958 QuicServerWorker.cpp:134] Registered read on worker=0x561db8088800, thread=140274084861696, processId=0
I1224 00:15:12.406126  2957 QuicServerWorker.cpp:134] Registered read on worker=0x561db8088300, thread=140274093254400, processId=0
I1224 00:15:17.689790  2956 QuicServerWorker.cpp:227] Worker=0x561db8087e20, Received data on thread=140274101647104, processId=0
I1224 00:15:17.689818  2956 LogQuicStats.h:24] server onPacketReceived
I1224 00:15:17.689826  2956 LogQuicStats.h:140] server onRead size=1232
W1224 00:15:17.689846  2956 Types.cpp:447] toString has unhandled version type
I1224 00:15:17.689841  2956 LogQuicStats.h:76] server onClientInitialReceived, version: UNKNOWN
I1224 00:15:17.689863  2956 QuicServerWorker.cpp:208] Version negotiation sent to client=127.0.0.1:4987
I1224 00:15:17.689872  2956 LogQuicStats.h:144] server onWrite size=43
I1224 00:15:17.689878  2956 LogQuicStats.h:36] server onPacketProcessed
I1224 00:15:17.689884  2956 LogQuicStats.h:40] server onPacketSent
I1224 00:15:17.869310  2956 QuicServerWorker.cpp:227] Worker=0x561db8087e20, Received data on thread=140274101647104, processId=0
I1224 00:15:17.869336  2956 LogQuicStats.h:24] server onPacketReceived
I1224 00:15:17.869343  2956 LogQuicStats.h:140] server onRead size=1232
I1224 00:15:17.869351  2956 LogQuicStats.h:76] server onClientInitialReceived, version: QUIC_DRAFT
I1224 00:15:17.869361  2956 QuicServerWorker.cpp:545] Creating new connection for client=127.0.0.1:4987, routingInfo=CID=0000000000000000, cidVersion=1, workerId=3, processId=0, hostId=0, threadId=140274101647104, 
I1224 00:15:17.869470  2956 LogQuicStats.h:118] server onStatelessReset
I1224 00:15:17.869498  2956 StateMachine-inl.h:41] Transition from Uninitialized to ExpectingClientHello
I1224 00:15:17.869562  2956 LogQuicStats.h:32] server onOutOfOrderPacketReceived
I1224 00:15:17.869571  2956 ServerStateMachine.cpp:952] Server received crypto data offset=0 len=391 currentReadOffset=0 client CID=0000000000000003 server CID=400000ca73b21969 peer address=127.0.0.1:4987
I1224 00:15:17.869596  2956 RecordLayer.cpp:82] Received handshake message ClientHello
I1224 00:15:17.869691  2956 ServerHandshake.cpp:167] ServerHandshake error fizz::FizzException: no psk modes
I1224 00:15:17.869732  2956 QuicTransportBase.cpp:1870] onNetworkData fizz::FizzException: no psk modes client CID=0000000000000003 server CID=400000ca73b21969 peer address=127.0.0.1:4987
I1224 00:15:17.869745  2956 QuicTransportBase.cpp:400] Stopping read looper due to immediate close client CID=0000000000000003 server CID=400000ca73b21969 peer address=127.0.0.1:4987
I1224 00:15:17.869753  2956 FunctionLooper.cpp:88] stop: ReadLooper
I1224 00:15:17.869760  2956 FunctionLooper.cpp:88] stop: PeekLooper
I1224 00:15:17.869765  2956 FunctionLooper.cpp:88] stop: WriteLooper
I1224 00:15:17.869771  2956 QuicTransportBase.cpp:2651] Clearing 0 peek callbacks
I1224 00:15:17.869777  2956 QuicTransportBase.cpp:852] Stopping read looper client CID=0000000000000003 server CID=400000ca73b21969 peer address=127.0.0.1:4987
I1224 00:15:17.869784  2956 FunctionLooper.cpp:88] stop: ReadLooper
I1224 00:15:17.869791  2956 QuicTransportBase.cpp:1196] Stopping peek looper client CID=0000000000000003 server CID=400000ca73b21969 peer address=127.0.0.1:4987
I1224 00:15:17.869796  2956 FunctionLooper.cpp:88] stop: PeekLooper
I1224 00:15:17.869802  2956 QuicTransportBase.cpp:1233] Server stopping write looper because conn closed client CID=0000000000000003 server CID=400000ca73b21969 peer address=127.0.0.1:4987
I1224 00:15:17.869808  2956 FunctionLooper.cpp:88] stop: WriteLooper
E1224 00:15:17.869815  2956 EchoHandler.h:53] Socket error=Crypto error: missing_extension
I1224 00:15:17.869839  2956 QuicTransportFunctions.cpp:1063] Server sent close packetNum=12428341 in space=InitialSpace client CID=0000000000000003 server CID=400000ca73b21969 peer address=127.0.0.1:4987
I1224 00:15:17.869913  2956 LogQuicStats.h:144] server onWrite size=83
I1224 00:15:17.869930  2956 QuicTransportBase.cpp:852] Stopping read looper client CID=0000000000000003 server CID=400000ca73b21969 peer address=127.0.0.1:4987
I1224 00:15:17.869938  2956 FunctionLooper.cpp:88] stop: ReadLooper
I1224 00:15:17.869944  2956 QuicTransportBase.cpp:1196] Stopping peek looper client CID=0000000000000003 server CID=400000ca73b21969 peer address=127.0.0.1:4987
I1224 00:15:17.869951  2956 FunctionLooper.cpp:88] stop: PeekLooper
I1224 00:15:17.869956  2956 QuicTransportBase.cpp:1233] Server stopping write looper because conn closed client CID=0000000000000003 server CID=400000ca73b21969 peer address=127.0.0.1:4987
I1224 00:15:17.869962  2956 FunctionLooper.cpp:88] stop: WriteLooper
*** Aborted at 1640304917 (Unix time, try 'date -d @1640304917') ***
*** Signal 15 (SIGTERM) (0xb83) received by PID 2950 (pthread TID 0x7f942d425ec0) (linux TID 2950) (maybe from PID 2947, UID 0) (code: 0), stack trace: ***
(error retrieving stack trace)
