I1223 18:30:33.993599 10452 EventBase.cpp:308] EventBase(): Starting loop.
I1223 18:30:33.993774 10453 EventBase.cpp:308] EventBase(): Starting loop.
I1223 18:30:33.994989 10454 EventBase.cpp:308] EventBase(): Starting loop.
I1223 18:30:34.003180 10455 EventBase.cpp:308] EventBase(): Starting loop.
I1223 18:30:34.006939 10456 EventBase.cpp:308] EventBase(): Starting loop.
I1223 18:30:34.008718 10457 EventBase.cpp:308] EventBase(): Starting loop.
I1223 18:30:34.008865 10452 QuicServer.cpp:268] No valid takenover fd found for address=127.0.0.1:4443. binding on worker=0x55b1721f3040 workerId=0 processId=0
I1223 18:30:34.009121 10453 QuicServer.cpp:268] No valid takenover fd found for address=127.0.0.1:4443. binding on worker=0x55b1721f3680 workerId=1 processId=0
I1223 18:30:34.009290 10454 QuicServer.cpp:268] No valid takenover fd found for address=127.0.0.1:4443. binding on worker=0x55b1721f3b30 workerId=2 processId=0
I1223 18:30:34.009452 10455 QuicServer.cpp:268] No valid takenover fd found for address=127.0.0.1:4443. binding on worker=0x55b1721f4010 workerId=3 processId=0
I1223 18:30:34.009618 10456 QuicServer.cpp:268] No valid takenover fd found for address=127.0.0.1:4443. binding on worker=0x55b1721f44f0 workerId=4 processId=0
I1223 18:30:34.009779 10457 QuicServer.cpp:268] No valid takenover fd found for address=127.0.0.1:4443. binding on worker=0x55b1721f49f0 workerId=5 processId=0
I1223 18:30:34.009826 10457 QuicServer.cpp:295] Initialized all workers in the eventbase
I1223 18:30:34.009935 10449 EchoServer.h:90] Echo server started at: 127.0.0.1:4443
I1223 18:30:34.009986 10449 EventBase.cpp:308] EventBase(): Starting loop.
I1223 18:30:34.009986 10452 QuicServerWorker.cpp:134] Registered read on worker=0x55b1721f3040, thread=140480014771968, processId=0
I1223 18:30:34.010022 10453 QuicServerWorker.cpp:134] Registered read on worker=0x55b1721f3680, thread=140480006379264, processId=0
I1223 18:30:34.010035 10456 QuicServerWorker.cpp:134] Registered read on worker=0x55b1721f44f0, thread=140479907747584, processId=0
I1223 18:30:34.010042 10457 QuicServerWorker.cpp:134] Registered read on worker=0x55b1721f49f0, thread=140479899354880, processId=0
I1223 18:30:34.010079 10454 QuicServerWorker.cpp:134] Registered read on worker=0x55b1721f3b30, thread=140479924532992, processId=0
I1223 18:30:34.010138 10455 QuicServerWorker.cpp:134] Registered read on worker=0x55b1721f4010, thread=140479916140288, processId=0
I1223 18:30:39.645653 10455 QuicServerWorker.cpp:227] Worker=0x55b1721f4010, Received data on thread=140479916140288, processId=0
I1223 18:30:39.645678 10455 LogQuicStats.h:24] server onPacketReceived
I1223 18:30:39.645705 10455 LogQuicStats.h:140] server onRead size=1232
I1223 18:30:39.645722 10455 LogQuicStats.h:76] server onClientInitialReceived, version: QUIC_DRAFT
I1223 18:30:39.645733 10455 QuicServerWorker.cpp:545] Creating new connection for client=127.0.0.1:4987, routingInfo=CID=0000000000000002, cidVersion=1, workerId=3, processId=0, hostId=0, threadId=140479916140288, 
I1223 18:30:39.645844 10455 LogQuicStats.h:118] server onStatelessReset
I1223 18:30:39.645871 10455 StateMachine-inl.h:41] Transition from Uninitialized to ExpectingClientHello
I1223 18:30:39.645936 10455 LogQuicStats.h:32] server onOutOfOrderPacketReceived
I1223 18:30:39.645946 10455 ServerStateMachine.cpp:952] Server received crypto data offset=0 len=391 currentReadOffset=0 client CID=0000000000000001 server CID=400000d8a36090ac peer address=127.0.0.1:4987
I1223 18:30:39.645960 10455 RecordLayer.cpp:82] Received handshake message ClientHello
I1223 18:30:39.646056 10455 ServerHandshake.cpp:167] ServerHandshake error fizz::FizzException: no psk modes
I1223 18:30:39.646100 10455 QuicTransportBase.cpp:1870] onNetworkData fizz::FizzException: no psk modes client CID=0000000000000001 server CID=400000d8a36090ac peer address=127.0.0.1:4987
I1223 18:30:39.646113 10455 QuicTransportBase.cpp:400] Stopping read looper due to immediate close client CID=0000000000000001 server CID=400000d8a36090ac peer address=127.0.0.1:4987
I1223 18:30:39.646121 10455 FunctionLooper.cpp:88] stop: ReadLooper
I1223 18:30:39.646133 10455 FunctionLooper.cpp:88] stop: PeekLooper
I1223 18:30:39.646139 10455 FunctionLooper.cpp:88] stop: WriteLooper
I1223 18:30:39.646147 10455 QuicTransportBase.cpp:2651] Clearing 0 peek callbacks
I1223 18:30:39.646153 10455 QuicTransportBase.cpp:852] Stopping read looper client CID=0000000000000001 server CID=400000d8a36090ac peer address=127.0.0.1:4987
I1223 18:30:39.646160 10455 FunctionLooper.cpp:88] stop: ReadLooper
I1223 18:30:39.646167 10455 QuicTransportBase.cpp:1196] Stopping peek looper client CID=0000000000000001 server CID=400000d8a36090ac peer address=127.0.0.1:4987
I1223 18:30:39.646173 10455 FunctionLooper.cpp:88] stop: PeekLooper
I1223 18:30:39.646179 10455 QuicTransportBase.cpp:1233] Server stopping write looper because conn closed client CID=0000000000000001 server CID=400000d8a36090ac peer address=127.0.0.1:4987
I1223 18:30:39.646186 10455 FunctionLooper.cpp:88] stop: WriteLooper
E1223 18:30:39.646193 10455 EchoHandler.h:53] Socket error=Crypto error: missing_extension
I1223 18:30:39.646212 10455 QuicTransportFunctions.cpp:1063] Server sent close packetNum=9366974 in space=InitialSpace client CID=0000000000000001 server CID=400000d8a36090ac peer address=127.0.0.1:4987
I1223 18:30:39.646234 10455 LogQuicStats.h:144] server onWrite size=83
I1223 18:30:39.646245 10455 QuicTransportBase.cpp:852] Stopping read looper client CID=0000000000000001 server CID=400000d8a36090ac peer address=127.0.0.1:4987
I1223 18:30:39.646252 10455 FunctionLooper.cpp:88] stop: ReadLooper
I1223 18:30:39.646258 10455 QuicTransportBase.cpp:1196] Stopping peek looper client CID=0000000000000001 server CID=400000d8a36090ac peer address=127.0.0.1:4987
I1223 18:30:39.646265 10455 FunctionLooper.cpp:88] stop: PeekLooper
I1223 18:30:39.646271 10455 QuicTransportBase.cpp:1233] Server stopping write looper because conn closed client CID=0000000000000001 server CID=400000d8a36090ac peer address=127.0.0.1:4987
I1223 18:30:39.646278 10455 FunctionLooper.cpp:88] stop: WriteLooper
*** Aborted at 1640284239 (Unix time, try 'date -d @1640284239') ***
*** Signal 15 (SIGTERM) (0x28ce) received by PID 10449 (pthread TID 0x7fc410abcec0) (linux TID 10449) (maybe from PID 10446, UID 0) (code: 0), stack trace: ***
(error retrieving stack trace)
