I1223 18:35:47.048054 12487 EventBase.cpp:308] EventBase(): Starting loop.
I1223 18:35:47.052454 12488 EventBase.cpp:308] EventBase(): Starting loop.
I1223 18:35:47.055115 12489 EventBase.cpp:308] EventBase(): Starting loop.
I1223 18:35:47.056263 12490 EventBase.cpp:308] EventBase(): Starting loop.
I1223 18:35:47.056362 12491 EventBase.cpp:308] EventBase(): Starting loop.
I1223 18:35:47.059022 12492 EventBase.cpp:308] EventBase(): Starting loop.
I1223 18:35:47.059211 12487 QuicServer.cpp:268] No valid takenover fd found for address=127.0.0.1:4443. binding on worker=0x557ef6c41040 workerId=0 processId=0
I1223 18:35:47.059442 12488 QuicServer.cpp:268] No valid takenover fd found for address=127.0.0.1:4443. binding on worker=0x557ef6c41680 workerId=1 processId=0
I1223 18:35:47.059602 12489 QuicServer.cpp:268] No valid takenover fd found for address=127.0.0.1:4443. binding on worker=0x557ef6c41b30 workerId=2 processId=0
I1223 18:35:47.059762 12490 QuicServer.cpp:268] No valid takenover fd found for address=127.0.0.1:4443. binding on worker=0x557ef6c42010 workerId=3 processId=0
I1223 18:35:47.059913 12491 QuicServer.cpp:268] No valid takenover fd found for address=127.0.0.1:4443. binding on worker=0x557ef6c424f0 workerId=4 processId=0
I1223 18:35:47.060071 12492 QuicServer.cpp:268] No valid takenover fd found for address=127.0.0.1:4443. binding on worker=0x557ef6c429f0 workerId=5 processId=0
I1223 18:35:47.060096 12492 QuicServer.cpp:295] Initialized all workers in the eventbase
I1223 18:35:47.060195 12484 EchoServer.h:90] Echo server started at: 127.0.0.1:4443
I1223 18:35:47.060246 12484 EventBase.cpp:308] EventBase(): Starting loop.
I1223 18:35:47.060287 12490 QuicServerWorker.cpp:134] Registered read on worker=0x557ef6c42010, thread=140257727084288, processId=0
I1223 18:35:47.060305 12488 QuicServerWorker.cpp:134] Registered read on worker=0x557ef6c41680, thread=140257945876224, processId=0
I1223 18:35:47.060389 12491 QuicServerWorker.cpp:134] Registered read on worker=0x557ef6c424f0, thread=140257718691584, processId=0
I1223 18:35:47.060423 12492 QuicServerWorker.cpp:134] Registered read on worker=0x557ef6c429f0, thread=140257710298880, processId=0
I1223 18:35:47.060299 12489 QuicServerWorker.cpp:134] Registered read on worker=0x557ef6c41b30, thread=140257937483520, processId=0
I1223 18:35:47.060288 12487 QuicServerWorker.cpp:134] Registered read on worker=0x557ef6c41040, thread=140257954268928, processId=0
I1223 18:35:52.650156 12490 QuicServerWorker.cpp:227] Worker=0x557ef6c42010, Received data on thread=140257727084288, processId=0
I1223 18:35:52.650184 12490 LogQuicStats.h:24] server onPacketReceived
I1223 18:35:52.650192 12490 LogQuicStats.h:140] server onRead size=1232
I1223 18:35:52.650207 12490 LogQuicStats.h:76] server onClientInitialReceived, version: QUIC_DRAFT
I1223 18:35:52.650216 12490 QuicServerWorker.cpp:545] Creating new connection for client=127.0.0.1:4987, routingInfo=CID=0000000000000002, cidVersion=1, workerId=3, processId=0, hostId=0, threadId=140257727084288, 
I1223 18:35:52.650331 12490 LogQuicStats.h:118] server onStatelessReset
I1223 18:35:52.650358 12490 StateMachine-inl.h:41] Transition from Uninitialized to ExpectingClientHello
I1223 18:35:52.650424 12490 LogQuicStats.h:32] server onOutOfOrderPacketReceived
I1223 18:35:52.650432 12490 ServerStateMachine.cpp:952] Server received crypto data offset=0 len=391 currentReadOffset=0 client CID=0000000000000001 server CID=400000d7bcf68460 peer address=127.0.0.1:4987
I1223 18:35:52.650447 12490 RecordLayer.cpp:82] Received handshake message ClientHello
I1223 18:35:52.650544 12490 ServerHandshake.cpp:167] ServerHandshake error fizz::FizzException: no psk modes
I1223 18:35:52.650590 12490 QuicTransportBase.cpp:1870] onNetworkData fizz::FizzException: no psk modes client CID=0000000000000001 server CID=400000d7bcf68460 peer address=127.0.0.1:4987
I1223 18:35:52.650604 12490 QuicTransportBase.cpp:400] Stopping read looper due to immediate close client CID=0000000000000001 server CID=400000d7bcf68460 peer address=127.0.0.1:4987
I1223 18:35:52.650612 12490 FunctionLooper.cpp:88] stop: ReadLooper
I1223 18:35:52.650648 12490 FunctionLooper.cpp:88] stop: PeekLooper
I1223 18:35:52.650658 12490 FunctionLooper.cpp:88] stop: WriteLooper
I1223 18:35:52.650665 12490 QuicTransportBase.cpp:2651] Clearing 0 peek callbacks
I1223 18:35:52.650672 12490 QuicTransportBase.cpp:852] Stopping read looper client CID=0000000000000001 server CID=400000d7bcf68460 peer address=127.0.0.1:4987
I1223 18:35:52.650681 12490 FunctionLooper.cpp:88] stop: ReadLooper
I1223 18:35:52.650686 12490 QuicTransportBase.cpp:1196] Stopping peek looper client CID=0000000000000001 server CID=400000d7bcf68460 peer address=127.0.0.1:4987
I1223 18:35:52.650692 12490 FunctionLooper.cpp:88] stop: PeekLooper
I1223 18:35:52.650698 12490 QuicTransportBase.cpp:1233] Server stopping write looper because conn closed client CID=0000000000000001 server CID=400000d7bcf68460 peer address=127.0.0.1:4987
I1223 18:35:52.650705 12490 FunctionLooper.cpp:88] stop: WriteLooper
E1223 18:35:52.650712 12490 EchoHandler.h:53] Socket error=Crypto error: missing_extension
I1223 18:35:52.650734 12490 QuicTransportFunctions.cpp:1063] Server sent close packetNum=5030569 in space=InitialSpace client CID=0000000000000001 server CID=400000d7bcf68460 peer address=127.0.0.1:4987
I1223 18:35:52.650779 12490 LogQuicStats.h:144] server onWrite size=82
I1223 18:35:52.650789 12490 QuicTransportBase.cpp:852] Stopping read looper client CID=0000000000000001 server CID=400000d7bcf68460 peer address=127.0.0.1:4987
I1223 18:35:52.650830 12490 FunctionLooper.cpp:88] stop: ReadLooper
I1223 18:35:52.650837 12490 QuicTransportBase.cpp:1196] Stopping peek looper client CID=0000000000000001 server CID=400000d7bcf68460 peer address=127.0.0.1:4987
I1223 18:35:52.650844 12490 FunctionLooper.cpp:88] stop: PeekLooper
I1223 18:35:52.650851 12490 QuicTransportBase.cpp:1233] Server stopping write looper because conn closed client CID=0000000000000001 server CID=400000d7bcf68460 peer address=127.0.0.1:4987
I1223 18:35:52.650856 12490 FunctionLooper.cpp:88] stop: WriteLooper
*** Aborted at 1640284552 (Unix time, try 'date -d @1640284552') ***
*** Signal 15 (SIGTERM) (0x30c1) received by PID 12484 (pthread TID 0x7f905cd56ec0) (linux TID 12484) (maybe from PID 12481, UID 0) (code: 0), stack trace: ***
(error retrieving stack trace)
