I1223 18:36:15.623013 12672 EventBase.cpp:308] EventBase(): Starting loop.
I1223 18:36:15.627076 12673 EventBase.cpp:308] EventBase(): Starting loop.
I1223 18:36:15.630995 12674 EventBase.cpp:308] EventBase(): Starting loop.
I1223 18:36:15.634878 12675 EventBase.cpp:308] EventBase(): Starting loop.
I1223 18:36:15.635438 12676 EventBase.cpp:308] EventBase(): Starting loop.
I1223 18:36:15.635918 12677 EventBase.cpp:308] EventBase(): Starting loop.
I1223 18:36:15.636060 12672 QuicServer.cpp:268] No valid takenover fd found for address=127.0.0.1:4443. binding on worker=0x55d66898e040 workerId=0 processId=0
I1223 18:36:15.636245 12673 QuicServer.cpp:268] No valid takenover fd found for address=127.0.0.1:4443. binding on worker=0x55d66898e680 workerId=1 processId=0
I1223 18:36:15.636404 12674 QuicServer.cpp:268] No valid takenover fd found for address=127.0.0.1:4443. binding on worker=0x55d66898eb30 workerId=2 processId=0
I1223 18:36:15.636565 12675 QuicServer.cpp:268] No valid takenover fd found for address=127.0.0.1:4443. binding on worker=0x55d66898f010 workerId=3 processId=0
I1223 18:36:15.636725 12676 QuicServer.cpp:268] No valid takenover fd found for address=127.0.0.1:4443. binding on worker=0x55d66898f4f0 workerId=4 processId=0
I1223 18:36:15.638723 12677 QuicServer.cpp:268] No valid takenover fd found for address=127.0.0.1:4443. binding on worker=0x55d66898f9f0 workerId=5 processId=0
I1223 18:36:15.638823 12677 QuicServer.cpp:295] Initialized all workers in the eventbase
I1223 18:36:15.638929 12669 EchoServer.h:90] Echo server started at: 127.0.0.1:4443
I1223 18:36:15.638978 12669 EventBase.cpp:308] EventBase(): Starting loop.
I1223 18:36:15.638985 12674 QuicServerWorker.cpp:134] Registered read on worker=0x55d66898eb30, thread=139965416560384, processId=0
I1223 18:36:15.639016 12672 QuicServerWorker.cpp:134] Registered read on worker=0x55d66898e040, thread=139965433345792, processId=0
I1223 18:36:15.639024 12676 QuicServerWorker.cpp:134] Registered read on worker=0x55d66898f4f0, thread=139965191153408, processId=0
I1223 18:36:15.639120 12673 QuicServerWorker.cpp:134] Registered read on worker=0x55d66898e680, thread=139965424953088, processId=0
I1223 18:36:15.639123 12675 QuicServerWorker.cpp:134] Registered read on worker=0x55d66898f010, thread=139965199546112, processId=0
I1223 18:36:15.639021 12677 QuicServerWorker.cpp:134] Registered read on worker=0x55d66898f9f0, thread=139965182760704, processId=0
I1223 18:36:21.297075 12675 QuicServerWorker.cpp:227] Worker=0x55d66898f010, Received data on thread=139965199546112, processId=0
I1223 18:36:21.297101 12675 LogQuicStats.h:24] server onPacketReceived
I1223 18:36:21.297107 12675 LogQuicStats.h:140] server onRead size=1232
I1223 18:36:21.297122 12675 LogQuicStats.h:76] server onClientInitialReceived, version: QUIC_DRAFT
I1223 18:36:21.297132 12675 QuicServerWorker.cpp:545] Creating new connection for client=127.0.0.1:4987, routingInfo=CID=0000000000000002, cidVersion=1, workerId=3, processId=0, hostId=0, threadId=139965199546112, 
I1223 18:36:21.297267 12675 LogQuicStats.h:118] server onStatelessReset
I1223 18:36:21.297295 12675 StateMachine-inl.h:41] Transition from Uninitialized to ExpectingClientHello
I1223 18:36:21.297359 12675 LogQuicStats.h:32] server onOutOfOrderPacketReceived
I1223 18:36:21.297367 12675 ServerStateMachine.cpp:952] Server received crypto data offset=0 len=391 currentReadOffset=0 client CID=0000000000000001 server CID=400000ce0534c740 peer address=127.0.0.1:4987
I1223 18:36:21.297384 12675 RecordLayer.cpp:82] Received handshake message ClientHello
I1223 18:36:21.297472 12675 ServerHandshake.cpp:167] ServerHandshake error fizz::FizzException: no psk modes
I1223 18:36:21.297514 12675 QuicTransportBase.cpp:1870] onNetworkData fizz::FizzException: no psk modes client CID=0000000000000001 server CID=400000ce0534c740 peer address=127.0.0.1:4987
I1223 18:36:21.297528 12675 QuicTransportBase.cpp:400] Stopping read looper due to immediate close client CID=0000000000000001 server CID=400000ce0534c740 peer address=127.0.0.1:4987
I1223 18:36:21.297535 12675 FunctionLooper.cpp:88] stop: ReadLooper
I1223 18:36:21.297547 12675 FunctionLooper.cpp:88] stop: PeekLooper
I1223 18:36:21.297554 12675 FunctionLooper.cpp:88] stop: WriteLooper
I1223 18:36:21.297564 12675 QuicTransportBase.cpp:2651] Clearing 0 peek callbacks
I1223 18:36:21.297571 12675 QuicTransportBase.cpp:852] Stopping read looper client CID=0000000000000001 server CID=400000ce0534c740 peer address=127.0.0.1:4987
I1223 18:36:21.297577 12675 FunctionLooper.cpp:88] stop: ReadLooper
I1223 18:36:21.297583 12675 QuicTransportBase.cpp:1196] Stopping peek looper client CID=0000000000000001 server CID=400000ce0534c740 peer address=127.0.0.1:4987
I1223 18:36:21.297590 12675 FunctionLooper.cpp:88] stop: PeekLooper
I1223 18:36:21.297596 12675 QuicTransportBase.cpp:1233] Server stopping write looper because conn closed client CID=0000000000000001 server CID=400000ce0534c740 peer address=127.0.0.1:4987
I1223 18:36:21.297602 12675 FunctionLooper.cpp:88] stop: WriteLooper
E1223 18:36:21.297610 12675 EchoHandler.h:53] Socket error=Crypto error: missing_extension
I1223 18:36:21.297629 12675 QuicTransportFunctions.cpp:1063] Server sent close packetNum=12648610 in space=InitialSpace client CID=0000000000000001 server CID=400000ce0534c740 peer address=127.0.0.1:4987
I1223 18:36:21.297677 12675 LogQuicStats.h:144] server onWrite size=83
I1223 18:36:21.297693 12675 QuicTransportBase.cpp:852] Stopping read looper client CID=0000000000000001 server CID=400000ce0534c740 peer address=127.0.0.1:4987
I1223 18:36:21.297700 12675 FunctionLooper.cpp:88] stop: ReadLooper
I1223 18:36:21.297706 12675 QuicTransportBase.cpp:1196] Stopping peek looper client CID=0000000000000001 server CID=400000ce0534c740 peer address=127.0.0.1:4987
I1223 18:36:21.297713 12675 FunctionLooper.cpp:88] stop: PeekLooper
I1223 18:36:21.297719 12675 QuicTransportBase.cpp:1233] Server stopping write looper because conn closed client CID=0000000000000001 server CID=400000ce0534c740 peer address=127.0.0.1:4987
I1223 18:36:21.297724 12675 FunctionLooper.cpp:88] stop: WriteLooper
*** Aborted at 1640284581 (Unix time, try 'date -d @1640284581') ***
*** Signal 15 (SIGTERM) (0x317a) received by PID 12669 (pthread TID 0x7f4c413a5ec0) (linux TID 12669) (maybe from PID 12666, UID 0) (code: 0), stack trace: ***
(error retrieving stack trace)
