I1223 18:31:19.569983 10748 EventBase.cpp:308] EventBase(): Starting loop.
I1223 18:31:19.570942 10749 EventBase.cpp:308] EventBase(): Starting loop.
I1223 18:31:19.571086 10750 EventBase.cpp:308] EventBase(): Starting loop.
I1223 18:31:19.575312 10751 EventBase.cpp:308] EventBase(): Starting loop.
I1223 18:31:19.576040 10752 EventBase.cpp:308] EventBase(): Starting loop.
I1223 18:31:19.579270 10753 EventBase.cpp:308] EventBase(): Starting loop.
I1223 18:31:19.579443 10748 QuicServer.cpp:268] No valid takenover fd found for address=127.0.0.1:4443. binding on worker=0x562a118bf040 workerId=0 processId=0
I1223 18:31:19.579710 10749 QuicServer.cpp:268] No valid takenover fd found for address=127.0.0.1:4443. binding on worker=0x562a118bf680 workerId=1 processId=0
I1223 18:31:19.579953 10750 QuicServer.cpp:268] No valid takenover fd found for address=127.0.0.1:4443. binding on worker=0x562a118bfb30 workerId=2 processId=0
I1223 18:31:19.580155 10751 QuicServer.cpp:268] No valid takenover fd found for address=127.0.0.1:4443. binding on worker=0x562a118c0010 workerId=3 processId=0
I1223 18:31:19.580335 10752 QuicServer.cpp:268] No valid takenover fd found for address=127.0.0.1:4443. binding on worker=0x562a118c04f0 workerId=4 processId=0
I1223 18:31:19.580511 10753 QuicServer.cpp:268] No valid takenover fd found for address=127.0.0.1:4443. binding on worker=0x562a118c09f0 workerId=5 processId=0
I1223 18:31:19.580545 10753 QuicServer.cpp:295] Initialized all workers in the eventbase
I1223 18:31:19.580667 10745 EchoServer.h:90] Echo server started at: 127.0.0.1:4443
I1223 18:31:19.580691 10745 EventBase.cpp:308] EventBase(): Starting loop.
I1223 18:31:19.580726 10752 QuicServerWorker.cpp:134] Registered read on worker=0x562a118c04f0, thread=140444080006912, processId=0
I1223 18:31:19.580761 10749 QuicServerWorker.cpp:134] Registered read on worker=0x562a118bf680, thread=140444311467776, processId=0
I1223 18:31:19.580762 10750 QuicServerWorker.cpp:134] Registered read on worker=0x562a118bfb30, thread=140444303075072, processId=0
I1223 18:31:19.580776 10748 QuicServerWorker.cpp:134] Registered read on worker=0x562a118bf040, thread=140444319860480, processId=0
I1223 18:31:19.580821 10751 QuicServerWorker.cpp:134] Registered read on worker=0x562a118c0010, thread=140444088399616, processId=0
I1223 18:31:19.580893 10753 QuicServerWorker.cpp:134] Registered read on worker=0x562a118c09f0, thread=140444071614208, processId=0
I1223 18:31:25.192518 10751 QuicServerWorker.cpp:227] Worker=0x562a118c0010, Received data on thread=140444088399616, processId=0
I1223 18:31:25.192550 10751 LogQuicStats.h:24] server onPacketReceived
I1223 18:31:25.192559 10751 LogQuicStats.h:140] server onRead size=1232
I1223 18:31:25.192574 10751 LogQuicStats.h:76] server onClientInitialReceived, version: QUIC_DRAFT
I1223 18:31:25.192585 10751 QuicServerWorker.cpp:545] Creating new connection for client=127.0.0.1:4987, routingInfo=CID=0000000000000002, cidVersion=1, workerId=3, processId=0, hostId=0, threadId=140444088399616, 
I1223 18:31:25.192701 10751 LogQuicStats.h:118] server onStatelessReset
I1223 18:31:25.192730 10751 StateMachine-inl.h:41] Transition from Uninitialized to ExpectingClientHello
I1223 18:31:25.192822 10751 LogQuicStats.h:32] server onOutOfOrderPacketReceived
I1223 18:31:25.192836 10751 ServerStateMachine.cpp:952] Server received crypto data offset=0 len=391 currentReadOffset=0 client CID=0000000000000001 server CID=400000d07968cb02 peer address=127.0.0.1:4987
I1223 18:31:25.192854 10751 RecordLayer.cpp:82] Received handshake message ClientHello
I1223 18:31:25.192978 10751 ServerHandshake.cpp:167] ServerHandshake error fizz::FizzException: no psk modes
I1223 18:31:25.193027 10751 QuicTransportBase.cpp:1870] onNetworkData fizz::FizzException: no psk modes client CID=0000000000000001 server CID=400000d07968cb02 peer address=127.0.0.1:4987
I1223 18:31:25.193042 10751 QuicTransportBase.cpp:400] Stopping read looper due to immediate close client CID=0000000000000001 server CID=400000d07968cb02 peer address=127.0.0.1:4987
I1223 18:31:25.193051 10751 FunctionLooper.cpp:88] stop: ReadLooper
I1223 18:31:25.193068 10751 FunctionLooper.cpp:88] stop: PeekLooper
I1223 18:31:25.193074 10751 FunctionLooper.cpp:88] stop: WriteLooper
I1223 18:31:25.193087 10751 QuicTransportBase.cpp:2651] Clearing 0 peek callbacks
I1223 18:31:25.193094 10751 QuicTransportBase.cpp:852] Stopping read looper client CID=0000000000000001 server CID=400000d07968cb02 peer address=127.0.0.1:4987
I1223 18:31:25.193102 10751 FunctionLooper.cpp:88] stop: ReadLooper
I1223 18:31:25.193109 10751 QuicTransportBase.cpp:1196] Stopping peek looper client CID=0000000000000001 server CID=400000d07968cb02 peer address=127.0.0.1:4987
I1223 18:31:25.193116 10751 FunctionLooper.cpp:88] stop: PeekLooper
I1223 18:31:25.193123 10751 QuicTransportBase.cpp:1233] Server stopping write looper because conn closed client CID=0000000000000001 server CID=400000d07968cb02 peer address=127.0.0.1:4987
I1223 18:31:25.193130 10751 FunctionLooper.cpp:88] stop: WriteLooper
E1223 18:31:25.193138 10751 EchoHandler.h:53] Socket error=Crypto error: missing_extension
I1223 18:31:25.193161 10751 QuicTransportFunctions.cpp:1063] Server sent close packetNum=12557494 in space=InitialSpace client CID=0000000000000001 server CID=400000d07968cb02 peer address=127.0.0.1:4987
I1223 18:31:25.193186 10751 LogQuicStats.h:144] server onWrite size=83
I1223 18:31:25.193197 10751 QuicTransportBase.cpp:852] Stopping read looper client CID=0000000000000001 server CID=400000d07968cb02 peer address=127.0.0.1:4987
I1223 18:31:25.193205 10751 FunctionLooper.cpp:88] stop: ReadLooper
I1223 18:31:25.193212 10751 QuicTransportBase.cpp:1196] Stopping peek looper client CID=0000000000000001 server CID=400000d07968cb02 peer address=127.0.0.1:4987
I1223 18:31:25.193219 10751 FunctionLooper.cpp:88] stop: PeekLooper
I1223 18:31:25.193225 10751 QuicTransportBase.cpp:1233] Server stopping write looper because conn closed client CID=0000000000000001 server CID=400000d07968cb02 peer address=127.0.0.1:4987
I1223 18:31:25.193233 10751 FunctionLooper.cpp:88] stop: WriteLooper
*** Aborted at 1640284285 (Unix time, try 'date -d @1640284285') ***
*** Signal 15 (SIGTERM) (0x29f6) received by PID 10745 (pthread TID 0x7fbbc116aec0) (linux TID 10745) (maybe from PID 10742, UID 0) (code: 0), stack trace: ***
(error retrieving stack trace)
