I1224 00:16:48.995383  3582 EventBase.cpp:308] EventBase(): Starting loop.
I1224 00:16:48.995759  3583 EventBase.cpp:308] EventBase(): Starting loop.
I1224 00:16:48.995882  3584 EventBase.cpp:308] EventBase(): Starting loop.
I1224 00:16:48.995977  3585 EventBase.cpp:308] EventBase(): Starting loop.
I1224 00:16:48.996115  3586 EventBase.cpp:308] EventBase(): Starting loop.
I1224 00:16:48.996208  3587 EventBase.cpp:308] EventBase(): Starting loop.
I1224 00:16:48.996325  3582 QuicServer.cpp:268] No valid takenover fd found for address=127.0.0.1:4443. binding on worker=0x55b88fccfec0 workerId=0 processId=0
I1224 00:16:48.996500  3583 QuicServer.cpp:268] No valid takenover fd found for address=127.0.0.1:4443. binding on worker=0x55b88fcd0500 workerId=1 processId=0
I1224 00:16:48.996657  3584 QuicServer.cpp:268] No valid takenover fd found for address=127.0.0.1:4443. binding on worker=0x55b88fcd0940 workerId=2 processId=0
I1224 00:16:48.996820  3585 QuicServer.cpp:268] No valid takenover fd found for address=127.0.0.1:4443. binding on worker=0x55b88fcd0e20 workerId=3 processId=0
I1224 00:16:48.996944  3586 QuicServer.cpp:268] No valid takenover fd found for address=127.0.0.1:4443. binding on worker=0x55b88fcd1300 workerId=4 processId=0
I1224 00:16:48.998975  3587 QuicServer.cpp:268] No valid takenover fd found for address=127.0.0.1:4443. binding on worker=0x55b88fcd1800 workerId=5 processId=0
I1224 00:16:48.999011  3587 QuicServer.cpp:295] Initialized all workers in the eventbase
I1224 00:16:48.999092  3579 EchoServer.h:90] Echo server started at: 127.0.0.1:4443
I1224 00:16:48.999104  3579 EventBase.cpp:308] EventBase(): Starting loop.
I1224 00:16:48.999130  3586 QuicServerWorker.cpp:134] Registered read on worker=0x55b88fcd1300, thread=139669075437312, processId=0
I1224 00:16:48.999143  3587 QuicServerWorker.cpp:134] Registered read on worker=0x55b88fcd1800, thread=139669067044608, processId=0
I1224 00:16:48.999147  3583 QuicServerWorker.cpp:134] Registered read on worker=0x55b88fcd0500, thread=139669100615424, processId=0
I1224 00:16:48.999228  3584 QuicServerWorker.cpp:134] Registered read on worker=0x55b88fcd0940, thread=139669092222720, processId=0
I1224 00:16:48.999147  3582 QuicServerWorker.cpp:134] Registered read on worker=0x55b88fccfec0, thread=139669109008128, processId=0
I1224 00:16:48.999228  3585 QuicServerWorker.cpp:134] Registered read on worker=0x55b88fcd0e20, thread=139669083830016, processId=0
I1224 00:16:54.407117  3585 QuicServerWorker.cpp:227] Worker=0x55b88fcd0e20, Received data on thread=139669083830016, processId=0
I1224 00:16:54.407200  3585 LogQuicStats.h:24] server onPacketReceived
I1224 00:16:54.407222  3585 LogQuicStats.h:140] server onRead size=1232
W1224 00:16:54.407243  3585 Types.cpp:447] toString has unhandled version type
I1224 00:16:54.407238  3585 LogQuicStats.h:76] server onClientInitialReceived, version: UNKNOWN
I1224 00:16:54.407259  3585 QuicServerWorker.cpp:208] Version negotiation sent to client=127.0.0.1:4987
I1224 00:16:54.407269  3585 LogQuicStats.h:144] server onWrite size=43
I1224 00:16:54.407275  3585 LogQuicStats.h:36] server onPacketProcessed
I1224 00:16:54.407281  3585 LogQuicStats.h:40] server onPacketSent
I1224 00:16:54.606698  3585 QuicServerWorker.cpp:227] Worker=0x55b88fcd0e20, Received data on thread=139669083830016, processId=0
I1224 00:16:54.606722  3585 LogQuicStats.h:24] server onPacketReceived
I1224 00:16:54.606729  3585 LogQuicStats.h:140] server onRead size=1232
I1224 00:16:54.606737  3585 LogQuicStats.h:76] server onClientInitialReceived, version: QUIC_DRAFT
I1224 00:16:54.606747  3585 QuicServerWorker.cpp:545] Creating new connection for client=127.0.0.1:4987, routingInfo=CID=0000000000000000, cidVersion=1, workerId=3, processId=0, hostId=0, threadId=139669083830016, 
I1224 00:16:54.606864  3585 LogQuicStats.h:118] server onStatelessReset
I1224 00:16:54.606894  3585 StateMachine-inl.h:41] Transition from Uninitialized to ExpectingClientHello
I1224 00:16:54.606961  3585 LogQuicStats.h:32] server onOutOfOrderPacketReceived
I1224 00:16:54.606971  3585 ServerStateMachine.cpp:952] Server received crypto data offset=0 len=391 currentReadOffset=0 client CID=0000000000000003 server CID=400000d313bffef9 peer address=127.0.0.1:4987
I1224 00:16:54.606992  3585 RecordLayer.cpp:82] Received handshake message ClientHello
I1224 00:16:54.607095  3585 ServerHandshake.cpp:167] ServerHandshake error fizz::FizzException: no psk modes
I1224 00:16:54.607142  3585 QuicTransportBase.cpp:1870] onNetworkData fizz::FizzException: no psk modes client CID=0000000000000003 server CID=400000d313bffef9 peer address=127.0.0.1:4987
I1224 00:16:54.607157  3585 QuicTransportBase.cpp:400] Stopping read looper due to immediate close client CID=0000000000000003 server CID=400000d313bffef9 peer address=127.0.0.1:4987
I1224 00:16:54.607165  3585 FunctionLooper.cpp:88] stop: ReadLooper
I1224 00:16:54.607172  3585 FunctionLooper.cpp:88] stop: PeekLooper
I1224 00:16:54.607178  3585 FunctionLooper.cpp:88] stop: WriteLooper
I1224 00:16:54.607185  3585 QuicTransportBase.cpp:2651] Clearing 0 peek callbacks
I1224 00:16:54.607192  3585 QuicTransportBase.cpp:852] Stopping read looper client CID=0000000000000003 server CID=400000d313bffef9 peer address=127.0.0.1:4987
I1224 00:16:54.607199  3585 FunctionLooper.cpp:88] stop: ReadLooper
I1224 00:16:54.607205  3585 QuicTransportBase.cpp:1196] Stopping peek looper client CID=0000000000000003 server CID=400000d313bffef9 peer address=127.0.0.1:4987
I1224 00:16:54.607213  3585 FunctionLooper.cpp:88] stop: PeekLooper
I1224 00:16:54.607219  3585 QuicTransportBase.cpp:1233] Server stopping write looper because conn closed client CID=0000000000000003 server CID=400000d313bffef9 peer address=127.0.0.1:4987
I1224 00:16:54.607226  3585 FunctionLooper.cpp:88] stop: WriteLooper
E1224 00:16:54.607234  3585 EchoHandler.h:53] Socket error=Crypto error: missing_extension
I1224 00:16:54.607254  3585 QuicTransportFunctions.cpp:1063] Server sent close packetNum=10053944 in space=InitialSpace client CID=0000000000000003 server CID=400000d313bffef9 peer address=127.0.0.1:4987
I1224 00:16:54.607277  3585 LogQuicStats.h:144] server onWrite size=83
I1224 00:16:54.607288  3585 QuicTransportBase.cpp:852] Stopping read looper client CID=0000000000000003 server CID=400000d313bffef9 peer address=127.0.0.1:4987
I1224 00:16:54.607296  3585 FunctionLooper.cpp:88] stop: ReadLooper
I1224 00:16:54.607302  3585 QuicTransportBase.cpp:1196] Stopping peek looper client CID=0000000000000003 server CID=400000d313bffef9 peer address=127.0.0.1:4987
I1224 00:16:54.607309  3585 FunctionLooper.cpp:88] stop: PeekLooper
I1224 00:16:54.607316  3585 QuicTransportBase.cpp:1233] Server stopping write looper because conn closed client CID=0000000000000003 server CID=400000d313bffef9 peer address=127.0.0.1:4987
I1224 00:16:54.607322  3585 FunctionLooper.cpp:88] stop: WriteLooper
*** Aborted at 1640305014 (Unix time, try 'date -d @1640305014') ***
*** Signal 15 (SIGTERM) (0xdf8) received by PID 3579 (pthread TID 0x7f0742ebcec0) (linux TID 3579) (maybe from PID 3576, UID 0) (code: 0), stack trace: ***
(error retrieving stack trace)
