I1223 18:30:51.139204 10563 EventBase.cpp:308] EventBase(): Starting loop.
I1223 18:30:51.143112 10564 EventBase.cpp:308] EventBase(): Starting loop.
I1223 18:30:51.147131 10565 EventBase.cpp:308] EventBase(): Starting loop.
I1223 18:30:51.147801 10566 EventBase.cpp:308] EventBase(): Starting loop.
I1223 18:30:51.147936 10567 EventBase.cpp:308] EventBase(): Starting loop.
I1223 18:30:51.148064 10568 EventBase.cpp:308] EventBase(): Starting loop.
I1223 18:30:51.148183 10563 QuicServer.cpp:268] No valid takenover fd found for address=127.0.0.1:4443. binding on worker=0x55e269b6b040 workerId=0 processId=0
I1223 18:30:51.148366 10564 QuicServer.cpp:268] No valid takenover fd found for address=127.0.0.1:4443. binding on worker=0x55e269b6b680 workerId=1 processId=0
I1223 18:30:51.150677 10565 QuicServer.cpp:268] No valid takenover fd found for address=127.0.0.1:4443. binding on worker=0x55e269b6bb30 workerId=2 processId=0
I1223 18:30:51.150846 10566 QuicServer.cpp:268] No valid takenover fd found for address=127.0.0.1:4443. binding on worker=0x55e269b6c010 workerId=3 processId=0
I1223 18:30:51.151010 10567 QuicServer.cpp:268] No valid takenover fd found for address=127.0.0.1:4443. binding on worker=0x55e269b6c4f0 workerId=4 processId=0
I1223 18:30:51.151582 10568 QuicServer.cpp:268] No valid takenover fd found for address=127.0.0.1:4443. binding on worker=0x55e269b6c9f0 workerId=5 processId=0
I1223 18:30:51.151609 10568 QuicServer.cpp:295] Initialized all workers in the eventbase
I1223 18:30:51.151693 10560 EchoServer.h:90] Echo server started at: 127.0.0.1:4443
I1223 18:30:51.151741 10560 EventBase.cpp:308] EventBase(): Starting loop.
I1223 18:30:51.151780 10565 QuicServerWorker.cpp:134] Registered read on worker=0x55e269b6bb30, thread=140266274236160, processId=0
I1223 18:30:51.151784 10563 QuicServerWorker.cpp:134] Registered read on worker=0x55e269b6b040, thread=140266291021568, processId=0
I1223 18:30:51.151795 10564 QuicServerWorker.cpp:134] Registered read on worker=0x55e269b6b680, thread=140266282628864, processId=0
I1223 18:30:51.151820 10566 QuicServerWorker.cpp:134] Registered read on worker=0x55e269b6c010, thread=140266265843456, processId=0
I1223 18:30:51.151837 10568 QuicServerWorker.cpp:134] Registered read on worker=0x55e269b6c9f0, thread=140266040190720, processId=0
I1223 18:30:51.151870 10567 QuicServerWorker.cpp:134] Registered read on worker=0x55e269b6c4f0, thread=140266048583424, processId=0
I1223 18:30:56.827867 10566 QuicServerWorker.cpp:227] Worker=0x55e269b6c010, Received data on thread=140266265843456, processId=0
I1223 18:30:56.827896 10566 LogQuicStats.h:24] server onPacketReceived
I1223 18:30:56.827904 10566 LogQuicStats.h:140] server onRead size=1232
I1223 18:30:56.827921 10566 LogQuicStats.h:76] server onClientInitialReceived, version: QUIC_DRAFT
I1223 18:30:56.827934 10566 QuicServerWorker.cpp:545] Creating new connection for client=127.0.0.1:4987, routingInfo=CID=0000000000000002, cidVersion=1, workerId=3, processId=0, hostId=0, threadId=140266265843456, 
I1223 18:30:56.828049 10566 LogQuicStats.h:118] server onStatelessReset
I1223 18:30:56.828079 10566 StateMachine-inl.h:41] Transition from Uninitialized to ExpectingClientHello
I1223 18:30:56.828153 10566 LogQuicStats.h:32] server onOutOfOrderPacketReceived
I1223 18:30:56.828163 10566 ServerStateMachine.cpp:952] Server received crypto data offset=0 len=391 currentReadOffset=0 client CID=0000000000000001 server CID=400000d3f1fe8317 peer address=127.0.0.1:4987
I1223 18:30:56.828181 10566 RecordLayer.cpp:82] Received handshake message ClientHello
I1223 18:30:56.828284 10566 ServerHandshake.cpp:167] ServerHandshake error fizz::FizzException: no psk modes
I1223 18:30:56.828330 10566 QuicTransportBase.cpp:1870] onNetworkData fizz::FizzException: no psk modes client CID=0000000000000001 server CID=400000d3f1fe8317 peer address=127.0.0.1:4987
I1223 18:30:56.828364 10566 QuicTransportBase.cpp:400] Stopping read looper due to immediate close client CID=0000000000000001 server CID=400000d3f1fe8317 peer address=127.0.0.1:4987
I1223 18:30:56.828382 10566 FunctionLooper.cpp:88] stop: ReadLooper
I1223 18:30:56.828399 10566 FunctionLooper.cpp:88] stop: PeekLooper
I1223 18:30:56.828406 10566 FunctionLooper.cpp:88] stop: WriteLooper
I1223 18:30:56.828414 10566 QuicTransportBase.cpp:2651] Clearing 0 peek callbacks
I1223 18:30:56.828421 10566 QuicTransportBase.cpp:852] Stopping read looper client CID=0000000000000001 server CID=400000d3f1fe8317 peer address=127.0.0.1:4987
I1223 18:30:56.828428 10566 FunctionLooper.cpp:88] stop: ReadLooper
I1223 18:30:56.828435 10566 QuicTransportBase.cpp:1196] Stopping peek looper client CID=0000000000000001 server CID=400000d3f1fe8317 peer address=127.0.0.1:4987
I1223 18:30:56.828444 10566 FunctionLooper.cpp:88] stop: PeekLooper
I1223 18:30:56.828449 10566 QuicTransportBase.cpp:1233] Server stopping write looper because conn closed client CID=0000000000000001 server CID=400000d3f1fe8317 peer address=127.0.0.1:4987
I1223 18:30:56.828457 10566 FunctionLooper.cpp:88] stop: WriteLooper
E1223 18:30:56.828465 10566 EchoHandler.h:53] Socket error=Crypto error: missing_extension
I1223 18:30:56.828488 10566 QuicTransportFunctions.cpp:1063] Server sent close packetNum=7419181 in space=InitialSpace client CID=0000000000000001 server CID=400000d3f1fe8317 peer address=127.0.0.1:4987
I1223 18:30:56.828512 10566 LogQuicStats.h:144] server onWrite size=82
I1223 18:30:56.828524 10566 QuicTransportBase.cpp:852] Stopping read looper client CID=0000000000000001 server CID=400000d3f1fe8317 peer address=127.0.0.1:4987
I1223 18:30:56.828532 10566 FunctionLooper.cpp:88] stop: ReadLooper
I1223 18:30:56.828539 10566 QuicTransportBase.cpp:1196] Stopping peek looper client CID=0000000000000001 server CID=400000d3f1fe8317 peer address=127.0.0.1:4987
I1223 18:30:56.828547 10566 FunctionLooper.cpp:88] stop: PeekLooper
I1223 18:30:56.828552 10566 QuicTransportBase.cpp:1233] Server stopping write looper because conn closed client CID=0000000000000001 server CID=400000d3f1fe8317 peer address=127.0.0.1:4987
I1223 18:30:56.828560 10566 FunctionLooper.cpp:88] stop: WriteLooper
*** Aborted at 1640284256 (Unix time, try 'date -d @1640284256') ***
*** Signal 15 (SIGTERM) (0x293d) received by PID 10560 (pthread TID 0x7f924dbe2ec0) (linux TID 10560) (maybe from PID 10557, UID 0) (code: 0), stack trace: ***
(error retrieving stack trace)
