I1224 00:18:13.843273  4137 EventBase.cpp:308] EventBase(): Starting loop.
I1224 00:18:13.843528  4138 EventBase.cpp:308] EventBase(): Starting loop.
I1224 00:18:13.843663  4139 EventBase.cpp:308] EventBase(): Starting loop.
I1224 00:18:13.847290  4140 EventBase.cpp:308] EventBase(): Starting loop.
I1224 00:18:13.847461  4141 EventBase.cpp:308] EventBase(): Starting loop.
I1224 00:18:13.848450  4142 EventBase.cpp:308] EventBase(): Starting loop.
I1224 00:18:13.848610  4137 QuicServer.cpp:268] No valid takenover fd found for address=127.0.0.1:4443. binding on worker=0x562f7b728ec0 workerId=0 processId=0
I1224 00:18:13.848805  4138 QuicServer.cpp:268] No valid takenover fd found for address=127.0.0.1:4443. binding on worker=0x562f7b729500 workerId=1 processId=0
I1224 00:18:13.848959  4139 QuicServer.cpp:268] No valid takenover fd found for address=127.0.0.1:4443. binding on worker=0x562f7b729940 workerId=2 processId=0
I1224 00:18:13.849169  4140 QuicServer.cpp:268] No valid takenover fd found for address=127.0.0.1:4443. binding on worker=0x562f7b729e20 workerId=3 processId=0
I1224 00:18:13.849357  4141 QuicServer.cpp:268] No valid takenover fd found for address=127.0.0.1:4443. binding on worker=0x562f7b72a300 workerId=4 processId=0
I1224 00:18:13.849509  4142 QuicServer.cpp:268] No valid takenover fd found for address=127.0.0.1:4443. binding on worker=0x562f7b72a800 workerId=5 processId=0
I1224 00:18:13.849535  4142 QuicServer.cpp:295] Initialized all workers in the eventbase
I1224 00:18:13.849627  4134 EchoServer.h:90] Echo server started at: 127.0.0.1:4443
I1224 00:18:13.849664  4134 EventBase.cpp:308] EventBase(): Starting loop.
I1224 00:18:13.849740  4138 QuicServerWorker.cpp:134] Registered read on worker=0x562f7b729500, thread=139978382767872, processId=0
I1224 00:18:13.849750  4139 QuicServerWorker.cpp:134] Registered read on worker=0x562f7b729940, thread=139978374375168, processId=0
I1224 00:18:13.849776  4141 QuicServerWorker.cpp:134] Registered read on worker=0x562f7b72a300, thread=139978151556864, processId=0
I1224 00:18:13.849743  4137 QuicServerWorker.cpp:134] Registered read on worker=0x562f7b728ec0, thread=139978391160576, processId=0
I1224 00:18:13.849825  4140 QuicServerWorker.cpp:134] Registered read on worker=0x562f7b729e20, thread=139978365982464, processId=0
I1224 00:18:13.849831  4142 QuicServerWorker.cpp:134] Registered read on worker=0x562f7b72a800, thread=139978143164160, processId=0
I1224 00:18:19.242123  4140 QuicServerWorker.cpp:227] Worker=0x562f7b729e20, Received data on thread=139978365982464, processId=0
I1224 00:18:19.242153  4140 LogQuicStats.h:24] server onPacketReceived
I1224 00:18:19.242161  4140 LogQuicStats.h:140] server onRead size=1232
W1224 00:18:19.242182  4140 Types.cpp:447] toString has unhandled version type
I1224 00:18:19.242175  4140 LogQuicStats.h:76] server onClientInitialReceived, version: UNKNOWN
I1224 00:18:19.242197  4140 QuicServerWorker.cpp:208] Version negotiation sent to client=127.0.0.1:4987
I1224 00:18:19.242208  4140 LogQuicStats.h:144] server onWrite size=43
I1224 00:18:19.242213  4140 LogQuicStats.h:36] server onPacketProcessed
I1224 00:18:19.242219  4140 LogQuicStats.h:40] server onPacketSent
I1224 00:18:19.467891  4140 QuicServerWorker.cpp:227] Worker=0x562f7b729e20, Received data on thread=139978365982464, processId=0
I1224 00:18:19.467921  4140 LogQuicStats.h:24] server onPacketReceived
I1224 00:18:19.467928  4140 LogQuicStats.h:140] server onRead size=1232
I1224 00:18:19.467936  4140 LogQuicStats.h:76] server onClientInitialReceived, version: QUIC_DRAFT
I1224 00:18:19.467947  4140 QuicServerWorker.cpp:545] Creating new connection for client=127.0.0.1:4987, routingInfo=CID=0000000000000000, cidVersion=1, workerId=3, processId=0, hostId=0, threadId=139978365982464, 
I1224 00:18:19.468058  4140 LogQuicStats.h:118] server onStatelessReset
I1224 00:18:19.468086  4140 StateMachine-inl.h:41] Transition from Uninitialized to ExpectingClientHello
I1224 00:18:19.468155  4140 LogQuicStats.h:32] server onOutOfOrderPacketReceived
I1224 00:18:19.468164  4140 ServerStateMachine.cpp:952] Server received crypto data offset=0 len=391 currentReadOffset=0 client CID=0000000000000003 server CID=400000d9bbfe9ea2 peer address=127.0.0.1:4987
I1224 00:18:19.468185  4140 RecordLayer.cpp:82] Received handshake message ClientHello
I1224 00:18:19.468286  4140 ServerHandshake.cpp:167] ServerHandshake error fizz::FizzException: no psk modes
I1224 00:18:19.468353  4140 QuicTransportBase.cpp:1870] onNetworkData fizz::FizzException: no psk modes client CID=0000000000000003 server CID=400000d9bbfe9ea2 peer address=127.0.0.1:4987
I1224 00:18:19.468374  4140 QuicTransportBase.cpp:400] Stopping read looper due to immediate close client CID=0000000000000003 server CID=400000d9bbfe9ea2 peer address=127.0.0.1:4987
I1224 00:18:19.468382  4140 FunctionLooper.cpp:88] stop: ReadLooper
I1224 00:18:19.468389  4140 FunctionLooper.cpp:88] stop: PeekLooper
I1224 00:18:19.468395  4140 FunctionLooper.cpp:88] stop: WriteLooper
I1224 00:18:19.468402  4140 QuicTransportBase.cpp:2651] Clearing 0 peek callbacks
I1224 00:18:19.468423  4140 QuicTransportBase.cpp:852] Stopping read looper client CID=0000000000000003 server CID=400000d9bbfe9ea2 peer address=127.0.0.1:4987
I1224 00:18:19.468430  4140 FunctionLooper.cpp:88] stop: ReadLooper
I1224 00:18:19.468436  4140 QuicTransportBase.cpp:1196] Stopping peek looper client CID=0000000000000003 server CID=400000d9bbfe9ea2 peer address=127.0.0.1:4987
I1224 00:18:19.468442  4140 FunctionLooper.cpp:88] stop: PeekLooper
I1224 00:18:19.468449  4140 QuicTransportBase.cpp:1233] Server stopping write looper because conn closed client CID=0000000000000003 server CID=400000d9bbfe9ea2 peer address=127.0.0.1:4987
I1224 00:18:19.468456  4140 FunctionLooper.cpp:88] stop: WriteLooper
E1224 00:18:19.468462  4140 EchoHandler.h:53] Socket error=Crypto error: missing_extension
I1224 00:18:19.468483  4140 QuicTransportFunctions.cpp:1063] Server sent close packetNum=1890531 in space=InitialSpace client CID=0000000000000003 server CID=400000d9bbfe9ea2 peer address=127.0.0.1:4987
I1224 00:18:19.468508  4140 LogQuicStats.h:144] server onWrite size=82
I1224 00:18:19.468518  4140 QuicTransportBase.cpp:852] Stopping read looper client CID=0000000000000003 server CID=400000d9bbfe9ea2 peer address=127.0.0.1:4987
I1224 00:18:19.468525  4140 FunctionLooper.cpp:88] stop: ReadLooper
I1224 00:18:19.468531  4140 QuicTransportBase.cpp:1196] Stopping peek looper client CID=0000000000000003 server CID=400000d9bbfe9ea2 peer address=127.0.0.1:4987
I1224 00:18:19.468538  4140 FunctionLooper.cpp:88] stop: PeekLooper
I1224 00:18:19.468544  4140 QuicTransportBase.cpp:1233] Server stopping write looper because conn closed client CID=0000000000000003 server CID=400000d9bbfe9ea2 peer address=127.0.0.1:4987
I1224 00:18:19.468550  4140 FunctionLooper.cpp:88] stop: WriteLooper
*** Aborted at 1640305099 (Unix time, try 'date -d @1640305099') ***
*** Signal 15 (SIGTERM) (0x1023) received by PID 4134 (pthread TID 0x7f4f4592eec0) (linux TID 4134) (maybe from PID 4131, UID 0) (code: 0), stack trace: ***
(error retrieving stack trace)
