I1223 18:33:58.911777 11783 EventBase.cpp:308] EventBase(): Starting loop.
I1223 18:33:58.912221 11784 EventBase.cpp:308] EventBase(): Starting loop.
I1223 18:33:58.912356 11785 EventBase.cpp:308] EventBase(): Starting loop.
I1223 18:33:58.912458 11786 EventBase.cpp:308] EventBase(): Starting loop.
I1223 18:33:58.915697 11787 EventBase.cpp:308] EventBase(): Starting loop.
I1223 18:33:58.916771 11788 EventBase.cpp:308] EventBase(): Starting loop.
I1223 18:33:58.916910 11783 QuicServer.cpp:268] No valid takenover fd found for address=127.0.0.1:4443. binding on worker=0x564ef02d3040 workerId=0 processId=0
I1223 18:33:58.917101 11784 QuicServer.cpp:268] No valid takenover fd found for address=127.0.0.1:4443. binding on worker=0x564ef02d3680 workerId=1 processId=0
I1223 18:33:58.917268 11785 QuicServer.cpp:268] No valid takenover fd found for address=127.0.0.1:4443. binding on worker=0x564ef02d3b30 workerId=2 processId=0
I1223 18:33:58.917448 11786 QuicServer.cpp:268] No valid takenover fd found for address=127.0.0.1:4443. binding on worker=0x564ef02d4010 workerId=3 processId=0
I1223 18:33:58.917614 11787 QuicServer.cpp:268] No valid takenover fd found for address=127.0.0.1:4443. binding on worker=0x564ef02d44f0 workerId=4 processId=0
I1223 18:33:58.917778 11788 QuicServer.cpp:268] No valid takenover fd found for address=127.0.0.1:4443. binding on worker=0x564ef02d49f0 workerId=5 processId=0
I1223 18:33:58.917807 11788 QuicServer.cpp:295] Initialized all workers in the eventbase
I1223 18:33:58.917912 11781 EchoServer.h:90] Echo server started at: 127.0.0.1:4443
I1223 18:33:58.917932 11781 EventBase.cpp:308] EventBase(): Starting loop.
I1223 18:33:58.917981 11783 QuicServerWorker.cpp:134] Registered read on worker=0x564ef02d3040, thread=139848017135360, processId=0
I1223 18:33:58.917994 11786 QuicServerWorker.cpp:134] Registered read on worker=0x564ef02d4010, thread=139847991957248, processId=0
I1223 18:33:58.918035 11787 QuicServerWorker.cpp:134] Registered read on worker=0x564ef02d44f0, thread=139847983564544, processId=0
I1223 18:33:58.918035 11785 QuicServerWorker.cpp:134] Registered read on worker=0x564ef02d3b30, thread=139848000349952, processId=0
I1223 18:33:58.918074 11788 QuicServerWorker.cpp:134] Registered read on worker=0x564ef02d49f0, thread=139847975171840, processId=0
I1223 18:33:58.918109 11784 QuicServerWorker.cpp:134] Registered read on worker=0x564ef02d3680, thread=139848008742656, processId=0
I1223 18:34:04.511921 11786 QuicServerWorker.cpp:227] Worker=0x564ef02d4010, Received data on thread=139847991957248, processId=0
I1223 18:34:04.511960 11786 LogQuicStats.h:24] server onPacketReceived
I1223 18:34:04.511966 11786 LogQuicStats.h:140] server onRead size=1232
I1223 18:34:04.511982 11786 LogQuicStats.h:76] server onClientInitialReceived, version: QUIC_DRAFT
I1223 18:34:04.511992 11786 QuicServerWorker.cpp:545] Creating new connection for client=127.0.0.1:4987, routingInfo=CID=0000000000000002, cidVersion=1, workerId=3, processId=0, hostId=0, threadId=139847991957248, 
I1223 18:34:04.512101 11786 LogQuicStats.h:118] server onStatelessReset
I1223 18:34:04.512130 11786 StateMachine-inl.h:41] Transition from Uninitialized to ExpectingClientHello
I1223 18:34:04.512195 11786 LogQuicStats.h:32] server onOutOfOrderPacketReceived
I1223 18:34:04.512204 11786 ServerStateMachine.cpp:952] Server received crypto data offset=0 len=391 currentReadOffset=0 client CID=0000000000000001 server CID=400000cf8a06d567 peer address=127.0.0.1:4987
I1223 18:34:04.512224 11786 RecordLayer.cpp:82] Received handshake message ClientHello
I1223 18:34:04.512322 11786 ServerHandshake.cpp:167] ServerHandshake error fizz::FizzException: no psk modes
I1223 18:34:04.512365 11786 QuicTransportBase.cpp:1870] onNetworkData fizz::FizzException: no psk modes client CID=0000000000000001 server CID=400000cf8a06d567 peer address=127.0.0.1:4987
I1223 18:34:04.512379 11786 QuicTransportBase.cpp:400] Stopping read looper due to immediate close client CID=0000000000000001 server CID=400000cf8a06d567 peer address=127.0.0.1:4987
I1223 18:34:04.512387 11786 FunctionLooper.cpp:88] stop: ReadLooper
I1223 18:34:04.512399 11786 FunctionLooper.cpp:88] stop: PeekLooper
I1223 18:34:04.512405 11786 FunctionLooper.cpp:88] stop: WriteLooper
I1223 18:34:04.512413 11786 QuicTransportBase.cpp:2651] Clearing 0 peek callbacks
I1223 18:34:04.512420 11786 QuicTransportBase.cpp:852] Stopping read looper client CID=0000000000000001 server CID=400000cf8a06d567 peer address=127.0.0.1:4987
I1223 18:34:04.512427 11786 FunctionLooper.cpp:88] stop: ReadLooper
I1223 18:34:04.512434 11786 QuicTransportBase.cpp:1196] Stopping peek looper client CID=0000000000000001 server CID=400000cf8a06d567 peer address=127.0.0.1:4987
I1223 18:34:04.512439 11786 FunctionLooper.cpp:88] stop: PeekLooper
I1223 18:34:04.512446 11786 QuicTransportBase.cpp:1233] Server stopping write looper because conn closed client CID=0000000000000001 server CID=400000cf8a06d567 peer address=127.0.0.1:4987
I1223 18:34:04.512452 11786 FunctionLooper.cpp:88] stop: WriteLooper
E1223 18:34:04.512459 11786 EchoHandler.h:53] Socket error=Crypto error: missing_extension
I1223 18:34:04.512483 11786 QuicTransportFunctions.cpp:1063] Server sent close packetNum=12897934 in space=InitialSpace client CID=0000000000000001 server CID=400000cf8a06d567 peer address=127.0.0.1:4987
I1223 18:34:04.512506 11786 LogQuicStats.h:144] server onWrite size=83
I1223 18:34:04.512516 11786 QuicTransportBase.cpp:852] Stopping read looper client CID=0000000000000001 server CID=400000cf8a06d567 peer address=127.0.0.1:4987
I1223 18:34:04.512523 11786 FunctionLooper.cpp:88] stop: ReadLooper
I1223 18:34:04.512529 11786 QuicTransportBase.cpp:1196] Stopping peek looper client CID=0000000000000001 server CID=400000cf8a06d567 peer address=127.0.0.1:4987
I1223 18:34:04.512537 11786 FunctionLooper.cpp:88] stop: PeekLooper
I1223 18:34:04.512542 11786 QuicTransportBase.cpp:1233] Server stopping write looper because conn closed client CID=0000000000000001 server CID=400000cf8a06d567 peer address=127.0.0.1:4987
I1223 18:34:04.512548 11786 FunctionLooper.cpp:88] stop: WriteLooper
*** Aborted at 1640284444 (Unix time, try 'date -d @1640284444') ***
*** Signal 15 (SIGTERM) (0x2e02) received by PID 11781 (pthread TID 0x7f30eaad2ec0) (linux TID 11781) (maybe from PID 11778, UID 0) (code: 0), stack trace: ***
(error retrieving stack trace)
