I1224 00:19:27.730235  4618 EventBase.cpp:308] EventBase(): Starting loop.
I1224 00:19:27.730479  4619 EventBase.cpp:308] EventBase(): Starting loop.
I1224 00:19:27.730659  4620 EventBase.cpp:308] EventBase(): Starting loop.
I1224 00:19:27.730976  4621 EventBase.cpp:308] EventBase(): Starting loop.
I1224 00:19:27.735502  4622 EventBase.cpp:308] EventBase(): Starting loop.
I1224 00:19:27.739310  4623 EventBase.cpp:308] EventBase(): Starting loop.
I1224 00:19:27.739467  4618 QuicServer.cpp:268] No valid takenover fd found for address=127.0.0.1:4443. binding on worker=0x564bef12bec0 workerId=0 processId=0
I1224 00:19:27.739663  4619 QuicServer.cpp:268] No valid takenover fd found for address=127.0.0.1:4443. binding on worker=0x564bef12c500 workerId=1 processId=0
I1224 00:19:27.739837  4620 QuicServer.cpp:268] No valid takenover fd found for address=127.0.0.1:4443. binding on worker=0x564bef12c940 workerId=2 processId=0
I1224 00:19:27.740013  4621 QuicServer.cpp:268] No valid takenover fd found for address=127.0.0.1:4443. binding on worker=0x564bef12ce20 workerId=3 processId=0
I1224 00:19:27.740190  4622 QuicServer.cpp:268] No valid takenover fd found for address=127.0.0.1:4443. binding on worker=0x564bef12d300 workerId=4 processId=0
I1224 00:19:27.740387  4623 QuicServer.cpp:268] No valid takenover fd found for address=127.0.0.1:4443. binding on worker=0x564bef12d800 workerId=5 processId=0
I1224 00:19:27.740414  4623 QuicServer.cpp:295] Initialized all workers in the eventbase
I1224 00:19:27.740514  4615 EchoServer.h:90] Echo server started at: 127.0.0.1:4443
I1224 00:19:27.740531  4615 EventBase.cpp:308] EventBase(): Starting loop.
I1224 00:19:27.740609  4618 QuicServerWorker.cpp:134] Registered read on worker=0x564bef12bec0, thread=140110611142400, processId=0
I1224 00:19:27.740612  4622 QuicServerWorker.cpp:134] Registered read on worker=0x564bef12d300, thread=140110577571584, processId=0
I1224 00:19:27.740670  4620 QuicServerWorker.cpp:134] Registered read on worker=0x564bef12c940, thread=140110594356992, processId=0
I1224 00:19:27.740671  4621 QuicServerWorker.cpp:134] Registered read on worker=0x564bef12ce20, thread=140110585964288, processId=0
I1224 00:19:27.740612  4619 QuicServerWorker.cpp:134] Registered read on worker=0x564bef12c500, thread=140110602749696, processId=0
I1224 00:19:27.740697  4623 QuicServerWorker.cpp:134] Registered read on worker=0x564bef12d800, thread=140110569178880, processId=0
I1224 00:19:33.083892  4621 QuicServerWorker.cpp:227] Worker=0x564bef12ce20, Received data on thread=140110585964288, processId=0
I1224 00:19:33.083920  4621 LogQuicStats.h:24] server onPacketReceived
I1224 00:19:33.083926  4621 LogQuicStats.h:140] server onRead size=1232
W1224 00:19:33.083946  4621 Types.cpp:447] toString has unhandled version type
I1224 00:19:33.083941  4621 LogQuicStats.h:76] server onClientInitialReceived, version: UNKNOWN
I1224 00:19:33.083962  4621 QuicServerWorker.cpp:208] Version negotiation sent to client=127.0.0.1:4987
I1224 00:19:33.083971  4621 LogQuicStats.h:144] server onWrite size=43
I1224 00:19:33.083977  4621 LogQuicStats.h:36] server onPacketProcessed
I1224 00:19:33.083983  4621 LogQuicStats.h:40] server onPacketSent
I1224 00:19:33.265185  4621 QuicServerWorker.cpp:227] Worker=0x564bef12ce20, Received data on thread=140110585964288, processId=0
I1224 00:19:33.265213  4621 LogQuicStats.h:24] server onPacketReceived
I1224 00:19:33.265220  4621 LogQuicStats.h:140] server onRead size=1232
I1224 00:19:33.265228  4621 LogQuicStats.h:76] server onClientInitialReceived, version: QUIC_DRAFT
I1224 00:19:33.265237  4621 QuicServerWorker.cpp:545] Creating new connection for client=127.0.0.1:4987, routingInfo=CID=0000000000000000, cidVersion=1, workerId=3, processId=0, hostId=0, threadId=140110585964288, 
I1224 00:19:33.265347  4621 LogQuicStats.h:118] server onStatelessReset
I1224 00:19:33.265374  4621 StateMachine-inl.h:41] Transition from Uninitialized to ExpectingClientHello
I1224 00:19:33.265441  4621 LogQuicStats.h:32] server onOutOfOrderPacketReceived
I1224 00:19:33.265450  4621 ServerStateMachine.cpp:952] Server received crypto data offset=0 len=391 currentReadOffset=0 client CID=0000000000000003 server CID=400000c50f84cfc2 peer address=127.0.0.1:4987
I1224 00:19:33.265470  4621 RecordLayer.cpp:82] Received handshake message ClientHello
I1224 00:19:33.265569  4621 ServerHandshake.cpp:167] ServerHandshake error fizz::FizzException: no psk modes
I1224 00:19:33.265615  4621 QuicTransportBase.cpp:1870] onNetworkData fizz::FizzException: no psk modes client CID=0000000000000003 server CID=400000c50f84cfc2 peer address=127.0.0.1:4987
I1224 00:19:33.265628  4621 QuicTransportBase.cpp:400] Stopping read looper due to immediate close client CID=0000000000000003 server CID=400000c50f84cfc2 peer address=127.0.0.1:4987
I1224 00:19:33.265636  4621 FunctionLooper.cpp:88] stop: ReadLooper
I1224 00:19:33.265645  4621 FunctionLooper.cpp:88] stop: PeekLooper
I1224 00:19:33.265651  4621 FunctionLooper.cpp:88] stop: WriteLooper
I1224 00:19:33.265658  4621 QuicTransportBase.cpp:2651] Clearing 0 peek callbacks
I1224 00:19:33.265664  4621 QuicTransportBase.cpp:852] Stopping read looper client CID=0000000000000003 server CID=400000c50f84cfc2 peer address=127.0.0.1:4987
I1224 00:19:33.265671  4621 FunctionLooper.cpp:88] stop: ReadLooper
I1224 00:19:33.265677  4621 QuicTransportBase.cpp:1196] Stopping peek looper client CID=0000000000000003 server CID=400000c50f84cfc2 peer address=127.0.0.1:4987
I1224 00:19:33.265683  4621 FunctionLooper.cpp:88] stop: PeekLooper
I1224 00:19:33.265689  4621 QuicTransportBase.cpp:1233] Server stopping write looper because conn closed client CID=0000000000000003 server CID=400000c50f84cfc2 peer address=127.0.0.1:4987
I1224 00:19:33.265695  4621 FunctionLooper.cpp:88] stop: WriteLooper
E1224 00:19:33.265702  4621 EchoHandler.h:53] Socket error=Crypto error: missing_extension
I1224 00:19:33.265738  4621 QuicTransportFunctions.cpp:1063] Server sent close packetNum=8999279 in space=InitialSpace client CID=0000000000000003 server CID=400000c50f84cfc2 peer address=127.0.0.1:4987
I1224 00:19:33.265766  4621 LogQuicStats.h:144] server onWrite size=83
I1224 00:19:33.265777  4621 QuicTransportBase.cpp:852] Stopping read looper client CID=0000000000000003 server CID=400000c50f84cfc2 peer address=127.0.0.1:4987
I1224 00:19:33.265784  4621 FunctionLooper.cpp:88] stop: ReadLooper
I1224 00:19:33.265790  4621 QuicTransportBase.cpp:1196] Stopping peek looper client CID=0000000000000003 server CID=400000c50f84cfc2 peer address=127.0.0.1:4987
I1224 00:19:33.265796  4621 FunctionLooper.cpp:88] stop: PeekLooper
I1224 00:19:33.265802  4621 QuicTransportBase.cpp:1233] Server stopping write looper because conn closed client CID=0000000000000003 server CID=400000c50f84cfc2 peer address=127.0.0.1:4987
I1224 00:19:33.265810  4621 FunctionLooper.cpp:88] stop: WriteLooper
*** Aborted at 1640305173 (Unix time, try 'date -d @1640305173') ***
*** Signal 15 (SIGTERM) (0x1204) received by PID 4615 (pthread TID 0x7f6e0e7fbec0) (linux TID 4615) (maybe from PID 4612, UID 0) (code: 0), stack trace: ***
(error retrieving stack trace)
