I1224 00:22:57.269532  5987 EventBase.cpp:308] EventBase(): Starting loop.
I1224 00:22:57.269654  5988 EventBase.cpp:308] EventBase(): Starting loop.
I1224 00:22:57.269788  5989 EventBase.cpp:308] EventBase(): Starting loop.
I1224 00:22:57.271589  5990 EventBase.cpp:308] EventBase(): Starting loop.
I1224 00:22:57.271797  5991 EventBase.cpp:308] EventBase(): Starting loop.
I1224 00:22:57.272066  5992 EventBase.cpp:308] EventBase(): Starting loop.
I1224 00:22:57.272209  5987 QuicServer.cpp:268] No valid takenover fd found for address=127.0.0.1:4443. binding on worker=0x558f68060ec0 workerId=0 processId=0
I1224 00:22:57.272382  5988 QuicServer.cpp:268] No valid takenover fd found for address=127.0.0.1:4443. binding on worker=0x558f68061500 workerId=1 processId=0
I1224 00:22:57.272480  5989 QuicServer.cpp:268] No valid takenover fd found for address=127.0.0.1:4443. binding on worker=0x558f68061940 workerId=2 processId=0
I1224 00:22:57.272526  5990 QuicServer.cpp:268] No valid takenover fd found for address=127.0.0.1:4443. binding on worker=0x558f68061e20 workerId=3 processId=0
I1224 00:22:57.272608  5991 QuicServer.cpp:268] No valid takenover fd found for address=127.0.0.1:4443. binding on worker=0x558f68062300 workerId=4 processId=0
I1224 00:22:57.272825  5992 QuicServer.cpp:268] No valid takenover fd found for address=127.0.0.1:4443. binding on worker=0x558f68062800 workerId=5 processId=0
I1224 00:22:57.272850  5992 QuicServer.cpp:295] Initialized all workers in the eventbase
I1224 00:22:57.273000  5989 QuicServerWorker.cpp:134] Registered read on worker=0x558f68061940, thread=140259060868864, processId=0
I1224 00:22:57.273030  5987 QuicServerWorker.cpp:134] Registered read on worker=0x558f68060ec0, thread=140259152512768, processId=0
I1224 00:22:57.273068  5991 QuicServerWorker.cpp:134] Registered read on worker=0x558f68062300, thread=140259044083456, processId=0
I1224 00:22:57.273034  5984 EchoServer.h:90] Echo server started at: 127.0.0.1:4443
I1224 00:22:57.273124  5988 QuicServerWorker.cpp:134] Registered read on worker=0x558f68061500, thread=140259069261568, processId=0
I1224 00:22:57.273077  5990 QuicServerWorker.cpp:134] Registered read on worker=0x558f68061e20, thread=140259052476160, processId=0
I1224 00:22:57.273126  5984 EventBase.cpp:308] EventBase(): Starting loop.
I1224 00:22:57.273155  5992 QuicServerWorker.cpp:134] Registered read on worker=0x558f68062800, thread=140259035690752, processId=0
I1224 00:23:02.706955  5990 QuicServerWorker.cpp:227] Worker=0x558f68061e20, Received data on thread=140259052476160, processId=0
I1224 00:23:02.706987  5990 LogQuicStats.h:24] server onPacketReceived
I1224 00:23:02.706995  5990 LogQuicStats.h:140] server onRead size=1232
W1224 00:23:02.707016  5990 Types.cpp:447] toString has unhandled version type
I1224 00:23:02.707010  5990 LogQuicStats.h:76] server onClientInitialReceived, version: UNKNOWN
I1224 00:23:02.707033  5990 QuicServerWorker.cpp:208] Version negotiation sent to client=127.0.0.1:4987
I1224 00:23:02.707043  5990 LogQuicStats.h:144] server onWrite size=43
I1224 00:23:02.707049  5990 LogQuicStats.h:36] server onPacketProcessed
I1224 00:23:02.707055  5990 LogQuicStats.h:40] server onPacketSent
I1224 00:23:02.911562  5990 QuicServerWorker.cpp:227] Worker=0x558f68061e20, Received data on thread=140259052476160, processId=0
I1224 00:23:02.911592  5990 LogQuicStats.h:24] server onPacketReceived
I1224 00:23:02.911598  5990 LogQuicStats.h:140] server onRead size=1232
I1224 00:23:02.911607  5990 LogQuicStats.h:76] server onClientInitialReceived, version: QUIC_DRAFT
I1224 00:23:02.911617  5990 QuicServerWorker.cpp:545] Creating new connection for client=127.0.0.1:4987, routingInfo=CID=0000000000000000, cidVersion=1, workerId=3, processId=0, hostId=0, threadId=140259052476160, 
I1224 00:23:02.911737  5990 LogQuicStats.h:118] server onStatelessReset
I1224 00:23:02.911765  5990 StateMachine-inl.h:41] Transition from Uninitialized to ExpectingClientHello
I1224 00:23:02.911829  5990 LogQuicStats.h:32] server onOutOfOrderPacketReceived
I1224 00:23:02.911839  5990 ServerStateMachine.cpp:952] Server received crypto data offset=0 len=391 currentReadOffset=0 client CID=0000000000000003 server CID=400000cbbfaf3bb5 peer address=127.0.0.1:4987
I1224 00:23:02.911859  5990 RecordLayer.cpp:82] Received handshake message ClientHello
I1224 00:23:02.911953  5990 ServerHandshake.cpp:167] ServerHandshake error fizz::FizzException: no psk modes
I1224 00:23:02.911998  5990 QuicTransportBase.cpp:1870] onNetworkData fizz::FizzException: no psk modes client CID=0000000000000003 server CID=400000cbbfaf3bb5 peer address=127.0.0.1:4987
I1224 00:23:02.912011  5990 QuicTransportBase.cpp:400] Stopping read looper due to immediate close client CID=0000000000000003 server CID=400000cbbfaf3bb5 peer address=127.0.0.1:4987
I1224 00:23:02.912019  5990 FunctionLooper.cpp:88] stop: ReadLooper
I1224 00:23:02.912024  5990 FunctionLooper.cpp:88] stop: PeekLooper
I1224 00:23:02.912030  5990 FunctionLooper.cpp:88] stop: WriteLooper
I1224 00:23:02.912037  5990 QuicTransportBase.cpp:2651] Clearing 0 peek callbacks
I1224 00:23:02.912043  5990 QuicTransportBase.cpp:852] Stopping read looper client CID=0000000000000003 server CID=400000cbbfaf3bb5 peer address=127.0.0.1:4987
I1224 00:23:02.912050  5990 FunctionLooper.cpp:88] stop: ReadLooper
I1224 00:23:02.912056  5990 QuicTransportBase.cpp:1196] Stopping peek looper client CID=0000000000000003 server CID=400000cbbfaf3bb5 peer address=127.0.0.1:4987
I1224 00:23:02.912062  5990 FunctionLooper.cpp:88] stop: PeekLooper
I1224 00:23:02.912068  5990 QuicTransportBase.cpp:1233] Server stopping write looper because conn closed client CID=0000000000000003 server CID=400000cbbfaf3bb5 peer address=127.0.0.1:4987
I1224 00:23:02.912075  5990 FunctionLooper.cpp:88] stop: WriteLooper
E1224 00:23:02.912081  5990 EchoHandler.h:53] Socket error=Crypto error: missing_extension
I1224 00:23:02.912101  5990 QuicTransportFunctions.cpp:1063] Server sent close packetNum=1969616 in space=InitialSpace client CID=0000000000000003 server CID=400000cbbfaf3bb5 peer address=127.0.0.1:4987
I1224 00:23:02.912123  5990 LogQuicStats.h:144] server onWrite size=82
I1224 00:23:02.912133  5990 QuicTransportBase.cpp:852] Stopping read looper client CID=0000000000000003 server CID=400000cbbfaf3bb5 peer address=127.0.0.1:4987
I1224 00:23:02.912140  5990 FunctionLooper.cpp:88] stop: ReadLooper
I1224 00:23:02.912163  5990 QuicTransportBase.cpp:1196] Stopping peek looper client CID=0000000000000003 server CID=400000cbbfaf3bb5 peer address=127.0.0.1:4987
I1224 00:23:02.912175  5990 FunctionLooper.cpp:88] stop: PeekLooper
I1224 00:23:02.912182  5990 QuicTransportBase.cpp:1233] Server stopping write looper because conn closed client CID=0000000000000003 server CID=400000cbbfaf3bb5 peer address=127.0.0.1:4987
I1224 00:23:02.912189  5990 FunctionLooper.cpp:88] stop: WriteLooper
*** Aborted at 1640305382 (Unix time, try 'date -d @1640305382') ***
*** Signal 15 (SIGTERM) (0x175d) received by PID 5984 (pthread TID 0x7f90a4412ec0) (linux TID 5984) (maybe from PID 5981, UID 0) (code: 0), stack trace: ***
(error retrieving stack trace)
