I1224 00:23:14.483258  6098 EventBase.cpp:308] EventBase(): Starting loop.
I1224 00:23:14.483475  6099 EventBase.cpp:308] EventBase(): Starting loop.
I1224 00:23:14.483614  6100 EventBase.cpp:308] EventBase(): Starting loop.
I1224 00:23:14.488322  6101 EventBase.cpp:308] EventBase(): Starting loop.
I1224 00:23:14.491173  6102 EventBase.cpp:308] EventBase(): Starting loop.
I1224 00:23:14.505196  6103 EventBase.cpp:308] EventBase(): Starting loop.
I1224 00:23:14.505344  6098 QuicServer.cpp:268] No valid takenover fd found for address=127.0.0.1:4443. binding on worker=0x55b57c606ec0 workerId=0 processId=0
I1224 00:23:14.505528  6099 QuicServer.cpp:268] No valid takenover fd found for address=127.0.0.1:4443. binding on worker=0x55b57c607500 workerId=1 processId=0
I1224 00:23:14.505697  6100 QuicServer.cpp:268] No valid takenover fd found for address=127.0.0.1:4443. binding on worker=0x55b57c607940 workerId=2 processId=0
I1224 00:23:14.505863  6101 QuicServer.cpp:268] No valid takenover fd found for address=127.0.0.1:4443. binding on worker=0x55b57c607e20 workerId=3 processId=0
I1224 00:23:14.505982  6102 QuicServer.cpp:268] No valid takenover fd found for address=127.0.0.1:4443. binding on worker=0x55b57c608300 workerId=4 processId=0
I1224 00:23:14.506140  6103 QuicServer.cpp:268] No valid takenover fd found for address=127.0.0.1:4443. binding on worker=0x55b57c608800 workerId=5 processId=0
I1224 00:23:14.506171  6103 QuicServer.cpp:295] Initialized all workers in the eventbase
I1224 00:23:14.506273  6095 EchoServer.h:90] Echo server started at: 127.0.0.1:4443
I1224 00:23:14.506301  6095 EventBase.cpp:308] EventBase(): Starting loop.
I1224 00:23:14.506314  6102 QuicServerWorker.cpp:134] Registered read on worker=0x55b57c608300, thread=139883444164352, processId=0
I1224 00:23:14.506336  6098 QuicServerWorker.cpp:134] Registered read on worker=0x55b57c606ec0, thread=139883545712384, processId=0
I1224 00:23:14.506354  6103 QuicServerWorker.cpp:134] Registered read on worker=0x55b57c608800, thread=139883435771648, processId=0
I1224 00:23:14.506366  6099 QuicServerWorker.cpp:134] Registered read on worker=0x55b57c607500, thread=139883537319680, processId=0
I1224 00:23:14.506376  6101 QuicServerWorker.cpp:134] Registered read on worker=0x55b57c607e20, thread=139883452557056, processId=0
I1224 00:23:14.506407  6100 QuicServerWorker.cpp:134] Registered read on worker=0x55b57c607940, thread=139883460949760, processId=0
I1224 00:23:19.854518  6101 QuicServerWorker.cpp:227] Worker=0x55b57c607e20, Received data on thread=139883452557056, processId=0
I1224 00:23:19.854547  6101 LogQuicStats.h:24] server onPacketReceived
I1224 00:23:19.854553  6101 LogQuicStats.h:140] server onRead size=1232
W1224 00:23:19.854573  6101 Types.cpp:447] toString has unhandled version type
I1224 00:23:19.854568  6101 LogQuicStats.h:76] server onClientInitialReceived, version: UNKNOWN
I1224 00:23:19.854589  6101 QuicServerWorker.cpp:208] Version negotiation sent to client=127.0.0.1:4987
I1224 00:23:19.854598  6101 LogQuicStats.h:144] server onWrite size=43
I1224 00:23:19.854604  6101 LogQuicStats.h:36] server onPacketProcessed
I1224 00:23:19.854609  6101 LogQuicStats.h:40] server onPacketSent
I1224 00:23:20.058617  6101 QuicServerWorker.cpp:227] Worker=0x55b57c607e20, Received data on thread=139883452557056, processId=0
I1224 00:23:20.058645  6101 LogQuicStats.h:24] server onPacketReceived
I1224 00:23:20.058652  6101 LogQuicStats.h:140] server onRead size=1232
I1224 00:23:20.058660  6101 LogQuicStats.h:76] server onClientInitialReceived, version: QUIC_DRAFT
I1224 00:23:20.058670  6101 QuicServerWorker.cpp:545] Creating new connection for client=127.0.0.1:4987, routingInfo=CID=0000000000000000, cidVersion=1, workerId=3, processId=0, hostId=0, threadId=139883452557056, 
I1224 00:23:20.058780  6101 LogQuicStats.h:118] server onStatelessReset
I1224 00:23:20.058810  6101 StateMachine-inl.h:41] Transition from Uninitialized to ExpectingClientHello
I1224 00:23:20.058979  6101 LogQuicStats.h:32] server onOutOfOrderPacketReceived
I1224 00:23:20.058992  6101 ServerStateMachine.cpp:952] Server received crypto data offset=0 len=389 currentReadOffset=0 client CID=0000000000000003 server CID=400000ca5527c11c peer address=127.0.0.1:4987
I1224 00:23:20.059015  6101 RecordLayer.cpp:82] Received handshake message ClientHello
I1224 00:23:20.059237  6101 ServerHandshake.cpp:167] ServerHandshake error fizz::FizzException: no psk modes
I1224 00:23:20.059283  6101 QuicTransportBase.cpp:1870] onNetworkData fizz::FizzException: no psk modes client CID=0000000000000003 server CID=400000ca5527c11c peer address=127.0.0.1:4987
I1224 00:23:20.059298  6101 QuicTransportBase.cpp:400] Stopping read looper due to immediate close client CID=0000000000000003 server CID=400000ca5527c11c peer address=127.0.0.1:4987
I1224 00:23:20.059306  6101 FunctionLooper.cpp:88] stop: ReadLooper
I1224 00:23:20.059312  6101 FunctionLooper.cpp:88] stop: PeekLooper
I1224 00:23:20.059317  6101 FunctionLooper.cpp:88] stop: WriteLooper
I1224 00:23:20.059325  6101 QuicTransportBase.cpp:2651] Clearing 0 peek callbacks
I1224 00:23:20.059331  6101 QuicTransportBase.cpp:852] Stopping read looper client CID=0000000000000003 server CID=400000ca5527c11c peer address=127.0.0.1:4987
I1224 00:23:20.059338  6101 FunctionLooper.cpp:88] stop: ReadLooper
I1224 00:23:20.059345  6101 QuicTransportBase.cpp:1196] Stopping peek looper client CID=0000000000000003 server CID=400000ca5527c11c peer address=127.0.0.1:4987
I1224 00:23:20.059350  6101 FunctionLooper.cpp:88] stop: PeekLooper
I1224 00:23:20.059356  6101 QuicTransportBase.cpp:1233] Server stopping write looper because conn closed client CID=0000000000000003 server CID=400000ca5527c11c peer address=127.0.0.1:4987
I1224 00:23:20.059362  6101 FunctionLooper.cpp:88] stop: WriteLooper
E1224 00:23:20.059370  6101 EchoHandler.h:53] Socket error=Crypto error: missing_extension
I1224 00:23:20.059389  6101 QuicTransportFunctions.cpp:1063] Server sent close packetNum=6161198 in space=InitialSpace client CID=0000000000000003 server CID=400000ca5527c11c peer address=127.0.0.1:4987
I1224 00:23:20.059413  6101 LogQuicStats.h:144] server onWrite size=82
I1224 00:23:20.059423  6101 QuicTransportBase.cpp:852] Stopping read looper client CID=0000000000000003 server CID=400000ca5527c11c peer address=127.0.0.1:4987
I1224 00:23:20.059430  6101 FunctionLooper.cpp:88] stop: ReadLooper
I1224 00:23:20.059437  6101 QuicTransportBase.cpp:1196] Stopping peek looper client CID=0000000000000003 server CID=400000ca5527c11c peer address=127.0.0.1:4987
I1224 00:23:20.059442  6101 FunctionLooper.cpp:88] stop: PeekLooper
I1224 00:23:20.059448  6101 QuicTransportBase.cpp:1233] Server stopping write looper because conn closed client CID=0000000000000003 server CID=400000ca5527c11c peer address=127.0.0.1:4987
I1224 00:23:20.059455  6101 FunctionLooper.cpp:88] stop: WriteLooper
*** Aborted at 1640305400 (Unix time, try 'date -d @1640305400') ***
*** Signal 15 (SIGTERM) (0x17cc) received by PID 6095 (pthread TID 0x7f3930583ec0) (linux TID 6095) (maybe from PID 6092, UID 0) (code: 0), stack trace: ***
(error retrieving stack trace)
