I1224 00:19:10.689533  4507 EventBase.cpp:308] EventBase(): Starting loop.
I1224 00:19:10.700552  4508 EventBase.cpp:308] EventBase(): Starting loop.
I1224 00:19:10.702761  4509 EventBase.cpp:308] EventBase(): Starting loop.
I1224 00:19:10.705626  4510 EventBase.cpp:308] EventBase(): Starting loop.
I1224 00:19:10.705797  4511 EventBase.cpp:308] EventBase(): Starting loop.
I1224 00:19:10.705953  4512 EventBase.cpp:308] EventBase(): Starting loop.
I1224 00:19:10.706092  4507 QuicServer.cpp:268] No valid takenover fd found for address=127.0.0.1:4443. binding on worker=0x55f3b25acec0 workerId=0 processId=0
I1224 00:19:10.706305  4508 QuicServer.cpp:268] No valid takenover fd found for address=127.0.0.1:4443. binding on worker=0x55f3b25ad500 workerId=1 processId=0
I1224 00:19:10.706462  4509 QuicServer.cpp:268] No valid takenover fd found for address=127.0.0.1:4443. binding on worker=0x55f3b25ad940 workerId=2 processId=0
I1224 00:19:10.706629  4510 QuicServer.cpp:268] No valid takenover fd found for address=127.0.0.1:4443. binding on worker=0x55f3b25ade20 workerId=3 processId=0
I1224 00:19:10.706872  4511 QuicServer.cpp:268] No valid takenover fd found for address=127.0.0.1:4443. binding on worker=0x55f3b25ae300 workerId=4 processId=0
I1224 00:19:10.707084  4512 QuicServer.cpp:268] No valid takenover fd found for address=127.0.0.1:4443. binding on worker=0x55f3b25ae800 workerId=5 processId=0
I1224 00:19:10.707111  4512 QuicServer.cpp:295] Initialized all workers in the eventbase
I1224 00:19:10.707217  4504 EchoServer.h:90] Echo server started at: 127.0.0.1:4443
I1224 00:19:10.707267  4504 EventBase.cpp:308] EventBase(): Starting loop.
I1224 00:19:10.707276  4507 QuicServerWorker.cpp:134] Registered read on worker=0x55f3b25acec0, thread=140062873528064, processId=0
I1224 00:19:10.707309  4508 QuicServerWorker.cpp:134] Registered read on worker=0x55f3b25ad500, thread=140062865135360, processId=0
I1224 00:19:10.707317  4510 QuicServerWorker.cpp:134] Registered read on worker=0x55f3b25ade20, thread=140062641616640, processId=0
I1224 00:19:10.707325  4509 QuicServerWorker.cpp:134] Registered read on worker=0x55f3b25ad940, thread=140062856742656, processId=0
I1224 00:19:10.707317  4511 QuicServerWorker.cpp:134] Registered read on worker=0x55f3b25ae300, thread=140062633223936, processId=0
I1224 00:19:10.707376  4512 QuicServerWorker.cpp:134] Registered read on worker=0x55f3b25ae800, thread=140062624831232, processId=0
I1224 00:19:16.100970  4510 QuicServerWorker.cpp:227] Worker=0x55f3b25ade20, Received data on thread=140062641616640, processId=0
I1224 00:19:16.100998  4510 LogQuicStats.h:24] server onPacketReceived
I1224 00:19:16.101006  4510 LogQuicStats.h:140] server onRead size=1232
W1224 00:19:16.101024  4510 Types.cpp:447] toString has unhandled version type
I1224 00:19:16.101019  4510 LogQuicStats.h:76] server onClientInitialReceived, version: UNKNOWN
I1224 00:19:16.101040  4510 QuicServerWorker.cpp:208] Version negotiation sent to client=127.0.0.1:4987
I1224 00:19:16.101049  4510 LogQuicStats.h:144] server onWrite size=43
I1224 00:19:16.101055  4510 LogQuicStats.h:36] server onPacketProcessed
I1224 00:19:16.101061  4510 LogQuicStats.h:40] server onPacketSent
I1224 00:19:16.284884  4510 QuicServerWorker.cpp:227] Worker=0x55f3b25ade20, Received data on thread=140062641616640, processId=0
I1224 00:19:16.284912  4510 LogQuicStats.h:24] server onPacketReceived
I1224 00:19:16.284919  4510 LogQuicStats.h:140] server onRead size=1232
I1224 00:19:16.284926  4510 LogQuicStats.h:76] server onClientInitialReceived, version: QUIC_DRAFT
I1224 00:19:16.284936  4510 QuicServerWorker.cpp:545] Creating new connection for client=127.0.0.1:4987, routingInfo=CID=0000000000000000, cidVersion=1, workerId=3, processId=0, hostId=0, threadId=140062641616640, 
I1224 00:19:16.285039  4510 LogQuicStats.h:118] server onStatelessReset
I1224 00:19:16.285068  4510 StateMachine-inl.h:41] Transition from Uninitialized to ExpectingClientHello
I1224 00:19:16.285133  4510 LogQuicStats.h:32] server onOutOfOrderPacketReceived
I1224 00:19:16.285142  4510 ServerStateMachine.cpp:952] Server received crypto data offset=0 len=391 currentReadOffset=0 client CID=0000000000000003 server CID=400000d6f0a59c4e peer address=127.0.0.1:4987
I1224 00:19:16.285167  4510 RecordLayer.cpp:82] Received handshake message ClientHello
I1224 00:19:16.285290  4510 ServerHandshake.cpp:167] ServerHandshake error fizz::FizzException: no psk modes
I1224 00:19:16.285331  4510 QuicTransportBase.cpp:1870] onNetworkData fizz::FizzException: no psk modes client CID=0000000000000003 server CID=400000d6f0a59c4e peer address=127.0.0.1:4987
I1224 00:19:16.285343  4510 QuicTransportBase.cpp:400] Stopping read looper due to immediate close client CID=0000000000000003 server CID=400000d6f0a59c4e peer address=127.0.0.1:4987
I1224 00:19:16.285354  4510 FunctionLooper.cpp:88] stop: ReadLooper
I1224 00:19:16.285360  4510 FunctionLooper.cpp:88] stop: PeekLooper
I1224 00:19:16.285367  4510 FunctionLooper.cpp:88] stop: WriteLooper
I1224 00:19:16.285377  4510 QuicTransportBase.cpp:2651] Clearing 0 peek callbacks
I1224 00:19:16.285384  4510 QuicTransportBase.cpp:852] Stopping read looper client CID=0000000000000003 server CID=400000d6f0a59c4e peer address=127.0.0.1:4987
I1224 00:19:16.285391  4510 FunctionLooper.cpp:88] stop: ReadLooper
I1224 00:19:16.285398  4510 QuicTransportBase.cpp:1196] Stopping peek looper client CID=0000000000000003 server CID=400000d6f0a59c4e peer address=127.0.0.1:4987
I1224 00:19:16.285403  4510 FunctionLooper.cpp:88] stop: PeekLooper
I1224 00:19:16.285409  4510 QuicTransportBase.cpp:1233] Server stopping write looper because conn closed client CID=0000000000000003 server CID=400000d6f0a59c4e peer address=127.0.0.1:4987
I1224 00:19:16.285415  4510 FunctionLooper.cpp:88] stop: WriteLooper
E1224 00:19:16.285423  4510 EchoHandler.h:53] Socket error=Crypto error: missing_extension
I1224 00:19:16.285907  4510 QuicTransportFunctions.cpp:1063] Server sent close packetNum=6824042 in space=InitialSpace client CID=0000000000000003 server CID=400000d6f0a59c4e peer address=127.0.0.1:4987
I1224 00:19:16.285956  4510 LogQuicStats.h:144] server onWrite size=82
I1224 00:19:16.285974  4510 QuicTransportBase.cpp:852] Stopping read looper client CID=0000000000000003 server CID=400000d6f0a59c4e peer address=127.0.0.1:4987
I1224 00:19:16.285981  4510 FunctionLooper.cpp:88] stop: ReadLooper
I1224 00:19:16.285987  4510 QuicTransportBase.cpp:1196] Stopping peek looper client CID=0000000000000003 server CID=400000d6f0a59c4e peer address=127.0.0.1:4987
I1224 00:19:16.285995  4510 FunctionLooper.cpp:88] stop: PeekLooper
I1224 00:19:16.286000  4510 QuicTransportBase.cpp:1233] Server stopping write looper because conn closed client CID=0000000000000003 server CID=400000d6f0a59c4e peer address=127.0.0.1:4987
I1224 00:19:16.286006  4510 FunctionLooper.cpp:88] stop: WriteLooper
*** Aborted at 1640305156 (Unix time, try 'date -d @1640305156') ***
*** Signal 15 (SIGTERM) (0x1195) received by PID 4504 (pthread TID 0x7f62f11d8ec0) (linux TID 4504) (maybe from PID 4501, UID 0) (code: 0), stack trace: ***
(error retrieving stack trace)
