I1224 00:16:54.707432  3619 EventBase.cpp:308] EventBase(): Starting loop.
I1224 00:16:54.707615  3620 EventBase.cpp:308] EventBase(): Starting loop.
I1224 00:16:54.713716  3621 EventBase.cpp:308] EventBase(): Starting loop.
I1224 00:16:54.724270  3622 EventBase.cpp:308] EventBase(): Starting loop.
I1224 00:16:54.724469  3623 EventBase.cpp:308] EventBase(): Starting loop.
I1224 00:16:54.724597  3624 EventBase.cpp:308] EventBase(): Starting loop.
I1224 00:16:54.724737  3619 QuicServer.cpp:268] No valid takenover fd found for address=127.0.0.1:4443. binding on worker=0x5561fb796ec0 workerId=0 processId=0
I1224 00:16:54.724926  3620 QuicServer.cpp:268] No valid takenover fd found for address=127.0.0.1:4443. binding on worker=0x5561fb797500 workerId=1 processId=0
I1224 00:16:54.725033  3621 QuicServer.cpp:268] No valid takenover fd found for address=127.0.0.1:4443. binding on worker=0x5561fb797940 workerId=2 processId=0
I1224 00:16:54.725142  3622 QuicServer.cpp:268] No valid takenover fd found for address=127.0.0.1:4443. binding on worker=0x5561fb797e20 workerId=3 processId=0
I1224 00:16:54.725313  3623 QuicServer.cpp:268] No valid takenover fd found for address=127.0.0.1:4443. binding on worker=0x5561fb798300 workerId=4 processId=0
I1224 00:16:54.725490  3624 QuicServer.cpp:268] No valid takenover fd found for address=127.0.0.1:4443. binding on worker=0x5561fb798800 workerId=5 processId=0
I1224 00:16:54.725518  3624 QuicServer.cpp:295] Initialized all workers in the eventbase
I1224 00:16:54.725656  3621 QuicServerWorker.cpp:134] Registered read on worker=0x5561fb797940, thread=140286812911360, processId=0
I1224 00:16:54.725670  3619 QuicServerWorker.cpp:134] Registered read on worker=0x5561fb796ec0, thread=140286829696768, processId=0
I1224 00:16:54.725679  3616 EchoServer.h:90] Echo server started at: 127.0.0.1:4443
I1224 00:16:54.725690  3616 EventBase.cpp:308] EventBase(): Starting loop.
I1224 00:16:54.725687  3620 QuicServerWorker.cpp:134] Registered read on worker=0x5561fb797500, thread=140286821304064, processId=0
I1224 00:16:54.725706  3623 QuicServerWorker.cpp:134] Registered read on worker=0x5561fb798300, thread=140286796125952, processId=0
I1224 00:16:54.725713  3622 QuicServerWorker.cpp:134] Registered read on worker=0x5561fb797e20, thread=140286804518656, processId=0
I1224 00:16:54.725780  3624 QuicServerWorker.cpp:134] Registered read on worker=0x5561fb798800, thread=140286449678080, processId=0
I1224 00:17:00.132550  3622 QuicServerWorker.cpp:227] Worker=0x5561fb797e20, Received data on thread=140286804518656, processId=0
I1224 00:17:00.132580  3622 LogQuicStats.h:24] server onPacketReceived
I1224 00:17:00.132588  3622 LogQuicStats.h:140] server onRead size=1232
W1224 00:17:00.132608  3622 Types.cpp:447] toString has unhandled version type
I1224 00:17:00.132603  3622 LogQuicStats.h:76] server onClientInitialReceived, version: UNKNOWN
I1224 00:17:00.132622  3622 QuicServerWorker.cpp:208] Version negotiation sent to client=127.0.0.1:4987
I1224 00:17:00.132630  3622 LogQuicStats.h:144] server onWrite size=43
I1224 00:17:00.132637  3622 LogQuicStats.h:36] server onPacketProcessed
I1224 00:17:00.132643  3622 LogQuicStats.h:40] server onPacketSent
I1224 00:17:00.291704  3622 QuicServerWorker.cpp:227] Worker=0x5561fb797e20, Received data on thread=140286804518656, processId=0
I1224 00:17:00.291733  3622 LogQuicStats.h:24] server onPacketReceived
I1224 00:17:00.291741  3622 LogQuicStats.h:140] server onRead size=1232
I1224 00:17:00.291749  3622 LogQuicStats.h:76] server onClientInitialReceived, version: QUIC_DRAFT
I1224 00:17:00.291759  3622 QuicServerWorker.cpp:545] Creating new connection for client=127.0.0.1:4987, routingInfo=CID=0000000000000000, cidVersion=1, workerId=3, processId=0, hostId=0, threadId=140286804518656, 
I1224 00:17:00.291867  3622 LogQuicStats.h:118] server onStatelessReset
I1224 00:17:00.291895  3622 StateMachine-inl.h:41] Transition from Uninitialized to ExpectingClientHello
I1224 00:17:00.291961  3622 LogQuicStats.h:32] server onOutOfOrderPacketReceived
I1224 00:17:00.291970  3622 ServerStateMachine.cpp:952] Server received crypto data offset=0 len=391 currentReadOffset=0 client CID=0000000000000003 server CID=400000d661be5f52 peer address=127.0.0.1:4987
I1224 00:17:00.291996  3622 RecordLayer.cpp:82] Received handshake message ClientHello
I1224 00:17:00.292093  3622 ServerHandshake.cpp:167] ServerHandshake error fizz::FizzException: no psk modes
I1224 00:17:00.292138  3622 QuicTransportBase.cpp:1870] onNetworkData fizz::FizzException: no psk modes client CID=0000000000000003 server CID=400000d661be5f52 peer address=127.0.0.1:4987
I1224 00:17:00.292151  3622 QuicTransportBase.cpp:400] Stopping read looper due to immediate close client CID=0000000000000003 server CID=400000d661be5f52 peer address=127.0.0.1:4987
I1224 00:17:00.292179  3622 FunctionLooper.cpp:88] stop: ReadLooper
I1224 00:17:00.292187  3622 FunctionLooper.cpp:88] stop: PeekLooper
I1224 00:17:00.292192  3622 FunctionLooper.cpp:88] stop: WriteLooper
I1224 00:17:00.292205  3622 QuicTransportBase.cpp:2651] Clearing 0 peek callbacks
I1224 00:17:00.292212  3622 QuicTransportBase.cpp:852] Stopping read looper client CID=0000000000000003 server CID=400000d661be5f52 peer address=127.0.0.1:4987
I1224 00:17:00.292218  3622 FunctionLooper.cpp:88] stop: ReadLooper
I1224 00:17:00.292224  3622 QuicTransportBase.cpp:1196] Stopping peek looper client CID=0000000000000003 server CID=400000d661be5f52 peer address=127.0.0.1:4987
I1224 00:17:00.292232  3622 FunctionLooper.cpp:88] stop: PeekLooper
I1224 00:17:00.292237  3622 QuicTransportBase.cpp:1233] Server stopping write looper because conn closed client CID=0000000000000003 server CID=400000d661be5f52 peer address=127.0.0.1:4987
I1224 00:17:00.292244  3622 FunctionLooper.cpp:88] stop: WriteLooper
E1224 00:17:00.292251  3622 EchoHandler.h:53] Socket error=Crypto error: missing_extension
I1224 00:17:00.292273  3622 QuicTransportFunctions.cpp:1063] Server sent close packetNum=3547636 in space=InitialSpace client CID=0000000000000003 server CID=400000d661be5f52 peer address=127.0.0.1:4987
I1224 00:17:00.292302  3622 LogQuicStats.h:144] server onWrite size=82
I1224 00:17:00.292313  3622 QuicTransportBase.cpp:852] Stopping read looper client CID=0000000000000003 server CID=400000d661be5f52 peer address=127.0.0.1:4987
I1224 00:17:00.292321  3622 FunctionLooper.cpp:88] stop: ReadLooper
I1224 00:17:00.292327  3622 QuicTransportBase.cpp:1196] Stopping peek looper client CID=0000000000000003 server CID=400000d661be5f52 peer address=127.0.0.1:4987
I1224 00:17:00.292333  3622 FunctionLooper.cpp:88] stop: PeekLooper
I1224 00:17:00.292340  3622 QuicTransportBase.cpp:1233] Server stopping write looper because conn closed client CID=0000000000000003 server CID=400000d661be5f52 peer address=127.0.0.1:4987
I1224 00:17:00.292346  3622 FunctionLooper.cpp:88] stop: WriteLooper
*** Aborted at 1640305020 (Unix time, try 'date -d @1640305020') ***
*** Signal 15 (SIGTERM) (0xe1d) received by PID 3616 (pthread TID 0x7f9715f17ec0) (linux TID 3616) (maybe from PID 3613, UID 0) (code: 0), stack trace: ***
(error retrieving stack trace)
