I1224 00:15:01.037675  2879 EventBase.cpp:308] EventBase(): Starting loop.
I1224 00:15:01.047945  2880 EventBase.cpp:308] EventBase(): Starting loop.
I1224 00:15:01.048401  2881 EventBase.cpp:308] EventBase(): Starting loop.
I1224 00:15:01.048498  2882 EventBase.cpp:308] EventBase(): Starting loop.
I1224 00:15:01.048630  2883 EventBase.cpp:308] EventBase(): Starting loop.
I1224 00:15:01.050957  2884 EventBase.cpp:308] EventBase(): Starting loop.
I1224 00:15:01.051126  2879 QuicServer.cpp:268] No valid takenover fd found for address=127.0.0.1:4443. binding on worker=0x5633b8301ec0 workerId=0 processId=0
I1224 00:15:01.051306  2880 QuicServer.cpp:268] No valid takenover fd found for address=127.0.0.1:4443. binding on worker=0x5633b8302500 workerId=1 processId=0
I1224 00:15:01.051461  2881 QuicServer.cpp:268] No valid takenover fd found for address=127.0.0.1:4443. binding on worker=0x5633b8302940 workerId=2 processId=0
I1224 00:15:01.051587  2882 QuicServer.cpp:268] No valid takenover fd found for address=127.0.0.1:4443. binding on worker=0x5633b8302e20 workerId=3 processId=0
I1224 00:15:01.051704  2883 QuicServer.cpp:268] No valid takenover fd found for address=127.0.0.1:4443. binding on worker=0x5633b8303300 workerId=4 processId=0
I1224 00:15:01.051865  2884 QuicServer.cpp:268] No valid takenover fd found for address=127.0.0.1:4443. binding on worker=0x5633b8303800 workerId=5 processId=0
I1224 00:15:01.051893  2884 QuicServer.cpp:295] Initialized all workers in the eventbase
I1224 00:15:01.051991  2876 EchoServer.h:90] Echo server started at: 127.0.0.1:4443
I1224 00:15:01.052008  2876 EventBase.cpp:308] EventBase(): Starting loop.
I1224 00:15:01.052058  2880 QuicServerWorker.cpp:134] Registered read on worker=0x5633b8302500, thread=139811498518272, processId=0
I1224 00:15:01.052073  2881 QuicServerWorker.cpp:134] Registered read on worker=0x5633b8302940, thread=139811490125568, processId=0
I1224 00:15:01.052098  2879 QuicServerWorker.cpp:134] Registered read on worker=0x5633b8301ec0, thread=139811506910976, processId=0
I1224 00:15:01.052110  2883 QuicServerWorker.cpp:134] Registered read on worker=0x5633b8303300, thread=139811473340160, processId=0
I1224 00:15:01.052136  2882 QuicServerWorker.cpp:134] Registered read on worker=0x5633b8302e20, thread=139811481732864, processId=0
I1224 00:15:01.052160  2884 QuicServerWorker.cpp:134] Registered read on worker=0x5633b8303800, thread=139811464947456, processId=0
I1224 00:15:06.477831  2882 QuicServerWorker.cpp:227] Worker=0x5633b8302e20, Received data on thread=139811481732864, processId=0
I1224 00:15:06.477862  2882 LogQuicStats.h:24] server onPacketReceived
I1224 00:15:06.477870  2882 LogQuicStats.h:140] server onRead size=1232
W1224 00:15:06.477891  2882 Types.cpp:447] toString has unhandled version type
I1224 00:15:06.477886  2882 LogQuicStats.h:76] server onClientInitialReceived, version: UNKNOWN
I1224 00:15:06.477916  2882 QuicServerWorker.cpp:208] Version negotiation sent to client=127.0.0.1:4987
I1224 00:15:06.477926  2882 LogQuicStats.h:144] server onWrite size=43
I1224 00:15:06.477932  2882 LogQuicStats.h:36] server onPacketProcessed
I1224 00:15:06.477938  2882 LogQuicStats.h:40] server onPacketSent
I1224 00:15:06.692950  2882 QuicServerWorker.cpp:227] Worker=0x5633b8302e20, Received data on thread=139811481732864, processId=0
I1224 00:15:06.692979  2882 LogQuicStats.h:24] server onPacketReceived
I1224 00:15:06.692987  2882 LogQuicStats.h:140] server onRead size=1232
I1224 00:15:06.692996  2882 LogQuicStats.h:76] server onClientInitialReceived, version: QUIC_DRAFT
I1224 00:15:06.693006  2882 QuicServerWorker.cpp:545] Creating new connection for client=127.0.0.1:4987, routingInfo=CID=0000000000000000, cidVersion=1, workerId=3, processId=0, hostId=0, threadId=139811481732864, 
I1224 00:15:06.693118  2882 LogQuicStats.h:118] server onStatelessReset
I1224 00:15:06.693146  2882 StateMachine-inl.h:41] Transition from Uninitialized to ExpectingClientHello
I1224 00:15:06.693213  2882 LogQuicStats.h:32] server onOutOfOrderPacketReceived
I1224 00:15:06.693222  2882 ServerStateMachine.cpp:952] Server received crypto data offset=0 len=391 currentReadOffset=0 client CID=0000000000000003 server CID=400000c618f50cf9 peer address=127.0.0.1:4987
I1224 00:15:06.693244  2882 RecordLayer.cpp:82] Received handshake message ClientHello
I1224 00:15:06.693359  2882 ServerHandshake.cpp:167] ServerHandshake error fizz::FizzException: no psk modes
I1224 00:15:06.693404  2882 QuicTransportBase.cpp:1870] onNetworkData fizz::FizzException: no psk modes client CID=0000000000000003 server CID=400000c618f50cf9 peer address=127.0.0.1:4987
I1224 00:15:06.693418  2882 QuicTransportBase.cpp:400] Stopping read looper due to immediate close client CID=0000000000000003 server CID=400000c618f50cf9 peer address=127.0.0.1:4987
I1224 00:15:06.693426  2882 FunctionLooper.cpp:88] stop: ReadLooper
I1224 00:15:06.693432  2882 FunctionLooper.cpp:88] stop: PeekLooper
I1224 00:15:06.693439  2882 FunctionLooper.cpp:88] stop: WriteLooper
I1224 00:15:06.693445  2882 QuicTransportBase.cpp:2651] Clearing 0 peek callbacks
I1224 00:15:06.693452  2882 QuicTransportBase.cpp:852] Stopping read looper client CID=0000000000000003 server CID=400000c618f50cf9 peer address=127.0.0.1:4987
I1224 00:15:06.693459  2882 FunctionLooper.cpp:88] stop: ReadLooper
I1224 00:15:06.693465  2882 QuicTransportBase.cpp:1196] Stopping peek looper client CID=0000000000000003 server CID=400000c618f50cf9 peer address=127.0.0.1:4987
I1224 00:15:06.693472  2882 FunctionLooper.cpp:88] stop: PeekLooper
I1224 00:15:06.693478  2882 QuicTransportBase.cpp:1233] Server stopping write looper because conn closed client CID=0000000000000003 server CID=400000c618f50cf9 peer address=127.0.0.1:4987
I1224 00:15:06.693485  2882 FunctionLooper.cpp:88] stop: WriteLooper
E1224 00:15:06.693492  2882 EchoHandler.h:53] Socket error=Crypto error: missing_extension
I1224 00:15:06.693512  2882 QuicTransportFunctions.cpp:1063] Server sent close packetNum=14457771 in space=InitialSpace client CID=0000000000000003 server CID=400000c618f50cf9 peer address=127.0.0.1:4987
I1224 00:15:06.693536  2882 LogQuicStats.h:144] server onWrite size=83
I1224 00:15:06.693547  2882 QuicTransportBase.cpp:852] Stopping read looper client CID=0000000000000003 server CID=400000c618f50cf9 peer address=127.0.0.1:4987
I1224 00:15:06.693554  2882 FunctionLooper.cpp:88] stop: ReadLooper
I1224 00:15:06.693560  2882 QuicTransportBase.cpp:1196] Stopping peek looper client CID=0000000000000003 server CID=400000c618f50cf9 peer address=127.0.0.1:4987
I1224 00:15:06.693567  2882 FunctionLooper.cpp:88] stop: PeekLooper
I1224 00:15:06.693572  2882 QuicTransportBase.cpp:1233] Server stopping write looper because conn closed client CID=0000000000000003 server CID=400000c618f50cf9 peer address=127.0.0.1:4987
I1224 00:15:06.693579  2882 FunctionLooper.cpp:88] stop: WriteLooper
*** Aborted at 1640304906 (Unix time, try 'date -d @1640304906') ***
*** Signal 15 (SIGTERM) (0xb39) received by PID 2876 (pthread TID 0x7f286a7f5ec0) (linux TID 2876) (maybe from PID 2873, UID 0) (code: 0), stack trace: ***
(error retrieving stack trace)
