I1223 18:34:39.058074 12043 EventBase.cpp:308] EventBase(): Starting loop.
I1223 18:34:39.058909 12044 EventBase.cpp:308] EventBase(): Starting loop.
I1223 18:34:39.059054 12045 EventBase.cpp:308] EventBase(): Starting loop.
I1223 18:34:39.063282 12046 EventBase.cpp:308] EventBase(): Starting loop.
I1223 18:34:39.067214 12047 EventBase.cpp:308] EventBase(): Starting loop.
I1223 18:34:39.070392 12048 EventBase.cpp:308] EventBase(): Starting loop.
I1223 18:34:39.071251 12043 QuicServer.cpp:268] No valid takenover fd found for address=127.0.0.1:4443. binding on worker=0x55d4adfda040 workerId=0 processId=0
I1223 18:34:39.072448 12044 QuicServer.cpp:268] No valid takenover fd found for address=127.0.0.1:4443. binding on worker=0x55d4adfda680 workerId=1 processId=0
I1223 18:34:39.079406 12045 QuicServer.cpp:268] No valid takenover fd found for address=127.0.0.1:4443. binding on worker=0x55d4adfdab30 workerId=2 processId=0
I1223 18:34:39.079581 12046 QuicServer.cpp:268] No valid takenover fd found for address=127.0.0.1:4443. binding on worker=0x55d4adfdb010 workerId=3 processId=0
I1223 18:34:39.079774 12047 QuicServer.cpp:268] No valid takenover fd found for address=127.0.0.1:4443. binding on worker=0x55d4adfdb4f0 workerId=4 processId=0
I1223 18:34:39.079955 12048 QuicServer.cpp:268] No valid takenover fd found for address=127.0.0.1:4443. binding on worker=0x55d4adfdb9f0 workerId=5 processId=0
I1223 18:34:39.079984 12048 QuicServer.cpp:295] Initialized all workers in the eventbase
I1223 18:34:39.080091 12040 EchoServer.h:90] Echo server started at: 127.0.0.1:4443
I1223 18:34:39.080144 12040 EventBase.cpp:308] EventBase(): Starting loop.
I1223 18:34:39.080201 12047 QuicServerWorker.cpp:134] Registered read on worker=0x55d4adfdb4f0, thread=139893661497088, processId=0
I1223 18:34:39.080235 12044 QuicServerWorker.cpp:134] Registered read on worker=0x55d4adfda680, thread=139893889697536, processId=0
I1223 18:34:39.080201 12043 QuicServerWorker.cpp:134] Registered read on worker=0x55d4adfda040, thread=139893898090240, processId=0
I1223 18:34:39.080284 12048 QuicServerWorker.cpp:134] Registered read on worker=0x55d4adfdb9f0, thread=139893653104384, processId=0
I1223 18:34:39.080348 12046 QuicServerWorker.cpp:134] Registered read on worker=0x55d4adfdb010, thread=139893872912128, processId=0
I1223 18:34:39.080214 12045 QuicServerWorker.cpp:134] Registered read on worker=0x55d4adfdab30, thread=139893881304832, processId=0
I1223 18:34:44.756201 12046 QuicServerWorker.cpp:227] Worker=0x55d4adfdb010, Received data on thread=139893872912128, processId=0
I1223 18:34:44.756229 12046 LogQuicStats.h:24] server onPacketReceived
I1223 18:34:44.756237 12046 LogQuicStats.h:140] server onRead size=1232
I1223 18:34:44.756251 12046 LogQuicStats.h:76] server onClientInitialReceived, version: QUIC_DRAFT
I1223 18:34:44.756261 12046 QuicServerWorker.cpp:545] Creating new connection for client=127.0.0.1:4987, routingInfo=CID=0000000000000002, cidVersion=1, workerId=3, processId=0, hostId=0, threadId=139893872912128, 
I1223 18:34:44.756366 12046 LogQuicStats.h:118] server onStatelessReset
I1223 18:34:44.756392 12046 StateMachine-inl.h:41] Transition from Uninitialized to ExpectingClientHello
I1223 18:34:44.756456 12046 LogQuicStats.h:32] server onOutOfOrderPacketReceived
I1223 18:34:44.756464 12046 ServerStateMachine.cpp:952] Server received crypto data offset=0 len=391 currentReadOffset=0 client CID=0000000000000001 server CID=400000ce4242b3f2 peer address=127.0.0.1:4987
I1223 18:34:44.756479 12046 RecordLayer.cpp:82] Received handshake message ClientHello
I1223 18:34:44.756574 12046 ServerHandshake.cpp:167] ServerHandshake error fizz::FizzException: no psk modes
I1223 18:34:44.756620 12046 QuicTransportBase.cpp:1870] onNetworkData fizz::FizzException: no psk modes client CID=0000000000000001 server CID=400000ce4242b3f2 peer address=127.0.0.1:4987
I1223 18:34:44.756633 12046 QuicTransportBase.cpp:400] Stopping read looper due to immediate close client CID=0000000000000001 server CID=400000ce4242b3f2 peer address=127.0.0.1:4987
I1223 18:34:44.756641 12046 FunctionLooper.cpp:88] stop: ReadLooper
I1223 18:34:44.756655 12046 FunctionLooper.cpp:88] stop: PeekLooper
I1223 18:34:44.756661 12046 FunctionLooper.cpp:88] stop: WriteLooper
I1223 18:34:44.756673 12046 QuicTransportBase.cpp:2651] Clearing 0 peek callbacks
I1223 18:34:44.756680 12046 QuicTransportBase.cpp:852] Stopping read looper client CID=0000000000000001 server CID=400000ce4242b3f2 peer address=127.0.0.1:4987
I1223 18:34:44.756686 12046 FunctionLooper.cpp:88] stop: ReadLooper
I1223 18:34:44.756693 12046 QuicTransportBase.cpp:1196] Stopping peek looper client CID=0000000000000001 server CID=400000ce4242b3f2 peer address=127.0.0.1:4987
I1223 18:34:44.756700 12046 FunctionLooper.cpp:88] stop: PeekLooper
I1223 18:34:44.756705 12046 QuicTransportBase.cpp:1233] Server stopping write looper because conn closed client CID=0000000000000001 server CID=400000ce4242b3f2 peer address=127.0.0.1:4987
I1223 18:34:44.756712 12046 FunctionLooper.cpp:88] stop: WriteLooper
E1223 18:34:44.756719 12046 EchoHandler.h:53] Socket error=Crypto error: missing_extension
I1223 18:34:44.756738 12046 QuicTransportFunctions.cpp:1063] Server sent close packetNum=12986384 in space=InitialSpace client CID=0000000000000001 server CID=400000ce4242b3f2 peer address=127.0.0.1:4987
I1223 18:34:44.756762 12046 LogQuicStats.h:144] server onWrite size=83
I1223 18:34:44.756772 12046 QuicTransportBase.cpp:852] Stopping read looper client CID=0000000000000001 server CID=400000ce4242b3f2 peer address=127.0.0.1:4987
I1223 18:34:44.756779 12046 FunctionLooper.cpp:88] stop: ReadLooper
I1223 18:34:44.756785 12046 QuicTransportBase.cpp:1196] Stopping peek looper client CID=0000000000000001 server CID=400000ce4242b3f2 peer address=127.0.0.1:4987
I1223 18:34:44.756791 12046 FunctionLooper.cpp:88] stop: PeekLooper
I1223 18:34:44.756798 12046 QuicTransportBase.cpp:1233] Server stopping write looper because conn closed client CID=0000000000000001 server CID=400000ce4242b3f2 peer address=127.0.0.1:4987
I1223 18:34:44.756803 12046 FunctionLooper.cpp:88] stop: WriteLooper
*** Aborted at 1640284484 (Unix time, try 'date -d @1640284484') ***
*** Signal 15 (SIGTERM) (0x2f05) received by PID 12040 (pthread TID 0x7f3b9964fec0) (linux TID 12040) (maybe from PID 12037, UID 0) (code: 0), stack trace: ***
(error retrieving stack trace)
