I1223 18:31:02.499254 10637 EventBase.cpp:308] EventBase(): Starting loop.
I1223 18:31:02.505578 10638 EventBase.cpp:308] EventBase(): Starting loop.
I1223 18:31:02.507205 10639 EventBase.cpp:308] EventBase(): Starting loop.
I1223 18:31:02.511754 10640 EventBase.cpp:308] EventBase(): Starting loop.
I1223 18:31:02.515028 10641 EventBase.cpp:308] EventBase(): Starting loop.
I1223 18:31:02.518949 10642 EventBase.cpp:308] EventBase(): Starting loop.
I1223 18:31:02.519078 10637 QuicServer.cpp:268] No valid takenover fd found for address=127.0.0.1:4443. binding on worker=0x556a544d0040 workerId=0 processId=0
I1223 18:31:02.519275 10638 QuicServer.cpp:268] No valid takenover fd found for address=127.0.0.1:4443. binding on worker=0x556a544d0680 workerId=1 processId=0
I1223 18:31:02.519434 10639 QuicServer.cpp:268] No valid takenover fd found for address=127.0.0.1:4443. binding on worker=0x556a544d0b30 workerId=2 processId=0
I1223 18:31:02.519595 10640 QuicServer.cpp:268] No valid takenover fd found for address=127.0.0.1:4443. binding on worker=0x556a544d1010 workerId=3 processId=0
I1223 18:31:02.519753 10641 QuicServer.cpp:268] No valid takenover fd found for address=127.0.0.1:4443. binding on worker=0x556a544d14f0 workerId=4 processId=0
I1223 18:31:02.519912 10642 QuicServer.cpp:268] No valid takenover fd found for address=127.0.0.1:4443. binding on worker=0x556a544d19f0 workerId=5 processId=0
I1223 18:31:02.519939 10642 QuicServer.cpp:295] Initialized all workers in the eventbase
I1223 18:31:02.520040 10634 EchoServer.h:90] Echo server started at: 127.0.0.1:4443
I1223 18:31:02.520056 10634 EventBase.cpp:308] EventBase(): Starting loop.
I1223 18:31:02.520110 10637 QuicServerWorker.cpp:134] Registered read on worker=0x556a544d0040, thread=140175143786240, processId=0
I1223 18:31:02.520130 10640 QuicServerWorker.cpp:134] Registered read on worker=0x556a544d1010, thread=140174914746112, processId=0
I1223 18:31:02.520118 10638 QuicServerWorker.cpp:134] Registered read on worker=0x556a544d0680, thread=140175135393536, processId=0
I1223 18:31:02.520224 10639 QuicServerWorker.cpp:134] Registered read on worker=0x556a544d0b30, thread=140175127000832, processId=0
I1223 18:31:02.520231 10642 QuicServerWorker.cpp:134] Registered read on worker=0x556a544d19f0, thread=140174897960704, processId=0
I1223 18:31:02.520182 10641 QuicServerWorker.cpp:134] Registered read on worker=0x556a544d14f0, thread=140174906353408, processId=0
I1223 18:31:08.104179 10640 QuicServerWorker.cpp:227] Worker=0x556a544d1010, Received data on thread=140174914746112, processId=0
I1223 18:31:08.104207 10640 LogQuicStats.h:24] server onPacketReceived
I1223 18:31:08.104215 10640 LogQuicStats.h:140] server onRead size=1232
I1223 18:31:08.104230 10640 LogQuicStats.h:76] server onClientInitialReceived, version: QUIC_DRAFT
I1223 18:31:08.104240 10640 QuicServerWorker.cpp:545] Creating new connection for client=127.0.0.1:4987, routingInfo=CID=0000000000000002, cidVersion=1, workerId=3, processId=0, hostId=0, threadId=140174914746112, 
I1223 18:31:08.104342 10640 LogQuicStats.h:118] server onStatelessReset
I1223 18:31:08.104372 10640 StateMachine-inl.h:41] Transition from Uninitialized to ExpectingClientHello
I1223 18:31:08.104506 10640 LogQuicStats.h:32] server onOutOfOrderPacketReceived
I1223 18:31:08.104519 10640 ServerStateMachine.cpp:952] Server received crypto data offset=0 len=391 currentReadOffset=0 client CID=0000000000000001 server CID=400000de103cfacc peer address=127.0.0.1:4987
I1223 18:31:08.104540 10640 RecordLayer.cpp:82] Received handshake message ClientHello
I1223 18:31:08.104637 10640 ServerHandshake.cpp:167] ServerHandshake error fizz::FizzException: no psk modes
I1223 18:31:08.104683 10640 QuicTransportBase.cpp:1870] onNetworkData fizz::FizzException: no psk modes client CID=0000000000000001 server CID=400000de103cfacc peer address=127.0.0.1:4987
I1223 18:31:08.104697 10640 QuicTransportBase.cpp:400] Stopping read looper due to immediate close client CID=0000000000000001 server CID=400000de103cfacc peer address=127.0.0.1:4987
I1223 18:31:08.104707 10640 FunctionLooper.cpp:88] stop: ReadLooper
I1223 18:31:08.104722 10640 FunctionLooper.cpp:88] stop: PeekLooper
I1223 18:31:08.104727 10640 FunctionLooper.cpp:88] stop: WriteLooper
I1223 18:31:08.104739 10640 QuicTransportBase.cpp:2651] Clearing 0 peek callbacks
I1223 18:31:08.104746 10640 QuicTransportBase.cpp:852] Stopping read looper client CID=0000000000000001 server CID=400000de103cfacc peer address=127.0.0.1:4987
I1223 18:31:08.104753 10640 FunctionLooper.cpp:88] stop: ReadLooper
I1223 18:31:08.104759 10640 QuicTransportBase.cpp:1196] Stopping peek looper client CID=0000000000000001 server CID=400000de103cfacc peer address=127.0.0.1:4987
I1223 18:31:08.104766 10640 FunctionLooper.cpp:88] stop: PeekLooper
I1223 18:31:08.104773 10640 QuicTransportBase.cpp:1233] Server stopping write looper because conn closed client CID=0000000000000001 server CID=400000de103cfacc peer address=127.0.0.1:4987
I1223 18:31:08.104779 10640 FunctionLooper.cpp:88] stop: WriteLooper
E1223 18:31:08.104785 10640 EchoHandler.h:53] Socket error=Crypto error: missing_extension
I1223 18:31:08.104805 10640 QuicTransportFunctions.cpp:1063] Server sent close packetNum=16759131 in space=InitialSpace client CID=0000000000000001 server CID=400000de103cfacc peer address=127.0.0.1:4987
I1223 18:31:08.104835 10640 LogQuicStats.h:144] server onWrite size=83
I1223 18:31:08.104846 10640 QuicTransportBase.cpp:852] Stopping read looper client CID=0000000000000001 server CID=400000de103cfacc peer address=127.0.0.1:4987
I1223 18:31:08.104854 10640 FunctionLooper.cpp:88] stop: ReadLooper
I1223 18:31:08.104861 10640 QuicTransportBase.cpp:1196] Stopping peek looper client CID=0000000000000001 server CID=400000de103cfacc peer address=127.0.0.1:4987
I1223 18:31:08.104867 10640 FunctionLooper.cpp:88] stop: PeekLooper
I1223 18:31:08.104872 10640 QuicTransportBase.cpp:1233] Server stopping write looper because conn closed client CID=0000000000000001 server CID=400000de103cfacc peer address=127.0.0.1:4987
I1223 18:31:08.104879 10640 FunctionLooper.cpp:88] stop: WriteLooper
*** Aborted at 1640284268 (Unix time, try 'date -d @1640284268') ***
*** Signal 15 (SIGTERM) (0x2987) received by PID 10634 (pthread TID 0x7f7d14f1bec0) (linux TID 10634) (maybe from PID 10631, UID 0) (code: 0), stack trace: ***
(error retrieving stack trace)
