I1223 18:36:09.919800 12635 EventBase.cpp:308] EventBase(): Starting loop.
I1223 18:36:09.920047 12636 EventBase.cpp:308] EventBase(): Starting loop.
I1223 18:36:09.922961 12637 EventBase.cpp:308] EventBase(): Starting loop.
I1223 18:36:09.923121 12638 EventBase.cpp:308] EventBase(): Starting loop.
I1223 18:36:09.940403 12639 EventBase.cpp:308] EventBase(): Starting loop.
I1223 18:36:09.940577 12640 EventBase.cpp:308] EventBase(): Starting loop.
I1223 18:36:09.940707 12635 QuicServer.cpp:268] No valid takenover fd found for address=127.0.0.1:4443. binding on worker=0x55bdc45f6040 workerId=0 processId=0
I1223 18:36:09.940896 12636 QuicServer.cpp:268] No valid takenover fd found for address=127.0.0.1:4443. binding on worker=0x55bdc45f6680 workerId=1 processId=0
I1223 18:36:09.941001 12637 QuicServer.cpp:268] No valid takenover fd found for address=127.0.0.1:4443. binding on worker=0x55bdc45f6b30 workerId=2 processId=0
I1223 18:36:09.941040 12638 QuicServer.cpp:268] No valid takenover fd found for address=127.0.0.1:4443. binding on worker=0x55bdc45f7010 workerId=3 processId=0
I1223 18:36:09.941138 12639 QuicServer.cpp:268] No valid takenover fd found for address=127.0.0.1:4443. binding on worker=0x55bdc45f74f0 workerId=4 processId=0
I1223 18:36:09.941260 12640 QuicServer.cpp:268] No valid takenover fd found for address=127.0.0.1:4443. binding on worker=0x55bdc45f79f0 workerId=5 processId=0
I1223 18:36:09.941285 12640 QuicServer.cpp:295] Initialized all workers in the eventbase
I1223 18:36:09.941443 12637 QuicServerWorker.cpp:134] Registered read on worker=0x55bdc45f6b30, thread=140621043259136, processId=0
I1223 18:36:09.941465 12635 QuicServerWorker.cpp:134] Registered read on worker=0x55bdc45f6040, thread=140621060044544, processId=0
I1223 18:36:09.941480 12638 QuicServerWorker.cpp:134] Registered read on worker=0x55bdc45f7010, thread=140621034866432, processId=0
I1223 18:36:09.941493 12636 QuicServerWorker.cpp:134] Registered read on worker=0x55bdc45f6680, thread=140621051651840, processId=0
I1223 18:36:09.941504 12632 EchoServer.h:90] Echo server started at: 127.0.0.1:4443
I1223 18:36:09.941514 12632 EventBase.cpp:308] EventBase(): Starting loop.
I1223 18:36:09.941540 12639 QuicServerWorker.cpp:134] Registered read on worker=0x55bdc45f74f0, thread=140621026473728, processId=0
I1223 18:36:09.941576 12640 QuicServerWorker.cpp:134] Registered read on worker=0x55bdc45f79f0, thread=140621018081024, processId=0
I1223 18:36:15.530122 12638 QuicServerWorker.cpp:227] Worker=0x55bdc45f7010, Received data on thread=140621034866432, processId=0
I1223 18:36:15.530151 12638 LogQuicStats.h:24] server onPacketReceived
I1223 18:36:15.530159 12638 LogQuicStats.h:140] server onRead size=1232
I1223 18:36:15.530373 12638 LogQuicStats.h:76] server onClientInitialReceived, version: QUIC_DRAFT
I1223 18:36:15.530395 12638 QuicServerWorker.cpp:545] Creating new connection for client=127.0.0.1:4987, routingInfo=CID=0000000000000002, cidVersion=1, workerId=3, processId=0, hostId=0, threadId=140621034866432, 
I1223 18:36:15.530539 12638 LogQuicStats.h:118] server onStatelessReset
I1223 18:36:15.530572 12638 StateMachine-inl.h:41] Transition from Uninitialized to ExpectingClientHello
I1223 18:36:15.530644 12638 LogQuicStats.h:32] server onOutOfOrderPacketReceived
I1223 18:36:15.530653 12638 ServerStateMachine.cpp:952] Server received crypto data offset=0 len=389 currentReadOffset=0 client CID=0000000000000001 server CID=400000caae5da825 peer address=127.0.0.1:4987
I1223 18:36:15.530675 12638 RecordLayer.cpp:82] Received handshake message ClientHello
I1223 18:36:15.530874 12638 ServerHandshake.cpp:167] ServerHandshake error fizz::FizzException: no psk modes
I1223 18:36:15.530931 12638 QuicTransportBase.cpp:1870] onNetworkData fizz::FizzException: no psk modes client CID=0000000000000001 server CID=400000caae5da825 peer address=127.0.0.1:4987
I1223 18:36:15.530947 12638 QuicTransportBase.cpp:400] Stopping read looper due to immediate close client CID=0000000000000001 server CID=400000caae5da825 peer address=127.0.0.1:4987
I1223 18:36:15.530956 12638 FunctionLooper.cpp:88] stop: ReadLooper
I1223 18:36:15.530974 12638 FunctionLooper.cpp:88] stop: PeekLooper
I1223 18:36:15.530982 12638 FunctionLooper.cpp:88] stop: WriteLooper
I1223 18:36:15.530993 12638 QuicTransportBase.cpp:2651] Clearing 0 peek callbacks
I1223 18:36:15.531000 12638 QuicTransportBase.cpp:852] Stopping read looper client CID=0000000000000001 server CID=400000caae5da825 peer address=127.0.0.1:4987
I1223 18:36:15.531008 12638 FunctionLooper.cpp:88] stop: ReadLooper
I1223 18:36:15.531014 12638 QuicTransportBase.cpp:1196] Stopping peek looper client CID=0000000000000001 server CID=400000caae5da825 peer address=127.0.0.1:4987
I1223 18:36:15.531021 12638 FunctionLooper.cpp:88] stop: PeekLooper
I1223 18:36:15.531028 12638 QuicTransportBase.cpp:1233] Server stopping write looper because conn closed client CID=0000000000000001 server CID=400000caae5da825 peer address=127.0.0.1:4987
I1223 18:36:15.531035 12638 FunctionLooper.cpp:88] stop: WriteLooper
E1223 18:36:15.531042 12638 EchoHandler.h:53] Socket error=Crypto error: missing_extension
I1223 18:36:15.531065 12638 QuicTransportFunctions.cpp:1063] Server sent close packetNum=8852444 in space=InitialSpace client CID=0000000000000001 server CID=400000caae5da825 peer address=127.0.0.1:4987
I1223 18:36:15.531095 12638 LogQuicStats.h:144] server onWrite size=83
I1223 18:36:15.531106 12638 QuicTransportBase.cpp:852] Stopping read looper client CID=0000000000000001 server CID=400000caae5da825 peer address=127.0.0.1:4987
I1223 18:36:15.531113 12638 FunctionLooper.cpp:88] stop: ReadLooper
I1223 18:36:15.531121 12638 QuicTransportBase.cpp:1196] Stopping peek looper client CID=0000000000000001 server CID=400000caae5da825 peer address=127.0.0.1:4987
I1223 18:36:15.531127 12638 FunctionLooper.cpp:88] stop: PeekLooper
I1223 18:36:15.531133 12638 QuicTransportBase.cpp:1233] Server stopping write looper because conn closed client CID=0000000000000001 server CID=400000caae5da825 peer address=127.0.0.1:4987
I1223 18:36:15.531141 12638 FunctionLooper.cpp:88] stop: WriteLooper
*** Aborted at 1640284575 (Unix time, try 'date -d @1640284575') ***
*** Signal 15 (SIGTERM) (0x3155) received by PID 12632 (pthread TID 0x7fe4e79fdec0) (linux TID 12632) (maybe from PID 12629, UID 0) (code: 0), stack trace: ***
(error retrieving stack trace)
