I1223 18:31:59.329345 11007 EventBase.cpp:308] EventBase(): Starting loop.
I1223 18:31:59.329483 11008 EventBase.cpp:308] EventBase(): Starting loop.
I1223 18:31:59.329659 11009 EventBase.cpp:308] EventBase(): Starting loop.
I1223 18:31:59.331171 11010 EventBase.cpp:308] EventBase(): Starting loop.
I1223 18:31:59.335563 11011 EventBase.cpp:308] EventBase(): Starting loop.
I1223 18:31:59.338968 11012 EventBase.cpp:308] EventBase(): Starting loop.
I1223 18:31:59.339056 11007 QuicServer.cpp:268] No valid takenover fd found for address=127.0.0.1:4443. binding on worker=0x5642d6e56040 workerId=0 processId=0
I1223 18:31:59.339304 11008 QuicServer.cpp:268] No valid takenover fd found for address=127.0.0.1:4443. binding on worker=0x5642d6e56680 workerId=1 processId=0
I1223 18:31:59.339466 11009 QuicServer.cpp:268] No valid takenover fd found for address=127.0.0.1:4443. binding on worker=0x5642d6e56b30 workerId=2 processId=0
I1223 18:31:59.339625 11010 QuicServer.cpp:268] No valid takenover fd found for address=127.0.0.1:4443. binding on worker=0x5642d6e57010 workerId=3 processId=0
I1223 18:31:59.339785 11011 QuicServer.cpp:268] No valid takenover fd found for address=127.0.0.1:4443. binding on worker=0x5642d6e574f0 workerId=4 processId=0
I1223 18:31:59.339969 11012 QuicServer.cpp:268] No valid takenover fd found for address=127.0.0.1:4443. binding on worker=0x5642d6e579f0 workerId=5 processId=0
I1223 18:31:59.340001 11012 QuicServer.cpp:295] Initialized all workers in the eventbase
I1223 18:31:59.340112 11004 EchoServer.h:90] Echo server started at: 127.0.0.1:4443
I1223 18:31:59.340132 11004 EventBase.cpp:308] EventBase(): Starting loop.
I1223 18:31:59.340140 11007 QuicServerWorker.cpp:134] Registered read on worker=0x5642d6e56040, thread=139999892072192, processId=0
I1223 18:31:59.340183 11008 QuicServerWorker.cpp:134] Registered read on worker=0x5642d6e56680, thread=139999883679488, processId=0
I1223 18:31:59.340206 11010 QuicServerWorker.cpp:134] Registered read on worker=0x5642d6e57010, thread=139999866894080, processId=0
I1223 18:31:59.340227 11012 QuicServerWorker.cpp:134] Registered read on worker=0x5642d6e579f0, thread=139999850108672, processId=0
I1223 18:31:59.340209 11009 QuicServerWorker.cpp:134] Registered read on worker=0x5642d6e56b30, thread=139999875286784, processId=0
I1223 18:31:59.340310 11011 QuicServerWorker.cpp:134] Registered read on worker=0x5642d6e574f0, thread=139999858501376, processId=0
I1223 18:32:04.921974 11010 QuicServerWorker.cpp:227] Worker=0x5642d6e57010, Received data on thread=139999866894080, processId=0
I1223 18:32:04.922014 11010 LogQuicStats.h:24] server onPacketReceived
I1223 18:32:04.922021 11010 LogQuicStats.h:140] server onRead size=1232
I1223 18:32:04.922039 11010 LogQuicStats.h:76] server onClientInitialReceived, version: QUIC_DRAFT
I1223 18:32:04.922048 11010 QuicServerWorker.cpp:545] Creating new connection for client=127.0.0.1:4987, routingInfo=CID=0000000000000002, cidVersion=1, workerId=3, processId=0, hostId=0, threadId=139999866894080, 
I1223 18:32:04.922163 11010 LogQuicStats.h:118] server onStatelessReset
I1223 18:32:04.922192 11010 StateMachine-inl.h:41] Transition from Uninitialized to ExpectingClientHello
I1223 18:32:04.922261 11010 LogQuicStats.h:32] server onOutOfOrderPacketReceived
I1223 18:32:04.922271 11010 ServerStateMachine.cpp:952] Server received crypto data offset=0 len=391 currentReadOffset=0 client CID=0000000000000001 server CID=400000ddd7107a46 peer address=127.0.0.1:4987
I1223 18:32:04.922286 11010 RecordLayer.cpp:82] Received handshake message ClientHello
I1223 18:32:04.922384 11010 ServerHandshake.cpp:167] ServerHandshake error fizz::FizzException: no psk modes
I1223 18:32:04.922432 11010 QuicTransportBase.cpp:1870] onNetworkData fizz::FizzException: no psk modes client CID=0000000000000001 server CID=400000ddd7107a46 peer address=127.0.0.1:4987
I1223 18:32:04.922447 11010 QuicTransportBase.cpp:400] Stopping read looper due to immediate close client CID=0000000000000001 server CID=400000ddd7107a46 peer address=127.0.0.1:4987
I1223 18:32:04.922456 11010 FunctionLooper.cpp:88] stop: ReadLooper
I1223 18:32:04.922468 11010 FunctionLooper.cpp:88] stop: PeekLooper
I1223 18:32:04.922474 11010 FunctionLooper.cpp:88] stop: WriteLooper
I1223 18:32:04.922482 11010 QuicTransportBase.cpp:2651] Clearing 0 peek callbacks
I1223 18:32:04.922488 11010 QuicTransportBase.cpp:852] Stopping read looper client CID=0000000000000001 server CID=400000ddd7107a46 peer address=127.0.0.1:4987
I1223 18:32:04.922495 11010 FunctionLooper.cpp:88] stop: ReadLooper
I1223 18:32:04.922502 11010 QuicTransportBase.cpp:1196] Stopping peek looper client CID=0000000000000001 server CID=400000ddd7107a46 peer address=127.0.0.1:4987
I1223 18:32:04.922508 11010 FunctionLooper.cpp:88] stop: PeekLooper
I1223 18:32:04.922514 11010 QuicTransportBase.cpp:1233] Server stopping write looper because conn closed client CID=0000000000000001 server CID=400000ddd7107a46 peer address=127.0.0.1:4987
I1223 18:32:04.922520 11010 FunctionLooper.cpp:88] stop: WriteLooper
E1223 18:32:04.922528 11010 EchoHandler.h:53] Socket error=Crypto error: missing_extension
I1223 18:32:04.922549 11010 QuicTransportFunctions.cpp:1063] Server sent close packetNum=10993836 in space=InitialSpace client CID=0000000000000001 server CID=400000ddd7107a46 peer address=127.0.0.1:4987
I1223 18:32:04.922571 11010 LogQuicStats.h:144] server onWrite size=83
I1223 18:32:04.922580 11010 QuicTransportBase.cpp:852] Stopping read looper client CID=0000000000000001 server CID=400000ddd7107a46 peer address=127.0.0.1:4987
I1223 18:32:04.922588 11010 FunctionLooper.cpp:88] stop: ReadLooper
I1223 18:32:04.922593 11010 QuicTransportBase.cpp:1196] Stopping peek looper client CID=0000000000000001 server CID=400000ddd7107a46 peer address=127.0.0.1:4987
I1223 18:32:04.922600 11010 FunctionLooper.cpp:88] stop: PeekLooper
I1223 18:32:04.922606 11010 QuicTransportBase.cpp:1233] Server stopping write looper because conn closed client CID=0000000000000001 server CID=400000ddd7107a46 peer address=127.0.0.1:4987
I1223 18:32:04.922612 11010 FunctionLooper.cpp:88] stop: WriteLooper
*** Aborted at 1640284324 (Unix time, try 'date -d @1640284324') ***
*** Signal 15 (SIGTERM) (0x2af9) received by PID 11004 (pthread TID 0x7f544720cec0) (linux TID 11004) (maybe from PID 11001, UID 0) (code: 0), stack trace: ***
(error retrieving stack trace)
