I1223 18:32:45.002418 11303 EventBase.cpp:308] EventBase(): Starting loop.
I1223 18:32:45.014631 11304 EventBase.cpp:308] EventBase(): Starting loop.
I1223 18:32:45.014920 11305 EventBase.cpp:308] EventBase(): Starting loop.
I1223 18:32:45.015086 11306 EventBase.cpp:308] EventBase(): Starting loop.
I1223 18:32:45.015206 11307 EventBase.cpp:308] EventBase(): Starting loop.
I1223 18:32:45.015347 11308 EventBase.cpp:308] EventBase(): Starting loop.
I1223 18:32:45.015513 11303 QuicServer.cpp:268] No valid takenover fd found for address=127.0.0.1:4443. binding on worker=0x5653748df040 workerId=0 processId=0
I1223 18:32:45.015686 11304 QuicServer.cpp:268] No valid takenover fd found for address=127.0.0.1:4443. binding on worker=0x5653748df680 workerId=1 processId=0
I1223 18:32:45.015839 11305 QuicServer.cpp:268] No valid takenover fd found for address=127.0.0.1:4443. binding on worker=0x5653748dfb30 workerId=2 processId=0
I1223 18:32:45.015996 11306 QuicServer.cpp:268] No valid takenover fd found for address=127.0.0.1:4443. binding on worker=0x5653748e0010 workerId=3 processId=0
I1223 18:32:45.016168 11307 QuicServer.cpp:268] No valid takenover fd found for address=127.0.0.1:4443. binding on worker=0x5653748e04f0 workerId=4 processId=0
I1223 18:32:45.016340 11308 QuicServer.cpp:268] No valid takenover fd found for address=127.0.0.1:4443. binding on worker=0x5653748e09f0 workerId=5 processId=0
I1223 18:32:45.016367 11308 QuicServer.cpp:295] Initialized all workers in the eventbase
I1223 18:32:45.016470 11300 EchoServer.h:90] Echo server started at: 127.0.0.1:4443
I1223 18:32:45.016489 11300 EventBase.cpp:308] EventBase(): Starting loop.
I1223 18:32:45.016541 11303 QuicServerWorker.cpp:134] Registered read on worker=0x5653748df040, thread=140379284465408, processId=0
I1223 18:32:45.016559 11306 QuicServerWorker.cpp:134] Registered read on worker=0x5653748e0010, thread=140379185735424, processId=0
I1223 18:32:45.016580 11307 QuicServerWorker.cpp:134] Registered read on worker=0x5653748e04f0, thread=140379177342720, processId=0
I1223 18:32:45.016564 11304 QuicServerWorker.cpp:134] Registered read on worker=0x5653748df680, thread=140379276072704, processId=0
I1223 18:32:45.016607 11308 QuicServerWorker.cpp:134] Registered read on worker=0x5653748e09f0, thread=140379168950016, processId=0
I1223 18:32:45.016633 11305 QuicServerWorker.cpp:134] Registered read on worker=0x5653748dfb30, thread=140379194128128, processId=0
I1223 18:32:50.560950 11306 QuicServerWorker.cpp:227] Worker=0x5653748e0010, Received data on thread=140379185735424, processId=0
I1223 18:32:50.560981 11306 LogQuicStats.h:24] server onPacketReceived
I1223 18:32:50.560987 11306 LogQuicStats.h:140] server onRead size=1232
I1223 18:32:50.561002 11306 LogQuicStats.h:76] server onClientInitialReceived, version: QUIC_DRAFT
I1223 18:32:50.561012 11306 QuicServerWorker.cpp:545] Creating new connection for client=127.0.0.1:4987, routingInfo=CID=0000000000000002, cidVersion=1, workerId=3, processId=0, hostId=0, threadId=140379185735424, 
I1223 18:32:50.561115 11306 LogQuicStats.h:118] server onStatelessReset
I1223 18:32:50.561142 11306 StateMachine-inl.h:41] Transition from Uninitialized to ExpectingClientHello
I1223 18:32:50.561208 11306 LogQuicStats.h:32] server onOutOfOrderPacketReceived
I1223 18:32:50.561216 11306 ServerStateMachine.cpp:952] Server received crypto data offset=0 len=391 currentReadOffset=0 client CID=0000000000000001 server CID=400000d24735c0ba peer address=127.0.0.1:4987
I1223 18:32:50.561235 11306 RecordLayer.cpp:82] Received handshake message ClientHello
I1223 18:32:50.561393 11306 ServerHandshake.cpp:167] ServerHandshake error fizz::FizzException: no psk modes
I1223 18:32:50.561439 11306 QuicTransportBase.cpp:1870] onNetworkData fizz::FizzException: no psk modes client CID=0000000000000001 server CID=400000d24735c0ba peer address=127.0.0.1:4987
I1223 18:32:50.561453 11306 QuicTransportBase.cpp:400] Stopping read looper due to immediate close client CID=0000000000000001 server CID=400000d24735c0ba peer address=127.0.0.1:4987
I1223 18:32:50.561461 11306 FunctionLooper.cpp:88] stop: ReadLooper
I1223 18:32:50.561475 11306 FunctionLooper.cpp:88] stop: PeekLooper
I1223 18:32:50.561481 11306 FunctionLooper.cpp:88] stop: WriteLooper
I1223 18:32:50.561491 11306 QuicTransportBase.cpp:2651] Clearing 0 peek callbacks
I1223 18:32:50.561498 11306 QuicTransportBase.cpp:852] Stopping read looper client CID=0000000000000001 server CID=400000d24735c0ba peer address=127.0.0.1:4987
I1223 18:32:50.561506 11306 FunctionLooper.cpp:88] stop: ReadLooper
I1223 18:32:50.561511 11306 QuicTransportBase.cpp:1196] Stopping peek looper client CID=0000000000000001 server CID=400000d24735c0ba peer address=127.0.0.1:4987
I1223 18:32:50.561517 11306 FunctionLooper.cpp:88] stop: PeekLooper
I1223 18:32:50.561523 11306 QuicTransportBase.cpp:1233] Server stopping write looper because conn closed client CID=0000000000000001 server CID=400000d24735c0ba peer address=127.0.0.1:4987
I1223 18:32:50.561529 11306 FunctionLooper.cpp:88] stop: WriteLooper
E1223 18:32:50.561537 11306 EchoHandler.h:53] Socket error=Crypto error: missing_extension
I1223 18:32:50.561556 11306 QuicTransportFunctions.cpp:1063] Server sent close packetNum=8036903 in space=InitialSpace client CID=0000000000000001 server CID=400000d24735c0ba peer address=127.0.0.1:4987
I1223 18:32:50.561579 11306 LogQuicStats.h:144] server onWrite size=82
I1223 18:32:50.561589 11306 QuicTransportBase.cpp:852] Stopping read looper client CID=0000000000000001 server CID=400000d24735c0ba peer address=127.0.0.1:4987
I1223 18:32:50.561596 11306 FunctionLooper.cpp:88] stop: ReadLooper
I1223 18:32:50.561602 11306 QuicTransportBase.cpp:1196] Stopping peek looper client CID=0000000000000001 server CID=400000d24735c0ba peer address=127.0.0.1:4987
I1223 18:32:50.561609 11306 FunctionLooper.cpp:88] stop: PeekLooper
I1223 18:32:50.561614 11306 QuicTransportBase.cpp:1233] Server stopping write looper because conn closed client CID=0000000000000001 server CID=400000d24735c0ba peer address=127.0.0.1:4987
I1223 18:32:50.561620 11306 FunctionLooper.cpp:88] stop: WriteLooper
*** Aborted at 1640284370 (Unix time, try 'date -d @1640284370') ***
*** Signal 15 (SIGTERM) (0x2c21) received by PID 11300 (pthread TID 0x7fac9cad4ec0) (linux TID 11300) (maybe from PID 11297, UID 0) (code: 0), stack trace: ***
(error retrieving stack trace)
