I1223 18:29:42.353089 10119 EventBase.cpp:308] EventBase(): Starting loop.
I1223 18:29:42.359297 10120 EventBase.cpp:308] EventBase(): Starting loop.
I1223 18:29:42.359768 10121 EventBase.cpp:308] EventBase(): Starting loop.
I1223 18:29:42.367600 10122 EventBase.cpp:308] EventBase(): Starting loop.
I1223 18:29:42.367756 10123 EventBase.cpp:308] EventBase(): Starting loop.
I1223 18:29:42.370837 10124 EventBase.cpp:308] EventBase(): Starting loop.
I1223 18:29:42.371014 10119 QuicServer.cpp:268] No valid takenover fd found for address=127.0.0.1:4443. binding on worker=0x565213bac040 workerId=0 processId=0
I1223 18:29:42.371214 10120 QuicServer.cpp:268] No valid takenover fd found for address=127.0.0.1:4443. binding on worker=0x565213bac680 workerId=1 processId=0
I1223 18:29:42.371364 10121 QuicServer.cpp:268] No valid takenover fd found for address=127.0.0.1:4443. binding on worker=0x565213bacb30 workerId=2 processId=0
I1223 18:29:42.371520 10122 QuicServer.cpp:268] No valid takenover fd found for address=127.0.0.1:4443. binding on worker=0x565213bad010 workerId=3 processId=0
I1223 18:29:42.371668 10123 QuicServer.cpp:268] No valid takenover fd found for address=127.0.0.1:4443. binding on worker=0x565213bad4f0 workerId=4 processId=0
I1223 18:29:42.371819 10124 QuicServer.cpp:268] No valid takenover fd found for address=127.0.0.1:4443. binding on worker=0x565213bad9f0 workerId=5 processId=0
I1223 18:29:42.371847 10124 QuicServer.cpp:295] Initialized all workers in the eventbase
I1223 18:29:42.371938 10116 EchoServer.h:90] Echo server started at: 127.0.0.1:4443
I1223 18:29:42.371984 10116 EventBase.cpp:308] EventBase(): Starting loop.
I1223 18:29:42.372046 10119 QuicServerWorker.cpp:134] Registered read on worker=0x565213bac040, thread=139779959490304, processId=0
I1223 18:29:42.372051 10123 QuicServerWorker.cpp:134] Registered read on worker=0x565213bad4f0, thread=139779925919488, processId=0
I1223 18:29:42.372184 10124 QuicServerWorker.cpp:134] Registered read on worker=0x565213bad9f0, thread=139779576428288, processId=0
I1223 18:29:42.372246 10122 QuicServerWorker.cpp:134] Registered read on worker=0x565213bad010, thread=139779934312192, processId=0
I1223 18:29:42.372053 10121 QuicServerWorker.cpp:134] Registered read on worker=0x565213bacb30, thread=139779942704896, processId=0
I1223 18:29:42.372283 10120 QuicServerWorker.cpp:134] Registered read on worker=0x565213bac680, thread=139779951097600, processId=0
I1223 18:29:47.897009 10122 QuicServerWorker.cpp:227] Worker=0x565213bad010, Received data on thread=139779934312192, processId=0
I1223 18:29:47.897040 10122 LogQuicStats.h:24] server onPacketReceived
I1223 18:29:47.897048 10122 LogQuicStats.h:140] server onRead size=1232
I1223 18:29:47.897065 10122 LogQuicStats.h:76] server onClientInitialReceived, version: QUIC_DRAFT
I1223 18:29:47.897078 10122 QuicServerWorker.cpp:545] Creating new connection for client=127.0.0.1:4987, routingInfo=CID=0000000000000002, cidVersion=1, workerId=3, processId=0, hostId=0, threadId=139779934312192, 
I1223 18:29:47.897202 10122 LogQuicStats.h:118] server onStatelessReset
I1223 18:29:47.897231 10122 StateMachine-inl.h:41] Transition from Uninitialized to ExpectingClientHello
I1223 18:29:47.897305 10122 LogQuicStats.h:32] server onOutOfOrderPacketReceived
I1223 18:29:47.897315 10122 ServerStateMachine.cpp:952] Server received crypto data offset=0 len=391 currentReadOffset=0 client CID=0000000000000001 server CID=400000c156affde8 peer address=127.0.0.1:4987
I1223 18:29:47.897330 10122 RecordLayer.cpp:82] Received handshake message ClientHello
I1223 18:29:47.897430 10122 ServerHandshake.cpp:167] ServerHandshake error fizz::FizzException: no psk modes
I1223 18:29:47.897508 10122 QuicTransportBase.cpp:1870] onNetworkData fizz::FizzException: no psk modes client CID=0000000000000001 server CID=400000c156affde8 peer address=127.0.0.1:4987
I1223 18:29:47.897531 10122 QuicTransportBase.cpp:400] Stopping read looper due to immediate close client CID=0000000000000001 server CID=400000c156affde8 peer address=127.0.0.1:4987
I1223 18:29:47.897540 10122 FunctionLooper.cpp:88] stop: ReadLooper
I1223 18:29:47.897557 10122 FunctionLooper.cpp:88] stop: PeekLooper
I1223 18:29:47.897563 10122 FunctionLooper.cpp:88] stop: WriteLooper
I1223 18:29:47.897572 10122 QuicTransportBase.cpp:2651] Clearing 0 peek callbacks
I1223 18:29:47.897579 10122 QuicTransportBase.cpp:852] Stopping read looper client CID=0000000000000001 server CID=400000c156affde8 peer address=127.0.0.1:4987
I1223 18:29:47.897588 10122 FunctionLooper.cpp:88] stop: ReadLooper
I1223 18:29:47.897594 10122 QuicTransportBase.cpp:1196] Stopping peek looper client CID=0000000000000001 server CID=400000c156affde8 peer address=127.0.0.1:4987
I1223 18:29:47.897601 10122 FunctionLooper.cpp:88] stop: PeekLooper
I1223 18:29:47.897608 10122 QuicTransportBase.cpp:1233] Server stopping write looper because conn closed client CID=0000000000000001 server CID=400000c156affde8 peer address=127.0.0.1:4987
I1223 18:29:47.897616 10122 FunctionLooper.cpp:88] stop: WriteLooper
E1223 18:29:47.897624 10122 EchoHandler.h:53] Socket error=Crypto error: missing_extension
I1223 18:29:47.897647 10122 QuicTransportFunctions.cpp:1063] Server sent close packetNum=9935910 in space=InitialSpace client CID=0000000000000001 server CID=400000c156affde8 peer address=127.0.0.1:4987
I1223 18:29:47.897675 10122 LogQuicStats.h:144] server onWrite size=83
I1223 18:29:47.897686 10122 QuicTransportBase.cpp:852] Stopping read looper client CID=0000000000000001 server CID=400000c156affde8 peer address=127.0.0.1:4987
I1223 18:29:47.897694 10122 FunctionLooper.cpp:88] stop: ReadLooper
I1223 18:29:47.897701 10122 QuicTransportBase.cpp:1196] Stopping peek looper client CID=0000000000000001 server CID=400000c156affde8 peer address=127.0.0.1:4987
I1223 18:29:47.897708 10122 FunctionLooper.cpp:88] stop: PeekLooper
I1223 18:29:47.897714 10122 QuicTransportBase.cpp:1233] Server stopping write looper because conn closed client CID=0000000000000001 server CID=400000c156affde8 peer address=127.0.0.1:4987
I1223 18:29:47.897722 10122 FunctionLooper.cpp:88] stop: WriteLooper
*** Aborted at 1640284188 (Unix time, try 'date -d @1640284188') ***
*** Signal 15 (SIGTERM) (0x2781) received by PID 10116 (pthread TID 0x7f21121feec0) (linux TID 10116) (maybe from PID 10113, UID 0) (code: 0), stack trace: ***
(error retrieving stack trace)
