I1223 18:33:07.652055 11451 EventBase.cpp:308] EventBase(): Starting loop.
I1223 18:33:07.652240 11452 EventBase.cpp:308] EventBase(): Starting loop.
I1223 18:33:07.652367 11453 EventBase.cpp:308] EventBase(): Starting loop.
I1223 18:33:07.654956 11454 EventBase.cpp:308] EventBase(): Starting loop.
I1223 18:33:07.658942 11455 EventBase.cpp:308] EventBase(): Starting loop.
I1223 18:33:07.663388 11456 EventBase.cpp:308] EventBase(): Starting loop.
I1223 18:33:07.663517 11451 QuicServer.cpp:268] No valid takenover fd found for address=127.0.0.1:4443. binding on worker=0x561336132040 workerId=0 processId=0
I1223 18:33:07.663681 11452 QuicServer.cpp:268] No valid takenover fd found for address=127.0.0.1:4443. binding on worker=0x561336132680 workerId=1 processId=0
I1223 18:33:07.663831 11453 QuicServer.cpp:268] No valid takenover fd found for address=127.0.0.1:4443. binding on worker=0x561336132b30 workerId=2 processId=0
I1223 18:33:07.664779 11454 QuicServer.cpp:268] No valid takenover fd found for address=127.0.0.1:4443. binding on worker=0x561336133010 workerId=3 processId=0
I1223 18:33:07.664927 11455 QuicServer.cpp:268] No valid takenover fd found for address=127.0.0.1:4443. binding on worker=0x5613361334f0 workerId=4 processId=0
I1223 18:33:07.667049 11456 QuicServer.cpp:268] No valid takenover fd found for address=127.0.0.1:4443. binding on worker=0x5613361339f0 workerId=5 processId=0
I1223 18:33:07.667081 11456 QuicServer.cpp:295] Initialized all workers in the eventbase
I1223 18:33:07.667132 11448 EchoServer.h:90] Echo server started at: 127.0.0.1:4443
I1223 18:33:07.667198 11451 QuicServerWorker.cpp:134] Registered read on worker=0x561336132040, thread=140410328598272, processId=0
I1223 18:33:07.667212 11453 QuicServerWorker.cpp:134] Registered read on worker=0x561336132b30, thread=140410311812864, processId=0
I1223 18:33:07.667176 11452 QuicServerWorker.cpp:134] Registered read on worker=0x561336132680, thread=140410320205568, processId=0
I1223 18:33:07.667253 11456 QuicServerWorker.cpp:134] Registered read on worker=0x5613361339f0, thread=140410286634752, processId=0
I1223 18:33:07.667246 11455 QuicServerWorker.cpp:134] Registered read on worker=0x5613361334f0, thread=140410295027456, processId=0
I1223 18:33:07.667207 11448 EventBase.cpp:308] EventBase(): Starting loop.
I1223 18:33:07.667254 11454 QuicServerWorker.cpp:134] Registered read on worker=0x561336133010, thread=140410303420160, processId=0
I1223 18:33:13.202944 11454 QuicServerWorker.cpp:227] Worker=0x561336133010, Received data on thread=140410303420160, processId=0
I1223 18:33:13.202972 11454 LogQuicStats.h:24] server onPacketReceived
I1223 18:33:13.202980 11454 LogQuicStats.h:140] server onRead size=1232
I1223 18:33:13.202996 11454 LogQuicStats.h:76] server onClientInitialReceived, version: QUIC_DRAFT
I1223 18:33:13.203006 11454 QuicServerWorker.cpp:545] Creating new connection for client=127.0.0.1:4987, routingInfo=CID=0000000000000002, cidVersion=1, workerId=3, processId=0, hostId=0, threadId=140410303420160, 
I1223 18:33:13.203143 11454 LogQuicStats.h:118] server onStatelessReset
I1223 18:33:13.203174 11454 StateMachine-inl.h:41] Transition from Uninitialized to ExpectingClientHello
I1223 18:33:13.203243 11454 LogQuicStats.h:32] server onOutOfOrderPacketReceived
I1223 18:33:13.203250 11454 ServerStateMachine.cpp:952] Server received crypto data offset=0 len=391 currentReadOffset=0 client CID=0000000000000001 server CID=400000c8df8405f7 peer address=127.0.0.1:4987
I1223 18:33:13.203266 11454 RecordLayer.cpp:82] Received handshake message ClientHello
I1223 18:33:13.203362 11454 ServerHandshake.cpp:167] ServerHandshake error fizz::FizzException: no psk modes
I1223 18:33:13.203405 11454 QuicTransportBase.cpp:1870] onNetworkData fizz::FizzException: no psk modes client CID=0000000000000001 server CID=400000c8df8405f7 peer address=127.0.0.1:4987
I1223 18:33:13.203419 11454 QuicTransportBase.cpp:400] Stopping read looper due to immediate close client CID=0000000000000001 server CID=400000c8df8405f7 peer address=127.0.0.1:4987
I1223 18:33:13.203428 11454 FunctionLooper.cpp:88] stop: ReadLooper
I1223 18:33:13.203440 11454 FunctionLooper.cpp:88] stop: PeekLooper
I1223 18:33:13.203447 11454 FunctionLooper.cpp:88] stop: WriteLooper
I1223 18:33:13.203459 11454 QuicTransportBase.cpp:2651] Clearing 0 peek callbacks
I1223 18:33:13.203465 11454 QuicTransportBase.cpp:852] Stopping read looper client CID=0000000000000001 server CID=400000c8df8405f7 peer address=127.0.0.1:4987
I1223 18:33:13.203472 11454 FunctionLooper.cpp:88] stop: ReadLooper
I1223 18:33:13.203478 11454 QuicTransportBase.cpp:1196] Stopping peek looper client CID=0000000000000001 server CID=400000c8df8405f7 peer address=127.0.0.1:4987
I1223 18:33:13.203485 11454 FunctionLooper.cpp:88] stop: PeekLooper
I1223 18:33:13.203491 11454 QuicTransportBase.cpp:1233] Server stopping write looper because conn closed client CID=0000000000000001 server CID=400000c8df8405f7 peer address=127.0.0.1:4987
I1223 18:33:13.203497 11454 FunctionLooper.cpp:88] stop: WriteLooper
E1223 18:33:13.203505 11454 EchoHandler.h:53] Socket error=Crypto error: missing_extension
I1223 18:33:13.203524 11454 QuicTransportFunctions.cpp:1063] Server sent close packetNum=16456594 in space=InitialSpace client CID=0000000000000001 server CID=400000c8df8405f7 peer address=127.0.0.1:4987
I1223 18:33:13.203550 11454 LogQuicStats.h:144] server onWrite size=83
I1223 18:33:13.203560 11454 QuicTransportBase.cpp:852] Stopping read looper client CID=0000000000000001 server CID=400000c8df8405f7 peer address=127.0.0.1:4987
I1223 18:33:13.203567 11454 FunctionLooper.cpp:88] stop: ReadLooper
I1223 18:33:13.203573 11454 QuicTransportBase.cpp:1196] Stopping peek looper client CID=0000000000000001 server CID=400000c8df8405f7 peer address=127.0.0.1:4987
I1223 18:33:13.203580 11454 FunctionLooper.cpp:88] stop: PeekLooper
I1223 18:33:13.203586 11454 QuicTransportBase.cpp:1233] Server stopping write looper because conn closed client CID=0000000000000001 server CID=400000c8df8405f7 peer address=127.0.0.1:4987
I1223 18:33:13.203593 11454 FunctionLooper.cpp:88] stop: WriteLooper
*** Aborted at 1640284393 (Unix time, try 'date -d @1640284393') ***
*** Signal 15 (SIGTERM) (0x2cb5) received by PID 11448 (pthread TID 0x7fb3d70d2ec0) (linux TID 11448) (maybe from PID 11445, UID 0) (code: 0), stack trace: ***
(error retrieving stack trace)
