I1224 00:19:05.024148  4470 EventBase.cpp:308] EventBase(): Starting loop.
I1224 00:19:05.024341  4471 EventBase.cpp:308] EventBase(): Starting loop.
I1224 00:19:05.026994  4472 EventBase.cpp:308] EventBase(): Starting loop.
I1224 00:19:05.029131  4473 EventBase.cpp:308] EventBase(): Starting loop.
I1224 00:19:05.029275  4474 EventBase.cpp:308] EventBase(): Starting loop.
I1224 00:19:05.029415  4475 EventBase.cpp:308] EventBase(): Starting loop.
I1224 00:19:05.029544  4470 QuicServer.cpp:268] No valid takenover fd found for address=127.0.0.1:4443. binding on worker=0x556fc3e79ec0 workerId=0 processId=0
I1224 00:19:05.029742  4471 QuicServer.cpp:268] No valid takenover fd found for address=127.0.0.1:4443. binding on worker=0x556fc3e7a500 workerId=1 processId=0
I1224 00:19:05.029901  4472 QuicServer.cpp:268] No valid takenover fd found for address=127.0.0.1:4443. binding on worker=0x556fc3e7a940 workerId=2 processId=0
I1224 00:19:05.030066  4473 QuicServer.cpp:268] No valid takenover fd found for address=127.0.0.1:4443. binding on worker=0x556fc3e7ae20 workerId=3 processId=0
I1224 00:19:05.030241  4474 QuicServer.cpp:268] No valid takenover fd found for address=127.0.0.1:4443. binding on worker=0x556fc3e7b300 workerId=4 processId=0
I1224 00:19:05.030405  4475 QuicServer.cpp:268] No valid takenover fd found for address=127.0.0.1:4443. binding on worker=0x556fc3e7b800 workerId=5 processId=0
I1224 00:19:05.030432  4475 QuicServer.cpp:295] Initialized all workers in the eventbase
I1224 00:19:05.030529  4467 EchoServer.h:90] Echo server started at: 127.0.0.1:4443
I1224 00:19:05.030547  4467 EventBase.cpp:308] EventBase(): Starting loop.
I1224 00:19:05.030656  4470 QuicServerWorker.cpp:134] Registered read on worker=0x556fc3e79ec0, thread=140550405445376, processId=0
I1224 00:19:05.030700  4471 QuicServerWorker.cpp:134] Registered read on worker=0x556fc3e7a500, thread=140550321731328, processId=0
I1224 00:19:05.030695  4474 QuicServerWorker.cpp:134] Registered read on worker=0x556fc3e7b300, thread=140550296553216, processId=0
I1224 00:19:05.030903  4475 QuicServerWorker.cpp:134] Registered read on worker=0x556fc3e7b800, thread=140550288160512, processId=0
I1224 00:19:05.030916  4472 QuicServerWorker.cpp:134] Registered read on worker=0x556fc3e7a940, thread=140550313338624, processId=0
I1224 00:19:05.031394  4473 QuicServerWorker.cpp:134] Registered read on worker=0x556fc3e7ae20, thread=140550304945920, processId=0
I1224 00:19:10.402038  4473 QuicServerWorker.cpp:227] Worker=0x556fc3e7ae20, Received data on thread=140550304945920, processId=0
I1224 00:19:10.402065  4473 LogQuicStats.h:24] server onPacketReceived
I1224 00:19:10.402072  4473 LogQuicStats.h:140] server onRead size=1232
W1224 00:19:10.402092  4473 Types.cpp:447] toString has unhandled version type
I1224 00:19:10.402087  4473 LogQuicStats.h:76] server onClientInitialReceived, version: UNKNOWN
I1224 00:19:10.402109  4473 QuicServerWorker.cpp:208] Version negotiation sent to client=127.0.0.1:4987
I1224 00:19:10.402118  4473 LogQuicStats.h:144] server onWrite size=43
I1224 00:19:10.402124  4473 LogQuicStats.h:36] server onPacketProcessed
I1224 00:19:10.402130  4473 LogQuicStats.h:40] server onPacketSent
I1224 00:19:10.616293  4473 QuicServerWorker.cpp:227] Worker=0x556fc3e7ae20, Received data on thread=140550304945920, processId=0
I1224 00:19:10.616322  4473 LogQuicStats.h:24] server onPacketReceived
I1224 00:19:10.616329  4473 LogQuicStats.h:140] server onRead size=1232
I1224 00:19:10.616336  4473 LogQuicStats.h:76] server onClientInitialReceived, version: QUIC_DRAFT
I1224 00:19:10.616346  4473 QuicServerWorker.cpp:545] Creating new connection for client=127.0.0.1:4987, routingInfo=CID=0000000000000000, cidVersion=1, workerId=3, processId=0, hostId=0, threadId=140550304945920, 
I1224 00:19:10.616461  4473 LogQuicStats.h:118] server onStatelessReset
I1224 00:19:10.616488  4473 StateMachine-inl.h:41] Transition from Uninitialized to ExpectingClientHello
I1224 00:19:10.616554  4473 LogQuicStats.h:32] server onOutOfOrderPacketReceived
I1224 00:19:10.616561  4473 ServerStateMachine.cpp:952] Server received crypto data offset=0 len=391 currentReadOffset=0 client CID=0000000000000003 server CID=400000d0b607532a peer address=127.0.0.1:4987
I1224 00:19:10.616582  4473 RecordLayer.cpp:82] Received handshake message ClientHello
I1224 00:19:10.616679  4473 ServerHandshake.cpp:167] ServerHandshake error fizz::FizzException: no psk modes
I1224 00:19:10.616724  4473 QuicTransportBase.cpp:1870] onNetworkData fizz::FizzException: no psk modes client CID=0000000000000003 server CID=400000d0b607532a peer address=127.0.0.1:4987
I1224 00:19:10.616739  4473 QuicTransportBase.cpp:400] Stopping read looper due to immediate close client CID=0000000000000003 server CID=400000d0b607532a peer address=127.0.0.1:4987
I1224 00:19:10.616745  4473 FunctionLooper.cpp:88] stop: ReadLooper
I1224 00:19:10.616751  4473 FunctionLooper.cpp:88] stop: PeekLooper
I1224 00:19:10.616757  4473 FunctionLooper.cpp:88] stop: WriteLooper
I1224 00:19:10.616763  4473 QuicTransportBase.cpp:2651] Clearing 0 peek callbacks
I1224 00:19:10.616770  4473 QuicTransportBase.cpp:852] Stopping read looper client CID=0000000000000003 server CID=400000d0b607532a peer address=127.0.0.1:4987
I1224 00:19:10.616776  4473 FunctionLooper.cpp:88] stop: ReadLooper
I1224 00:19:10.616782  4473 QuicTransportBase.cpp:1196] Stopping peek looper client CID=0000000000000003 server CID=400000d0b607532a peer address=127.0.0.1:4987
I1224 00:19:10.616789  4473 FunctionLooper.cpp:88] stop: PeekLooper
I1224 00:19:10.616796  4473 QuicTransportBase.cpp:1233] Server stopping write looper because conn closed client CID=0000000000000003 server CID=400000d0b607532a peer address=127.0.0.1:4987
I1224 00:19:10.616801  4473 FunctionLooper.cpp:88] stop: WriteLooper
E1224 00:19:10.616808  4473 EchoHandler.h:53] Socket error=Crypto error: missing_extension
I1224 00:19:10.616827  4473 QuicTransportFunctions.cpp:1063] Server sent close packetNum=10846237 in space=InitialSpace client CID=0000000000000003 server CID=400000d0b607532a peer address=127.0.0.1:4987
I1224 00:19:10.616850  4473 LogQuicStats.h:144] server onWrite size=83
I1224 00:19:10.616861  4473 QuicTransportBase.cpp:852] Stopping read looper client CID=0000000000000003 server CID=400000d0b607532a peer address=127.0.0.1:4987
I1224 00:19:10.616868  4473 FunctionLooper.cpp:88] stop: ReadLooper
I1224 00:19:10.616874  4473 QuicTransportBase.cpp:1196] Stopping peek looper client CID=0000000000000003 server CID=400000d0b607532a peer address=127.0.0.1:4987
I1224 00:19:10.616880  4473 FunctionLooper.cpp:88] stop: PeekLooper
I1224 00:19:10.616886  4473 QuicTransportBase.cpp:1233] Server stopping write looper because conn closed client CID=0000000000000003 server CID=400000d0b607532a peer address=127.0.0.1:4987
I1224 00:19:10.616892  4473 FunctionLooper.cpp:88] stop: WriteLooper
*** Aborted at 1640305150 (Unix time, try 'date -d @1640305150') ***
*** Signal 15 (SIGTERM) (0x1170) received by PID 4467 (pthread TID 0x7fd474483ec0) (linux TID 4467) (maybe from PID 4464, UID 0) (code: 0), stack trace: ***
(error retrieving stack trace)
