I1223 18:29:59.634688 10230 EventBase.cpp:308] EventBase(): Starting loop.
I1223 18:29:59.634953 10231 EventBase.cpp:308] EventBase(): Starting loop.
I1223 18:29:59.638890 10232 EventBase.cpp:308] EventBase(): Starting loop.
I1223 18:29:59.642724 10233 EventBase.cpp:308] EventBase(): Starting loop.
I1223 18:29:59.642917 10234 EventBase.cpp:308] EventBase(): Starting loop.
I1223 18:29:59.647138 10235 EventBase.cpp:308] EventBase(): Starting loop.
I1223 18:29:59.647282 10230 QuicServer.cpp:268] No valid takenover fd found for address=127.0.0.1:4443. binding on worker=0x55dfb40ce040 workerId=0 processId=0
I1223 18:29:59.647464 10231 QuicServer.cpp:268] No valid takenover fd found for address=127.0.0.1:4443. binding on worker=0x55dfb40ce680 workerId=1 processId=0
I1223 18:29:59.647640 10232 QuicServer.cpp:268] No valid takenover fd found for address=127.0.0.1:4443. binding on worker=0x55dfb40ceb30 workerId=2 processId=0
I1223 18:29:59.647797 10233 QuicServer.cpp:268] No valid takenover fd found for address=127.0.0.1:4443. binding on worker=0x55dfb40cf010 workerId=3 processId=0
I1223 18:29:59.647958 10234 QuicServer.cpp:268] No valid takenover fd found for address=127.0.0.1:4443. binding on worker=0x55dfb40cf4f0 workerId=4 processId=0
I1223 18:29:59.648109 10235 QuicServer.cpp:268] No valid takenover fd found for address=127.0.0.1:4443. binding on worker=0x55dfb40cf9f0 workerId=5 processId=0
I1223 18:29:59.648135 10235 QuicServer.cpp:295] Initialized all workers in the eventbase
I1223 18:29:59.648231 10227 EchoServer.h:90] Echo server started at: 127.0.0.1:4443
I1223 18:29:59.648249 10227 EventBase.cpp:308] EventBase(): Starting loop.
I1223 18:29:59.648299 10232 QuicServerWorker.cpp:134] Registered read on worker=0x55dfb40ceb30, thread=140208353138432, processId=0
I1223 18:29:59.648303 10230 QuicServerWorker.cpp:134] Registered read on worker=0x55dfb40ce040, thread=140208369923840, processId=0
I1223 18:29:59.648308 10231 QuicServerWorker.cpp:134] Registered read on worker=0x55dfb40ce680, thread=140208361531136, processId=0
I1223 18:29:59.648394 10234 QuicServerWorker.cpp:134] Registered read on worker=0x55dfb40cf4f0, thread=140208133633792, processId=0
I1223 18:29:59.648427 10235 QuicServerWorker.cpp:134] Registered read on worker=0x55dfb40cf9f0, thread=140208125241088, processId=0
I1223 18:29:59.648473 10233 QuicServerWorker.cpp:134] Registered read on worker=0x55dfb40cf010, thread=140208344745728, processId=0
I1223 18:30:05.303275 10233 QuicServerWorker.cpp:227] Worker=0x55dfb40cf010, Received data on thread=140208344745728, processId=0
I1223 18:30:05.303313 10233 LogQuicStats.h:24] server onPacketReceived
I1223 18:30:05.303320 10233 LogQuicStats.h:140] server onRead size=1232
I1223 18:30:05.303337 10233 LogQuicStats.h:76] server onClientInitialReceived, version: QUIC_DRAFT
I1223 18:30:05.303347 10233 QuicServerWorker.cpp:545] Creating new connection for client=127.0.0.1:4987, routingInfo=CID=0000000000000002, cidVersion=1, workerId=3, processId=0, hostId=0, threadId=140208344745728, 
I1223 18:30:05.303462 10233 LogQuicStats.h:118] server onStatelessReset
I1223 18:30:05.303491 10233 StateMachine-inl.h:41] Transition from Uninitialized to ExpectingClientHello
I1223 18:30:05.303560 10233 LogQuicStats.h:32] server onOutOfOrderPacketReceived
I1223 18:30:05.303570 10233 ServerStateMachine.cpp:952] Server received crypto data offset=0 len=391 currentReadOffset=0 client CID=0000000000000001 server CID=400000dcba0b42af peer address=127.0.0.1:4987
I1223 18:30:05.303586 10233 RecordLayer.cpp:82] Received handshake message ClientHello
I1223 18:30:05.303678 10233 ServerHandshake.cpp:167] ServerHandshake error fizz::FizzException: no psk modes
I1223 18:30:05.303727 10233 QuicTransportBase.cpp:1870] onNetworkData fizz::FizzException: no psk modes client CID=0000000000000001 server CID=400000dcba0b42af peer address=127.0.0.1:4987
I1223 18:30:05.303742 10233 QuicTransportBase.cpp:400] Stopping read looper due to immediate close client CID=0000000000000001 server CID=400000dcba0b42af peer address=127.0.0.1:4987
I1223 18:30:05.303751 10233 FunctionLooper.cpp:88] stop: ReadLooper
I1223 18:30:05.303768 10233 FunctionLooper.cpp:88] stop: PeekLooper
I1223 18:30:05.303774 10233 FunctionLooper.cpp:88] stop: WriteLooper
I1223 18:30:05.303782 10233 QuicTransportBase.cpp:2651] Clearing 0 peek callbacks
I1223 18:30:05.303789 10233 QuicTransportBase.cpp:852] Stopping read looper client CID=0000000000000001 server CID=400000dcba0b42af peer address=127.0.0.1:4987
I1223 18:30:05.303797 10233 FunctionLooper.cpp:88] stop: ReadLooper
I1223 18:30:05.303802 10233 QuicTransportBase.cpp:1196] Stopping peek looper client CID=0000000000000001 server CID=400000dcba0b42af peer address=127.0.0.1:4987
I1223 18:30:05.303809 10233 FunctionLooper.cpp:88] stop: PeekLooper
I1223 18:30:05.303817 10233 QuicTransportBase.cpp:1233] Server stopping write looper because conn closed client CID=0000000000000001 server CID=400000dcba0b42af peer address=127.0.0.1:4987
I1223 18:30:05.303823 10233 FunctionLooper.cpp:88] stop: WriteLooper
E1223 18:30:05.303830 10233 EchoHandler.h:53] Socket error=Crypto error: missing_extension
I1223 18:30:05.303853 10233 QuicTransportFunctions.cpp:1063] Server sent close packetNum=4646549 in space=InitialSpace client CID=0000000000000001 server CID=400000dcba0b42af peer address=127.0.0.1:4987
I1223 18:30:05.303876 10233 LogQuicStats.h:144] server onWrite size=82
I1223 18:30:05.303887 10233 QuicTransportBase.cpp:852] Stopping read looper client CID=0000000000000001 server CID=400000dcba0b42af peer address=127.0.0.1:4987
I1223 18:30:05.303895 10233 FunctionLooper.cpp:88] stop: ReadLooper
I1223 18:30:05.303901 10233 QuicTransportBase.cpp:1196] Stopping peek looper client CID=0000000000000001 server CID=400000dcba0b42af peer address=127.0.0.1:4987
I1223 18:30:05.303908 10233 FunctionLooper.cpp:88] stop: PeekLooper
I1223 18:30:05.303915 10233 QuicTransportBase.cpp:1233] Server stopping write looper because conn closed client CID=0000000000000001 server CID=400000dcba0b42af peer address=127.0.0.1:4987
I1223 18:30:05.303921 10233 FunctionLooper.cpp:88] stop: WriteLooper
*** Aborted at 1640284205 (Unix time, try 'date -d @1640284205') ***
*** Signal 15 (SIGTERM) (0x27f0) received by PID 10227 (pthread TID 0x7f84d1605ec0) (linux TID 10227) (maybe from PID 10224, UID 0) (code: 0), stack trace: ***
(error retrieving stack trace)
