I1224 00:19:44.699178  4729 EventBase.cpp:308] EventBase(): Starting loop.
I1224 00:19:44.700637  4730 EventBase.cpp:308] EventBase(): Starting loop.
I1224 00:19:44.701525  4731 EventBase.cpp:308] EventBase(): Starting loop.
I1224 00:19:44.703472  4732 EventBase.cpp:308] EventBase(): Starting loop.
I1224 00:19:44.706912  4733 EventBase.cpp:308] EventBase(): Starting loop.
I1224 00:19:44.711257  4734 EventBase.cpp:308] EventBase(): Starting loop.
I1224 00:19:44.711393  4729 QuicServer.cpp:268] No valid takenover fd found for address=127.0.0.1:4443. binding on worker=0x56436a31aec0 workerId=0 processId=0
I1224 00:19:44.711575  4730 QuicServer.cpp:268] No valid takenover fd found for address=127.0.0.1:4443. binding on worker=0x56436a31b500 workerId=1 processId=0
I1224 00:19:44.711733  4731 QuicServer.cpp:268] No valid takenover fd found for address=127.0.0.1:4443. binding on worker=0x56436a31b940 workerId=2 processId=0
I1224 00:19:44.711897  4732 QuicServer.cpp:268] No valid takenover fd found for address=127.0.0.1:4443. binding on worker=0x56436a31be20 workerId=3 processId=0
I1224 00:19:44.712055  4733 QuicServer.cpp:268] No valid takenover fd found for address=127.0.0.1:4443. binding on worker=0x56436a31c300 workerId=4 processId=0
I1224 00:19:44.712215  4734 QuicServer.cpp:268] No valid takenover fd found for address=127.0.0.1:4443. binding on worker=0x56436a31c800 workerId=5 processId=0
I1224 00:19:44.712244  4734 QuicServer.cpp:295] Initialized all workers in the eventbase
I1224 00:19:44.712340  4726 EchoServer.h:90] Echo server started at: 127.0.0.1:4443
I1224 00:19:44.712388  4726 EventBase.cpp:308] EventBase(): Starting loop.
I1224 00:19:44.712436  4729 QuicServerWorker.cpp:134] Registered read on worker=0x56436a31aec0, thread=139961630025472, processId=0
I1224 00:19:44.712441  4730 QuicServerWorker.cpp:134] Registered read on worker=0x56436a31b500, thread=139961621632768, processId=0
I1224 00:19:44.712440  4731 QuicServerWorker.cpp:134] Registered read on worker=0x56436a31b940, thread=139961613240064, processId=0
I1224 00:19:44.712488  4732 QuicServerWorker.cpp:134] Registered read on worker=0x56436a31be20, thread=139961604847360, processId=0
I1224 00:19:44.712515  4733 QuicServerWorker.cpp:134] Registered read on worker=0x56436a31c300, thread=139961596454656, processId=0
I1224 00:19:44.712561  4734 QuicServerWorker.cpp:134] Registered read on worker=0x56436a31c800, thread=139961588061952, processId=0
I1224 00:19:50.004803  4732 QuicServerWorker.cpp:227] Worker=0x56436a31be20, Received data on thread=139961604847360, processId=0
I1224 00:19:50.004834  4732 LogQuicStats.h:24] server onPacketReceived
I1224 00:19:50.004842  4732 LogQuicStats.h:140] server onRead size=1232
W1224 00:19:50.004861  4732 Types.cpp:447] toString has unhandled version type
I1224 00:19:50.004856  4732 LogQuicStats.h:76] server onClientInitialReceived, version: UNKNOWN
I1224 00:19:50.004878  4732 QuicServerWorker.cpp:208] Version negotiation sent to client=127.0.0.1:4987
I1224 00:19:50.004886  4732 LogQuicStats.h:144] server onWrite size=43
I1224 00:19:50.004892  4732 LogQuicStats.h:36] server onPacketProcessed
I1224 00:19:50.004899  4732 LogQuicStats.h:40] server onPacketSent
I1224 00:19:50.290916  4732 QuicServerWorker.cpp:227] Worker=0x56436a31be20, Received data on thread=139961604847360, processId=0
I1224 00:19:50.290946  4732 LogQuicStats.h:24] server onPacketReceived
I1224 00:19:50.290952  4732 LogQuicStats.h:140] server onRead size=1232
I1224 00:19:50.290959  4732 LogQuicStats.h:76] server onClientInitialReceived, version: QUIC_DRAFT
I1224 00:19:50.290968  4732 QuicServerWorker.cpp:545] Creating new connection for client=127.0.0.1:4987, routingInfo=CID=0000000000000000, cidVersion=1, workerId=3, processId=0, hostId=0, threadId=139961604847360, 
I1224 00:19:50.291080  4732 LogQuicStats.h:118] server onStatelessReset
I1224 00:19:50.291173  4732 StateMachine-inl.h:41] Transition from Uninitialized to ExpectingClientHello
I1224 00:19:50.291303  4732 LogQuicStats.h:32] server onOutOfOrderPacketReceived
I1224 00:19:50.291311  4732 ServerStateMachine.cpp:952] Server received crypto data offset=0 len=391 currentReadOffset=0 client CID=0000000000000003 server CID=400000cc539ad66b peer address=127.0.0.1:4987
I1224 00:19:50.291373  4732 RecordLayer.cpp:82] Received handshake message ClientHello
I1224 00:19:50.291543  4732 ServerHandshake.cpp:167] ServerHandshake error fizz::FizzException: no psk modes
I1224 00:19:50.291589  4732 QuicTransportBase.cpp:1870] onNetworkData fizz::FizzException: no psk modes client CID=0000000000000003 server CID=400000cc539ad66b peer address=127.0.0.1:4987
I1224 00:19:50.291602  4732 QuicTransportBase.cpp:400] Stopping read looper due to immediate close client CID=0000000000000003 server CID=400000cc539ad66b peer address=127.0.0.1:4987
I1224 00:19:50.291610  4732 FunctionLooper.cpp:88] stop: ReadLooper
I1224 00:19:50.291615  4732 FunctionLooper.cpp:88] stop: PeekLooper
I1224 00:19:50.291621  4732 FunctionLooper.cpp:88] stop: WriteLooper
I1224 00:19:50.291628  4732 QuicTransportBase.cpp:2651] Clearing 0 peek callbacks
I1224 00:19:50.291635  4732 QuicTransportBase.cpp:852] Stopping read looper client CID=0000000000000003 server CID=400000cc539ad66b peer address=127.0.0.1:4987
I1224 00:19:50.291641  4732 FunctionLooper.cpp:88] stop: ReadLooper
I1224 00:19:50.291647  4732 QuicTransportBase.cpp:1196] Stopping peek looper client CID=0000000000000003 server CID=400000cc539ad66b peer address=127.0.0.1:4987
I1224 00:19:50.291653  4732 FunctionLooper.cpp:88] stop: PeekLooper
I1224 00:19:50.291659  4732 QuicTransportBase.cpp:1233] Server stopping write looper because conn closed client CID=0000000000000003 server CID=400000cc539ad66b peer address=127.0.0.1:4987
I1224 00:19:50.291666  4732 FunctionLooper.cpp:88] stop: WriteLooper
E1224 00:19:50.291672  4732 EchoHandler.h:53] Socket error=Crypto error: missing_extension
I1224 00:19:50.291692  4732 QuicTransportFunctions.cpp:1063] Server sent close packetNum=14212368 in space=InitialSpace client CID=0000000000000003 server CID=400000cc539ad66b peer address=127.0.0.1:4987
I1224 00:19:50.291716  4732 LogQuicStats.h:144] server onWrite size=83
I1224 00:19:50.291726  4732 QuicTransportBase.cpp:852] Stopping read looper client CID=0000000000000003 server CID=400000cc539ad66b peer address=127.0.0.1:4987
I1224 00:19:50.291733  4732 FunctionLooper.cpp:88] stop: ReadLooper
I1224 00:19:50.291739  4732 QuicTransportBase.cpp:1196] Stopping peek looper client CID=0000000000000003 server CID=400000cc539ad66b peer address=127.0.0.1:4987
I1224 00:19:50.291745  4732 FunctionLooper.cpp:88] stop: PeekLooper
I1224 00:19:50.291751  4732 QuicTransportBase.cpp:1233] Server stopping write looper because conn closed client CID=0000000000000003 server CID=400000cc539ad66b peer address=127.0.0.1:4987
I1224 00:19:50.291757  4732 FunctionLooper.cpp:88] stop: WriteLooper
*** Aborted at 1640305190 (Unix time, try 'date -d @1640305190') ***
*** Signal 15 (SIGTERM) (0x1273) received by PID 4726 (pthread TID 0x7f4b5e884ec0) (linux TID 4726) (maybe from PID 4723, UID 0) (code: 0), stack trace: ***
(error retrieving stack trace)
