I1223 18:29:07.859771  9897 EventBase.cpp:308] EventBase(): Starting loop.
I1223 18:29:07.862965  9898 EventBase.cpp:308] EventBase(): Starting loop.
I1223 18:29:07.863945  9899 EventBase.cpp:308] EventBase(): Starting loop.
I1223 18:29:07.864082  9900 EventBase.cpp:308] EventBase(): Starting loop.
I1223 18:29:07.864197  9901 EventBase.cpp:308] EventBase(): Starting loop.
I1223 18:29:07.864372  9902 EventBase.cpp:308] EventBase(): Starting loop.
I1223 18:29:07.864519  9897 QuicServer.cpp:268] No valid takenover fd found for address=127.0.0.1:4443. binding on worker=0x55b5059a3040 workerId=0 processId=0
I1223 18:29:07.864743  9898 QuicServer.cpp:268] No valid takenover fd found for address=127.0.0.1:4443. binding on worker=0x55b5059a3680 workerId=1 processId=0
I1223 18:29:07.864971  9899 QuicServer.cpp:268] No valid takenover fd found for address=127.0.0.1:4443. binding on worker=0x55b5059a3b30 workerId=2 processId=0
I1223 18:29:07.865144  9900 QuicServer.cpp:268] No valid takenover fd found for address=127.0.0.1:4443. binding on worker=0x55b5059a4010 workerId=3 processId=0
I1223 18:29:07.865303  9901 QuicServer.cpp:268] No valid takenover fd found for address=127.0.0.1:4443. binding on worker=0x55b5059a44f0 workerId=4 processId=0
I1223 18:29:07.865463  9902 QuicServer.cpp:268] No valid takenover fd found for address=127.0.0.1:4443. binding on worker=0x55b5059a49f0 workerId=5 processId=0
I1223 18:29:07.865490  9902 QuicServer.cpp:295] Initialized all workers in the eventbase
I1223 18:29:07.865592  9894 EchoServer.h:90] Echo server started at: 127.0.0.1:4443
I1223 18:29:07.865643  9894 EventBase.cpp:308] EventBase(): Starting loop.
I1223 18:29:07.865687  9897 QuicServerWorker.cpp:134] Registered read on worker=0x55b5059a3040, thread=140182151272192, processId=0
I1223 18:29:07.865697  9898 QuicServerWorker.cpp:134] Registered read on worker=0x55b5059a3680, thread=140182142879488, processId=0
I1223 18:29:07.865705  9901 QuicServerWorker.cpp:134] Registered read on worker=0x55b5059a44f0, thread=140182117701376, processId=0
I1223 18:29:07.865722  9899 QuicServerWorker.cpp:134] Registered read on worker=0x55b5059a3b30, thread=140182134486784, processId=0
I1223 18:29:07.865690  9900 QuicServerWorker.cpp:134] Registered read on worker=0x55b5059a4010, thread=140182126094080, processId=0
I1223 18:29:07.865810  9902 QuicServerWorker.cpp:134] Registered read on worker=0x55b5059a49f0, thread=140182109308672, processId=0
I1223 18:29:13.501464  9900 QuicServerWorker.cpp:227] Worker=0x55b5059a4010, Received data on thread=140182126094080, processId=0
I1223 18:29:13.501495  9900 LogQuicStats.h:24] server onPacketReceived
I1223 18:29:13.501503  9900 LogQuicStats.h:140] server onRead size=1232
I1223 18:29:13.501519  9900 LogQuicStats.h:76] server onClientInitialReceived, version: QUIC_DRAFT
I1223 18:29:13.501531  9900 QuicServerWorker.cpp:545] Creating new connection for client=127.0.0.1:4987, routingInfo=CID=0000000000000002, cidVersion=1, workerId=3, processId=0, hostId=0, threadId=140182126094080, 
I1223 18:29:13.501641  9900 LogQuicStats.h:118] server onStatelessReset
I1223 18:29:13.501674  9900 StateMachine-inl.h:41] Transition from Uninitialized to ExpectingClientHello
I1223 18:29:13.501745  9900 LogQuicStats.h:32] server onOutOfOrderPacketReceived
I1223 18:29:13.501754  9900 ServerStateMachine.cpp:952] Server received crypto data offset=0 len=389 currentReadOffset=0 client CID=0000000000000001 server CID=400000c7ab777471 peer address=127.0.0.1:4987
I1223 18:29:13.501771  9900 RecordLayer.cpp:82] Received handshake message ClientHello
I1223 18:29:13.501870  9900 ServerHandshake.cpp:167] ServerHandshake error fizz::FizzException: no psk modes
I1223 18:29:13.501919  9900 QuicTransportBase.cpp:1870] onNetworkData fizz::FizzException: no psk modes client CID=0000000000000001 server CID=400000c7ab777471 peer address=127.0.0.1:4987
I1223 18:29:13.501933  9900 QuicTransportBase.cpp:400] Stopping read looper due to immediate close client CID=0000000000000001 server CID=400000c7ab777471 peer address=127.0.0.1:4987
I1223 18:29:13.501941  9900 FunctionLooper.cpp:88] stop: ReadLooper
I1223 18:29:13.501957  9900 FunctionLooper.cpp:88] stop: PeekLooper
I1223 18:29:13.501964  9900 FunctionLooper.cpp:88] stop: WriteLooper
I1223 18:29:13.501976  9900 QuicTransportBase.cpp:2651] Clearing 0 peek callbacks
I1223 18:29:13.501984  9900 QuicTransportBase.cpp:852] Stopping read looper client CID=0000000000000001 server CID=400000c7ab777471 peer address=127.0.0.1:4987
I1223 18:29:13.501991  9900 FunctionLooper.cpp:88] stop: ReadLooper
I1223 18:29:13.501999  9900 QuicTransportBase.cpp:1196] Stopping peek looper client CID=0000000000000001 server CID=400000c7ab777471 peer address=127.0.0.1:4987
I1223 18:29:13.502007  9900 FunctionLooper.cpp:88] stop: PeekLooper
I1223 18:29:13.502013  9900 QuicTransportBase.cpp:1233] Server stopping write looper because conn closed client CID=0000000000000001 server CID=400000c7ab777471 peer address=127.0.0.1:4987
I1223 18:29:13.502060  9900 FunctionLooper.cpp:88] stop: WriteLooper
E1223 18:29:13.502070  9900 EchoHandler.h:53] Socket error=Crypto error: missing_extension
I1223 18:29:13.502094  9900 QuicTransportFunctions.cpp:1063] Server sent close packetNum=10977474 in space=InitialSpace client CID=0000000000000001 server CID=400000c7ab777471 peer address=127.0.0.1:4987
I1223 18:29:13.502127  9900 LogQuicStats.h:144] server onWrite size=83
I1223 18:29:13.502139  9900 QuicTransportBase.cpp:852] Stopping read looper client CID=0000000000000001 server CID=400000c7ab777471 peer address=127.0.0.1:4987
I1223 18:29:13.502148  9900 FunctionLooper.cpp:88] stop: ReadLooper
I1223 18:29:13.502154  9900 QuicTransportBase.cpp:1196] Stopping peek looper client CID=0000000000000001 server CID=400000c7ab777471 peer address=127.0.0.1:4987
I1223 18:29:13.502161  9900 FunctionLooper.cpp:88] stop: PeekLooper
I1223 18:29:13.502167  9900 QuicTransportBase.cpp:1233] Server stopping write looper because conn closed client CID=0000000000000001 server CID=400000c7ab777471 peer address=127.0.0.1:4987
I1223 18:29:13.502175  9900 FunctionLooper.cpp:88] stop: WriteLooper
*** Aborted at 1640284153 (Unix time, try 'date -d @1640284153') ***
*** Signal 15 (SIGTERM) (0x26a3) received by PID 9894 (pthread TID 0x7f7eb69f7ec0) (linux TID 9894) (maybe from PID 9891, UID 0) (code: 0), stack trace: ***
(error retrieving stack trace)
