I1224 00:15:23.682533  3027 EventBase.cpp:308] EventBase(): Starting loop.
I1224 00:15:23.683203  3028 EventBase.cpp:308] EventBase(): Starting loop.
I1224 00:15:23.683547  3029 EventBase.cpp:308] EventBase(): Starting loop.
I1224 00:15:23.686157  3030 EventBase.cpp:308] EventBase(): Starting loop.
I1224 00:15:23.687050  3031 EventBase.cpp:308] EventBase(): Starting loop.
I1224 00:15:23.690886  3032 EventBase.cpp:308] EventBase(): Starting loop.
I1224 00:15:23.691015  3027 QuicServer.cpp:268] No valid takenover fd found for address=127.0.0.1:4443. binding on worker=0x5607e9245ec0 workerId=0 processId=0
I1224 00:15:23.691205  3028 QuicServer.cpp:268] No valid takenover fd found for address=127.0.0.1:4443. binding on worker=0x5607e9246500 workerId=1 processId=0
I1224 00:15:23.691368  3029 QuicServer.cpp:268] No valid takenover fd found for address=127.0.0.1:4443. binding on worker=0x5607e9246940 workerId=2 processId=0
I1224 00:15:23.691534  3030 QuicServer.cpp:268] No valid takenover fd found for address=127.0.0.1:4443. binding on worker=0x5607e9246e20 workerId=3 processId=0
I1224 00:15:23.691694  3031 QuicServer.cpp:268] No valid takenover fd found for address=127.0.0.1:4443. binding on worker=0x5607e9247300 workerId=4 processId=0
I1224 00:15:23.691852  3032 QuicServer.cpp:268] No valid takenover fd found for address=127.0.0.1:4443. binding on worker=0x5607e9247800 workerId=5 processId=0
I1224 00:15:23.691879  3032 QuicServer.cpp:295] Initialized all workers in the eventbase
I1224 00:15:23.691977  3024 EchoServer.h:90] Echo server started at: 127.0.0.1:4443
I1224 00:15:23.691995  3024 EventBase.cpp:308] EventBase(): Starting loop.
I1224 00:15:23.692049  3027 QuicServerWorker.cpp:134] Registered read on worker=0x5607e9245ec0, thread=140402151130880, processId=0
I1224 00:15:23.692066  3028 QuicServerWorker.cpp:134] Registered read on worker=0x5607e9246500, thread=140402142738176, processId=0
I1224 00:15:23.692087  3032 QuicServerWorker.cpp:134] Registered read on worker=0x5607e9247800, thread=140402109167360, processId=0
I1224 00:15:23.692113  3031 QuicServerWorker.cpp:134] Registered read on worker=0x5607e9247300, thread=140402117560064, processId=0
I1224 00:15:23.692126  3030 QuicServerWorker.cpp:134] Registered read on worker=0x5607e9246e20, thread=140402125952768, processId=0
I1224 00:15:23.692068  3029 QuicServerWorker.cpp:134] Registered read on worker=0x5607e9246940, thread=140402134345472, processId=0
I1224 00:15:29.046432  3030 QuicServerWorker.cpp:227] Worker=0x5607e9246e20, Received data on thread=140402125952768, processId=0
I1224 00:15:29.046458  3030 LogQuicStats.h:24] server onPacketReceived
I1224 00:15:29.046465  3030 LogQuicStats.h:140] server onRead size=1232
W1224 00:15:29.046485  3030 Types.cpp:447] toString has unhandled version type
I1224 00:15:29.046479  3030 LogQuicStats.h:76] server onClientInitialReceived, version: UNKNOWN
I1224 00:15:29.046496  3030 QuicServerWorker.cpp:208] Version negotiation sent to client=127.0.0.1:4987
I1224 00:15:29.046504  3030 LogQuicStats.h:144] server onWrite size=43
I1224 00:15:29.046510  3030 LogQuicStats.h:36] server onPacketProcessed
I1224 00:15:29.046516  3030 LogQuicStats.h:40] server onPacketSent
I1224 00:15:29.273134  3030 QuicServerWorker.cpp:227] Worker=0x5607e9246e20, Received data on thread=140402125952768, processId=0
I1224 00:15:29.273162  3030 LogQuicStats.h:24] server onPacketReceived
I1224 00:15:29.273169  3030 LogQuicStats.h:140] server onRead size=1232
I1224 00:15:29.273177  3030 LogQuicStats.h:76] server onClientInitialReceived, version: QUIC_DRAFT
I1224 00:15:29.273187  3030 QuicServerWorker.cpp:545] Creating new connection for client=127.0.0.1:4987, routingInfo=CID=0000000000000000, cidVersion=1, workerId=3, processId=0, hostId=0, threadId=140402125952768, 
I1224 00:15:29.273296  3030 LogQuicStats.h:118] server onStatelessReset
I1224 00:15:29.273324  3030 StateMachine-inl.h:41] Transition from Uninitialized to ExpectingClientHello
I1224 00:15:29.273391  3030 LogQuicStats.h:32] server onOutOfOrderPacketReceived
I1224 00:15:29.273399  3030 ServerStateMachine.cpp:952] Server received crypto data offset=0 len=391 currentReadOffset=0 client CID=0000000000000003 server CID=400000c4fd59e3c1 peer address=127.0.0.1:4987
I1224 00:15:29.273424  3030 RecordLayer.cpp:82] Received handshake message ClientHello
I1224 00:15:29.273519  3030 ServerHandshake.cpp:167] ServerHandshake error fizz::FizzException: no psk modes
I1224 00:15:29.273591  3030 QuicTransportBase.cpp:1870] onNetworkData fizz::FizzException: no psk modes client CID=0000000000000003 server CID=400000c4fd59e3c1 peer address=127.0.0.1:4987
I1224 00:15:29.273612  3030 QuicTransportBase.cpp:400] Stopping read looper due to immediate close client CID=0000000000000003 server CID=400000c4fd59e3c1 peer address=127.0.0.1:4987
I1224 00:15:29.273619  3030 FunctionLooper.cpp:88] stop: ReadLooper
I1224 00:15:29.273625  3030 FunctionLooper.cpp:88] stop: PeekLooper
I1224 00:15:29.273631  3030 FunctionLooper.cpp:88] stop: WriteLooper
I1224 00:15:29.273643  3030 QuicTransportBase.cpp:2651] Clearing 0 peek callbacks
I1224 00:15:29.273649  3030 QuicTransportBase.cpp:852] Stopping read looper client CID=0000000000000003 server CID=400000c4fd59e3c1 peer address=127.0.0.1:4987
I1224 00:15:29.273656  3030 FunctionLooper.cpp:88] stop: ReadLooper
I1224 00:15:29.273663  3030 QuicTransportBase.cpp:1196] Stopping peek looper client CID=0000000000000003 server CID=400000c4fd59e3c1 peer address=127.0.0.1:4987
I1224 00:15:29.273669  3030 FunctionLooper.cpp:88] stop: PeekLooper
I1224 00:15:29.273675  3030 QuicTransportBase.cpp:1233] Server stopping write looper because conn closed client CID=0000000000000003 server CID=400000c4fd59e3c1 peer address=127.0.0.1:4987
I1224 00:15:29.273682  3030 FunctionLooper.cpp:88] stop: WriteLooper
E1224 00:15:29.273689  3030 EchoHandler.h:53] Socket error=Crypto error: missing_extension
I1224 00:15:29.273710  3030 QuicTransportFunctions.cpp:1063] Server sent close packetNum=136908 in space=InitialSpace client CID=0000000000000003 server CID=400000c4fd59e3c1 peer address=127.0.0.1:4987
I1224 00:15:29.273734  3030 LogQuicStats.h:144] server onWrite size=82
I1224 00:15:29.273744  3030 QuicTransportBase.cpp:852] Stopping read looper client CID=0000000000000003 server CID=400000c4fd59e3c1 peer address=127.0.0.1:4987
I1224 00:15:29.273752  3030 FunctionLooper.cpp:88] stop: ReadLooper
I1224 00:15:29.273758  3030 QuicTransportBase.cpp:1196] Stopping peek looper client CID=0000000000000003 server CID=400000c4fd59e3c1 peer address=127.0.0.1:4987
I1224 00:15:29.273766  3030 FunctionLooper.cpp:88] stop: PeekLooper
I1224 00:15:29.273770  3030 QuicTransportBase.cpp:1233] Server stopping write looper because conn closed client CID=0000000000000003 server CID=400000c4fd59e3c1 peer address=127.0.0.1:4987
I1224 00:15:29.273777  3030 FunctionLooper.cpp:88] stop: WriteLooper
*** Aborted at 1640304929 (Unix time, try 'date -d @1640304929') ***
*** Signal 15 (SIGTERM) (0xbcd) received by PID 3024 (pthread TID 0x7fb1efa2eec0) (linux TID 3024) (maybe from PID 3021, UID 0) (code: 0), stack trace: ***
(error retrieving stack trace)
