I1223 18:36:21.376933 12709 EventBase.cpp:308] EventBase(): Starting loop.
I1223 18:36:21.377107 12710 EventBase.cpp:308] EventBase(): Starting loop.
I1223 18:36:21.377449 12711 EventBase.cpp:308] EventBase(): Starting loop.
I1223 18:36:21.377573 12712 EventBase.cpp:308] EventBase(): Starting loop.
I1223 18:36:21.379223 12713 EventBase.cpp:308] EventBase(): Starting loop.
I1223 18:36:21.383168 12714 EventBase.cpp:308] EventBase(): Starting loop.
I1223 18:36:21.383350 12709 QuicServer.cpp:268] No valid takenover fd found for address=127.0.0.1:4443. binding on worker=0x55fbd91a5040 workerId=0 processId=0
I1223 18:36:21.383538 12710 QuicServer.cpp:268] No valid takenover fd found for address=127.0.0.1:4443. binding on worker=0x55fbd91a5680 workerId=1 processId=0
I1223 18:36:21.383695 12711 QuicServer.cpp:268] No valid takenover fd found for address=127.0.0.1:4443. binding on worker=0x55fbd91a5b30 workerId=2 processId=0
I1223 18:36:21.383854 12712 QuicServer.cpp:268] No valid takenover fd found for address=127.0.0.1:4443. binding on worker=0x55fbd91a6010 workerId=3 processId=0
I1223 18:36:21.384061 12713 QuicServer.cpp:268] No valid takenover fd found for address=127.0.0.1:4443. binding on worker=0x55fbd91a64f0 workerId=4 processId=0
I1223 18:36:21.384256 12714 QuicServer.cpp:268] No valid takenover fd found for address=127.0.0.1:4443. binding on worker=0x55fbd91a69f0 workerId=5 processId=0
I1223 18:36:21.384284 12714 QuicServer.cpp:295] Initialized all workers in the eventbase
I1223 18:36:21.384409 12706 EchoServer.h:90] Echo server started at: 127.0.0.1:4443
I1223 18:36:21.384449 12706 EventBase.cpp:308] EventBase(): Starting loop.
I1223 18:36:21.384496 12709 QuicServerWorker.cpp:134] Registered read on worker=0x55fbd91a5040, thread=139671677527808, processId=0
I1223 18:36:21.384514 12710 QuicServerWorker.cpp:134] Registered read on worker=0x55fbd91a5680, thread=139671598266112, processId=0
I1223 18:36:21.384500 12712 QuicServerWorker.cpp:134] Registered read on worker=0x55fbd91a6010, thread=139671581480704, processId=0
I1223 18:36:21.384506 12711 QuicServerWorker.cpp:134] Registered read on worker=0x55fbd91a5b30, thread=139671589873408, processId=0
I1223 18:36:21.384572 12713 QuicServerWorker.cpp:134] Registered read on worker=0x55fbd91a64f0, thread=139671573088000, processId=0
I1223 18:36:21.384622 12714 QuicServerWorker.cpp:134] Registered read on worker=0x55fbd91a69f0, thread=139671564695296, processId=0
I1223 18:36:26.882576 12712 QuicServerWorker.cpp:227] Worker=0x55fbd91a6010, Received data on thread=139671581480704, processId=0
I1223 18:36:26.882602 12712 LogQuicStats.h:24] server onPacketReceived
I1223 18:36:26.882608 12712 LogQuicStats.h:140] server onRead size=1232
I1223 18:36:26.882624 12712 LogQuicStats.h:76] server onClientInitialReceived, version: QUIC_DRAFT
I1223 18:36:26.882634 12712 QuicServerWorker.cpp:545] Creating new connection for client=127.0.0.1:4987, routingInfo=CID=0000000000000002, cidVersion=1, workerId=3, processId=0, hostId=0, threadId=139671581480704, 
I1223 18:36:26.882812 12712 LogQuicStats.h:118] server onStatelessReset
I1223 18:36:26.882845 12712 StateMachine-inl.h:41] Transition from Uninitialized to ExpectingClientHello
I1223 18:36:26.882913 12712 LogQuicStats.h:32] server onOutOfOrderPacketReceived
I1223 18:36:26.882921 12712 ServerStateMachine.cpp:952] Server received crypto data offset=0 len=391 currentReadOffset=0 client CID=0000000000000001 server CID=400000d23b9a4f29 peer address=127.0.0.1:4987
I1223 18:36:26.882937 12712 RecordLayer.cpp:82] Received handshake message ClientHello
I1223 18:36:26.883030 12712 ServerHandshake.cpp:167] ServerHandshake error fizz::FizzException: no psk modes
I1223 18:36:26.883077 12712 QuicTransportBase.cpp:1870] onNetworkData fizz::FizzException: no psk modes client CID=0000000000000001 server CID=400000d23b9a4f29 peer address=127.0.0.1:4987
I1223 18:36:26.883091 12712 QuicTransportBase.cpp:400] Stopping read looper due to immediate close client CID=0000000000000001 server CID=400000d23b9a4f29 peer address=127.0.0.1:4987
I1223 18:36:26.883100 12712 FunctionLooper.cpp:88] stop: ReadLooper
I1223 18:36:26.883112 12712 FunctionLooper.cpp:88] stop: PeekLooper
I1223 18:36:26.883118 12712 FunctionLooper.cpp:88] stop: WriteLooper
I1223 18:36:26.883131 12712 QuicTransportBase.cpp:2651] Clearing 0 peek callbacks
I1223 18:36:26.883137 12712 QuicTransportBase.cpp:852] Stopping read looper client CID=0000000000000001 server CID=400000d23b9a4f29 peer address=127.0.0.1:4987
I1223 18:36:26.883144 12712 FunctionLooper.cpp:88] stop: ReadLooper
I1223 18:36:26.883150 12712 QuicTransportBase.cpp:1196] Stopping peek looper client CID=0000000000000001 server CID=400000d23b9a4f29 peer address=127.0.0.1:4987
I1223 18:36:26.883157 12712 FunctionLooper.cpp:88] stop: PeekLooper
I1223 18:36:26.883163 12712 QuicTransportBase.cpp:1233] Server stopping write looper because conn closed client CID=0000000000000001 server CID=400000d23b9a4f29 peer address=127.0.0.1:4987
I1223 18:36:26.883170 12712 FunctionLooper.cpp:88] stop: WriteLooper
E1223 18:36:26.883177 12712 EchoHandler.h:53] Socket error=Crypto error: missing_extension
I1223 18:36:26.883198 12712 QuicTransportFunctions.cpp:1063] Server sent close packetNum=16480360 in space=InitialSpace client CID=0000000000000001 server CID=400000d23b9a4f29 peer address=127.0.0.1:4987
I1223 18:36:26.883219 12712 LogQuicStats.h:144] server onWrite size=83
I1223 18:36:26.883229 12712 QuicTransportBase.cpp:852] Stopping read looper client CID=0000000000000001 server CID=400000d23b9a4f29 peer address=127.0.0.1:4987
I1223 18:36:26.883237 12712 FunctionLooper.cpp:88] stop: ReadLooper
I1223 18:36:26.883244 12712 QuicTransportBase.cpp:1196] Stopping peek looper client CID=0000000000000001 server CID=400000d23b9a4f29 peer address=127.0.0.1:4987
I1223 18:36:26.883250 12712 FunctionLooper.cpp:88] stop: PeekLooper
I1223 18:36:26.883256 12712 QuicTransportBase.cpp:1233] Server stopping write looper because conn closed client CID=0000000000000001 server CID=400000d23b9a4f29 peer address=127.0.0.1:4987
I1223 18:36:26.883263 12712 FunctionLooper.cpp:88] stop: WriteLooper
*** Aborted at 1640284586 (Unix time, try 'date -d @1640284586') ***
*** Signal 15 (SIGTERM) (0x319f) received by PID 12706 (pthread TID 0x7f07dc044ec0) (linux TID 12706) (maybe from PID 12703, UID 0) (code: 0), stack trace: ***
(error retrieving stack trace)
