I1223 18:29:48.115865 10156 EventBase.cpp:308] EventBase(): Starting loop.
I1223 18:29:48.116058 10157 EventBase.cpp:308] EventBase(): Starting loop.
I1223 18:29:48.116201 10158 EventBase.cpp:308] EventBase(): Starting loop.
I1223 18:29:48.116339 10159 EventBase.cpp:308] EventBase(): Starting loop.
I1223 18:29:48.116459 10160 EventBase.cpp:308] EventBase(): Starting loop.
I1223 18:29:48.116580 10161 EventBase.cpp:308] EventBase(): Starting loop.
I1223 18:29:48.116691 10156 QuicServer.cpp:268] No valid takenover fd found for address=127.0.0.1:4443. binding on worker=0x55ba0a11a040 workerId=0 processId=0
I1223 18:29:48.116868 10157 QuicServer.cpp:268] No valid takenover fd found for address=127.0.0.1:4443. binding on worker=0x55ba0a11a680 workerId=1 processId=0
I1223 18:29:48.117022 10158 QuicServer.cpp:268] No valid takenover fd found for address=127.0.0.1:4443. binding on worker=0x55ba0a11ab30 workerId=2 processId=0
I1223 18:29:48.117188 10159 QuicServer.cpp:268] No valid takenover fd found for address=127.0.0.1:4443. binding on worker=0x55ba0a11b010 workerId=3 processId=0
I1223 18:29:48.117348 10160 QuicServer.cpp:268] No valid takenover fd found for address=127.0.0.1:4443. binding on worker=0x55ba0a11b4f0 workerId=4 processId=0
I1223 18:29:48.117508 10161 QuicServer.cpp:268] No valid takenover fd found for address=127.0.0.1:4443. binding on worker=0x55ba0a11b9f0 workerId=5 processId=0
I1223 18:29:48.117537 10161 QuicServer.cpp:295] Initialized all workers in the eventbase
I1223 18:29:48.117638 10153 EchoServer.h:90] Echo server started at: 127.0.0.1:4443
I1223 18:29:48.117691 10153 EventBase.cpp:308] EventBase(): Starting loop.
I1223 18:29:48.117734 10157 QuicServerWorker.cpp:134] Registered read on worker=0x55ba0a11a680, thread=140621027723008, processId=0
I1223 18:29:48.117753 10158 QuicServerWorker.cpp:134] Registered read on worker=0x55ba0a11ab30, thread=140621019330304, processId=0
I1223 18:29:48.117735 10156 QuicServerWorker.cpp:134] Registered read on worker=0x55ba0a11a040, thread=140621036115712, processId=0
I1223 18:29:48.117744 10159 QuicServerWorker.cpp:134] Registered read on worker=0x55ba0a11b010, thread=140621010937600, processId=0
I1223 18:29:48.117815 10160 QuicServerWorker.cpp:134] Registered read on worker=0x55ba0a11b4f0, thread=140621002544896, processId=0
I1223 18:29:48.117825 10161 QuicServerWorker.cpp:134] Registered read on worker=0x55ba0a11b9f0, thread=140620651820800, processId=0
I1223 18:29:53.741680 10159 QuicServerWorker.cpp:227] Worker=0x55ba0a11b010, Received data on thread=140621010937600, processId=0
I1223 18:29:53.741708 10159 LogQuicStats.h:24] server onPacketReceived
I1223 18:29:53.741715 10159 LogQuicStats.h:140] server onRead size=1232
I1223 18:29:53.741730 10159 LogQuicStats.h:76] server onClientInitialReceived, version: QUIC_DRAFT
I1223 18:29:53.741740 10159 QuicServerWorker.cpp:545] Creating new connection for client=127.0.0.1:4987, routingInfo=CID=0000000000000002, cidVersion=1, workerId=3, processId=0, hostId=0, threadId=140621010937600, 
I1223 18:29:53.741844 10159 LogQuicStats.h:118] server onStatelessReset
I1223 18:29:53.741873 10159 StateMachine-inl.h:41] Transition from Uninitialized to ExpectingClientHello
I1223 18:29:53.741935 10159 LogQuicStats.h:32] server onOutOfOrderPacketReceived
I1223 18:29:53.741943 10159 ServerStateMachine.cpp:952] Server received crypto data offset=0 len=391 currentReadOffset=0 client CID=0000000000000001 server CID=400000ccc7e8b18d peer address=127.0.0.1:4987
I1223 18:29:53.741958 10159 RecordLayer.cpp:82] Received handshake message ClientHello
I1223 18:29:53.742079 10159 ServerHandshake.cpp:167] ServerHandshake error fizz::FizzException: no psk modes
I1223 18:29:53.742131 10159 QuicTransportBase.cpp:1870] onNetworkData fizz::FizzException: no psk modes client CID=0000000000000001 server CID=400000ccc7e8b18d peer address=127.0.0.1:4987
I1223 18:29:53.742146 10159 QuicTransportBase.cpp:400] Stopping read looper due to immediate close client CID=0000000000000001 server CID=400000ccc7e8b18d peer address=127.0.0.1:4987
I1223 18:29:53.742153 10159 FunctionLooper.cpp:88] stop: ReadLooper
I1223 18:29:53.742170 10159 FunctionLooper.cpp:88] stop: PeekLooper
I1223 18:29:53.742177 10159 FunctionLooper.cpp:88] stop: WriteLooper
I1223 18:29:53.742188 10159 QuicTransportBase.cpp:2651] Clearing 0 peek callbacks
I1223 18:29:53.742195 10159 QuicTransportBase.cpp:852] Stopping read looper client CID=0000000000000001 server CID=400000ccc7e8b18d peer address=127.0.0.1:4987
I1223 18:29:53.742202 10159 FunctionLooper.cpp:88] stop: ReadLooper
I1223 18:29:53.742208 10159 QuicTransportBase.cpp:1196] Stopping peek looper client CID=0000000000000001 server CID=400000ccc7e8b18d peer address=127.0.0.1:4987
I1223 18:29:53.742214 10159 FunctionLooper.cpp:88] stop: PeekLooper
I1223 18:29:53.742220 10159 QuicTransportBase.cpp:1233] Server stopping write looper because conn closed client CID=0000000000000001 server CID=400000ccc7e8b18d peer address=127.0.0.1:4987
I1223 18:29:53.742228 10159 FunctionLooper.cpp:88] stop: WriteLooper
E1223 18:29:53.742234 10159 EchoHandler.h:53] Socket error=Crypto error: missing_extension
I1223 18:29:53.742254 10159 QuicTransportFunctions.cpp:1063] Server sent close packetNum=13879444 in space=InitialSpace client CID=0000000000000001 server CID=400000ccc7e8b18d peer address=127.0.0.1:4987
I1223 18:29:53.742280 10159 LogQuicStats.h:144] server onWrite size=83
I1223 18:29:53.742290 10159 QuicTransportBase.cpp:852] Stopping read looper client CID=0000000000000001 server CID=400000ccc7e8b18d peer address=127.0.0.1:4987
I1223 18:29:53.742296 10159 FunctionLooper.cpp:88] stop: ReadLooper
I1223 18:29:53.742302 10159 QuicTransportBase.cpp:1196] Stopping peek looper client CID=0000000000000001 server CID=400000ccc7e8b18d peer address=127.0.0.1:4987
I1223 18:29:53.742309 10159 FunctionLooper.cpp:88] stop: PeekLooper
I1223 18:29:53.742314 10159 QuicTransportBase.cpp:1233] Server stopping write looper because conn closed client CID=0000000000000001 server CID=400000ccc7e8b18d peer address=127.0.0.1:4987
I1223 18:29:53.742321 10159 FunctionLooper.cpp:88] stop: WriteLooper
*** Aborted at 1640284193 (Unix time, try 'date -d @1640284193') ***
*** Signal 15 (SIGTERM) (0x27a6) received by PID 10153 (pthread TID 0x7fe4e632bec0) (linux TID 10153) (maybe from PID 10150, UID 0) (code: 0), stack trace: ***
(error retrieving stack trace)
