I1223 18:31:36.735801 10859 EventBase.cpp:308] EventBase(): Starting loop.
I1223 18:31:36.735975 10860 EventBase.cpp:308] EventBase(): Starting loop.
I1223 18:31:36.739270 10861 EventBase.cpp:308] EventBase(): Starting loop.
I1223 18:31:36.743155 10862 EventBase.cpp:308] EventBase(): Starting loop.
I1223 18:31:36.743839 10863 EventBase.cpp:308] EventBase(): Starting loop.
I1223 18:31:36.743988 10864 EventBase.cpp:308] EventBase(): Starting loop.
I1223 18:31:36.744156 10859 QuicServer.cpp:268] No valid takenover fd found for address=127.0.0.1:4443. binding on worker=0x55c735ec8040 workerId=0 processId=0
I1223 18:31:36.744309 10860 QuicServer.cpp:268] No valid takenover fd found for address=127.0.0.1:4443. binding on worker=0x55c735ec8680 workerId=1 processId=0
I1223 18:31:36.744488 10861 QuicServer.cpp:268] No valid takenover fd found for address=127.0.0.1:4443. binding on worker=0x55c735ec8b30 workerId=2 processId=0
I1223 18:31:36.744710 10862 QuicServer.cpp:268] No valid takenover fd found for address=127.0.0.1:4443. binding on worker=0x55c735ec9010 workerId=3 processId=0
I1223 18:31:36.744863 10863 QuicServer.cpp:268] No valid takenover fd found for address=127.0.0.1:4443. binding on worker=0x55c735ec94f0 workerId=4 processId=0
I1223 18:31:36.745005 10864 QuicServer.cpp:268] No valid takenover fd found for address=127.0.0.1:4443. binding on worker=0x55c735ec99f0 workerId=5 processId=0
I1223 18:31:36.745031 10864 QuicServer.cpp:295] Initialized all workers in the eventbase
I1223 18:31:36.745131 10856 EchoServer.h:90] Echo server started at: 127.0.0.1:4443
I1223 18:31:36.745178 10856 EventBase.cpp:308] EventBase(): Starting loop.
I1223 18:31:36.745227 10859 QuicServerWorker.cpp:134] Registered read on worker=0x55c735ec8040, thread=140371619202816, processId=0
I1223 18:31:36.745242 10861 QuicServerWorker.cpp:134] Registered read on worker=0x55c735ec8b30, thread=140371602417408, processId=0
I1223 18:31:36.745227 10860 QuicServerWorker.cpp:134] Registered read on worker=0x55c735ec8680, thread=140371610810112, processId=0
I1223 18:31:36.745265 10863 QuicServerWorker.cpp:134] Registered read on worker=0x55c735ec94f0, thread=140371585632000, processId=0
I1223 18:31:36.745321 10862 QuicServerWorker.cpp:134] Registered read on worker=0x55c735ec9010, thread=140371594024704, processId=0
I1223 18:31:36.745353 10864 QuicServerWorker.cpp:134] Registered read on worker=0x55c735ec99f0, thread=140371577239296, processId=0
I1223 18:31:42.350025 10862 QuicServerWorker.cpp:227] Worker=0x55c735ec9010, Received data on thread=140371594024704, processId=0
I1223 18:31:42.350054 10862 LogQuicStats.h:24] server onPacketReceived
I1223 18:31:42.350062 10862 LogQuicStats.h:140] server onRead size=1232
I1223 18:31:42.350080 10862 LogQuicStats.h:76] server onClientInitialReceived, version: QUIC_DRAFT
I1223 18:31:42.350090 10862 QuicServerWorker.cpp:545] Creating new connection for client=127.0.0.1:4987, routingInfo=CID=0000000000000002, cidVersion=1, workerId=3, processId=0, hostId=0, threadId=140371594024704, 
I1223 18:31:42.350239 10862 LogQuicStats.h:118] server onStatelessReset
I1223 18:31:42.350272 10862 StateMachine-inl.h:41] Transition from Uninitialized to ExpectingClientHello
I1223 18:31:42.350345 10862 LogQuicStats.h:32] server onOutOfOrderPacketReceived
I1223 18:31:42.350355 10862 ServerStateMachine.cpp:952] Server received crypto data offset=0 len=389 currentReadOffset=0 client CID=0000000000000001 server CID=400000c8db5f8671 peer address=127.0.0.1:4987
I1223 18:31:42.350378 10862 RecordLayer.cpp:82] Received handshake message ClientHello
I1223 18:31:42.350490 10862 ServerHandshake.cpp:167] ServerHandshake error fizz::FizzException: no psk modes
I1223 18:31:42.350541 10862 QuicTransportBase.cpp:1870] onNetworkData fizz::FizzException: no psk modes client CID=0000000000000001 server CID=400000c8db5f8671 peer address=127.0.0.1:4987
I1223 18:31:42.350558 10862 QuicTransportBase.cpp:400] Stopping read looper due to immediate close client CID=0000000000000001 server CID=400000c8db5f8671 peer address=127.0.0.1:4987
I1223 18:31:42.350566 10862 FunctionLooper.cpp:88] stop: ReadLooper
I1223 18:31:42.350582 10862 FunctionLooper.cpp:88] stop: PeekLooper
I1223 18:31:42.350589 10862 FunctionLooper.cpp:88] stop: WriteLooper
I1223 18:31:42.350601 10862 QuicTransportBase.cpp:2651] Clearing 0 peek callbacks
I1223 18:31:42.350610 10862 QuicTransportBase.cpp:852] Stopping read looper client CID=0000000000000001 server CID=400000c8db5f8671 peer address=127.0.0.1:4987
I1223 18:31:42.350617 10862 FunctionLooper.cpp:88] stop: ReadLooper
I1223 18:31:42.350623 10862 QuicTransportBase.cpp:1196] Stopping peek looper client CID=0000000000000001 server CID=400000c8db5f8671 peer address=127.0.0.1:4987
I1223 18:31:42.350631 10862 FunctionLooper.cpp:88] stop: PeekLooper
I1223 18:31:42.350638 10862 QuicTransportBase.cpp:1233] Server stopping write looper because conn closed client CID=0000000000000001 server CID=400000c8db5f8671 peer address=127.0.0.1:4987
I1223 18:31:42.350646 10862 FunctionLooper.cpp:88] stop: WriteLooper
E1223 18:31:42.350653 10862 EchoHandler.h:53] Socket error=Crypto error: missing_extension
I1223 18:31:42.350679 10862 QuicTransportFunctions.cpp:1063] Server sent close packetNum=7333500 in space=InitialSpace client CID=0000000000000001 server CID=400000c8db5f8671 peer address=127.0.0.1:4987
I1223 18:31:42.350705 10862 LogQuicStats.h:144] server onWrite size=82
I1223 18:31:42.350716 10862 QuicTransportBase.cpp:852] Stopping read looper client CID=0000000000000001 server CID=400000c8db5f8671 peer address=127.0.0.1:4987
I1223 18:31:42.350725 10862 FunctionLooper.cpp:88] stop: ReadLooper
I1223 18:31:42.350731 10862 QuicTransportBase.cpp:1196] Stopping peek looper client CID=0000000000000001 server CID=400000c8db5f8671 peer address=127.0.0.1:4987
I1223 18:31:42.350739 10862 FunctionLooper.cpp:88] stop: PeekLooper
I1223 18:31:42.350745 10862 QuicTransportBase.cpp:1233] Server stopping write looper because conn closed client CID=0000000000000001 server CID=400000c8db5f8671 peer address=127.0.0.1:4987
I1223 18:31:42.350754 10862 FunctionLooper.cpp:88] stop: WriteLooper
*** Aborted at 1640284302 (Unix time, try 'date -d @1640284302') ***
*** Signal 15 (SIGTERM) (0x2a65) received by PID 10856 (pthread TID 0x7faad3caaec0) (linux TID 10856) (maybe from PID 10853, UID 0) (code: 0), stack trace: ***
(error retrieving stack trace)
