I1223 18:34:04.615132 11821 EventBase.cpp:308] EventBase(): Starting loop.
I1223 18:34:04.615360 11822 EventBase.cpp:308] EventBase(): Starting loop.
I1223 18:34:04.615520 11823 EventBase.cpp:308] EventBase(): Starting loop.
I1223 18:34:04.619236 11824 EventBase.cpp:308] EventBase(): Starting loop.
I1223 18:34:04.623515 11825 EventBase.cpp:308] EventBase(): Starting loop.
I1223 18:34:04.627056 11826 EventBase.cpp:308] EventBase(): Starting loop.
I1223 18:34:04.627223 11821 QuicServer.cpp:268] No valid takenover fd found for address=127.0.0.1:4443. binding on worker=0x55e16fd3d040 workerId=0 processId=0
I1223 18:34:04.627449 11822 QuicServer.cpp:268] No valid takenover fd found for address=127.0.0.1:4443. binding on worker=0x55e16fd3d680 workerId=1 processId=0
I1223 18:34:04.627617 11823 QuicServer.cpp:268] No valid takenover fd found for address=127.0.0.1:4443. binding on worker=0x55e16fd3db30 workerId=2 processId=0
I1223 18:34:04.630244 11824 QuicServer.cpp:268] No valid takenover fd found for address=127.0.0.1:4443. binding on worker=0x55e16fd3e010 workerId=3 processId=0
I1223 18:34:04.630390 11825 QuicServer.cpp:268] No valid takenover fd found for address=127.0.0.1:4443. binding on worker=0x55e16fd3e4f0 workerId=4 processId=0
I1223 18:34:04.630542 11826 QuicServer.cpp:268] No valid takenover fd found for address=127.0.0.1:4443. binding on worker=0x55e16fd3e9f0 workerId=5 processId=0
I1223 18:34:04.630569 11826 QuicServer.cpp:295] Initialized all workers in the eventbase
I1223 18:34:04.630668 11818 EchoServer.h:90] Echo server started at: 127.0.0.1:4443
I1223 18:34:04.630684 11818 EventBase.cpp:308] EventBase(): Starting loop.
I1223 18:34:04.630750 11823 QuicServerWorker.cpp:134] Registered read on worker=0x55e16fd3db30, thread=140182967809792, processId=0
I1223 18:34:04.630756 11822 QuicServerWorker.cpp:134] Registered read on worker=0x55e16fd3d680, thread=140183049795328, processId=0
I1223 18:34:04.630753 11821 QuicServerWorker.cpp:134] Registered read on worker=0x55e16fd3d040, thread=140183058188032, processId=0
I1223 18:34:04.630913 11825 QuicServerWorker.cpp:134] Registered read on worker=0x55e16fd3e4f0, thread=140182951024384, processId=0
I1223 18:34:04.630945 11826 QuicServerWorker.cpp:134] Registered read on worker=0x55e16fd3e9f0, thread=140182942631680, processId=0
I1223 18:34:04.630960 11824 QuicServerWorker.cpp:134] Registered read on worker=0x55e16fd3e010, thread=140182959417088, processId=0
I1223 18:34:10.330212 11824 QuicServerWorker.cpp:227] Worker=0x55e16fd3e010, Received data on thread=140182959417088, processId=0
I1223 18:34:10.330240 11824 LogQuicStats.h:24] server onPacketReceived
I1223 18:34:10.330247 11824 LogQuicStats.h:140] server onRead size=1232
I1223 18:34:10.330262 11824 LogQuicStats.h:76] server onClientInitialReceived, version: QUIC_DRAFT
I1223 18:34:10.330272 11824 QuicServerWorker.cpp:545] Creating new connection for client=127.0.0.1:4987, routingInfo=CID=0000000000000002, cidVersion=1, workerId=3, processId=0, hostId=0, threadId=140182959417088, 
I1223 18:34:10.330375 11824 LogQuicStats.h:118] server onStatelessReset
I1223 18:34:10.330402 11824 StateMachine-inl.h:41] Transition from Uninitialized to ExpectingClientHello
I1223 18:34:10.330466 11824 LogQuicStats.h:32] server onOutOfOrderPacketReceived
I1223 18:34:10.330474 11824 ServerStateMachine.cpp:952] Server received crypto data offset=0 len=391 currentReadOffset=0 client CID=0000000000000001 server CID=400000d516a0d857 peer address=127.0.0.1:4987
I1223 18:34:10.330493 11824 RecordLayer.cpp:82] Received handshake message ClientHello
I1223 18:34:10.330588 11824 ServerHandshake.cpp:167] ServerHandshake error fizz::FizzException: no psk modes
I1223 18:34:10.330629 11824 QuicTransportBase.cpp:1870] onNetworkData fizz::FizzException: no psk modes client CID=0000000000000001 server CID=400000d516a0d857 peer address=127.0.0.1:4987
I1223 18:34:10.330642 11824 QuicTransportBase.cpp:400] Stopping read looper due to immediate close client CID=0000000000000001 server CID=400000d516a0d857 peer address=127.0.0.1:4987
I1223 18:34:10.330651 11824 FunctionLooper.cpp:88] stop: ReadLooper
I1223 18:34:10.330686 11824 FunctionLooper.cpp:88] stop: PeekLooper
I1223 18:34:10.330696 11824 FunctionLooper.cpp:88] stop: WriteLooper
I1223 18:34:10.330708 11824 QuicTransportBase.cpp:2651] Clearing 0 peek callbacks
I1223 18:34:10.330715 11824 QuicTransportBase.cpp:852] Stopping read looper client CID=0000000000000001 server CID=400000d516a0d857 peer address=127.0.0.1:4987
I1223 18:34:10.330722 11824 FunctionLooper.cpp:88] stop: ReadLooper
I1223 18:34:10.330742 11824 QuicTransportBase.cpp:1196] Stopping peek looper client CID=0000000000000001 server CID=400000d516a0d857 peer address=127.0.0.1:4987
I1223 18:34:10.330754 11824 FunctionLooper.cpp:88] stop: PeekLooper
I1223 18:34:10.330760 11824 QuicTransportBase.cpp:1233] Server stopping write looper because conn closed client CID=0000000000000001 server CID=400000d516a0d857 peer address=127.0.0.1:4987
I1223 18:34:10.330766 11824 FunctionLooper.cpp:88] stop: WriteLooper
E1223 18:34:10.330773 11824 EchoHandler.h:53] Socket error=Crypto error: missing_extension
I1223 18:34:10.330794 11824 QuicTransportFunctions.cpp:1063] Server sent close packetNum=8076863 in space=InitialSpace client CID=0000000000000001 server CID=400000d516a0d857 peer address=127.0.0.1:4987
I1223 18:34:10.330821 11824 LogQuicStats.h:144] server onWrite size=82
I1223 18:34:10.330832 11824 QuicTransportBase.cpp:852] Stopping read looper client CID=0000000000000001 server CID=400000d516a0d857 peer address=127.0.0.1:4987
I1223 18:34:10.330838 11824 FunctionLooper.cpp:88] stop: ReadLooper
I1223 18:34:10.330843 11824 QuicTransportBase.cpp:1196] Stopping peek looper client CID=0000000000000001 server CID=400000d516a0d857 peer address=127.0.0.1:4987
I1223 18:34:10.330850 11824 FunctionLooper.cpp:88] stop: PeekLooper
I1223 18:34:10.330855 11824 QuicTransportBase.cpp:1233] Server stopping write looper because conn closed client CID=0000000000000001 server CID=400000d516a0d857 peer address=127.0.0.1:4987
I1223 18:34:10.330862 11824 FunctionLooper.cpp:88] stop: WriteLooper
*** Aborted at 1640284450 (Unix time, try 'date -d @1640284450') ***
*** Signal 15 (SIGTERM) (0x2e27) received by PID 11818 (pthread TID 0x7f7eecadeec0) (linux TID 11818) (maybe from PID 11815, UID 0) (code: 0), stack trace: ***
(error retrieving stack trace)
