I1223 18:35:01.858724 12191 EventBase.cpp:308] EventBase(): Starting loop.
I1223 18:35:01.862476 12192 EventBase.cpp:308] EventBase(): Starting loop.
I1223 18:35:01.867179 12193 EventBase.cpp:308] EventBase(): Starting loop.
I1223 18:35:01.867492 12194 EventBase.cpp:308] EventBase(): Starting loop.
I1223 18:35:01.867691 12195 EventBase.cpp:308] EventBase(): Starting loop.
I1223 18:35:01.870452 12196 EventBase.cpp:308] EventBase(): Starting loop.
I1223 18:35:01.870625 12191 QuicServer.cpp:268] No valid takenover fd found for address=127.0.0.1:4443. binding on worker=0x561729434040 workerId=0 processId=0
I1223 18:35:01.871217 12192 QuicServer.cpp:268] No valid takenover fd found for address=127.0.0.1:4443. binding on worker=0x561729434680 workerId=1 processId=0
I1223 18:35:01.871331 12193 QuicServer.cpp:268] No valid takenover fd found for address=127.0.0.1:4443. binding on worker=0x561729434b30 workerId=2 processId=0
I1223 18:35:01.871443 12194 QuicServer.cpp:268] No valid takenover fd found for address=127.0.0.1:4443. binding on worker=0x561729435010 workerId=3 processId=0
I1223 18:35:01.871601 12195 QuicServer.cpp:268] No valid takenover fd found for address=127.0.0.1:4443. binding on worker=0x5617294354f0 workerId=4 processId=0
I1223 18:35:01.871752 12196 QuicServer.cpp:268] No valid takenover fd found for address=127.0.0.1:4443. binding on worker=0x5617294359f0 workerId=5 processId=0
I1223 18:35:01.871780 12196 QuicServer.cpp:295] Initialized all workers in the eventbase
I1223 18:35:01.871874 12188 EchoServer.h:90] Echo server started at: 127.0.0.1:4443
I1223 18:35:01.871917 12188 EventBase.cpp:308] EventBase(): Starting loop.
I1223 18:35:01.871980 12191 QuicServerWorker.cpp:134] Registered read on worker=0x561729434040, thread=139854895056640, processId=0
I1223 18:35:01.871985 12193 QuicServerWorker.cpp:134] Registered read on worker=0x561729434b30, thread=139854805464832, processId=0
I1223 18:35:01.872025 12196 QuicServerWorker.cpp:134] Registered read on worker=0x5617294359f0, thread=139854780286720, processId=0
I1223 18:35:01.871987 12194 QuicServerWorker.cpp:134] Registered read on worker=0x561729435010, thread=139854797072128, processId=0
I1223 18:35:01.872053 12192 QuicServerWorker.cpp:134] Registered read on worker=0x561729434680, thread=139854886663936, processId=0
I1223 18:35:01.872014 12195 QuicServerWorker.cpp:134] Registered read on worker=0x5617294354f0, thread=139854788679424, processId=0
I1223 18:35:07.396739 12194 QuicServerWorker.cpp:227] Worker=0x561729435010, Received data on thread=139854797072128, processId=0
I1223 18:35:07.396770 12194 LogQuicStats.h:24] server onPacketReceived
I1223 18:35:07.396777 12194 LogQuicStats.h:140] server onRead size=1232
I1223 18:35:07.396793 12194 LogQuicStats.h:76] server onClientInitialReceived, version: QUIC_DRAFT
I1223 18:35:07.396803 12194 QuicServerWorker.cpp:545] Creating new connection for client=127.0.0.1:4987, routingInfo=CID=0000000000000002, cidVersion=1, workerId=3, processId=0, hostId=0, threadId=139854797072128, 
I1223 18:35:07.396915 12194 LogQuicStats.h:118] server onStatelessReset
I1223 18:35:07.396945 12194 StateMachine-inl.h:41] Transition from Uninitialized to ExpectingClientHello
I1223 18:35:07.397011 12194 LogQuicStats.h:32] server onOutOfOrderPacketReceived
I1223 18:35:07.397019 12194 ServerStateMachine.cpp:952] Server received crypto data offset=0 len=389 currentReadOffset=0 client CID=0000000000000001 server CID=400000df0fade07b peer address=127.0.0.1:4987
I1223 18:35:07.397039 12194 RecordLayer.cpp:82] Received handshake message ClientHello
I1223 18:35:07.397140 12194 ServerHandshake.cpp:167] ServerHandshake error fizz::FizzException: no psk modes
I1223 18:35:07.397183 12194 QuicTransportBase.cpp:1870] onNetworkData fizz::FizzException: no psk modes client CID=0000000000000001 server CID=400000df0fade07b peer address=127.0.0.1:4987
I1223 18:35:07.397197 12194 QuicTransportBase.cpp:400] Stopping read looper due to immediate close client CID=0000000000000001 server CID=400000df0fade07b peer address=127.0.0.1:4987
I1223 18:35:07.397207 12194 FunctionLooper.cpp:88] stop: ReadLooper
I1223 18:35:07.397222 12194 FunctionLooper.cpp:88] stop: PeekLooper
I1223 18:35:07.397228 12194 FunctionLooper.cpp:88] stop: WriteLooper
I1223 18:35:07.397234 12194 QuicTransportBase.cpp:2651] Clearing 0 peek callbacks
I1223 18:35:07.397241 12194 QuicTransportBase.cpp:852] Stopping read looper client CID=0000000000000001 server CID=400000df0fade07b peer address=127.0.0.1:4987
I1223 18:35:07.397248 12194 FunctionLooper.cpp:88] stop: ReadLooper
I1223 18:35:07.397255 12194 QuicTransportBase.cpp:1196] Stopping peek looper client CID=0000000000000001 server CID=400000df0fade07b peer address=127.0.0.1:4987
I1223 18:35:07.397261 12194 FunctionLooper.cpp:88] stop: PeekLooper
I1223 18:35:07.397269 12194 QuicTransportBase.cpp:1233] Server stopping write looper because conn closed client CID=0000000000000001 server CID=400000df0fade07b peer address=127.0.0.1:4987
I1223 18:35:07.397274 12194 FunctionLooper.cpp:88] stop: WriteLooper
E1223 18:35:07.397281 12194 EchoHandler.h:53] Socket error=Crypto error: missing_extension
I1223 18:35:07.397306 12194 QuicTransportFunctions.cpp:1063] Server sent close packetNum=8103214 in space=InitialSpace client CID=0000000000000001 server CID=400000df0fade07b peer address=127.0.0.1:4987
I1223 18:35:07.397330 12194 LogQuicStats.h:144] server onWrite size=82
I1223 18:35:07.397342 12194 QuicTransportBase.cpp:852] Stopping read looper client CID=0000000000000001 server CID=400000df0fade07b peer address=127.0.0.1:4987
I1223 18:35:07.397349 12194 FunctionLooper.cpp:88] stop: ReadLooper
I1223 18:35:07.397356 12194 QuicTransportBase.cpp:1196] Stopping peek looper client CID=0000000000000001 server CID=400000df0fade07b peer address=127.0.0.1:4987
I1223 18:35:07.397362 12194 FunctionLooper.cpp:88] stop: PeekLooper
I1223 18:35:07.397368 12194 QuicTransportBase.cpp:1233] Server stopping write looper because conn closed client CID=0000000000000001 server CID=400000df0fade07b peer address=127.0.0.1:4987
I1223 18:35:07.397375 12194 FunctionLooper.cpp:88] stop: WriteLooper
*** Aborted at 1640284507 (Unix time, try 'date -d @1640284507') ***
*** Signal 15 (SIGTERM) (0x2f99) received by PID 12188 (pthread TID 0x7f3284a1eec0) (linux TID 12188) (maybe from PID 12185, UID 0) (code: 0), stack trace: ***
(error retrieving stack trace)
