I1224 00:18:08.178675  4100 EventBase.cpp:308] EventBase(): Starting loop.
I1224 00:18:08.179075  4101 EventBase.cpp:308] EventBase(): Starting loop.
I1224 00:18:08.179225  4102 EventBase.cpp:308] EventBase(): Starting loop.
I1224 00:18:08.179366  4103 EventBase.cpp:308] EventBase(): Starting loop.
I1224 00:18:08.179481  4104 EventBase.cpp:308] EventBase(): Starting loop.
I1224 00:18:08.179598  4105 EventBase.cpp:308] EventBase(): Starting loop.
I1224 00:18:08.179754  4100 QuicServer.cpp:268] No valid takenover fd found for address=127.0.0.1:4443. binding on worker=0x55bf3379dec0 workerId=0 processId=0
I1224 00:18:08.179961  4101 QuicServer.cpp:268] No valid takenover fd found for address=127.0.0.1:4443. binding on worker=0x55bf3379e500 workerId=1 processId=0
I1224 00:18:08.180124  4102 QuicServer.cpp:268] No valid takenover fd found for address=127.0.0.1:4443. binding on worker=0x55bf3379e940 workerId=2 processId=0
I1224 00:18:08.180301  4103 QuicServer.cpp:268] No valid takenover fd found for address=127.0.0.1:4443. binding on worker=0x55bf3379ee20 workerId=3 processId=0
I1224 00:18:08.180461  4104 QuicServer.cpp:268] No valid takenover fd found for address=127.0.0.1:4443. binding on worker=0x55bf3379f300 workerId=4 processId=0
I1224 00:18:08.180624  4105 QuicServer.cpp:268] No valid takenover fd found for address=127.0.0.1:4443. binding on worker=0x55bf3379f800 workerId=5 processId=0
I1224 00:18:08.180651  4105 QuicServer.cpp:295] Initialized all workers in the eventbase
I1224 00:18:08.180752  4097 EchoServer.h:90] Echo server started at: 127.0.0.1:4443
I1224 00:18:08.180801  4097 EventBase.cpp:308] EventBase(): Starting loop.
I1224 00:18:08.180852  4102 QuicServerWorker.cpp:134] Registered read on worker=0x55bf3379e940, thread=140695163918080, processId=0
I1224 00:18:08.180886  4103 QuicServerWorker.cpp:134] Registered read on worker=0x55bf3379ee20, thread=140695155525376, processId=0
I1224 00:18:08.180848  4101 QuicServerWorker.cpp:134] Registered read on worker=0x55bf3379e500, thread=140695172310784, processId=0
I1224 00:18:08.180848  4104 QuicServerWorker.cpp:134] Registered read on worker=0x55bf3379f300, thread=140694941333248, processId=0
I1224 00:18:08.180912  4105 QuicServerWorker.cpp:134] Registered read on worker=0x55bf3379f800, thread=140694932940544, processId=0
I1224 00:18:08.180850  4100 QuicServerWorker.cpp:134] Registered read on worker=0x55bf3379dec0, thread=140695180703488, processId=0
I1224 00:18:13.478729  4103 QuicServerWorker.cpp:227] Worker=0x55bf3379ee20, Received data on thread=140695155525376, processId=0
I1224 00:18:13.478757  4103 LogQuicStats.h:24] server onPacketReceived
I1224 00:18:13.478765  4103 LogQuicStats.h:140] server onRead size=1232
W1224 00:18:13.478785  4103 Types.cpp:447] toString has unhandled version type
I1224 00:18:13.478780  4103 LogQuicStats.h:76] server onClientInitialReceived, version: UNKNOWN
I1224 00:18:13.478798  4103 QuicServerWorker.cpp:208] Version negotiation sent to client=127.0.0.1:4987
I1224 00:18:13.478806  4103 LogQuicStats.h:144] server onWrite size=43
I1224 00:18:13.478813  4103 LogQuicStats.h:36] server onPacketProcessed
I1224 00:18:13.478819  4103 LogQuicStats.h:40] server onPacketSent
I1224 00:18:13.773226  4103 QuicServerWorker.cpp:227] Worker=0x55bf3379ee20, Received data on thread=140695155525376, processId=0
I1224 00:18:13.773252  4103 LogQuicStats.h:24] server onPacketReceived
I1224 00:18:13.773259  4103 LogQuicStats.h:140] server onRead size=1232
I1224 00:18:13.773267  4103 LogQuicStats.h:76] server onClientInitialReceived, version: QUIC_DRAFT
I1224 00:18:13.773277  4103 QuicServerWorker.cpp:545] Creating new connection for client=127.0.0.1:4987, routingInfo=CID=0000000000000000, cidVersion=1, workerId=3, processId=0, hostId=0, threadId=140695155525376, 
I1224 00:18:13.773380  4103 LogQuicStats.h:118] server onStatelessReset
I1224 00:18:13.773408  4103 StateMachine-inl.h:41] Transition from Uninitialized to ExpectingClientHello
I1224 00:18:13.773499  4103 LogQuicStats.h:32] server onOutOfOrderPacketReceived
I1224 00:18:13.773511  4103 ServerStateMachine.cpp:952] Server received crypto data offset=0 len=391 currentReadOffset=0 client CID=0000000000000003 server CID=400000dc56e18f9a peer address=127.0.0.1:4987
I1224 00:18:13.773538  4103 RecordLayer.cpp:82] Received handshake message ClientHello
I1224 00:18:13.773630  4103 ServerHandshake.cpp:167] ServerHandshake error fizz::FizzException: no psk modes
I1224 00:18:13.773675  4103 QuicTransportBase.cpp:1870] onNetworkData fizz::FizzException: no psk modes client CID=0000000000000003 server CID=400000dc56e18f9a peer address=127.0.0.1:4987
I1224 00:18:13.773689  4103 QuicTransportBase.cpp:400] Stopping read looper due to immediate close client CID=0000000000000003 server CID=400000dc56e18f9a peer address=127.0.0.1:4987
I1224 00:18:13.773697  4103 FunctionLooper.cpp:88] stop: ReadLooper
I1224 00:18:13.773703  4103 FunctionLooper.cpp:88] stop: PeekLooper
I1224 00:18:13.773708  4103 FunctionLooper.cpp:88] stop: WriteLooper
I1224 00:18:13.773720  4103 QuicTransportBase.cpp:2651] Clearing 0 peek callbacks
I1224 00:18:13.773726  4103 QuicTransportBase.cpp:852] Stopping read looper client CID=0000000000000003 server CID=400000dc56e18f9a peer address=127.0.0.1:4987
I1224 00:18:13.773733  4103 FunctionLooper.cpp:88] stop: ReadLooper
I1224 00:18:13.773739  4103 QuicTransportBase.cpp:1196] Stopping peek looper client CID=0000000000000003 server CID=400000dc56e18f9a peer address=127.0.0.1:4987
I1224 00:18:13.773746  4103 FunctionLooper.cpp:88] stop: PeekLooper
I1224 00:18:13.773751  4103 QuicTransportBase.cpp:1233] Server stopping write looper because conn closed client CID=0000000000000003 server CID=400000dc56e18f9a peer address=127.0.0.1:4987
I1224 00:18:13.773757  4103 FunctionLooper.cpp:88] stop: WriteLooper
E1224 00:18:13.773764  4103 EchoHandler.h:53] Socket error=Crypto error: missing_extension
I1224 00:18:13.773784  4103 QuicTransportFunctions.cpp:1063] Server sent close packetNum=16207033 in space=InitialSpace client CID=0000000000000003 server CID=400000dc56e18f9a peer address=127.0.0.1:4987
I1224 00:18:13.773811  4103 LogQuicStats.h:144] server onWrite size=83
I1224 00:18:13.773823  4103 QuicTransportBase.cpp:852] Stopping read looper client CID=0000000000000003 server CID=400000dc56e18f9a peer address=127.0.0.1:4987
I1224 00:18:13.773829  4103 FunctionLooper.cpp:88] stop: ReadLooper
I1224 00:18:13.773835  4103 QuicTransportBase.cpp:1196] Stopping peek looper client CID=0000000000000003 server CID=400000dc56e18f9a peer address=127.0.0.1:4987
I1224 00:18:13.773842  4103 FunctionLooper.cpp:88] stop: PeekLooper
I1224 00:18:13.773847  4103 QuicTransportBase.cpp:1233] Server stopping write looper because conn closed client CID=0000000000000003 server CID=400000dc56e18f9a peer address=127.0.0.1:4987
I1224 00:18:13.773854  4103 FunctionLooper.cpp:88] stop: WriteLooper
*** Aborted at 1640305093 (Unix time, try 'date -d @1640305093') ***
*** Signal 15 (SIGTERM) (0xffe) received by PID 4097 (pthread TID 0x7ff6298f5ec0) (linux TID 4097) (maybe from PID 4094, UID 0) (code: 0), stack trace: ***
(error retrieving stack trace)
