I1223 18:36:32.573483 12783 EventBase.cpp:308] EventBase(): Starting loop.
I1223 18:36:32.573688 12784 EventBase.cpp:308] EventBase(): Starting loop.
I1223 18:36:32.575695 12785 EventBase.cpp:308] EventBase(): Starting loop.
I1223 18:36:32.579023 12786 EventBase.cpp:308] EventBase(): Starting loop.
I1223 18:36:32.583344 12787 EventBase.cpp:308] EventBase(): Starting loop.
I1223 18:36:32.587240 12788 EventBase.cpp:308] EventBase(): Starting loop.
I1223 18:36:32.587822 12783 QuicServer.cpp:268] No valid takenover fd found for address=127.0.0.1:4443. binding on worker=0x563018595040 workerId=0 processId=0
I1223 18:36:32.587927 12784 QuicServer.cpp:268] No valid takenover fd found for address=127.0.0.1:4443. binding on worker=0x563018595680 workerId=1 processId=0
I1223 18:36:32.588033 12785 QuicServer.cpp:268] No valid takenover fd found for address=127.0.0.1:4443. binding on worker=0x563018595b30 workerId=2 processId=0
I1223 18:36:32.588193 12786 QuicServer.cpp:268] No valid takenover fd found for address=127.0.0.1:4443. binding on worker=0x563018596010 workerId=3 processId=0
I1223 18:36:32.588353 12787 QuicServer.cpp:268] No valid takenover fd found for address=127.0.0.1:4443. binding on worker=0x5630185964f0 workerId=4 processId=0
I1223 18:36:32.588515 12788 QuicServer.cpp:268] No valid takenover fd found for address=127.0.0.1:4443. binding on worker=0x5630185969f0 workerId=5 processId=0
I1223 18:36:32.588543 12788 QuicServer.cpp:295] Initialized all workers in the eventbase
I1223 18:36:32.588702 12784 QuicServerWorker.cpp:134] Registered read on worker=0x563018595680, thread=140719814158080, processId=0
I1223 18:36:32.588724 12783 QuicServerWorker.cpp:134] Registered read on worker=0x563018595040, thread=140719822550784, processId=0
I1223 18:36:32.588727 12780 EchoServer.h:90] Echo server started at: 127.0.0.1:4443
I1223 18:36:32.588757 12787 QuicServerWorker.cpp:134] Registered read on worker=0x5630185964f0, thread=140719788979968, processId=0
I1223 18:36:32.588802 12788 QuicServerWorker.cpp:134] Registered read on worker=0x5630185969f0, thread=140719780587264, processId=0
I1223 18:36:32.588804 12785 QuicServerWorker.cpp:134] Registered read on worker=0x563018595b30, thread=140719805765376, processId=0
I1223 18:36:32.588757 12786 QuicServerWorker.cpp:134] Registered read on worker=0x563018596010, thread=140719797372672, processId=0
I1223 18:36:32.588758 12780 EventBase.cpp:308] EventBase(): Starting loop.
I1223 18:36:38.207815 12786 QuicServerWorker.cpp:227] Worker=0x563018596010, Received data on thread=140719797372672, processId=0
I1223 18:36:38.207844 12786 LogQuicStats.h:24] server onPacketReceived
I1223 18:36:38.207851 12786 LogQuicStats.h:140] server onRead size=1232
I1223 18:36:38.207866 12786 LogQuicStats.h:76] server onClientInitialReceived, version: QUIC_DRAFT
I1223 18:36:38.207877 12786 QuicServerWorker.cpp:545] Creating new connection for client=127.0.0.1:4987, routingInfo=CID=0000000000000002, cidVersion=1, workerId=3, processId=0, hostId=0, threadId=140719797372672, 
I1223 18:36:38.207985 12786 LogQuicStats.h:118] server onStatelessReset
I1223 18:36:38.208014 12786 StateMachine-inl.h:41] Transition from Uninitialized to ExpectingClientHello
I1223 18:36:38.208082 12786 LogQuicStats.h:32] server onOutOfOrderPacketReceived
I1223 18:36:38.208091 12786 ServerStateMachine.cpp:952] Server received crypto data offset=0 len=389 currentReadOffset=0 client CID=0000000000000001 server CID=400000c269d24098 peer address=127.0.0.1:4987
I1223 18:36:38.208106 12786 RecordLayer.cpp:82] Received handshake message ClientHello
I1223 18:36:38.208202 12786 ServerHandshake.cpp:167] ServerHandshake error fizz::FizzException: no psk modes
I1223 18:36:38.208274 12786 QuicTransportBase.cpp:1870] onNetworkData fizz::FizzException: no psk modes client CID=0000000000000001 server CID=400000c269d24098 peer address=127.0.0.1:4987
I1223 18:36:38.208289 12786 QuicTransportBase.cpp:400] Stopping read looper due to immediate close client CID=0000000000000001 server CID=400000c269d24098 peer address=127.0.0.1:4987
I1223 18:36:38.208297 12786 FunctionLooper.cpp:88] stop: ReadLooper
I1223 18:36:38.208315 12786 FunctionLooper.cpp:88] stop: PeekLooper
I1223 18:36:38.208321 12786 FunctionLooper.cpp:88] stop: WriteLooper
I1223 18:36:38.208333 12786 QuicTransportBase.cpp:2651] Clearing 0 peek callbacks
I1223 18:36:38.208340 12786 QuicTransportBase.cpp:852] Stopping read looper client CID=0000000000000001 server CID=400000c269d24098 peer address=127.0.0.1:4987
I1223 18:36:38.208348 12786 FunctionLooper.cpp:88] stop: ReadLooper
I1223 18:36:38.208354 12786 QuicTransportBase.cpp:1196] Stopping peek looper client CID=0000000000000001 server CID=400000c269d24098 peer address=127.0.0.1:4987
I1223 18:36:38.208361 12786 FunctionLooper.cpp:88] stop: PeekLooper
I1223 18:36:38.208367 12786 QuicTransportBase.cpp:1233] Server stopping write looper because conn closed client CID=0000000000000001 server CID=400000c269d24098 peer address=127.0.0.1:4987
I1223 18:36:38.208374 12786 FunctionLooper.cpp:88] stop: WriteLooper
E1223 18:36:38.208381 12786 EchoHandler.h:53] Socket error=Crypto error: missing_extension
I1223 18:36:38.208402 12786 QuicTransportFunctions.cpp:1063] Server sent close packetNum=13865867 in space=InitialSpace client CID=0000000000000001 server CID=400000c269d24098 peer address=127.0.0.1:4987
I1223 18:36:38.208427 12786 LogQuicStats.h:144] server onWrite size=83
I1223 18:36:38.208438 12786 QuicTransportBase.cpp:852] Stopping read looper client CID=0000000000000001 server CID=400000c269d24098 peer address=127.0.0.1:4987
I1223 18:36:38.208446 12786 FunctionLooper.cpp:88] stop: ReadLooper
I1223 18:36:38.208451 12786 QuicTransportBase.cpp:1196] Stopping peek looper client CID=0000000000000001 server CID=400000c269d24098 peer address=127.0.0.1:4987
I1223 18:36:38.208458 12786 FunctionLooper.cpp:88] stop: PeekLooper
I1223 18:36:38.208464 12786 QuicTransportBase.cpp:1233] Server stopping write looper because conn closed client CID=0000000000000001 server CID=400000c269d24098 peer address=127.0.0.1:4987
I1223 18:36:38.208472 12786 FunctionLooper.cpp:88] stop: WriteLooper
*** Aborted at 1640284598 (Unix time, try 'date -d @1640284598') ***
*** Signal 15 (SIGTERM) (0x31e9) received by PID 12780 (pthread TID 0x7ffbe6541ec0) (linux TID 12780) (maybe from PID 12777, UID 0) (code: 0), stack trace: ***
(error retrieving stack trace)
