I1224 00:20:58.552794  5210 EventBase.cpp:308] EventBase(): Starting loop.
I1224 00:20:58.553056  5211 EventBase.cpp:308] EventBase(): Starting loop.
I1224 00:20:58.553190  5212 EventBase.cpp:308] EventBase(): Starting loop.
I1224 00:20:58.553339  5213 EventBase.cpp:308] EventBase(): Starting loop.
I1224 00:20:58.559130  5214 EventBase.cpp:308] EventBase(): Starting loop.
I1224 00:20:58.563177  5215 EventBase.cpp:308] EventBase(): Starting loop.
I1224 00:20:58.563341  5210 QuicServer.cpp:268] No valid takenover fd found for address=127.0.0.1:4443. binding on worker=0x55b568badec0 workerId=0 processId=0
I1224 00:20:58.563606  5211 QuicServer.cpp:268] No valid takenover fd found for address=127.0.0.1:4443. binding on worker=0x55b568bae500 workerId=1 processId=0
I1224 00:20:58.563727  5212 QuicServer.cpp:268] No valid takenover fd found for address=127.0.0.1:4443. binding on worker=0x55b568bae940 workerId=2 processId=0
I1224 00:20:58.563890  5213 QuicServer.cpp:268] No valid takenover fd found for address=127.0.0.1:4443. binding on worker=0x55b568baee20 workerId=3 processId=0
I1224 00:20:58.564013  5214 QuicServer.cpp:268] No valid takenover fd found for address=127.0.0.1:4443. binding on worker=0x55b568baf300 workerId=4 processId=0
I1224 00:20:58.564170  5215 QuicServer.cpp:268] No valid takenover fd found for address=127.0.0.1:4443. binding on worker=0x55b568baf800 workerId=5 processId=0
I1224 00:20:58.564198  5215 QuicServer.cpp:295] Initialized all workers in the eventbase
I1224 00:20:58.564297  5207 EchoServer.h:90] Echo server started at: 127.0.0.1:4443
I1224 00:20:58.564342  5207 EventBase.cpp:308] EventBase(): Starting loop.
I1224 00:20:58.564419  5210 QuicServerWorker.cpp:134] Registered read on worker=0x55b568badec0, thread=140479627011840, processId=0
I1224 00:20:58.564460  5212 QuicServerWorker.cpp:134] Registered read on worker=0x55b568bae940, thread=140479610226432, processId=0
I1224 00:20:58.564486  5213 QuicServerWorker.cpp:134] Registered read on worker=0x55b568baee20, thread=140479601833728, processId=0
I1224 00:20:58.564421  5211 QuicServerWorker.cpp:134] Registered read on worker=0x55b568bae500, thread=140479618619136, processId=0
I1224 00:20:58.564424  5214 QuicServerWorker.cpp:134] Registered read on worker=0x55b568baf300, thread=140479387662080, processId=0
I1224 00:20:58.564548  5215 QuicServerWorker.cpp:134] Registered read on worker=0x55b568baf800, thread=140479379269376, processId=0
I1224 00:21:04.004253  5213 QuicServerWorker.cpp:227] Worker=0x55b568baee20, Received data on thread=140479601833728, processId=0
I1224 00:21:04.004281  5213 LogQuicStats.h:24] server onPacketReceived
I1224 00:21:04.004288  5213 LogQuicStats.h:140] server onRead size=1232
W1224 00:21:04.004307  5213 Types.cpp:447] toString has unhandled version type
I1224 00:21:04.004302  5213 LogQuicStats.h:76] server onClientInitialReceived, version: UNKNOWN
I1224 00:21:04.004324  5213 QuicServerWorker.cpp:208] Version negotiation sent to client=127.0.0.1:4987
I1224 00:21:04.004333  5213 LogQuicStats.h:144] server onWrite size=43
I1224 00:21:04.004338  5213 LogQuicStats.h:36] server onPacketProcessed
I1224 00:21:04.004344  5213 LogQuicStats.h:40] server onPacketSent
I1224 00:21:04.158174  5213 QuicServerWorker.cpp:227] Worker=0x55b568baee20, Received data on thread=140479601833728, processId=0
I1224 00:21:04.158201  5213 LogQuicStats.h:24] server onPacketReceived
I1224 00:21:04.158210  5213 LogQuicStats.h:140] server onRead size=1232
I1224 00:21:04.158216  5213 LogQuicStats.h:76] server onClientInitialReceived, version: QUIC_DRAFT
I1224 00:21:04.158226  5213 QuicServerWorker.cpp:545] Creating new connection for client=127.0.0.1:4987, routingInfo=CID=0000000000000000, cidVersion=1, workerId=3, processId=0, hostId=0, threadId=140479601833728, 
I1224 00:21:04.158339  5213 LogQuicStats.h:118] server onStatelessReset
I1224 00:21:04.158362  5213 StateMachine-inl.h:41] Transition from Uninitialized to ExpectingClientHello
I1224 00:21:04.158427  5213 LogQuicStats.h:32] server onOutOfOrderPacketReceived
I1224 00:21:04.158435  5213 ServerStateMachine.cpp:952] Server received crypto data offset=0 len=389 currentReadOffset=0 client CID=0000000000000003 server CID=400000cf925c2fbb peer address=127.0.0.1:4987
I1224 00:21:04.158457  5213 RecordLayer.cpp:82] Received handshake message ClientHello
I1224 00:21:04.158556  5213 ServerHandshake.cpp:167] ServerHandshake error fizz::FizzException: no psk modes
I1224 00:21:04.158618  5213 QuicTransportBase.cpp:1870] onNetworkData fizz::FizzException: no psk modes client CID=0000000000000003 server CID=400000cf925c2fbb peer address=127.0.0.1:4987
I1224 00:21:04.158639  5213 QuicTransportBase.cpp:400] Stopping read looper due to immediate close client CID=0000000000000003 server CID=400000cf925c2fbb peer address=127.0.0.1:4987
I1224 00:21:04.158648  5213 FunctionLooper.cpp:88] stop: ReadLooper
I1224 00:21:04.158654  5213 FunctionLooper.cpp:88] stop: PeekLooper
I1224 00:21:04.158660  5213 FunctionLooper.cpp:88] stop: WriteLooper
I1224 00:21:04.158671  5213 QuicTransportBase.cpp:2651] Clearing 0 peek callbacks
I1224 00:21:04.158679  5213 QuicTransportBase.cpp:852] Stopping read looper client CID=0000000000000003 server CID=400000cf925c2fbb peer address=127.0.0.1:4987
I1224 00:21:04.158685  5213 FunctionLooper.cpp:88] stop: ReadLooper
I1224 00:21:04.158691  5213 QuicTransportBase.cpp:1196] Stopping peek looper client CID=0000000000000003 server CID=400000cf925c2fbb peer address=127.0.0.1:4987
I1224 00:21:04.158699  5213 FunctionLooper.cpp:88] stop: PeekLooper
I1224 00:21:04.158704  5213 QuicTransportBase.cpp:1233] Server stopping write looper because conn closed client CID=0000000000000003 server CID=400000cf925c2fbb peer address=127.0.0.1:4987
I1224 00:21:04.158711  5213 FunctionLooper.cpp:88] stop: WriteLooper
E1224 00:21:04.158718  5213 EchoHandler.h:53] Socket error=Crypto error: missing_extension
I1224 00:21:04.158740  5213 QuicTransportFunctions.cpp:1063] Server sent close packetNum=11404657 in space=InitialSpace client CID=0000000000000003 server CID=400000cf925c2fbb peer address=127.0.0.1:4987
I1224 00:21:04.158771  5213 LogQuicStats.h:144] server onWrite size=83
I1224 00:21:04.158782  5213 QuicTransportBase.cpp:852] Stopping read looper client CID=0000000000000003 server CID=400000cf925c2fbb peer address=127.0.0.1:4987
I1224 00:21:04.158820  5213 FunctionLooper.cpp:88] stop: ReadLooper
I1224 00:21:04.158833  5213 QuicTransportBase.cpp:1196] Stopping peek looper client CID=0000000000000003 server CID=400000cf925c2fbb peer address=127.0.0.1:4987
I1224 00:21:04.158841  5213 FunctionLooper.cpp:88] stop: PeekLooper
I1224 00:21:04.158847  5213 QuicTransportBase.cpp:1233] Server stopping write looper because conn closed client CID=0000000000000003 server CID=400000cf925c2fbb peer address=127.0.0.1:4987
I1224 00:21:04.158854  5213 FunctionLooper.cpp:88] stop: WriteLooper
*** Aborted at 1640305264 (Unix time, try 'date -d @1640305264') ***
*** Signal 15 (SIGTERM) (0x1454) received by PID 5207 (pthread TID 0x7fc3f98f0ec0) (linux TID 5207) (maybe from PID 5204, UID 0) (code: 0), stack trace: ***
(error retrieving stack trace)
