I1224 00:20:52.856858  5173 EventBase.cpp:308] EventBase(): Starting loop.
I1224 00:20:52.858911  5174 EventBase.cpp:308] EventBase(): Starting loop.
I1224 00:20:52.861313  5175 EventBase.cpp:308] EventBase(): Starting loop.
I1224 00:20:52.861991  5176 EventBase.cpp:308] EventBase(): Starting loop.
I1224 00:20:52.863941  5177 EventBase.cpp:308] EventBase(): Starting loop.
I1224 00:20:52.866876  5178 EventBase.cpp:308] EventBase(): Starting loop.
I1224 00:20:52.867023  5173 QuicServer.cpp:268] No valid takenover fd found for address=127.0.0.1:4443. binding on worker=0x55cdf8264ec0 workerId=0 processId=0
I1224 00:20:52.867173  5174 QuicServer.cpp:268] No valid takenover fd found for address=127.0.0.1:4443. binding on worker=0x55cdf8265500 workerId=1 processId=0
I1224 00:20:52.867296  5175 QuicServer.cpp:268] No valid takenover fd found for address=127.0.0.1:4443. binding on worker=0x55cdf8265940 workerId=2 processId=0
I1224 00:20:52.867425  5176 QuicServer.cpp:268] No valid takenover fd found for address=127.0.0.1:4443. binding on worker=0x55cdf8265e20 workerId=3 processId=0
I1224 00:20:52.867547  5177 QuicServer.cpp:268] No valid takenover fd found for address=127.0.0.1:4443. binding on worker=0x55cdf8266300 workerId=4 processId=0
I1224 00:20:52.867620  5178 QuicServer.cpp:268] No valid takenover fd found for address=127.0.0.1:4443. binding on worker=0x55cdf8266800 workerId=5 processId=0
I1224 00:20:52.867641  5178 QuicServer.cpp:295] Initialized all workers in the eventbase
I1224 00:20:52.867730  5170 EchoServer.h:90] Echo server started at: 127.0.0.1:4443
I1224 00:20:52.867763  5170 EventBase.cpp:308] EventBase(): Starting loop.
I1224 00:20:52.867774  5177 QuicServerWorker.cpp:134] Registered read on worker=0x55cdf8266300, thread=140455931987712, processId=0
I1224 00:20:52.867796  5175 QuicServerWorker.cpp:134] Registered read on worker=0x55cdf8265940, thread=140455948773120, processId=0
I1224 00:20:52.867797  5173 QuicServerWorker.cpp:134] Registered read on worker=0x55cdf8264ec0, thread=140455965558528, processId=0
I1224 00:20:52.867863  5174 QuicServerWorker.cpp:134] Registered read on worker=0x55cdf8265500, thread=140455957165824, processId=0
I1224 00:20:52.867805  5178 QuicServerWorker.cpp:134] Registered read on worker=0x55cdf8266800, thread=140455923595008, processId=0
I1224 00:20:52.867894  5176 QuicServerWorker.cpp:134] Registered read on worker=0x55cdf8265e20, thread=140455940380416, processId=0
I1224 00:20:58.189183  5176 QuicServerWorker.cpp:227] Worker=0x55cdf8265e20, Received data on thread=140455940380416, processId=0
I1224 00:20:58.189214  5176 LogQuicStats.h:24] server onPacketReceived
I1224 00:20:58.189222  5176 LogQuicStats.h:140] server onRead size=1232
W1224 00:20:58.189242  5176 Types.cpp:447] toString has unhandled version type
I1224 00:20:58.189237  5176 LogQuicStats.h:76] server onClientInitialReceived, version: UNKNOWN
I1224 00:20:58.189260  5176 QuicServerWorker.cpp:208] Version negotiation sent to client=127.0.0.1:4987
I1224 00:20:58.189268  5176 LogQuicStats.h:144] server onWrite size=43
I1224 00:20:58.189275  5176 LogQuicStats.h:36] server onPacketProcessed
I1224 00:20:58.189281  5176 LogQuicStats.h:40] server onPacketSent
I1224 00:20:58.456012  5176 QuicServerWorker.cpp:227] Worker=0x55cdf8265e20, Received data on thread=140455940380416, processId=0
I1224 00:20:58.456043  5176 LogQuicStats.h:24] server onPacketReceived
I1224 00:20:58.456049  5176 LogQuicStats.h:140] server onRead size=1232
I1224 00:20:58.456058  5176 LogQuicStats.h:76] server onClientInitialReceived, version: QUIC_DRAFT
I1224 00:20:58.456068  5176 QuicServerWorker.cpp:545] Creating new connection for client=127.0.0.1:4987, routingInfo=CID=0000000000000000, cidVersion=1, workerId=3, processId=0, hostId=0, threadId=140455940380416, 
I1224 00:20:58.456182  5176 LogQuicStats.h:118] server onStatelessReset
I1224 00:20:58.456210  5176 StateMachine-inl.h:41] Transition from Uninitialized to ExpectingClientHello
I1224 00:20:58.456277  5176 LogQuicStats.h:32] server onOutOfOrderPacketReceived
I1224 00:20:58.456286  5176 ServerStateMachine.cpp:952] Server received crypto data offset=0 len=391 currentReadOffset=0 client CID=0000000000000003 server CID=400000c43449ff04 peer address=127.0.0.1:4987
I1224 00:20:58.456313  5176 RecordLayer.cpp:82] Received handshake message ClientHello
I1224 00:20:58.456414  5176 ServerHandshake.cpp:167] ServerHandshake error fizz::FizzException: no psk modes
I1224 00:20:58.456457  5176 QuicTransportBase.cpp:1870] onNetworkData fizz::FizzException: no psk modes client CID=0000000000000003 server CID=400000c43449ff04 peer address=127.0.0.1:4987
I1224 00:20:58.456471  5176 QuicTransportBase.cpp:400] Stopping read looper due to immediate close client CID=0000000000000003 server CID=400000c43449ff04 peer address=127.0.0.1:4987
I1224 00:20:58.456480  5176 FunctionLooper.cpp:88] stop: ReadLooper
I1224 00:20:58.456485  5176 FunctionLooper.cpp:88] stop: PeekLooper
I1224 00:20:58.456491  5176 FunctionLooper.cpp:88] stop: WriteLooper
I1224 00:20:58.456503  5176 QuicTransportBase.cpp:2651] Clearing 0 peek callbacks
I1224 00:20:58.456511  5176 QuicTransportBase.cpp:852] Stopping read looper client CID=0000000000000003 server CID=400000c43449ff04 peer address=127.0.0.1:4987
I1224 00:20:58.456517  5176 FunctionLooper.cpp:88] stop: ReadLooper
I1224 00:20:58.456523  5176 QuicTransportBase.cpp:1196] Stopping peek looper client CID=0000000000000003 server CID=400000c43449ff04 peer address=127.0.0.1:4987
I1224 00:20:58.456530  5176 FunctionLooper.cpp:88] stop: PeekLooper
I1224 00:20:58.456537  5176 QuicTransportBase.cpp:1233] Server stopping write looper because conn closed client CID=0000000000000003 server CID=400000c43449ff04 peer address=127.0.0.1:4987
I1224 00:20:58.456543  5176 FunctionLooper.cpp:88] stop: WriteLooper
E1224 00:20:58.456550  5176 EchoHandler.h:53] Socket error=Crypto error: missing_extension
I1224 00:20:58.456570  5176 QuicTransportFunctions.cpp:1063] Server sent close packetNum=7451682 in space=InitialSpace client CID=0000000000000003 server CID=400000c43449ff04 peer address=127.0.0.1:4987
I1224 00:20:58.456595  5176 LogQuicStats.h:144] server onWrite size=82
I1224 00:20:58.456606  5176 QuicTransportBase.cpp:852] Stopping read looper client CID=0000000000000003 server CID=400000c43449ff04 peer address=127.0.0.1:4987
I1224 00:20:58.456614  5176 FunctionLooper.cpp:88] stop: ReadLooper
I1224 00:20:58.456620  5176 QuicTransportBase.cpp:1196] Stopping peek looper client CID=0000000000000003 server CID=400000c43449ff04 peer address=127.0.0.1:4987
I1224 00:20:58.456626  5176 FunctionLooper.cpp:88] stop: PeekLooper
I1224 00:20:58.456632  5176 QuicTransportBase.cpp:1233] Server stopping write looper because conn closed client CID=0000000000000003 server CID=400000c43449ff04 peer address=127.0.0.1:4987
I1224 00:20:58.456640  5176 FunctionLooper.cpp:88] stop: WriteLooper
*** Aborted at 1640305258 (Unix time, try 'date -d @1640305258') ***
*** Signal 15 (SIGTERM) (0x142f) received by PID 5170 (pthread TID 0x7fbe7739eec0) (linux TID 5170) (maybe from PID 5167, UID 0) (code: 0), stack trace: ***
(error retrieving stack trace)
