I1223 18:35:13.119647 12265 EventBase.cpp:308] EventBase(): Starting loop.
I1223 18:35:13.122812 12266 EventBase.cpp:308] EventBase(): Starting loop.
I1223 18:35:13.127305 12267 EventBase.cpp:308] EventBase(): Starting loop.
I1223 18:35:13.131101 12268 EventBase.cpp:308] EventBase(): Starting loop.
I1223 18:35:13.131256 12269 EventBase.cpp:308] EventBase(): Starting loop.
I1223 18:35:13.133724 12270 EventBase.cpp:308] EventBase(): Starting loop.
I1223 18:35:13.133865 12265 QuicServer.cpp:268] No valid takenover fd found for address=127.0.0.1:4443. binding on worker=0x5582cff24040 workerId=0 processId=0
I1223 18:35:13.134047 12266 QuicServer.cpp:268] No valid takenover fd found for address=127.0.0.1:4443. binding on worker=0x5582cff24680 workerId=1 processId=0
I1223 18:35:13.134215 12267 QuicServer.cpp:268] No valid takenover fd found for address=127.0.0.1:4443. binding on worker=0x5582cff24b30 workerId=2 processId=0
I1223 18:35:13.134402 12268 QuicServer.cpp:268] No valid takenover fd found for address=127.0.0.1:4443. binding on worker=0x5582cff25010 workerId=3 processId=0
I1223 18:35:13.134563 12269 QuicServer.cpp:268] No valid takenover fd found for address=127.0.0.1:4443. binding on worker=0x5582cff254f0 workerId=4 processId=0
I1223 18:35:13.134719 12270 QuicServer.cpp:268] No valid takenover fd found for address=127.0.0.1:4443. binding on worker=0x5582cff259f0 workerId=5 processId=0
I1223 18:35:13.134747 12270 QuicServer.cpp:295] Initialized all workers in the eventbase
I1223 18:35:13.134920 12262 EchoServer.h:90] Echo server started at: 127.0.0.1:4443
I1223 18:35:13.134943 12262 EventBase.cpp:308] EventBase(): Starting loop.
I1223 18:35:13.135000 12265 QuicServerWorker.cpp:134] Registered read on worker=0x5582cff24040, thread=139793375917824, processId=0
I1223 18:35:13.135113 12266 QuicServerWorker.cpp:134] Registered read on worker=0x5582cff24680, thread=139793367525120, processId=0
I1223 18:35:13.135124 12270 QuicServerWorker.cpp:134] Registered read on worker=0x5582cff259f0, thread=139792998201088, processId=0
I1223 18:35:13.135002 12268 QuicServerWorker.cpp:134] Registered read on worker=0x5582cff25010, thread=139793350739712, processId=0
I1223 18:35:13.135243 12269 QuicServerWorker.cpp:134] Registered read on worker=0x5582cff254f0, thread=139793342347008, processId=0
I1223 18:35:13.135248 12267 QuicServerWorker.cpp:134] Registered read on worker=0x5582cff24b30, thread=139793359132416, processId=0
I1223 18:35:18.661010 12268 QuicServerWorker.cpp:227] Worker=0x5582cff25010, Received data on thread=139793350739712, processId=0
I1223 18:35:18.661038 12268 LogQuicStats.h:24] server onPacketReceived
I1223 18:35:18.661046 12268 LogQuicStats.h:140] server onRead size=1232
I1223 18:35:18.661062 12268 LogQuicStats.h:76] server onClientInitialReceived, version: QUIC_DRAFT
I1223 18:35:18.661072 12268 QuicServerWorker.cpp:545] Creating new connection for client=127.0.0.1:4987, routingInfo=CID=0000000000000002, cidVersion=1, workerId=3, processId=0, hostId=0, threadId=139793350739712, 
I1223 18:35:18.661183 12268 LogQuicStats.h:118] server onStatelessReset
I1223 18:35:18.661212 12268 StateMachine-inl.h:41] Transition from Uninitialized to ExpectingClientHello
I1223 18:35:18.661279 12268 LogQuicStats.h:32] server onOutOfOrderPacketReceived
I1223 18:35:18.661288 12268 ServerStateMachine.cpp:952] Server received crypto data offset=0 len=391 currentReadOffset=0 client CID=0000000000000001 server CID=400000c9060535df peer address=127.0.0.1:4987
I1223 18:35:18.661303 12268 RecordLayer.cpp:82] Received handshake message ClientHello
I1223 18:35:18.661396 12268 ServerHandshake.cpp:167] ServerHandshake error fizz::FizzException: no psk modes
I1223 18:35:18.661443 12268 QuicTransportBase.cpp:1870] onNetworkData fizz::FizzException: no psk modes client CID=0000000000000001 server CID=400000c9060535df peer address=127.0.0.1:4987
I1223 18:35:18.661458 12268 QuicTransportBase.cpp:400] Stopping read looper due to immediate close client CID=0000000000000001 server CID=400000c9060535df peer address=127.0.0.1:4987
I1223 18:35:18.661465 12268 FunctionLooper.cpp:88] stop: ReadLooper
I1223 18:35:18.661480 12268 FunctionLooper.cpp:88] stop: PeekLooper
I1223 18:35:18.661486 12268 FunctionLooper.cpp:88] stop: WriteLooper
I1223 18:35:18.661499 12268 QuicTransportBase.cpp:2651] Clearing 0 peek callbacks
I1223 18:35:18.661505 12268 QuicTransportBase.cpp:852] Stopping read looper client CID=0000000000000001 server CID=400000c9060535df peer address=127.0.0.1:4987
I1223 18:35:18.661512 12268 FunctionLooper.cpp:88] stop: ReadLooper
I1223 18:35:18.661518 12268 QuicTransportBase.cpp:1196] Stopping peek looper client CID=0000000000000001 server CID=400000c9060535df peer address=127.0.0.1:4987
I1223 18:35:18.661525 12268 FunctionLooper.cpp:88] stop: PeekLooper
I1223 18:35:18.661532 12268 QuicTransportBase.cpp:1233] Server stopping write looper because conn closed client CID=0000000000000001 server CID=400000c9060535df peer address=127.0.0.1:4987
I1223 18:35:18.661540 12268 FunctionLooper.cpp:88] stop: WriteLooper
E1223 18:35:18.661546 12268 EchoHandler.h:53] Socket error=Crypto error: missing_extension
I1223 18:35:18.661566 12268 QuicTransportFunctions.cpp:1063] Server sent close packetNum=1824112 in space=InitialSpace client CID=0000000000000001 server CID=400000c9060535df peer address=127.0.0.1:4987
I1223 18:35:18.661590 12268 LogQuicStats.h:144] server onWrite size=82
I1223 18:35:18.661602 12268 QuicTransportBase.cpp:852] Stopping read looper client CID=0000000000000001 server CID=400000c9060535df peer address=127.0.0.1:4987
I1223 18:35:18.661609 12268 FunctionLooper.cpp:88] stop: ReadLooper
I1223 18:35:18.661615 12268 QuicTransportBase.cpp:1196] Stopping peek looper client CID=0000000000000001 server CID=400000c9060535df peer address=127.0.0.1:4987
I1223 18:35:18.661621 12268 FunctionLooper.cpp:88] stop: PeekLooper
I1223 18:35:18.661628 12268 QuicTransportBase.cpp:1233] Server stopping write looper because conn closed client CID=0000000000000001 server CID=400000c9060535df peer address=127.0.0.1:4987
I1223 18:35:18.661634 12268 FunctionLooper.cpp:88] stop: WriteLooper
*** Aborted at 1640284518 (Unix time, try 'date -d @1640284518') ***
*** Signal 15 (SIGTERM) (0x2fe3) received by PID 12262 (pthread TID 0x7f2431ce5ec0) (linux TID 12262) (maybe from PID 12259, UID 0) (code: 0), stack trace: ***
(error retrieving stack trace)
