I1223 18:33:01.969228 11414 EventBase.cpp:308] EventBase(): Starting loop.
I1223 18:33:01.985105 11415 EventBase.cpp:308] EventBase(): Starting loop.
I1223 18:33:01.985545 11416 EventBase.cpp:308] EventBase(): Starting loop.
I1223 18:33:01.985747 11417 EventBase.cpp:308] EventBase(): Starting loop.
I1223 18:33:01.986912 11418 EventBase.cpp:308] EventBase(): Starting loop.
I1223 18:33:01.991364 11419 EventBase.cpp:308] EventBase(): Starting loop.
I1223 18:33:01.991508 11414 QuicServer.cpp:268] No valid takenover fd found for address=127.0.0.1:4443. binding on worker=0x56441bd86040 workerId=0 processId=0
I1223 18:33:01.991688 11415 QuicServer.cpp:268] No valid takenover fd found for address=127.0.0.1:4443. binding on worker=0x56441bd86680 workerId=1 processId=0
I1223 18:33:01.991868 11416 QuicServer.cpp:268] No valid takenover fd found for address=127.0.0.1:4443. binding on worker=0x56441bd86b30 workerId=2 processId=0
I1223 18:33:01.992058 11417 QuicServer.cpp:268] No valid takenover fd found for address=127.0.0.1:4443. binding on worker=0x56441bd87010 workerId=3 processId=0
I1223 18:33:01.992223 11418 QuicServer.cpp:268] No valid takenover fd found for address=127.0.0.1:4443. binding on worker=0x56441bd874f0 workerId=4 processId=0
I1223 18:33:01.992429 11419 QuicServer.cpp:268] No valid takenover fd found for address=127.0.0.1:4443. binding on worker=0x56441bd879f0 workerId=5 processId=0
I1223 18:33:01.992457 11419 QuicServer.cpp:295] Initialized all workers in the eventbase
I1223 18:33:01.992602 11414 QuicServerWorker.cpp:134] Registered read on worker=0x56441bd86040, thread=140610097403648, processId=0
I1223 18:33:01.992655 11411 EchoServer.h:90] Echo server started at: 127.0.0.1:4443
I1223 18:33:01.992666 11411 EventBase.cpp:308] EventBase(): Starting loop.
I1223 18:33:01.992700 11415 QuicServerWorker.cpp:134] Registered read on worker=0x56441bd86680, thread=140610089010944, processId=0
I1223 18:33:01.992712 11416 QuicServerWorker.cpp:134] Registered read on worker=0x56441bd86b30, thread=140610080618240, processId=0
I1223 18:33:01.992718 11417 QuicServerWorker.cpp:134] Registered read on worker=0x56441bd87010, thread=140610072225536, processId=0
I1223 18:33:01.992754 11418 QuicServerWorker.cpp:134] Registered read on worker=0x56441bd874f0, thread=140610063832832, processId=0
I1223 18:33:01.992770 11419 QuicServerWorker.cpp:134] Registered read on worker=0x56441bd879f0, thread=140609713075968, processId=0
I1223 18:33:07.531461 11417 QuicServerWorker.cpp:227] Worker=0x56441bd87010, Received data on thread=140610072225536, processId=0
I1223 18:33:07.531491 11417 LogQuicStats.h:24] server onPacketReceived
I1223 18:33:07.531497 11417 LogQuicStats.h:140] server onRead size=1232
I1223 18:33:07.531512 11417 LogQuicStats.h:76] server onClientInitialReceived, version: QUIC_DRAFT
I1223 18:33:07.531523 11417 QuicServerWorker.cpp:545] Creating new connection for client=127.0.0.1:4987, routingInfo=CID=0000000000000002, cidVersion=1, workerId=3, processId=0, hostId=0, threadId=140610072225536, 
I1223 18:33:07.531632 11417 LogQuicStats.h:118] server onStatelessReset
I1223 18:33:07.531661 11417 StateMachine-inl.h:41] Transition from Uninitialized to ExpectingClientHello
I1223 18:33:07.531724 11417 LogQuicStats.h:32] server onOutOfOrderPacketReceived
I1223 18:33:07.531733 11417 ServerStateMachine.cpp:952] Server received crypto data offset=0 len=391 currentReadOffset=0 client CID=0000000000000001 server CID=400000c34fa07157 peer address=127.0.0.1:4987
I1223 18:33:07.531747 11417 RecordLayer.cpp:82] Received handshake message ClientHello
I1223 18:33:07.531888 11417 ServerHandshake.cpp:167] ServerHandshake error fizz::FizzException: no psk modes
I1223 18:33:07.531953 11417 QuicTransportBase.cpp:1870] onNetworkData fizz::FizzException: no psk modes client CID=0000000000000001 server CID=400000c34fa07157 peer address=127.0.0.1:4987
I1223 18:33:07.531968 11417 QuicTransportBase.cpp:400] Stopping read looper due to immediate close client CID=0000000000000001 server CID=400000c34fa07157 peer address=127.0.0.1:4987
I1223 18:33:07.531976 11417 FunctionLooper.cpp:88] stop: ReadLooper
I1223 18:33:07.531991 11417 FunctionLooper.cpp:88] stop: PeekLooper
I1223 18:33:07.531996 11417 FunctionLooper.cpp:88] stop: WriteLooper
I1223 18:33:07.532007 11417 QuicTransportBase.cpp:2651] Clearing 0 peek callbacks
I1223 18:33:07.532014 11417 QuicTransportBase.cpp:852] Stopping read looper client CID=0000000000000001 server CID=400000c34fa07157 peer address=127.0.0.1:4987
I1223 18:33:07.532021 11417 FunctionLooper.cpp:88] stop: ReadLooper
I1223 18:33:07.532027 11417 QuicTransportBase.cpp:1196] Stopping peek looper client CID=0000000000000001 server CID=400000c34fa07157 peer address=127.0.0.1:4987
I1223 18:33:07.532033 11417 FunctionLooper.cpp:88] stop: PeekLooper
I1223 18:33:07.532039 11417 QuicTransportBase.cpp:1233] Server stopping write looper because conn closed client CID=0000000000000001 server CID=400000c34fa07157 peer address=127.0.0.1:4987
I1223 18:33:07.532045 11417 FunctionLooper.cpp:88] stop: WriteLooper
E1223 18:33:07.532052 11417 EchoHandler.h:53] Socket error=Crypto error: missing_extension
I1223 18:33:07.532073 11417 QuicTransportFunctions.cpp:1063] Server sent close packetNum=12064175 in space=InitialSpace client CID=0000000000000001 server CID=400000c34fa07157 peer address=127.0.0.1:4987
I1223 18:33:07.532096 11417 LogQuicStats.h:144] server onWrite size=83
I1223 18:33:07.532106 11417 QuicTransportBase.cpp:852] Stopping read looper client CID=0000000000000001 server CID=400000c34fa07157 peer address=127.0.0.1:4987
I1223 18:33:07.532114 11417 FunctionLooper.cpp:88] stop: ReadLooper
I1223 18:33:07.532119 11417 QuicTransportBase.cpp:1196] Stopping peek looper client CID=0000000000000001 server CID=400000c34fa07157 peer address=127.0.0.1:4987
I1223 18:33:07.532126 11417 FunctionLooper.cpp:88] stop: PeekLooper
I1223 18:33:07.532131 11417 QuicTransportBase.cpp:1233] Server stopping write looper because conn closed client CID=0000000000000001 server CID=400000c34fa07157 peer address=127.0.0.1:4987
I1223 18:33:07.532138 11417 FunctionLooper.cpp:88] stop: WriteLooper
*** Aborted at 1640284387 (Unix time, try 'date -d @1640284387') ***
*** Signal 15 (SIGTERM) (0x2c90) received by PID 11411 (pthread TID 0x7fe25a333ec0) (linux TID 11411) (maybe from PID 11408, UID 0) (code: 0), stack trace: ***
(error retrieving stack trace)
