I1223 18:33:41.775538 11673 EventBase.cpp:308] EventBase(): Starting loop.
I1223 18:33:41.775713 11674 EventBase.cpp:308] EventBase(): Starting loop.
I1223 18:33:41.779562 11675 EventBase.cpp:308] EventBase(): Starting loop.
I1223 18:33:41.779723 11676 EventBase.cpp:308] EventBase(): Starting loop.
I1223 18:33:41.779862 11677 EventBase.cpp:308] EventBase(): Starting loop.
I1223 18:33:41.779956 11678 EventBase.cpp:308] EventBase(): Starting loop.
I1223 18:33:41.780077 11673 QuicServer.cpp:268] No valid takenover fd found for address=127.0.0.1:4443. binding on worker=0x55e49c5b7040 workerId=0 processId=0
I1223 18:33:41.780298 11674 QuicServer.cpp:268] No valid takenover fd found for address=127.0.0.1:4443. binding on worker=0x55e49c5b7680 workerId=1 processId=0
I1223 18:33:41.780463 11675 QuicServer.cpp:268] No valid takenover fd found for address=127.0.0.1:4443. binding on worker=0x55e49c5b7b30 workerId=2 processId=0
I1223 18:33:41.780622 11676 QuicServer.cpp:268] No valid takenover fd found for address=127.0.0.1:4443. binding on worker=0x55e49c5b8010 workerId=3 processId=0
I1223 18:33:41.780774 11677 QuicServer.cpp:268] No valid takenover fd found for address=127.0.0.1:4443. binding on worker=0x55e49c5b84f0 workerId=4 processId=0
I1223 18:33:41.780921 11678 QuicServer.cpp:268] No valid takenover fd found for address=127.0.0.1:4443. binding on worker=0x55e49c5b89f0 workerId=5 processId=0
I1223 18:33:41.780946 11678 QuicServer.cpp:295] Initialized all workers in the eventbase
I1223 18:33:41.781044 11670 EchoServer.h:90] Echo server started at: 127.0.0.1:4443
I1223 18:33:41.781095 11670 EventBase.cpp:308] EventBase(): Starting loop.
I1223 18:33:41.781128 11677 QuicServerWorker.cpp:134] Registered read on worker=0x55e49c5b84f0, thread=140315519158016, processId=0
I1223 18:33:41.781145 11675 QuicServerWorker.cpp:134] Registered read on worker=0x55e49c5b7b30, thread=140315535943424, processId=0
I1223 18:33:41.781157 11676 QuicServerWorker.cpp:134] Registered read on worker=0x55e49c5b8010, thread=140315527550720, processId=0
I1223 18:33:41.781147 11674 QuicServerWorker.cpp:134] Registered read on worker=0x55e49c5b7680, thread=140315544336128, processId=0
I1223 18:33:41.781177 11673 QuicServerWorker.cpp:134] Registered read on worker=0x55e49c5b7040, thread=140315552728832, processId=0
I1223 18:33:41.781167 11678 QuicServerWorker.cpp:134] Registered read on worker=0x55e49c5b89f0, thread=140315172271872, processId=0
I1223 18:33:47.301128 11676 QuicServerWorker.cpp:227] Worker=0x55e49c5b8010, Received data on thread=140315527550720, processId=0
I1223 18:33:47.301156 11676 LogQuicStats.h:24] server onPacketReceived
I1223 18:33:47.301164 11676 LogQuicStats.h:140] server onRead size=1232
I1223 18:33:47.301179 11676 LogQuicStats.h:76] server onClientInitialReceived, version: QUIC_DRAFT
I1223 18:33:47.301189 11676 QuicServerWorker.cpp:545] Creating new connection for client=127.0.0.1:4987, routingInfo=CID=0000000000000002, cidVersion=1, workerId=3, processId=0, hostId=0, threadId=140315527550720, 
I1223 18:33:47.301301 11676 LogQuicStats.h:118] server onStatelessReset
I1223 18:33:47.301328 11676 StateMachine-inl.h:41] Transition from Uninitialized to ExpectingClientHello
I1223 18:33:47.301395 11676 LogQuicStats.h:32] server onOutOfOrderPacketReceived
I1223 18:33:47.301403 11676 ServerStateMachine.cpp:952] Server received crypto data offset=0 len=391 currentReadOffset=0 client CID=0000000000000001 server CID=400000c7f604aa68 peer address=127.0.0.1:4987
I1223 18:33:47.301419 11676 RecordLayer.cpp:82] Received handshake message ClientHello
I1223 18:33:47.301512 11676 ServerHandshake.cpp:167] ServerHandshake error fizz::FizzException: no psk modes
I1223 18:33:47.301558 11676 QuicTransportBase.cpp:1870] onNetworkData fizz::FizzException: no psk modes client CID=0000000000000001 server CID=400000c7f604aa68 peer address=127.0.0.1:4987
I1223 18:33:47.301573 11676 QuicTransportBase.cpp:400] Stopping read looper due to immediate close client CID=0000000000000001 server CID=400000c7f604aa68 peer address=127.0.0.1:4987
I1223 18:33:47.301580 11676 FunctionLooper.cpp:88] stop: ReadLooper
I1223 18:33:47.301592 11676 FunctionLooper.cpp:88] stop: PeekLooper
I1223 18:33:47.301599 11676 FunctionLooper.cpp:88] stop: WriteLooper
I1223 18:33:47.301606 11676 QuicTransportBase.cpp:2651] Clearing 0 peek callbacks
I1223 18:33:47.301612 11676 QuicTransportBase.cpp:852] Stopping read looper client CID=0000000000000001 server CID=400000c7f604aa68 peer address=127.0.0.1:4987
I1223 18:33:47.301620 11676 FunctionLooper.cpp:88] stop: ReadLooper
I1223 18:33:47.301625 11676 QuicTransportBase.cpp:1196] Stopping peek looper client CID=0000000000000001 server CID=400000c7f604aa68 peer address=127.0.0.1:4987
I1223 18:33:47.301631 11676 FunctionLooper.cpp:88] stop: PeekLooper
I1223 18:33:47.301637 11676 QuicTransportBase.cpp:1233] Server stopping write looper because conn closed client CID=0000000000000001 server CID=400000c7f604aa68 peer address=127.0.0.1:4987
I1223 18:33:47.301643 11676 FunctionLooper.cpp:88] stop: WriteLooper
E1223 18:33:47.301651 11676 EchoHandler.h:53] Socket error=Crypto error: missing_extension
I1223 18:33:47.301669 11676 QuicTransportFunctions.cpp:1063] Server sent close packetNum=2398239 in space=InitialSpace client CID=0000000000000001 server CID=400000c7f604aa68 peer address=127.0.0.1:4987
I1223 18:33:47.301693 11676 LogQuicStats.h:144] server onWrite size=82
I1223 18:33:47.301703 11676 QuicTransportBase.cpp:852] Stopping read looper client CID=0000000000000001 server CID=400000c7f604aa68 peer address=127.0.0.1:4987
I1223 18:33:47.301710 11676 FunctionLooper.cpp:88] stop: ReadLooper
I1223 18:33:47.301715 11676 QuicTransportBase.cpp:1196] Stopping peek looper client CID=0000000000000001 server CID=400000c7f604aa68 peer address=127.0.0.1:4987
I1223 18:33:47.301723 11676 FunctionLooper.cpp:88] stop: PeekLooper
I1223 18:33:47.301728 11676 QuicTransportBase.cpp:1233] Server stopping write looper because conn closed client CID=0000000000000001 server CID=400000c7f604aa68 peer address=127.0.0.1:4987
I1223 18:33:47.301734 11676 FunctionLooper.cpp:88] stop: WriteLooper
*** Aborted at 1640284427 (Unix time, try 'date -d @1640284427') ***
*** Signal 15 (SIGTERM) (0x2d93) received by PID 11670 (pthread TID 0x7f9dc5f82ec0) (linux TID 11670) (maybe from PID 11667, UID 0) (code: 0), stack trace: ***
(error retrieving stack trace)
