I1223 18:28:22.293563  9601 EventBase.cpp:308] EventBase(): Starting loop.
I1223 18:28:22.293784  9602 EventBase.cpp:308] EventBase(): Starting loop.
I1223 18:28:22.293934  9603 EventBase.cpp:308] EventBase(): Starting loop.
I1223 18:28:22.294083  9604 EventBase.cpp:308] EventBase(): Starting loop.
I1223 18:28:22.294239  9605 EventBase.cpp:308] EventBase(): Starting loop.
I1223 18:28:22.294391  9606 EventBase.cpp:308] EventBase(): Starting loop.
I1223 18:28:22.294517  9601 QuicServer.cpp:268] No valid takenover fd found for address=127.0.0.1:4443. binding on worker=0x558c038d9040 workerId=0 processId=0
I1223 18:28:22.294729  9602 QuicServer.cpp:268] No valid takenover fd found for address=127.0.0.1:4443. binding on worker=0x558c038d9680 workerId=1 processId=0
I1223 18:28:22.294934  9603 QuicServer.cpp:268] No valid takenover fd found for address=127.0.0.1:4443. binding on worker=0x558c038d9b30 workerId=2 processId=0
I1223 18:28:22.295120  9604 QuicServer.cpp:268] No valid takenover fd found for address=127.0.0.1:4443. binding on worker=0x558c038da010 workerId=3 processId=0
I1223 18:28:22.295303  9605 QuicServer.cpp:268] No valid takenover fd found for address=127.0.0.1:4443. binding on worker=0x558c038da4f0 workerId=4 processId=0
I1223 18:28:22.295469  9606 QuicServer.cpp:268] No valid takenover fd found for address=127.0.0.1:4443. binding on worker=0x558c038da9f0 workerId=5 processId=0
I1223 18:28:22.295500  9606 QuicServer.cpp:295] Initialized all workers in the eventbase
I1223 18:28:22.295605  9598 EchoServer.h:90] Echo server started at: 127.0.0.1:4443
I1223 18:28:22.295625  9598 EventBase.cpp:308] EventBase(): Starting loop.
I1223 18:28:22.295673  9601 QuicServerWorker.cpp:134] Registered read on worker=0x558c038d9040, thread=139950071715584, processId=0
I1223 18:28:22.295693  9603 QuicServerWorker.cpp:134] Registered read on worker=0x558c038d9b30, thread=139950054930176, processId=0
I1223 18:28:22.295724  9602 QuicServerWorker.cpp:134] Registered read on worker=0x558c038d9680, thread=139950063322880, processId=0
I1223 18:28:22.295696  9604 QuicServerWorker.cpp:134] Registered read on worker=0x558c038da010, thread=139950046537472, processId=0
I1223 18:28:22.295742  9605 QuicServerWorker.cpp:134] Registered read on worker=0x558c038da4f0, thread=139949831616256, processId=0
I1223 18:28:22.295769  9606 QuicServerWorker.cpp:134] Registered read on worker=0x558c038da9f0, thread=139949823223552, processId=0
I1223 18:28:27.870131  9604 QuicServerWorker.cpp:227] Worker=0x558c038da010, Received data on thread=139950046537472, processId=0
I1223 18:28:27.870160  9604 LogQuicStats.h:24] server onPacketReceived
I1223 18:28:27.870167  9604 LogQuicStats.h:140] server onRead size=1232
I1223 18:28:27.870182  9604 LogQuicStats.h:76] server onClientInitialReceived, version: QUIC_DRAFT
I1223 18:28:27.870193  9604 QuicServerWorker.cpp:545] Creating new connection for client=127.0.0.1:4987, routingInfo=CID=0000000000000002, cidVersion=1, workerId=3, processId=0, hostId=0, threadId=139950046537472, 
I1223 18:28:27.870318  9604 LogQuicStats.h:118] server onStatelessReset
I1223 18:28:27.870352  9604 StateMachine-inl.h:41] Transition from Uninitialized to ExpectingClientHello
I1223 18:28:27.870417  9604 LogQuicStats.h:32] server onOutOfOrderPacketReceived
I1223 18:28:27.870425  9604 ServerStateMachine.cpp:952] Server received crypto data offset=0 len=391 currentReadOffset=0 client CID=0000000000000001 server CID=400000dec8d912b4 peer address=127.0.0.1:4987
I1223 18:28:27.870445  9604 RecordLayer.cpp:82] Received handshake message ClientHello
I1223 18:28:27.870540  9604 ServerHandshake.cpp:167] ServerHandshake error fizz::FizzException: no psk modes
I1223 18:28:27.870582  9604 QuicTransportBase.cpp:1870] onNetworkData fizz::FizzException: no psk modes client CID=0000000000000001 server CID=400000dec8d912b4 peer address=127.0.0.1:4987
I1223 18:28:27.870596  9604 QuicTransportBase.cpp:400] Stopping read looper due to immediate close client CID=0000000000000001 server CID=400000dec8d912b4 peer address=127.0.0.1:4987
I1223 18:28:27.870604  9604 FunctionLooper.cpp:88] stop: ReadLooper
I1223 18:28:27.870618  9604 FunctionLooper.cpp:88] stop: PeekLooper
I1223 18:28:27.870625  9604 FunctionLooper.cpp:88] stop: WriteLooper
I1223 18:28:27.870636  9604 QuicTransportBase.cpp:2651] Clearing 0 peek callbacks
I1223 18:28:27.870643  9604 QuicTransportBase.cpp:852] Stopping read looper client CID=0000000000000001 server CID=400000dec8d912b4 peer address=127.0.0.1:4987
I1223 18:28:27.870649  9604 FunctionLooper.cpp:88] stop: ReadLooper
I1223 18:28:27.870656  9604 QuicTransportBase.cpp:1196] Stopping peek looper client CID=0000000000000001 server CID=400000dec8d912b4 peer address=127.0.0.1:4987
I1223 18:28:27.870662  9604 FunctionLooper.cpp:88] stop: PeekLooper
I1223 18:28:27.870668  9604 QuicTransportBase.cpp:1233] Server stopping write looper because conn closed client CID=0000000000000001 server CID=400000dec8d912b4 peer address=127.0.0.1:4987
I1223 18:28:27.870676  9604 FunctionLooper.cpp:88] stop: WriteLooper
E1223 18:28:27.870682  9604 EchoHandler.h:53] Socket error=Crypto error: missing_extension
I1223 18:28:27.870702  9604 QuicTransportFunctions.cpp:1063] Server sent close packetNum=107081 in space=InitialSpace client CID=0000000000000001 server CID=400000dec8d912b4 peer address=127.0.0.1:4987
I1223 18:28:27.870725  9604 LogQuicStats.h:144] server onWrite size=82
I1223 18:28:27.870735  9604 QuicTransportBase.cpp:852] Stopping read looper client CID=0000000000000001 server CID=400000dec8d912b4 peer address=127.0.0.1:4987
I1223 18:28:27.870743  9604 FunctionLooper.cpp:88] stop: ReadLooper
I1223 18:28:27.870748  9604 QuicTransportBase.cpp:1196] Stopping peek looper client CID=0000000000000001 server CID=400000dec8d912b4 peer address=127.0.0.1:4987
I1223 18:28:27.870755  9604 FunctionLooper.cpp:88] stop: PeekLooper
I1223 18:28:27.870760  9604 QuicTransportBase.cpp:1233] Server stopping write looper because conn closed client CID=0000000000000001 server CID=400000dec8d912b4 peer address=127.0.0.1:4987
I1223 18:28:27.870767  9604 FunctionLooper.cpp:88] stop: WriteLooper
*** Aborted at 1640284107 (Unix time, try 'date -d @1640284107') ***
*** Signal 15 (SIGTERM) (0x257b) received by PID 9598 (pthread TID 0x7f48ad9a7ec0) (linux TID 9598) (maybe from PID 9595, UID 0) (code: 0), stack trace: ***
(error retrieving stack trace)
