I1224 00:17:51.310001  3989 EventBase.cpp:308] EventBase(): Starting loop.
I1224 00:17:51.319454  3990 EventBase.cpp:308] EventBase(): Starting loop.
I1224 00:17:51.320082  3991 EventBase.cpp:308] EventBase(): Starting loop.
I1224 00:17:51.320232  3992 EventBase.cpp:308] EventBase(): Starting loop.
I1224 00:17:51.320349  3993 EventBase.cpp:308] EventBase(): Starting loop.
I1224 00:17:51.320472  3994 EventBase.cpp:308] EventBase(): Starting loop.
I1224 00:17:51.320603  3989 QuicServer.cpp:268] No valid takenover fd found for address=127.0.0.1:4443. binding on worker=0x555add0f8ec0 workerId=0 processId=0
I1224 00:17:51.320869  3990 QuicServer.cpp:268] No valid takenover fd found for address=127.0.0.1:4443. binding on worker=0x555add0f9500 workerId=1 processId=0
I1224 00:17:51.321033  3991 QuicServer.cpp:268] No valid takenover fd found for address=127.0.0.1:4443. binding on worker=0x555add0f9940 workerId=2 processId=0
I1224 00:17:51.321197  3992 QuicServer.cpp:268] No valid takenover fd found for address=127.0.0.1:4443. binding on worker=0x555add0f9e20 workerId=3 processId=0
I1224 00:17:51.321354  3993 QuicServer.cpp:268] No valid takenover fd found for address=127.0.0.1:4443. binding on worker=0x555add0fa300 workerId=4 processId=0
I1224 00:17:51.321513  3994 QuicServer.cpp:268] No valid takenover fd found for address=127.0.0.1:4443. binding on worker=0x555add0fa800 workerId=5 processId=0
I1224 00:17:51.321542  3994 QuicServer.cpp:295] Initialized all workers in the eventbase
I1224 00:17:51.321669  3986 EchoServer.h:90] Echo server started at: 127.0.0.1:4443
I1224 00:17:51.321691  3986 EventBase.cpp:308] EventBase(): Starting loop.
I1224 00:17:51.321722  3990 QuicServerWorker.cpp:134] Registered read on worker=0x555add0f9500, thread=140279045252864, processId=0
I1224 00:17:51.321753  3991 QuicServerWorker.cpp:134] Registered read on worker=0x555add0f9940, thread=140279036860160, processId=0
I1224 00:17:51.321797  3994 QuicServerWorker.cpp:134] Registered read on worker=0x555add0fa800, thread=140279011682048, processId=0
I1224 00:17:51.321807  3993 QuicServerWorker.cpp:134] Registered read on worker=0x555add0fa300, thread=140279020074752, processId=0
I1224 00:17:51.321729  3992 QuicServerWorker.cpp:134] Registered read on worker=0x555add0f9e20, thread=140279028467456, processId=0
I1224 00:17:51.321725  3989 QuicServerWorker.cpp:134] Registered read on worker=0x555add0f8ec0, thread=140279053645568, processId=0
I1224 00:17:56.685477  3992 QuicServerWorker.cpp:227] Worker=0x555add0f9e20, Received data on thread=140279028467456, processId=0
I1224 00:17:56.685693  3992 LogQuicStats.h:24] server onPacketReceived
I1224 00:17:56.685706  3992 LogQuicStats.h:140] server onRead size=1232
W1224 00:17:56.685729  3992 Types.cpp:447] toString has unhandled version type
I1224 00:17:56.685722  3992 LogQuicStats.h:76] server onClientInitialReceived, version: UNKNOWN
I1224 00:17:56.685741  3992 QuicServerWorker.cpp:208] Version negotiation sent to client=127.0.0.1:4987
I1224 00:17:56.685750  3992 LogQuicStats.h:144] server onWrite size=43
I1224 00:17:56.685756  3992 LogQuicStats.h:36] server onPacketProcessed
I1224 00:17:56.685762  3992 LogQuicStats.h:40] server onPacketSent
I1224 00:17:56.868476  3992 QuicServerWorker.cpp:227] Worker=0x555add0f9e20, Received data on thread=140279028467456, processId=0
I1224 00:17:56.868505  3992 LogQuicStats.h:24] server onPacketReceived
I1224 00:17:56.868511  3992 LogQuicStats.h:140] server onRead size=1232
I1224 00:17:56.868520  3992 LogQuicStats.h:76] server onClientInitialReceived, version: QUIC_DRAFT
I1224 00:17:56.868530  3992 QuicServerWorker.cpp:545] Creating new connection for client=127.0.0.1:4987, routingInfo=CID=0000000000000000, cidVersion=1, workerId=3, processId=0, hostId=0, threadId=140279028467456, 
I1224 00:17:56.868635  3992 LogQuicStats.h:118] server onStatelessReset
I1224 00:17:56.868664  3992 StateMachine-inl.h:41] Transition from Uninitialized to ExpectingClientHello
I1224 00:17:56.868729  3992 LogQuicStats.h:32] server onOutOfOrderPacketReceived
I1224 00:17:56.868738  3992 ServerStateMachine.cpp:952] Server received crypto data offset=0 len=391 currentReadOffset=0 client CID=0000000000000003 server CID=400000c7a08c81bb peer address=127.0.0.1:4987
I1224 00:17:56.868765  3992 RecordLayer.cpp:82] Received handshake message ClientHello
I1224 00:17:56.868855  3992 ServerHandshake.cpp:167] ServerHandshake error fizz::FizzException: no psk modes
I1224 00:17:56.868901  3992 QuicTransportBase.cpp:1870] onNetworkData fizz::FizzException: no psk modes client CID=0000000000000003 server CID=400000c7a08c81bb peer address=127.0.0.1:4987
I1224 00:17:56.868916  3992 QuicTransportBase.cpp:400] Stopping read looper due to immediate close client CID=0000000000000003 server CID=400000c7a08c81bb peer address=127.0.0.1:4987
I1224 00:17:56.868922  3992 FunctionLooper.cpp:88] stop: ReadLooper
I1224 00:17:56.868932  3992 FunctionLooper.cpp:88] stop: PeekLooper
I1224 00:17:56.868938  3992 FunctionLooper.cpp:88] stop: WriteLooper
I1224 00:17:56.868949  3992 QuicTransportBase.cpp:2651] Clearing 0 peek callbacks
I1224 00:17:56.868957  3992 QuicTransportBase.cpp:852] Stopping read looper client CID=0000000000000003 server CID=400000c7a08c81bb peer address=127.0.0.1:4987
I1224 00:17:56.868963  3992 FunctionLooper.cpp:88] stop: ReadLooper
I1224 00:17:56.868969  3992 QuicTransportBase.cpp:1196] Stopping peek looper client CID=0000000000000003 server CID=400000c7a08c81bb peer address=127.0.0.1:4987
I1224 00:17:56.868975  3992 FunctionLooper.cpp:88] stop: PeekLooper
I1224 00:17:56.868981  3992 QuicTransportBase.cpp:1233] Server stopping write looper because conn closed client CID=0000000000000003 server CID=400000c7a08c81bb peer address=127.0.0.1:4987
I1224 00:17:56.868988  3992 FunctionLooper.cpp:88] stop: WriteLooper
E1224 00:17:56.868994  3992 EchoHandler.h:53] Socket error=Crypto error: missing_extension
I1224 00:17:56.869014  3992 QuicTransportFunctions.cpp:1063] Server sent close packetNum=6144250 in space=InitialSpace client CID=0000000000000003 server CID=400000c7a08c81bb peer address=127.0.0.1:4987
I1224 00:17:56.869040  3992 LogQuicStats.h:144] server onWrite size=82
I1224 00:17:56.869050  3992 QuicTransportBase.cpp:852] Stopping read looper client CID=0000000000000003 server CID=400000c7a08c81bb peer address=127.0.0.1:4987
I1224 00:17:56.869056  3992 FunctionLooper.cpp:88] stop: ReadLooper
I1224 00:17:56.869062  3992 QuicTransportBase.cpp:1196] Stopping peek looper client CID=0000000000000003 server CID=400000c7a08c81bb peer address=127.0.0.1:4987
I1224 00:17:56.869068  3992 FunctionLooper.cpp:88] stop: PeekLooper
I1224 00:17:56.869074  3992 QuicTransportBase.cpp:1233] Server stopping write looper because conn closed client CID=0000000000000003 server CID=400000c7a08c81bb peer address=127.0.0.1:4987
I1224 00:17:56.869122  3992 FunctionLooper.cpp:88] stop: WriteLooper
*** Aborted at 1640305076 (Unix time, try 'date -d @1640305076') ***
*** Signal 15 (SIGTERM) (0xf8f) received by PID 3986 (pthread TID 0x7f9546745ec0) (linux TID 3986) (maybe from PID 3983, UID 0) (code: 0), stack trace: ***
(error retrieving stack trace)
