I1224 00:21:15.522311  5321 EventBase.cpp:308] EventBase(): Starting loop.
I1224 00:21:15.535280  5322 EventBase.cpp:308] EventBase(): Starting loop.
I1224 00:21:15.537827  5323 EventBase.cpp:308] EventBase(): Starting loop.
I1224 00:21:15.537982  5324 EventBase.cpp:308] EventBase(): Starting loop.
I1224 00:21:15.538942  5325 EventBase.cpp:308] EventBase(): Starting loop.
I1224 00:21:15.539294  5326 EventBase.cpp:308] EventBase(): Starting loop.
I1224 00:21:15.539482  5321 QuicServer.cpp:268] No valid takenover fd found for address=127.0.0.1:4443. binding on worker=0x55b4a2aeaec0 workerId=0 processId=0
I1224 00:21:15.539661  5322 QuicServer.cpp:268] No valid takenover fd found for address=127.0.0.1:4443. binding on worker=0x55b4a2aeb500 workerId=1 processId=0
I1224 00:21:15.539814  5323 QuicServer.cpp:268] No valid takenover fd found for address=127.0.0.1:4443. binding on worker=0x55b4a2aeb940 workerId=2 processId=0
I1224 00:21:15.539971  5324 QuicServer.cpp:268] No valid takenover fd found for address=127.0.0.1:4443. binding on worker=0x55b4a2aebe20 workerId=3 processId=0
I1224 00:21:15.540097  5325 QuicServer.cpp:268] No valid takenover fd found for address=127.0.0.1:4443. binding on worker=0x55b4a2aec300 workerId=4 processId=0
I1224 00:21:15.540315  5326 QuicServer.cpp:268] No valid takenover fd found for address=127.0.0.1:4443. binding on worker=0x55b4a2aec800 workerId=5 processId=0
I1224 00:21:15.540343  5326 QuicServer.cpp:295] Initialized all workers in the eventbase
I1224 00:21:15.540455  5318 EchoServer.h:90] Echo server started at: 127.0.0.1:4443
I1224 00:21:15.540504  5318 EventBase.cpp:308] EventBase(): Starting loop.
I1224 00:21:15.540531  5324 QuicServerWorker.cpp:134] Registered read on worker=0x55b4a2aebe20, thread=139711340758784, processId=0
I1224 00:21:15.540560  5321 QuicServerWorker.cpp:134] Registered read on worker=0x55b4a2aeaec0, thread=139711365936896, processId=0
I1224 00:21:15.540556  5323 QuicServerWorker.cpp:134] Registered read on worker=0x55b4a2aeb940, thread=139711349151488, processId=0
I1224 00:21:15.540557  5322 QuicServerWorker.cpp:134] Registered read on worker=0x55b4a2aeb500, thread=139711357544192, processId=0
I1224 00:21:15.540616  5325 QuicServerWorker.cpp:134] Registered read on worker=0x55b4a2aec300, thread=139711125387008, processId=0
I1224 00:21:15.540660  5326 QuicServerWorker.cpp:134] Registered read on worker=0x55b4a2aec800, thread=139711116994304, processId=0
I1224 00:21:20.903146  5324 QuicServerWorker.cpp:227] Worker=0x55b4a2aebe20, Received data on thread=139711340758784, processId=0
I1224 00:21:20.903172  5324 LogQuicStats.h:24] server onPacketReceived
I1224 00:21:20.903178  5324 LogQuicStats.h:140] server onRead size=1232
W1224 00:21:20.903198  5324 Types.cpp:447] toString has unhandled version type
I1224 00:21:20.903192  5324 LogQuicStats.h:76] server onClientInitialReceived, version: UNKNOWN
I1224 00:21:20.903214  5324 QuicServerWorker.cpp:208] Version negotiation sent to client=127.0.0.1:4987
I1224 00:21:20.903223  5324 LogQuicStats.h:144] server onWrite size=43
I1224 00:21:20.903229  5324 LogQuicStats.h:36] server onPacketProcessed
I1224 00:21:20.903235  5324 LogQuicStats.h:40] server onPacketSent
I1224 00:21:21.094614  5324 QuicServerWorker.cpp:227] Worker=0x55b4a2aebe20, Received data on thread=139711340758784, processId=0
I1224 00:21:21.094642  5324 LogQuicStats.h:24] server onPacketReceived
I1224 00:21:21.094650  5324 LogQuicStats.h:140] server onRead size=1232
I1224 00:21:21.094696  5324 LogQuicStats.h:76] server onClientInitialReceived, version: QUIC_DRAFT
I1224 00:21:21.094727  5324 QuicServerWorker.cpp:545] Creating new connection for client=127.0.0.1:4987, routingInfo=CID=0000000000000000, cidVersion=1, workerId=3, processId=0, hostId=0, threadId=139711340758784, 
I1224 00:21:21.094890  5324 LogQuicStats.h:118] server onStatelessReset
I1224 00:21:21.094923  5324 StateMachine-inl.h:41] Transition from Uninitialized to ExpectingClientHello
I1224 00:21:21.094991  5324 LogQuicStats.h:32] server onOutOfOrderPacketReceived
I1224 00:21:21.095000  5324 ServerStateMachine.cpp:952] Server received crypto data offset=0 len=389 currentReadOffset=0 client CID=0000000000000003 server CID=400000da34ced8a1 peer address=127.0.0.1:4987
I1224 00:21:21.095021  5324 RecordLayer.cpp:82] Received handshake message ClientHello
I1224 00:21:21.095115  5324 ServerHandshake.cpp:167] ServerHandshake error fizz::FizzException: no psk modes
I1224 00:21:21.095160  5324 QuicTransportBase.cpp:1870] onNetworkData fizz::FizzException: no psk modes client CID=0000000000000003 server CID=400000da34ced8a1 peer address=127.0.0.1:4987
I1224 00:21:21.095196  5324 QuicTransportBase.cpp:400] Stopping read looper due to immediate close client CID=0000000000000003 server CID=400000da34ced8a1 peer address=127.0.0.1:4987
I1224 00:21:21.095206  5324 FunctionLooper.cpp:88] stop: ReadLooper
I1224 00:21:21.095212  5324 FunctionLooper.cpp:88] stop: PeekLooper
I1224 00:21:21.095218  5324 FunctionLooper.cpp:88] stop: WriteLooper
I1224 00:21:21.095225  5324 QuicTransportBase.cpp:2651] Clearing 0 peek callbacks
I1224 00:21:21.095232  5324 QuicTransportBase.cpp:852] Stopping read looper client CID=0000000000000003 server CID=400000da34ced8a1 peer address=127.0.0.1:4987
I1224 00:21:21.095238  5324 FunctionLooper.cpp:88] stop: ReadLooper
I1224 00:21:21.095244  5324 QuicTransportBase.cpp:1196] Stopping peek looper client CID=0000000000000003 server CID=400000da34ced8a1 peer address=127.0.0.1:4987
I1224 00:21:21.095252  5324 FunctionLooper.cpp:88] stop: PeekLooper
I1224 00:21:21.095257  5324 QuicTransportBase.cpp:1233] Server stopping write looper because conn closed client CID=0000000000000003 server CID=400000da34ced8a1 peer address=127.0.0.1:4987
I1224 00:21:21.095263  5324 FunctionLooper.cpp:88] stop: WriteLooper
E1224 00:21:21.095270  5324 EchoHandler.h:53] Socket error=Crypto error: missing_extension
I1224 00:21:21.095292  5324 QuicTransportFunctions.cpp:1063] Server sent close packetNum=1111849 in space=InitialSpace client CID=0000000000000003 server CID=400000da34ced8a1 peer address=127.0.0.1:4987
I1224 00:21:21.095315  5324 LogQuicStats.h:144] server onWrite size=82
I1224 00:21:21.095326  5324 QuicTransportBase.cpp:852] Stopping read looper client CID=0000000000000003 server CID=400000da34ced8a1 peer address=127.0.0.1:4987
I1224 00:21:21.095333  5324 FunctionLooper.cpp:88] stop: ReadLooper
I1224 00:21:21.095340  5324 QuicTransportBase.cpp:1196] Stopping peek looper client CID=0000000000000003 server CID=400000da34ced8a1 peer address=127.0.0.1:4987
I1224 00:21:21.095346  5324 FunctionLooper.cpp:88] stop: PeekLooper
I1224 00:21:21.095351  5324 QuicTransportBase.cpp:1233] Server stopping write looper because conn closed client CID=0000000000000003 server CID=400000da34ced8a1 peer address=127.0.0.1:4987
I1224 00:21:21.095358  5324 FunctionLooper.cpp:88] stop: WriteLooper
*** Aborted at 1640305281 (Unix time, try 'date -d @1640305281') ***
*** Signal 15 (SIGTERM) (0x14c3) received by PID 5318 (pthread TID 0x7f1119a15ec0) (linux TID 5318) (maybe from PID 5315, UID 0) (code: 0), stack trace: ***
(error retrieving stack trace)
