I1224 00:22:23.372691  5765 EventBase.cpp:308] EventBase(): Starting loop.
I1224 00:22:23.374970  5766 EventBase.cpp:308] EventBase(): Starting loop.
I1224 00:22:23.375141  5767 EventBase.cpp:308] EventBase(): Starting loop.
I1224 00:22:23.375298  5768 EventBase.cpp:308] EventBase(): Starting loop.
I1224 00:22:23.375437  5769 EventBase.cpp:308] EventBase(): Starting loop.
I1224 00:22:23.379004  5770 EventBase.cpp:308] EventBase(): Starting loop.
I1224 00:22:23.379225  5765 QuicServer.cpp:268] No valid takenover fd found for address=127.0.0.1:4443. binding on worker=0x55654a201ec0 workerId=0 processId=0
I1224 00:22:23.379424  5766 QuicServer.cpp:268] No valid takenover fd found for address=127.0.0.1:4443. binding on worker=0x55654a202500 workerId=1 processId=0
I1224 00:22:23.379601  5767 QuicServer.cpp:268] No valid takenover fd found for address=127.0.0.1:4443. binding on worker=0x55654a202940 workerId=2 processId=0
I1224 00:22:23.379760  5768 QuicServer.cpp:268] No valid takenover fd found for address=127.0.0.1:4443. binding on worker=0x55654a202e20 workerId=3 processId=0
I1224 00:22:23.379920  5769 QuicServer.cpp:268] No valid takenover fd found for address=127.0.0.1:4443. binding on worker=0x55654a203300 workerId=4 processId=0
I1224 00:22:23.380072  5770 QuicServer.cpp:268] No valid takenover fd found for address=127.0.0.1:4443. binding on worker=0x55654a203800 workerId=5 processId=0
I1224 00:22:23.380098  5770 QuicServer.cpp:295] Initialized all workers in the eventbase
I1224 00:22:23.380199  5762 EchoServer.h:90] Echo server started at: 127.0.0.1:4443
I1224 00:22:23.380250  5762 EventBase.cpp:308] EventBase(): Starting loop.
I1224 00:22:23.380267  5765 QuicServerWorker.cpp:134] Registered read on worker=0x55654a201ec0, thread=140171683739392, processId=0
I1224 00:22:23.380280  5769 QuicServerWorker.cpp:134] Registered read on worker=0x55654a203300, thread=140171650168576, processId=0
I1224 00:22:23.380299  5767 QuicServerWorker.cpp:134] Registered read on worker=0x55654a202940, thread=140171666953984, processId=0
I1224 00:22:23.380355  5770 QuicServerWorker.cpp:134] Registered read on worker=0x55654a203800, thread=140171641775872, processId=0
I1224 00:22:23.380285  5766 QuicServerWorker.cpp:134] Registered read on worker=0x55654a202500, thread=140171675346688, processId=0
I1224 00:22:23.380357  5768 QuicServerWorker.cpp:134] Registered read on worker=0x55654a202e20, thread=140171658561280, processId=0
I1224 00:22:28.780845  5768 QuicServerWorker.cpp:227] Worker=0x55654a202e20, Received data on thread=140171658561280, processId=0
I1224 00:22:28.780874  5768 LogQuicStats.h:24] server onPacketReceived
I1224 00:22:28.780881  5768 LogQuicStats.h:140] server onRead size=1232
W1224 00:22:28.780901  5768 Types.cpp:447] toString has unhandled version type
I1224 00:22:28.780896  5768 LogQuicStats.h:76] server onClientInitialReceived, version: UNKNOWN
I1224 00:22:28.780913  5768 QuicServerWorker.cpp:208] Version negotiation sent to client=127.0.0.1:4987
I1224 00:22:28.780921  5768 LogQuicStats.h:144] server onWrite size=43
I1224 00:22:28.780928  5768 LogQuicStats.h:36] server onPacketProcessed
I1224 00:22:28.780934  5768 LogQuicStats.h:40] server onPacketSent
I1224 00:22:28.953436  5768 QuicServerWorker.cpp:227] Worker=0x55654a202e20, Received data on thread=140171658561280, processId=0
I1224 00:22:28.953465  5768 LogQuicStats.h:24] server onPacketReceived
I1224 00:22:28.953474  5768 LogQuicStats.h:140] server onRead size=1232
I1224 00:22:28.953481  5768 LogQuicStats.h:76] server onClientInitialReceived, version: QUIC_DRAFT
I1224 00:22:28.953491  5768 QuicServerWorker.cpp:545] Creating new connection for client=127.0.0.1:4987, routingInfo=CID=0000000000000000, cidVersion=1, workerId=3, processId=0, hostId=0, threadId=140171658561280, 
I1224 00:22:28.953598  5768 LogQuicStats.h:118] server onStatelessReset
I1224 00:22:28.953629  5768 StateMachine-inl.h:41] Transition from Uninitialized to ExpectingClientHello
I1224 00:22:28.953697  5768 LogQuicStats.h:32] server onOutOfOrderPacketReceived
I1224 00:22:28.953706  5768 ServerStateMachine.cpp:952] Server received crypto data offset=0 len=389 currentReadOffset=0 client CID=0000000000000003 server CID=400000c3f543e055 peer address=127.0.0.1:4987
I1224 00:22:28.953727  5768 RecordLayer.cpp:82] Received handshake message ClientHello
I1224 00:22:28.953857  5768 ServerHandshake.cpp:167] ServerHandshake error fizz::FizzException: no psk modes
I1224 00:22:28.953909  5768 QuicTransportBase.cpp:1870] onNetworkData fizz::FizzException: no psk modes client CID=0000000000000003 server CID=400000c3f543e055 peer address=127.0.0.1:4987
I1224 00:22:28.953924  5768 QuicTransportBase.cpp:400] Stopping read looper due to immediate close client CID=0000000000000003 server CID=400000c3f543e055 peer address=127.0.0.1:4987
I1224 00:22:28.953933  5768 FunctionLooper.cpp:88] stop: ReadLooper
I1224 00:22:28.953938  5768 FunctionLooper.cpp:88] stop: PeekLooper
I1224 00:22:28.953945  5768 FunctionLooper.cpp:88] stop: WriteLooper
I1224 00:22:28.953958  5768 QuicTransportBase.cpp:2651] Clearing 0 peek callbacks
I1224 00:22:28.953963  5768 QuicTransportBase.cpp:852] Stopping read looper client CID=0000000000000003 server CID=400000c3f543e055 peer address=127.0.0.1:4987
I1224 00:22:28.953970  5768 FunctionLooper.cpp:88] stop: ReadLooper
I1224 00:22:28.953977  5768 QuicTransportBase.cpp:1196] Stopping peek looper client CID=0000000000000003 server CID=400000c3f543e055 peer address=127.0.0.1:4987
I1224 00:22:28.953984  5768 FunctionLooper.cpp:88] stop: PeekLooper
I1224 00:22:28.954003  5768 QuicTransportBase.cpp:1233] Server stopping write looper because conn closed client CID=0000000000000003 server CID=400000c3f543e055 peer address=127.0.0.1:4987
I1224 00:22:28.954010  5768 FunctionLooper.cpp:88] stop: WriteLooper
E1224 00:22:28.954017  5768 EchoHandler.h:53] Socket error=Crypto error: missing_extension
I1224 00:22:28.954038  5768 QuicTransportFunctions.cpp:1063] Server sent close packetNum=13465570 in space=InitialSpace client CID=0000000000000003 server CID=400000c3f543e055 peer address=127.0.0.1:4987
I1224 00:22:28.954061  5768 LogQuicStats.h:144] server onWrite size=83
I1224 00:22:28.954071  5768 QuicTransportBase.cpp:852] Stopping read looper client CID=0000000000000003 server CID=400000c3f543e055 peer address=127.0.0.1:4987
I1224 00:22:28.954079  5768 FunctionLooper.cpp:88] stop: ReadLooper
I1224 00:22:28.954085  5768 QuicTransportBase.cpp:1196] Stopping peek looper client CID=0000000000000003 server CID=400000c3f543e055 peer address=127.0.0.1:4987
I1224 00:22:28.954092  5768 FunctionLooper.cpp:88] stop: PeekLooper
I1224 00:22:28.954097  5768 QuicTransportBase.cpp:1233] Server stopping write looper because conn closed client CID=0000000000000003 server CID=400000c3f543e055 peer address=127.0.0.1:4987
I1224 00:22:28.954104  5768 FunctionLooper.cpp:88] stop: WriteLooper
*** Aborted at 1640305348 (Unix time, try 'date -d @1640305348') ***
*** Signal 15 (SIGTERM) (0x167f) received by PID 5762 (pthread TID 0x7f7c46b59ec0) (linux TID 5762) (maybe from PID 5759, UID 0) (code: 0), stack trace: ***
(error retrieving stack trace)
