I1223 18:27:42.045076  9342 EventBase.cpp:308] EventBase(): Starting loop.
I1223 18:27:42.045274  9343 EventBase.cpp:308] EventBase(): Starting loop.
I1223 18:27:42.045642  9344 EventBase.cpp:308] EventBase(): Starting loop.
I1223 18:27:42.045792  9345 EventBase.cpp:308] EventBase(): Starting loop.
I1223 18:27:42.045923  9346 EventBase.cpp:308] EventBase(): Starting loop.
I1223 18:27:42.046064  9347 EventBase.cpp:308] EventBase(): Starting loop.
I1223 18:27:42.046207  9342 QuicServer.cpp:268] No valid takenover fd found for address=127.0.0.1:4443. binding on worker=0x55b0d4498040 workerId=0 processId=0
I1223 18:27:42.046388  9343 QuicServer.cpp:268] No valid takenover fd found for address=127.0.0.1:4443. binding on worker=0x55b0d4498680 workerId=1 processId=0
I1223 18:27:42.046556  9344 QuicServer.cpp:268] No valid takenover fd found for address=127.0.0.1:4443. binding on worker=0x55b0d4498b30 workerId=2 processId=0
I1223 18:27:42.046725  9345 QuicServer.cpp:268] No valid takenover fd found for address=127.0.0.1:4443. binding on worker=0x55b0d4499010 workerId=3 processId=0
I1223 18:27:42.046931  9346 QuicServer.cpp:268] No valid takenover fd found for address=127.0.0.1:4443. binding on worker=0x55b0d44994f0 workerId=4 processId=0
I1223 18:27:42.047101  9347 QuicServer.cpp:268] No valid takenover fd found for address=127.0.0.1:4443. binding on worker=0x55b0d44999f0 workerId=5 processId=0
I1223 18:27:42.047132  9347 QuicServer.cpp:295] Initialized all workers in the eventbase
I1223 18:27:42.047237  9339 EchoServer.h:90] Echo server started at: 127.0.0.1:4443
I1223 18:27:42.047256  9339 EventBase.cpp:308] EventBase(): Starting loop.
I1223 18:27:42.047297  9342 QuicServerWorker.cpp:134] Registered read on worker=0x55b0d4498040, thread=140086391973632, processId=0
I1223 18:27:42.047330  9343 QuicServerWorker.cpp:134] Registered read on worker=0x55b0d4498680, thread=140086383580928, processId=0
I1223 18:27:42.047340  9347 QuicServerWorker.cpp:134] Registered read on worker=0x55b0d44999f0, thread=140086350010112, processId=0
I1223 18:27:42.047361  9344 QuicServerWorker.cpp:134] Registered read on worker=0x55b0d4498b30, thread=140086375188224, processId=0
I1223 18:27:42.047343  9345 QuicServerWorker.cpp:134] Registered read on worker=0x55b0d4499010, thread=140086366795520, processId=0
I1223 18:27:42.047417  9346 QuicServerWorker.cpp:134] Registered read on worker=0x55b0d44994f0, thread=140086358402816, processId=0
I1223 18:27:47.857652  9345 QuicServerWorker.cpp:227] Worker=0x55b0d4499010, Received data on thread=140086366795520, processId=0
I1223 18:27:47.857682  9345 LogQuicStats.h:24] server onPacketReceived
I1223 18:27:47.857690  9345 LogQuicStats.h:140] server onRead size=1232
I1223 18:27:47.857707  9345 LogQuicStats.h:76] server onClientInitialReceived, version: QUIC_DRAFT
I1223 18:27:47.857718  9345 QuicServerWorker.cpp:545] Creating new connection for client=127.0.0.1:4987, routingInfo=CID=0000000000000002, cidVersion=1, workerId=3, processId=0, hostId=0, threadId=140086366795520, 
I1223 18:27:47.857837  9345 LogQuicStats.h:118] server onStatelessReset
I1223 18:27:47.857867  9345 StateMachine-inl.h:41] Transition from Uninitialized to ExpectingClientHello
I1223 18:27:47.857939  9345 LogQuicStats.h:32] server onOutOfOrderPacketReceived
I1223 18:27:47.857949  9345 ServerStateMachine.cpp:952] Server received crypto data offset=0 len=391 currentReadOffset=0 client CID=0000000000000001 server CID=400000dd2c80d6f3 peer address=127.0.0.1:4987
I1223 18:27:47.857965  9345 RecordLayer.cpp:82] Received handshake message ClientHello
I1223 18:27:47.858093  9345 ServerHandshake.cpp:167] ServerHandshake error fizz::FizzException: no psk modes
I1223 18:27:47.858141  9345 QuicTransportBase.cpp:1870] onNetworkData fizz::FizzException: no psk modes client CID=0000000000000001 server CID=400000dd2c80d6f3 peer address=127.0.0.1:4987
I1223 18:27:47.858157  9345 QuicTransportBase.cpp:400] Stopping read looper due to immediate close client CID=0000000000000001 server CID=400000dd2c80d6f3 peer address=127.0.0.1:4987
I1223 18:27:47.858167  9345 FunctionLooper.cpp:88] stop: ReadLooper
I1223 18:27:47.858208  9345 FunctionLooper.cpp:88] stop: PeekLooper
I1223 18:27:47.858217  9345 FunctionLooper.cpp:88] stop: WriteLooper
I1223 18:27:47.858232  9345 QuicTransportBase.cpp:2651] Clearing 0 peek callbacks
I1223 18:27:47.858239  9345 QuicTransportBase.cpp:852] Stopping read looper client CID=0000000000000001 server CID=400000dd2c80d6f3 peer address=127.0.0.1:4987
I1223 18:27:47.858249  9345 FunctionLooper.cpp:88] stop: ReadLooper
I1223 18:27:47.858256  9345 QuicTransportBase.cpp:1196] Stopping peek looper client CID=0000000000000001 server CID=400000dd2c80d6f3 peer address=127.0.0.1:4987
I1223 18:27:47.858263  9345 FunctionLooper.cpp:88] stop: PeekLooper
I1223 18:27:47.858270  9345 QuicTransportBase.cpp:1233] Server stopping write looper because conn closed client CID=0000000000000001 server CID=400000dd2c80d6f3 peer address=127.0.0.1:4987
I1223 18:27:47.858278  9345 FunctionLooper.cpp:88] stop: WriteLooper
E1223 18:27:47.858286  9345 EchoHandler.h:53] Socket error=Crypto error: missing_extension
I1223 18:27:47.858310  9345 QuicTransportFunctions.cpp:1063] Server sent close packetNum=15670647 in space=InitialSpace client CID=0000000000000001 server CID=400000dd2c80d6f3 peer address=127.0.0.1:4987
I1223 18:27:47.858340  9345 LogQuicStats.h:144] server onWrite size=83
I1223 18:27:47.858351  9345 QuicTransportBase.cpp:852] Stopping read looper client CID=0000000000000001 server CID=400000dd2c80d6f3 peer address=127.0.0.1:4987
I1223 18:27:47.858361  9345 FunctionLooper.cpp:88] stop: ReadLooper
I1223 18:27:47.858367  9345 QuicTransportBase.cpp:1196] Stopping peek looper client CID=0000000000000001 server CID=400000dd2c80d6f3 peer address=127.0.0.1:4987
I1223 18:27:47.858374  9345 FunctionLooper.cpp:88] stop: PeekLooper
I1223 18:27:47.858381  9345 QuicTransportBase.cpp:1233] Server stopping write looper because conn closed client CID=0000000000000001 server CID=400000dd2c80d6f3 peer address=127.0.0.1:4987
I1223 18:27:47.858389  9345 FunctionLooper.cpp:88] stop: WriteLooper
*** Aborted at 1640284067 (Unix time, try 'date -d @1640284067') ***
*** Signal 15 (SIGTERM) (0x2478) received by PID 9339 (pthread TID 0x7f686aec8ec0) (linux TID 9339) (maybe from PID 9336, UID 0) (code: 0), stack trace: ***
(error retrieving stack trace)
