I1223 18:27:13.535400  9157 EventBase.cpp:308] EventBase(): Starting loop.
I1223 18:27:13.542313  9158 EventBase.cpp:308] EventBase(): Starting loop.
I1223 18:27:13.542491  9159 EventBase.cpp:308] EventBase(): Starting loop.
I1223 18:27:13.542766  9160 EventBase.cpp:308] EventBase(): Starting loop.
I1223 18:27:13.542995  9161 EventBase.cpp:308] EventBase(): Starting loop.
I1223 18:27:13.543444  9162 EventBase.cpp:308] EventBase(): Starting loop.
I1223 18:27:13.543571  9157 QuicServer.cpp:268] No valid takenover fd found for address=127.0.0.1:4443. binding on worker=0x556416e42040 workerId=0 processId=0
I1223 18:27:13.543772  9158 QuicServer.cpp:268] No valid takenover fd found for address=127.0.0.1:4443. binding on worker=0x556416e42680 workerId=1 processId=0
I1223 18:27:13.543941  9159 QuicServer.cpp:268] No valid takenover fd found for address=127.0.0.1:4443. binding on worker=0x556416e42b30 workerId=2 processId=0
I1223 18:27:13.544107  9160 QuicServer.cpp:268] No valid takenover fd found for address=127.0.0.1:4443. binding on worker=0x556416e43010 workerId=3 processId=0
I1223 18:27:13.544265  9161 QuicServer.cpp:268] No valid takenover fd found for address=127.0.0.1:4443. binding on worker=0x556416e434f0 workerId=4 processId=0
I1223 18:27:13.544394  9162 QuicServer.cpp:268] No valid takenover fd found for address=127.0.0.1:4443. binding on worker=0x556416e439f0 workerId=5 processId=0
I1223 18:27:13.544421  9162 QuicServer.cpp:295] Initialized all workers in the eventbase
I1223 18:27:13.544533  9154 EchoServer.h:90] Echo server started at: 127.0.0.1:4443
I1223 18:27:13.544584  9154 EventBase.cpp:308] EventBase(): Starting loop.
I1223 18:27:13.544636  9159 QuicServerWorker.cpp:134] Registered read on worker=0x556416e42b30, thread=139970224318208, processId=0
I1223 18:27:13.544639  9157 QuicServerWorker.cpp:134] Registered read on worker=0x556416e42040, thread=139970312984320, processId=0
I1223 18:27:13.544695  9162 QuicServerWorker.cpp:134] Registered read on worker=0x556416e439f0, thread=139970199140096, processId=0
I1223 18:27:13.544644  9160 QuicServerWorker.cpp:134] Registered read on worker=0x556416e43010, thread=139970215925504, processId=0
I1223 18:27:13.544806  9161 QuicServerWorker.cpp:134] Registered read on worker=0x556416e434f0, thread=139970207532800, processId=0
I1223 18:27:13.544672  9158 QuicServerWorker.cpp:134] Registered read on worker=0x556416e42680, thread=139970232710912, processId=0
I1223 18:27:19.026964  9160 QuicServerWorker.cpp:227] Worker=0x556416e43010, Received data on thread=139970215925504, processId=0
I1223 18:27:19.026998  9160 LogQuicStats.h:24] server onPacketReceived
I1223 18:27:19.027005  9160 LogQuicStats.h:140] server onRead size=1232
I1223 18:27:19.027022  9160 LogQuicStats.h:76] server onClientInitialReceived, version: QUIC_DRAFT
I1223 18:27:19.027034  9160 QuicServerWorker.cpp:545] Creating new connection for client=127.0.0.1:4987, routingInfo=CID=0000000000000002, cidVersion=1, workerId=3, processId=0, hostId=0, threadId=139970215925504, 
I1223 18:27:19.027175  9160 LogQuicStats.h:118] server onStatelessReset
I1223 18:27:19.027210  9160 StateMachine-inl.h:41] Transition from Uninitialized to ExpectingClientHello
I1223 18:27:19.027281  9160 LogQuicStats.h:32] server onOutOfOrderPacketReceived
I1223 18:27:19.027290  9160 ServerStateMachine.cpp:952] Server received crypto data offset=0 len=391 currentReadOffset=0 client CID=0000000000000001 server CID=400000ce80f120ab peer address=127.0.0.1:4987
I1223 18:27:19.027308  9160 RecordLayer.cpp:82] Received handshake message ClientHello
I1223 18:27:19.027411  9160 ServerHandshake.cpp:167] ServerHandshake error fizz::FizzException: no psk modes
I1223 18:27:19.027457  9160 QuicTransportBase.cpp:1870] onNetworkData fizz::FizzException: no psk modes client CID=0000000000000001 server CID=400000ce80f120ab peer address=127.0.0.1:4987
I1223 18:27:19.027473  9160 QuicTransportBase.cpp:400] Stopping read looper due to immediate close client CID=0000000000000001 server CID=400000ce80f120ab peer address=127.0.0.1:4987
I1223 18:27:19.027482  9160 FunctionLooper.cpp:88] stop: ReadLooper
I1223 18:27:19.027496  9160 FunctionLooper.cpp:88] stop: PeekLooper
I1223 18:27:19.027503  9160 FunctionLooper.cpp:88] stop: WriteLooper
I1223 18:27:19.027515  9160 QuicTransportBase.cpp:2651] Clearing 0 peek callbacks
I1223 18:27:19.027523  9160 QuicTransportBase.cpp:852] Stopping read looper client CID=0000000000000001 server CID=400000ce80f120ab peer address=127.0.0.1:4987
I1223 18:27:19.027530  9160 FunctionLooper.cpp:88] stop: ReadLooper
I1223 18:27:19.027537  9160 QuicTransportBase.cpp:1196] Stopping peek looper client CID=0000000000000001 server CID=400000ce80f120ab peer address=127.0.0.1:4987
I1223 18:27:19.027544  9160 FunctionLooper.cpp:88] stop: PeekLooper
I1223 18:27:19.027551  9160 QuicTransportBase.cpp:1233] Server stopping write looper because conn closed client CID=0000000000000001 server CID=400000ce80f120ab peer address=127.0.0.1:4987
I1223 18:27:19.027559  9160 FunctionLooper.cpp:88] stop: WriteLooper
E1223 18:27:19.027566  9160 EchoHandler.h:53] Socket error=Crypto error: missing_extension
I1223 18:27:19.027587  9160 QuicTransportFunctions.cpp:1063] Server sent close packetNum=13197311 in space=InitialSpace client CID=0000000000000001 server CID=400000ce80f120ab peer address=127.0.0.1:4987
I1223 18:27:19.027614  9160 LogQuicStats.h:144] server onWrite size=83
I1223 18:27:19.027626  9160 QuicTransportBase.cpp:852] Stopping read looper client CID=0000000000000001 server CID=400000ce80f120ab peer address=127.0.0.1:4987
I1223 18:27:19.027634  9160 FunctionLooper.cpp:88] stop: ReadLooper
I1223 18:27:19.027640  9160 QuicTransportBase.cpp:1196] Stopping peek looper client CID=0000000000000001 server CID=400000ce80f120ab peer address=127.0.0.1:4987
I1223 18:27:19.027647  9160 FunctionLooper.cpp:88] stop: PeekLooper
I1223 18:27:19.027654  9160 QuicTransportBase.cpp:1233] Server stopping write looper because conn closed client CID=0000000000000001 server CID=400000ce80f120ab peer address=127.0.0.1:4987
I1223 18:27:19.027662  9160 FunctionLooper.cpp:88] stop: WriteLooper
*** Aborted at 1640284039 (Unix time, try 'date -d @1640284039') ***
*** Signal 15 (SIGTERM) (0x23bf) received by PID 9154 (pthread TID 0x7f4d6413bec0) (linux TID 9154) (maybe from PID 9151, UID 0) (code: 0), stack trace: ***
(error retrieving stack trace)
