I1223 18:33:36.121313 11636 EventBase.cpp:308] EventBase(): Starting loop.
I1223 18:33:36.121493 11637 EventBase.cpp:308] EventBase(): Starting loop.
I1223 18:33:36.123052 11638 EventBase.cpp:308] EventBase(): Starting loop.
I1223 18:33:36.123330 11639 EventBase.cpp:308] EventBase(): Starting loop.
I1223 18:33:36.127640 11640 EventBase.cpp:308] EventBase(): Starting loop.
I1223 18:33:36.131500 11641 EventBase.cpp:308] EventBase(): Starting loop.
I1223 18:33:36.131615 11636 QuicServer.cpp:268] No valid takenover fd found for address=127.0.0.1:4443. binding on worker=0x5598e0b11040 workerId=0 processId=0
I1223 18:33:36.131796 11637 QuicServer.cpp:268] No valid takenover fd found for address=127.0.0.1:4443. binding on worker=0x5598e0b11680 workerId=1 processId=0
I1223 18:33:36.131949 11638 QuicServer.cpp:268] No valid takenover fd found for address=127.0.0.1:4443. binding on worker=0x5598e0b11b30 workerId=2 processId=0
I1223 18:33:36.136114 11639 QuicServer.cpp:268] No valid takenover fd found for address=127.0.0.1:4443. binding on worker=0x5598e0b12010 workerId=3 processId=0
I1223 18:33:36.136332 11640 QuicServer.cpp:268] No valid takenover fd found for address=127.0.0.1:4443. binding on worker=0x5598e0b124f0 workerId=4 processId=0
I1223 18:33:36.136494 11641 QuicServer.cpp:268] No valid takenover fd found for address=127.0.0.1:4443. binding on worker=0x5598e0b129f0 workerId=5 processId=0
I1223 18:33:36.136521 11641 QuicServer.cpp:295] Initialized all workers in the eventbase
I1223 18:33:36.136638 11633 EchoServer.h:90] Echo server started at: 127.0.0.1:4443
I1223 18:33:36.136683 11633 EventBase.cpp:308] EventBase(): Starting loop.
I1223 18:33:36.136696 11636 QuicServerWorker.cpp:134] Registered read on worker=0x5598e0b11040, thread=140658041120512, processId=0
I1223 18:33:36.136713 11640 QuicServerWorker.cpp:134] Registered read on worker=0x5598e0b124f0, thread=140657939171072, processId=0
I1223 18:33:36.136729 11639 QuicServerWorker.cpp:134] Registered read on worker=0x5598e0b12010, thread=140657947563776, processId=0
I1223 18:33:36.136740 11638 QuicServerWorker.cpp:134] Registered read on worker=0x5598e0b11b30, thread=140657955956480, processId=0
I1223 18:33:36.136754 11641 QuicServerWorker.cpp:134] Registered read on worker=0x5598e0b129f0, thread=140657930778368, processId=0
I1223 18:33:36.136736 11637 QuicServerWorker.cpp:134] Registered read on worker=0x5598e0b11680, thread=140657964349184, processId=0
I1223 18:33:41.702001 11639 QuicServerWorker.cpp:227] Worker=0x5598e0b12010, Received data on thread=140657947563776, processId=0
I1223 18:33:41.702031 11639 LogQuicStats.h:24] server onPacketReceived
I1223 18:33:41.702039 11639 LogQuicStats.h:140] server onRead size=1232
I1223 18:33:41.702059 11639 LogQuicStats.h:76] server onClientInitialReceived, version: QUIC_DRAFT
I1223 18:33:41.702069 11639 QuicServerWorker.cpp:545] Creating new connection for client=127.0.0.1:4987, routingInfo=CID=0000000000000002, cidVersion=1, workerId=3, processId=0, hostId=0, threadId=140657947563776, 
I1223 18:33:41.702201 11639 LogQuicStats.h:118] server onStatelessReset
I1223 18:33:41.702235 11639 StateMachine-inl.h:41] Transition from Uninitialized to ExpectingClientHello
I1223 18:33:41.702303 11639 LogQuicStats.h:32] server onOutOfOrderPacketReceived
I1223 18:33:41.702312 11639 ServerStateMachine.cpp:952] Server received crypto data offset=0 len=391 currentReadOffset=0 client CID=0000000000000001 server CID=400000d6d71d787a peer address=127.0.0.1:4987
I1223 18:33:41.702328 11639 RecordLayer.cpp:82] Received handshake message ClientHello
I1223 18:33:41.702426 11639 ServerHandshake.cpp:167] ServerHandshake error fizz::FizzException: no psk modes
I1223 18:33:41.702471 11639 QuicTransportBase.cpp:1870] onNetworkData fizz::FizzException: no psk modes client CID=0000000000000001 server CID=400000d6d71d787a peer address=127.0.0.1:4987
I1223 18:33:41.702486 11639 QuicTransportBase.cpp:400] Stopping read looper due to immediate close client CID=0000000000000001 server CID=400000d6d71d787a peer address=127.0.0.1:4987
I1223 18:33:41.702493 11639 FunctionLooper.cpp:88] stop: ReadLooper
I1223 18:33:41.702507 11639 FunctionLooper.cpp:88] stop: PeekLooper
I1223 18:33:41.702512 11639 FunctionLooper.cpp:88] stop: WriteLooper
I1223 18:33:41.702519 11639 QuicTransportBase.cpp:2651] Clearing 0 peek callbacks
I1223 18:33:41.702526 11639 QuicTransportBase.cpp:852] Stopping read looper client CID=0000000000000001 server CID=400000d6d71d787a peer address=127.0.0.1:4987
I1223 18:33:41.702533 11639 FunctionLooper.cpp:88] stop: ReadLooper
I1223 18:33:41.702539 11639 QuicTransportBase.cpp:1196] Stopping peek looper client CID=0000000000000001 server CID=400000d6d71d787a peer address=127.0.0.1:4987
I1223 18:33:41.702546 11639 FunctionLooper.cpp:88] stop: PeekLooper
I1223 18:33:41.702553 11639 QuicTransportBase.cpp:1233] Server stopping write looper because conn closed client CID=0000000000000001 server CID=400000d6d71d787a peer address=127.0.0.1:4987
I1223 18:33:41.702559 11639 FunctionLooper.cpp:88] stop: WriteLooper
E1223 18:33:41.702566 11639 EchoHandler.h:53] Socket error=Crypto error: missing_extension
I1223 18:33:41.702586 11639 QuicTransportFunctions.cpp:1063] Server sent close packetNum=9128693 in space=InitialSpace client CID=0000000000000001 server CID=400000d6d71d787a peer address=127.0.0.1:4987
I1223 18:33:41.702610 11639 LogQuicStats.h:144] server onWrite size=83
I1223 18:33:41.702620 11639 QuicTransportBase.cpp:852] Stopping read looper client CID=0000000000000001 server CID=400000d6d71d787a peer address=127.0.0.1:4987
I1223 18:33:41.702628 11639 FunctionLooper.cpp:88] stop: ReadLooper
I1223 18:33:41.702634 11639 QuicTransportBase.cpp:1196] Stopping peek looper client CID=0000000000000001 server CID=400000d6d71d787a peer address=127.0.0.1:4987
I1223 18:33:41.702641 11639 FunctionLooper.cpp:88] stop: PeekLooper
I1223 18:33:41.702651 11639 QuicTransportBase.cpp:1233] Server stopping write looper because conn closed client CID=0000000000000001 server CID=400000d6d71d787a peer address=127.0.0.1:4987
I1223 18:33:41.702657 11639 FunctionLooper.cpp:88] stop: WriteLooper
*** Aborted at 1640284421 (Unix time, try 'date -d @1640284421') ***
*** Signal 15 (SIGTERM) (0x2d6e) received by PID 11633 (pthread TID 0x7fed83de4ec0) (linux TID 11633) (maybe from PID 11630, UID 0) (code: 0), stack trace: ***
(error retrieving stack trace)
