I1224 00:16:09.273342  3323 EventBase.cpp:308] EventBase(): Starting loop.
I1224 00:16:09.275372  3324 EventBase.cpp:308] EventBase(): Starting loop.
I1224 00:16:09.280658  3325 EventBase.cpp:308] EventBase(): Starting loop.
I1224 00:16:09.283344  3326 EventBase.cpp:308] EventBase(): Starting loop.
I1224 00:16:09.284299  3327 EventBase.cpp:308] EventBase(): Starting loop.
I1224 00:16:09.284508  3328 EventBase.cpp:308] EventBase(): Starting loop.
I1224 00:16:09.284632  3323 QuicServer.cpp:268] No valid takenover fd found for address=127.0.0.1:4443. binding on worker=0x56254e958ec0 workerId=0 processId=0
I1224 00:16:09.284802  3324 QuicServer.cpp:268] No valid takenover fd found for address=127.0.0.1:4443. binding on worker=0x56254e959500 workerId=1 processId=0
I1224 00:16:09.284961  3325 QuicServer.cpp:268] No valid takenover fd found for address=127.0.0.1:4443. binding on worker=0x56254e959940 workerId=2 processId=0
I1224 00:16:09.285065  3326 QuicServer.cpp:268] No valid takenover fd found for address=127.0.0.1:4443. binding on worker=0x56254e959e20 workerId=3 processId=0
I1224 00:16:09.285180  3327 QuicServer.cpp:268] No valid takenover fd found for address=127.0.0.1:4443. binding on worker=0x56254e95a300 workerId=4 processId=0
I1224 00:16:09.285337  3328 QuicServer.cpp:268] No valid takenover fd found for address=127.0.0.1:4443. binding on worker=0x56254e95a800 workerId=5 processId=0
I1224 00:16:09.285367  3328 QuicServer.cpp:295] Initialized all workers in the eventbase
I1224 00:16:09.285460  3320 EchoServer.h:90] Echo server started at: 127.0.0.1:4443
I1224 00:16:09.285476  3320 EventBase.cpp:308] EventBase(): Starting loop.
I1224 00:16:09.285514  3326 QuicServerWorker.cpp:134] Registered read on worker=0x56254e959e20, thread=139851675064064, processId=0
I1224 00:16:09.285524  3324 QuicServerWorker.cpp:134] Registered read on worker=0x56254e959500, thread=139851691849472, processId=0
I1224 00:16:09.285550  3328 QuicServerWorker.cpp:134] Registered read on worker=0x56254e95a800, thread=139851315803904, processId=0
I1224 00:16:09.285565  3323 QuicServerWorker.cpp:134] Registered read on worker=0x56254e958ec0, thread=139851700242176, processId=0
I1224 00:16:09.285617  3325 QuicServerWorker.cpp:134] Registered read on worker=0x56254e959940, thread=139851683456768, processId=0
I1224 00:16:09.285557  3327 QuicServerWorker.cpp:134] Registered read on worker=0x56254e95a300, thread=139851666671360, processId=0
I1224 00:16:14.630522  3326 QuicServerWorker.cpp:227] Worker=0x56254e959e20, Received data on thread=139851675064064, processId=0
I1224 00:16:14.630569  3326 LogQuicStats.h:24] server onPacketReceived
I1224 00:16:14.630578  3326 LogQuicStats.h:140] server onRead size=1232
W1224 00:16:14.630601  3326 Types.cpp:447] toString has unhandled version type
I1224 00:16:14.630595  3326 LogQuicStats.h:76] server onClientInitialReceived, version: UNKNOWN
I1224 00:16:14.630620  3326 QuicServerWorker.cpp:208] Version negotiation sent to client=127.0.0.1:4987
I1224 00:16:14.630628  3326 LogQuicStats.h:144] server onWrite size=43
I1224 00:16:14.630635  3326 LogQuicStats.h:36] server onPacketProcessed
I1224 00:16:14.630641  3326 LogQuicStats.h:40] server onPacketSent
I1224 00:16:14.808007  3326 QuicServerWorker.cpp:227] Worker=0x56254e959e20, Received data on thread=139851675064064, processId=0
I1224 00:16:14.808037  3326 LogQuicStats.h:24] server onPacketReceived
I1224 00:16:14.808044  3326 LogQuicStats.h:140] server onRead size=1232
I1224 00:16:14.808053  3326 LogQuicStats.h:76] server onClientInitialReceived, version: QUIC_DRAFT
I1224 00:16:14.808063  3326 QuicServerWorker.cpp:545] Creating new connection for client=127.0.0.1:4987, routingInfo=CID=0000000000000000, cidVersion=1, workerId=3, processId=0, hostId=0, threadId=139851675064064, 
I1224 00:16:14.808209  3326 LogQuicStats.h:118] server onStatelessReset
I1224 00:16:14.808243  3326 StateMachine-inl.h:41] Transition from Uninitialized to ExpectingClientHello
I1224 00:16:14.808308  3326 LogQuicStats.h:32] server onOutOfOrderPacketReceived
I1224 00:16:14.808317  3326 ServerStateMachine.cpp:952] Server received crypto data offset=0 len=391 currentReadOffset=0 client CID=0000000000000003 server CID=400000cb9c194344 peer address=127.0.0.1:4987
I1224 00:16:14.808339  3326 RecordLayer.cpp:82] Received handshake message ClientHello
I1224 00:16:14.808435  3326 ServerHandshake.cpp:167] ServerHandshake error fizz::FizzException: no psk modes
I1224 00:16:14.808481  3326 QuicTransportBase.cpp:1870] onNetworkData fizz::FizzException: no psk modes client CID=0000000000000003 server CID=400000cb9c194344 peer address=127.0.0.1:4987
I1224 00:16:14.808495  3326 QuicTransportBase.cpp:400] Stopping read looper due to immediate close client CID=0000000000000003 server CID=400000cb9c194344 peer address=127.0.0.1:4987
I1224 00:16:14.808503  3326 FunctionLooper.cpp:88] stop: ReadLooper
I1224 00:16:14.808509  3326 FunctionLooper.cpp:88] stop: PeekLooper
I1224 00:16:14.808516  3326 FunctionLooper.cpp:88] stop: WriteLooper
I1224 00:16:14.808522  3326 QuicTransportBase.cpp:2651] Clearing 0 peek callbacks
I1224 00:16:14.808529  3326 QuicTransportBase.cpp:852] Stopping read looper client CID=0000000000000003 server CID=400000cb9c194344 peer address=127.0.0.1:4987
I1224 00:16:14.808537  3326 FunctionLooper.cpp:88] stop: ReadLooper
I1224 00:16:14.808542  3326 QuicTransportBase.cpp:1196] Stopping peek looper client CID=0000000000000003 server CID=400000cb9c194344 peer address=127.0.0.1:4987
I1224 00:16:14.808548  3326 FunctionLooper.cpp:88] stop: PeekLooper
I1224 00:16:14.808555  3326 QuicTransportBase.cpp:1233] Server stopping write looper because conn closed client CID=0000000000000003 server CID=400000cb9c194344 peer address=127.0.0.1:4987
I1224 00:16:14.808562  3326 FunctionLooper.cpp:88] stop: WriteLooper
E1224 00:16:14.808569  3326 EchoHandler.h:53] Socket error=Crypto error: missing_extension
I1224 00:16:14.808588  3326 QuicTransportFunctions.cpp:1063] Server sent close packetNum=3688157 in space=InitialSpace client CID=0000000000000003 server CID=400000cb9c194344 peer address=127.0.0.1:4987
I1224 00:16:14.808612  3326 LogQuicStats.h:144] server onWrite size=82
I1224 00:16:14.808624  3326 QuicTransportBase.cpp:852] Stopping read looper client CID=0000000000000003 server CID=400000cb9c194344 peer address=127.0.0.1:4987
I1224 00:16:14.808630  3326 FunctionLooper.cpp:88] stop: ReadLooper
I1224 00:16:14.808636  3326 QuicTransportBase.cpp:1196] Stopping peek looper client CID=0000000000000003 server CID=400000cb9c194344 peer address=127.0.0.1:4987
I1224 00:16:14.808643  3326 FunctionLooper.cpp:88] stop: PeekLooper
I1224 00:16:14.808650  3326 QuicTransportBase.cpp:1233] Server stopping write looper because conn closed client CID=0000000000000003 server CID=400000cb9c194344 peer address=127.0.0.1:4987
I1224 00:16:14.808656  3326 FunctionLooper.cpp:88] stop: WriteLooper
*** Aborted at 1640304974 (Unix time, try 'date -d @1640304974') ***
*** Signal 15 (SIGTERM) (0xcf5) received by PID 3320 (pthread TID 0x7f31c634eec0) (linux TID 3320) (maybe from PID 3317, UID 0) (code: 0), stack trace: ***
(error retrieving stack trace)
