I1223 18:35:30.204524 12376 EventBase.cpp:308] EventBase(): Starting loop.
I1223 18:35:30.207556 12377 EventBase.cpp:308] EventBase(): Starting loop.
I1223 18:35:30.207731 12378 EventBase.cpp:308] EventBase(): Starting loop.
I1223 18:35:30.216316 12379 EventBase.cpp:308] EventBase(): Starting loop.
I1223 18:35:30.219422 12380 EventBase.cpp:308] EventBase(): Starting loop.
I1223 18:35:30.219605 12381 EventBase.cpp:308] EventBase(): Starting loop.
I1223 18:35:30.219774 12376 QuicServer.cpp:268] No valid takenover fd found for address=127.0.0.1:4443. binding on worker=0x56386eea7040 workerId=0 processId=0
I1223 18:35:30.219972 12377 QuicServer.cpp:268] No valid takenover fd found for address=127.0.0.1:4443. binding on worker=0x56386eea7680 workerId=1 processId=0
I1223 18:35:30.220139 12378 QuicServer.cpp:268] No valid takenover fd found for address=127.0.0.1:4443. binding on worker=0x56386eea7b30 workerId=2 processId=0
I1223 18:35:30.220304 12379 QuicServer.cpp:268] No valid takenover fd found for address=127.0.0.1:4443. binding on worker=0x56386eea8010 workerId=3 processId=0
I1223 18:35:30.220458 12380 QuicServer.cpp:268] No valid takenover fd found for address=127.0.0.1:4443. binding on worker=0x56386eea84f0 workerId=4 processId=0
I1223 18:35:30.220618 12381 QuicServer.cpp:268] No valid takenover fd found for address=127.0.0.1:4443. binding on worker=0x56386eea89f0 workerId=5 processId=0
I1223 18:35:30.220646 12381 QuicServer.cpp:295] Initialized all workers in the eventbase
I1223 18:35:30.220767 12373 EchoServer.h:90] Echo server started at: 127.0.0.1:4443
I1223 18:35:30.220786 12373 EventBase.cpp:308] EventBase(): Starting loop.
I1223 18:35:30.220818 12376 QuicServerWorker.cpp:134] Registered read on worker=0x56386eea7040, thread=140386797561600, processId=0
I1223 18:35:30.220844 12378 QuicServerWorker.cpp:134] Registered read on worker=0x56386eea7b30, thread=140386710320896, processId=0
I1223 18:35:30.220866 12379 QuicServerWorker.cpp:134] Registered read on worker=0x56386eea8010, thread=140386701928192, processId=0
I1223 18:35:30.220899 12377 QuicServerWorker.cpp:134] Registered read on worker=0x56386eea7680, thread=140386789168896, processId=0
I1223 18:35:30.220847 12380 QuicServerWorker.cpp:134] Registered read on worker=0x56386eea84f0, thread=140386693535488, processId=0
I1223 18:35:30.220943 12381 QuicServerWorker.cpp:134] Registered read on worker=0x56386eea89f0, thread=140386685142784, processId=0
I1223 18:35:35.744976 12379 QuicServerWorker.cpp:227] Worker=0x56386eea8010, Received data on thread=140386701928192, processId=0
I1223 18:35:35.745004 12379 LogQuicStats.h:24] server onPacketReceived
I1223 18:35:35.745012 12379 LogQuicStats.h:140] server onRead size=1232
I1223 18:35:35.745026 12379 LogQuicStats.h:76] server onClientInitialReceived, version: QUIC_DRAFT
I1223 18:35:35.745038 12379 QuicServerWorker.cpp:545] Creating new connection for client=127.0.0.1:4987, routingInfo=CID=0000000000000002, cidVersion=1, workerId=3, processId=0, hostId=0, threadId=140386701928192, 
I1223 18:35:35.745143 12379 LogQuicStats.h:118] server onStatelessReset
I1223 18:35:35.745172 12379 StateMachine-inl.h:41] Transition from Uninitialized to ExpectingClientHello
I1223 18:35:35.745237 12379 LogQuicStats.h:32] server onOutOfOrderPacketReceived
I1223 18:35:35.745246 12379 ServerStateMachine.cpp:952] Server received crypto data offset=0 len=391 currentReadOffset=0 client CID=0000000000000001 server CID=400000d211b4e736 peer address=127.0.0.1:4987
I1223 18:35:35.745266 12379 RecordLayer.cpp:82] Received handshake message ClientHello
I1223 18:35:35.745368 12379 ServerHandshake.cpp:167] ServerHandshake error fizz::FizzException: no psk modes
I1223 18:35:35.745409 12379 QuicTransportBase.cpp:1870] onNetworkData fizz::FizzException: no psk modes client CID=0000000000000001 server CID=400000d211b4e736 peer address=127.0.0.1:4987
I1223 18:35:35.745424 12379 QuicTransportBase.cpp:400] Stopping read looper due to immediate close client CID=0000000000000001 server CID=400000d211b4e736 peer address=127.0.0.1:4987
I1223 18:35:35.745431 12379 FunctionLooper.cpp:88] stop: ReadLooper
I1223 18:35:35.745445 12379 FunctionLooper.cpp:88] stop: PeekLooper
I1223 18:35:35.745451 12379 FunctionLooper.cpp:88] stop: WriteLooper
I1223 18:35:35.745460 12379 QuicTransportBase.cpp:2651] Clearing 0 peek callbacks
I1223 18:35:35.745466 12379 QuicTransportBase.cpp:852] Stopping read looper client CID=0000000000000001 server CID=400000d211b4e736 peer address=127.0.0.1:4987
I1223 18:35:35.745473 12379 FunctionLooper.cpp:88] stop: ReadLooper
I1223 18:35:35.745479 12379 QuicTransportBase.cpp:1196] Stopping peek looper client CID=0000000000000001 server CID=400000d211b4e736 peer address=127.0.0.1:4987
I1223 18:35:35.745486 12379 FunctionLooper.cpp:88] stop: PeekLooper
I1223 18:35:35.745492 12379 QuicTransportBase.cpp:1233] Server stopping write looper because conn closed client CID=0000000000000001 server CID=400000d211b4e736 peer address=127.0.0.1:4987
I1223 18:35:35.745499 12379 FunctionLooper.cpp:88] stop: WriteLooper
E1223 18:35:35.745507 12379 EchoHandler.h:53] Socket error=Crypto error: missing_extension
I1223 18:35:35.745530 12379 QuicTransportFunctions.cpp:1063] Server sent close packetNum=12445958 in space=InitialSpace client CID=0000000000000001 server CID=400000d211b4e736 peer address=127.0.0.1:4987
I1223 18:35:35.745554 12379 LogQuicStats.h:144] server onWrite size=83
I1223 18:35:35.745564 12379 QuicTransportBase.cpp:852] Stopping read looper client CID=0000000000000001 server CID=400000d211b4e736 peer address=127.0.0.1:4987
I1223 18:35:35.745573 12379 FunctionLooper.cpp:88] stop: ReadLooper
I1223 18:35:35.745579 12379 QuicTransportBase.cpp:1196] Stopping peek looper client CID=0000000000000001 server CID=400000d211b4e736 peer address=127.0.0.1:4987
I1223 18:35:35.745584 12379 FunctionLooper.cpp:88] stop: PeekLooper
I1223 18:35:35.745590 12379 QuicTransportBase.cpp:1233] Server stopping write looper because conn closed client CID=0000000000000001 server CID=400000d211b4e736 peer address=127.0.0.1:4987
I1223 18:35:35.745597 12379 FunctionLooper.cpp:88] stop: WriteLooper
*** Aborted at 1640284535 (Unix time, try 'date -d @1640284535') ***
*** Signal 15 (SIGTERM) (0x3052) received by PID 12373 (pthread TID 0x7fae5c7e0ec0) (linux TID 12373) (maybe from PID 12370, UID 0) (code: 0), stack trace: ***
(error retrieving stack trace)
