I1224 00:24:05.407156  6431 EventBase.cpp:308] EventBase(): Starting loop.
I1224 00:24:05.407344  6432 EventBase.cpp:308] EventBase(): Starting loop.
I1224 00:24:05.411149  6433 EventBase.cpp:308] EventBase(): Starting loop.
I1224 00:24:05.411633  6434 EventBase.cpp:308] EventBase(): Starting loop.
I1224 00:24:05.414913  6435 EventBase.cpp:308] EventBase(): Starting loop.
I1224 00:24:05.428885  6436 EventBase.cpp:308] EventBase(): Starting loop.
I1224 00:24:05.429034  6431 QuicServer.cpp:268] No valid takenover fd found for address=127.0.0.1:4443. binding on worker=0x555c29e50ec0 workerId=0 processId=0
I1224 00:24:05.429157  6432 QuicServer.cpp:268] No valid takenover fd found for address=127.0.0.1:4443. binding on worker=0x555c29e51500 workerId=1 processId=0
I1224 00:24:05.429266  6433 QuicServer.cpp:268] No valid takenover fd found for address=127.0.0.1:4443. binding on worker=0x555c29e51940 workerId=2 processId=0
I1224 00:24:05.429399  6434 QuicServer.cpp:268] No valid takenover fd found for address=127.0.0.1:4443. binding on worker=0x555c29e51e20 workerId=3 processId=0
I1224 00:24:05.429582  6435 QuicServer.cpp:268] No valid takenover fd found for address=127.0.0.1:4443. binding on worker=0x555c29e52300 workerId=4 processId=0
I1224 00:24:05.429754  6436 QuicServer.cpp:268] No valid takenover fd found for address=127.0.0.1:4443. binding on worker=0x555c29e52800 workerId=5 processId=0
I1224 00:24:05.429795  6436 QuicServer.cpp:295] Initialized all workers in the eventbase
I1224 00:24:05.429973  6432 QuicServerWorker.cpp:134] Registered read on worker=0x555c29e51500, thread=139784341157632, processId=0
I1224 00:24:05.429991  6431 QuicServerWorker.cpp:134] Registered read on worker=0x555c29e50ec0, thread=139784417916672, processId=0
I1224 00:24:05.430011  6428 EchoServer.h:90] Echo server started at: 127.0.0.1:4443
I1224 00:24:05.430037  6428 EventBase.cpp:308] EventBase(): Starting loop.
I1224 00:24:05.430044  6433 QuicServerWorker.cpp:134] Registered read on worker=0x555c29e51940, thread=139784332764928, processId=0
I1224 00:24:05.430050  6434 QuicServerWorker.cpp:134] Registered read on worker=0x555c29e51e20, thread=139784324372224, processId=0
I1224 00:24:05.430140  6436 QuicServerWorker.cpp:134] Registered read on worker=0x555c29e52800, thread=139784307586816, processId=0
I1224 00:24:05.430151  6435 QuicServerWorker.cpp:134] Registered read on worker=0x555c29e52300, thread=139784315979520, processId=0
I1224 00:24:10.772639  6434 QuicServerWorker.cpp:227] Worker=0x555c29e51e20, Received data on thread=139784324372224, processId=0
I1224 00:24:10.772666  6434 LogQuicStats.h:24] server onPacketReceived
I1224 00:24:10.772673  6434 LogQuicStats.h:140] server onRead size=1232
W1224 00:24:10.772693  6434 Types.cpp:447] toString has unhandled version type
I1224 00:24:10.772687  6434 LogQuicStats.h:76] server onClientInitialReceived, version: UNKNOWN
I1224 00:24:10.772706  6434 QuicServerWorker.cpp:208] Version negotiation sent to client=127.0.0.1:4987
I1224 00:24:10.772713  6434 LogQuicStats.h:144] server onWrite size=43
I1224 00:24:10.772719  6434 LogQuicStats.h:36] server onPacketProcessed
I1224 00:24:10.772725  6434 LogQuicStats.h:40] server onPacketSent
I1224 00:24:10.980247  6434 QuicServerWorker.cpp:227] Worker=0x555c29e51e20, Received data on thread=139784324372224, processId=0
I1224 00:24:10.980274  6434 LogQuicStats.h:24] server onPacketReceived
I1224 00:24:10.980281  6434 LogQuicStats.h:140] server onRead size=1232
I1224 00:24:10.980288  6434 LogQuicStats.h:76] server onClientInitialReceived, version: QUIC_DRAFT
I1224 00:24:10.980298  6434 QuicServerWorker.cpp:545] Creating new connection for client=127.0.0.1:4987, routingInfo=CID=0000000000000000, cidVersion=1, workerId=3, processId=0, hostId=0, threadId=139784324372224, 
I1224 00:24:10.980412  6434 LogQuicStats.h:118] server onStatelessReset
I1224 00:24:10.980440  6434 StateMachine-inl.h:41] Transition from Uninitialized to ExpectingClientHello
I1224 00:24:10.980504  6434 LogQuicStats.h:32] server onOutOfOrderPacketReceived
I1224 00:24:10.980513  6434 ServerStateMachine.cpp:952] Server received crypto data offset=0 len=391 currentReadOffset=0 client CID=0000000000000003 server CID=400000d3de0e4bfe peer address=127.0.0.1:4987
I1224 00:24:10.980533  6434 RecordLayer.cpp:82] Received handshake message ClientHello
I1224 00:24:10.980650  6434 ServerHandshake.cpp:167] ServerHandshake error fizz::FizzException: no psk modes
I1224 00:24:10.980700  6434 QuicTransportBase.cpp:1870] onNetworkData fizz::FizzException: no psk modes client CID=0000000000000003 server CID=400000d3de0e4bfe peer address=127.0.0.1:4987
I1224 00:24:10.980715  6434 QuicTransportBase.cpp:400] Stopping read looper due to immediate close client CID=0000000000000003 server CID=400000d3de0e4bfe peer address=127.0.0.1:4987
I1224 00:24:10.980722  6434 FunctionLooper.cpp:88] stop: ReadLooper
I1224 00:24:10.980728  6434 FunctionLooper.cpp:88] stop: PeekLooper
I1224 00:24:10.980733  6434 FunctionLooper.cpp:88] stop: WriteLooper
I1224 00:24:10.980744  6434 QuicTransportBase.cpp:2651] Clearing 0 peek callbacks
I1224 00:24:10.980751  6434 QuicTransportBase.cpp:852] Stopping read looper client CID=0000000000000003 server CID=400000d3de0e4bfe peer address=127.0.0.1:4987
I1224 00:24:10.980757  6434 FunctionLooper.cpp:88] stop: ReadLooper
I1224 00:24:10.980763  6434 QuicTransportBase.cpp:1196] Stopping peek looper client CID=0000000000000003 server CID=400000d3de0e4bfe peer address=127.0.0.1:4987
I1224 00:24:10.980770  6434 FunctionLooper.cpp:88] stop: PeekLooper
I1224 00:24:10.980777  6434 QuicTransportBase.cpp:1233] Server stopping write looper because conn closed client CID=0000000000000003 server CID=400000d3de0e4bfe peer address=127.0.0.1:4987
I1224 00:24:10.980782  6434 FunctionLooper.cpp:88] stop: WriteLooper
E1224 00:24:10.980789  6434 EchoHandler.h:53] Socket error=Crypto error: missing_extension
I1224 00:24:10.980809  6434 QuicTransportFunctions.cpp:1063] Server sent close packetNum=2679926 in space=InitialSpace client CID=0000000000000003 server CID=400000d3de0e4bfe peer address=127.0.0.1:4987
I1224 00:24:10.980834  6434 LogQuicStats.h:144] server onWrite size=82
I1224 00:24:10.980844  6434 QuicTransportBase.cpp:852] Stopping read looper client CID=0000000000000003 server CID=400000d3de0e4bfe peer address=127.0.0.1:4987
I1224 00:24:10.980851  6434 FunctionLooper.cpp:88] stop: ReadLooper
I1224 00:24:10.980857  6434 QuicTransportBase.cpp:1196] Stopping peek looper client CID=0000000000000003 server CID=400000d3de0e4bfe peer address=127.0.0.1:4987
I1224 00:24:10.980865  6434 FunctionLooper.cpp:88] stop: PeekLooper
I1224 00:24:10.980870  6434 QuicTransportBase.cpp:1233] Server stopping write looper because conn closed client CID=0000000000000003 server CID=400000d3de0e4bfe peer address=127.0.0.1:4987
I1224 00:24:10.980876  6434 FunctionLooper.cpp:88] stop: WriteLooper
*** Aborted at 1640305450 (Unix time, try 'date -d @1640305450') ***
*** Signal 15 (SIGTERM) (0x1919) received by PID 6428 (pthread TID 0x7f221bde1ec0) (linux TID 6428) (maybe from PID 6425, UID 0) (code: 0), stack trace: ***
(error retrieving stack trace)
