I1224 00:15:40.768548  3138 EventBase.cpp:308] EventBase(): Starting loop.
I1224 00:15:40.768748  3139 EventBase.cpp:308] EventBase(): Starting loop.
I1224 00:15:40.769840  3140 EventBase.cpp:308] EventBase(): Starting loop.
I1224 00:15:40.769980  3141 EventBase.cpp:308] EventBase(): Starting loop.
I1224 00:15:40.770115  3142 EventBase.cpp:308] EventBase(): Starting loop.
I1224 00:15:40.770232  3143 EventBase.cpp:308] EventBase(): Starting loop.
I1224 00:15:40.770393  3138 QuicServer.cpp:268] No valid takenover fd found for address=127.0.0.1:4443. binding on worker=0x55a6a17f6ec0 workerId=0 processId=0
I1224 00:15:40.770594  3139 QuicServer.cpp:268] No valid takenover fd found for address=127.0.0.1:4443. binding on worker=0x55a6a17f7500 workerId=1 processId=0
I1224 00:15:40.771221  3140 QuicServer.cpp:268] No valid takenover fd found for address=127.0.0.1:4443. binding on worker=0x55a6a17f7940 workerId=2 processId=0
I1224 00:15:40.771430  3141 QuicServer.cpp:268] No valid takenover fd found for address=127.0.0.1:4443. binding on worker=0x55a6a17f7e20 workerId=3 processId=0
I1224 00:15:40.771586  3142 QuicServer.cpp:268] No valid takenover fd found for address=127.0.0.1:4443. binding on worker=0x55a6a17f8300 workerId=4 processId=0
I1224 00:15:40.771744  3143 QuicServer.cpp:268] No valid takenover fd found for address=127.0.0.1:4443. binding on worker=0x55a6a17f8800 workerId=5 processId=0
I1224 00:15:40.771771  3143 QuicServer.cpp:295] Initialized all workers in the eventbase
I1224 00:15:40.771870  3135 EchoServer.h:90] Echo server started at: 127.0.0.1:4443
I1224 00:15:40.771943  3135 EventBase.cpp:308] EventBase(): Starting loop.
I1224 00:15:40.771970  3138 QuicServerWorker.cpp:134] Registered read on worker=0x55a6a17f6ec0, thread=140040069916416, processId=0
I1224 00:15:40.771973  3140 QuicServerWorker.cpp:134] Registered read on worker=0x55a6a17f7940, thread=140040053131008, processId=0
I1224 00:15:40.771973  3139 QuicServerWorker.cpp:134] Registered read on worker=0x55a6a17f7500, thread=140040061523712, processId=0
I1224 00:15:40.772017  3143 QuicServerWorker.cpp:134] Registered read on worker=0x55a6a17f8800, thread=140039690385152, processId=0
I1224 00:15:40.771971  3141 QuicServerWorker.cpp:134] Registered read on worker=0x55a6a17f7e20, thread=140040044738304, processId=0
I1224 00:15:40.772102  3142 QuicServerWorker.cpp:134] Registered read on worker=0x55a6a17f8300, thread=140040036345600, processId=0
I1224 00:15:46.072402  3141 QuicServerWorker.cpp:227] Worker=0x55a6a17f7e20, Received data on thread=140040044738304, processId=0
I1224 00:15:46.072432  3141 LogQuicStats.h:24] server onPacketReceived
I1224 00:15:46.072438  3141 LogQuicStats.h:140] server onRead size=1232
W1224 00:15:46.072463  3141 Types.cpp:447] toString has unhandled version type
I1224 00:15:46.072453  3141 LogQuicStats.h:76] server onClientInitialReceived, version: UNKNOWN
I1224 00:15:46.072480  3141 QuicServerWorker.cpp:208] Version negotiation sent to client=127.0.0.1:4987
I1224 00:15:46.072489  3141 LogQuicStats.h:144] server onWrite size=43
I1224 00:15:46.072495  3141 LogQuicStats.h:36] server onPacketProcessed
I1224 00:15:46.072501  3141 LogQuicStats.h:40] server onPacketSent
I1224 00:15:46.395120  3141 QuicServerWorker.cpp:227] Worker=0x55a6a17f7e20, Received data on thread=140040044738304, processId=0
I1224 00:15:46.395148  3141 LogQuicStats.h:24] server onPacketReceived
I1224 00:15:46.395156  3141 LogQuicStats.h:140] server onRead size=1232
I1224 00:15:46.395164  3141 LogQuicStats.h:76] server onClientInitialReceived, version: QUIC_DRAFT
I1224 00:15:46.395174  3141 QuicServerWorker.cpp:545] Creating new connection for client=127.0.0.1:4987, routingInfo=CID=0000000000000000, cidVersion=1, workerId=3, processId=0, hostId=0, threadId=140040044738304, 
I1224 00:15:46.395285  3141 LogQuicStats.h:118] server onStatelessReset
I1224 00:15:46.395314  3141 StateMachine-inl.h:41] Transition from Uninitialized to ExpectingClientHello
I1224 00:15:46.395380  3141 LogQuicStats.h:32] server onOutOfOrderPacketReceived
I1224 00:15:46.395388  3141 ServerStateMachine.cpp:952] Server received crypto data offset=0 len=389 currentReadOffset=0 client CID=0000000000000003 server CID=400000d35a2ceef0 peer address=127.0.0.1:4987
I1224 00:15:46.395411  3141 RecordLayer.cpp:82] Received handshake message ClientHello
I1224 00:15:46.395506  3141 ServerHandshake.cpp:167] ServerHandshake error fizz::FizzException: no psk modes
I1224 00:15:46.395550  3141 QuicTransportBase.cpp:1870] onNetworkData fizz::FizzException: no psk modes client CID=0000000000000003 server CID=400000d35a2ceef0 peer address=127.0.0.1:4987
I1224 00:15:46.395563  3141 QuicTransportBase.cpp:400] Stopping read looper due to immediate close client CID=0000000000000003 server CID=400000d35a2ceef0 peer address=127.0.0.1:4987
I1224 00:15:46.395570  3141 FunctionLooper.cpp:88] stop: ReadLooper
I1224 00:15:46.395576  3141 FunctionLooper.cpp:88] stop: PeekLooper
I1224 00:15:46.395582  3141 FunctionLooper.cpp:88] stop: WriteLooper
I1224 00:15:46.395593  3141 QuicTransportBase.cpp:2651] Clearing 0 peek callbacks
I1224 00:15:46.395601  3141 QuicTransportBase.cpp:852] Stopping read looper client CID=0000000000000003 server CID=400000d35a2ceef0 peer address=127.0.0.1:4987
I1224 00:15:46.395607  3141 FunctionLooper.cpp:88] stop: ReadLooper
I1224 00:15:46.395613  3141 QuicTransportBase.cpp:1196] Stopping peek looper client CID=0000000000000003 server CID=400000d35a2ceef0 peer address=127.0.0.1:4987
I1224 00:15:46.395620  3141 FunctionLooper.cpp:88] stop: PeekLooper
I1224 00:15:46.395627  3141 QuicTransportBase.cpp:1233] Server stopping write looper because conn closed client CID=0000000000000003 server CID=400000d35a2ceef0 peer address=127.0.0.1:4987
I1224 00:15:46.395632  3141 FunctionLooper.cpp:88] stop: WriteLooper
E1224 00:15:46.395639  3141 EchoHandler.h:53] Socket error=Crypto error: missing_extension
I1224 00:15:46.395659  3141 QuicTransportFunctions.cpp:1063] Server sent close packetNum=4560156 in space=InitialSpace client CID=0000000000000003 server CID=400000d35a2ceef0 peer address=127.0.0.1:4987
I1224 00:15:46.395690  3141 LogQuicStats.h:144] server onWrite size=82
I1224 00:15:46.395701  3141 QuicTransportBase.cpp:852] Stopping read looper client CID=0000000000000003 server CID=400000d35a2ceef0 peer address=127.0.0.1:4987
I1224 00:15:46.395709  3141 FunctionLooper.cpp:88] stop: ReadLooper
I1224 00:15:46.395715  3141 QuicTransportBase.cpp:1196] Stopping peek looper client CID=0000000000000003 server CID=400000d35a2ceef0 peer address=127.0.0.1:4987
I1224 00:15:46.395721  3141 FunctionLooper.cpp:88] stop: PeekLooper
I1224 00:15:46.395727  3141 QuicTransportBase.cpp:1233] Server stopping write looper because conn closed client CID=0000000000000003 server CID=400000d35a2ceef0 peer address=127.0.0.1:4987
I1224 00:15:46.395735  3141 FunctionLooper.cpp:88] stop: WriteLooper
*** Aborted at 1640304946 (Unix time, try 'date -d @1640304946') ***
*** Signal 15 (SIGTERM) (0xc3c) received by PID 3135 (pthread TID 0x7f5da1ea0ec0) (linux TID 3135) (maybe from PID 3132, UID 0) (code: 0), stack trace: ***
(error retrieving stack trace)
