I1223 18:32:10.679167 11081 EventBase.cpp:308] EventBase(): Starting loop.
I1223 18:32:10.687166 11082 EventBase.cpp:308] EventBase(): Starting loop.
I1223 18:32:10.691807 11083 EventBase.cpp:308] EventBase(): Starting loop.
I1223 18:32:10.692804 11084 EventBase.cpp:308] EventBase(): Starting loop.
I1223 18:32:10.693461 11085 EventBase.cpp:308] EventBase(): Starting loop.
I1223 18:32:10.693611 11086 EventBase.cpp:308] EventBase(): Starting loop.
I1223 18:32:10.693737 11081 QuicServer.cpp:268] No valid takenover fd found for address=127.0.0.1:4443. binding on worker=0x559043f00040 workerId=0 processId=0
I1223 18:32:10.693928 11082 QuicServer.cpp:268] No valid takenover fd found for address=127.0.0.1:4443. binding on worker=0x559043f00680 workerId=1 processId=0
I1223 18:32:10.694103 11083 QuicServer.cpp:268] No valid takenover fd found for address=127.0.0.1:4443. binding on worker=0x559043f00b30 workerId=2 processId=0
I1223 18:32:10.694272 11084 QuicServer.cpp:268] No valid takenover fd found for address=127.0.0.1:4443. binding on worker=0x559043f01010 workerId=3 processId=0
I1223 18:32:10.694471 11085 QuicServer.cpp:268] No valid takenover fd found for address=127.0.0.1:4443. binding on worker=0x559043f014f0 workerId=4 processId=0
I1223 18:32:10.694664 11086 QuicServer.cpp:268] No valid takenover fd found for address=127.0.0.1:4443. binding on worker=0x559043f019f0 workerId=5 processId=0
I1223 18:32:10.694694 11086 QuicServer.cpp:295] Initialized all workers in the eventbase
I1223 18:32:10.694816 11078 EchoServer.h:90] Echo server started at: 127.0.0.1:4443
I1223 18:32:10.694836 11078 EventBase.cpp:308] EventBase(): Starting loop.
I1223 18:32:10.694872 11082 QuicServerWorker.cpp:134] Registered read on worker=0x559043f00680, thread=140114330142464, processId=0
I1223 18:32:10.694886 11083 QuicServerWorker.cpp:134] Registered read on worker=0x559043f00b30, thread=140114248333056, processId=0
I1223 18:32:10.694902 11084 QuicServerWorker.cpp:134] Registered read on worker=0x559043f01010, thread=140114239940352, processId=0
I1223 18:32:10.694891 11081 QuicServerWorker.cpp:134] Registered read on worker=0x559043f00040, thread=140114338535168, processId=0
I1223 18:32:10.694912 11085 QuicServerWorker.cpp:134] Registered read on worker=0x559043f014f0, thread=140114231547648, processId=0
I1223 18:32:10.694953 11086 QuicServerWorker.cpp:134] Registered read on worker=0x559043f019f0, thread=140114223154944, processId=0
I1223 18:32:16.330586 11084 QuicServerWorker.cpp:227] Worker=0x559043f01010, Received data on thread=140114239940352, processId=0
I1223 18:32:16.330611 11084 LogQuicStats.h:24] server onPacketReceived
I1223 18:32:16.330618 11084 LogQuicStats.h:140] server onRead size=1232
I1223 18:32:16.330634 11084 LogQuicStats.h:76] server onClientInitialReceived, version: QUIC_DRAFT
I1223 18:32:16.330646 11084 QuicServerWorker.cpp:545] Creating new connection for client=127.0.0.1:4987, routingInfo=CID=0000000000000002, cidVersion=1, workerId=3, processId=0, hostId=0, threadId=140114239940352, 
I1223 18:32:16.330757 11084 LogQuicStats.h:118] server onStatelessReset
I1223 18:32:16.330788 11084 StateMachine-inl.h:41] Transition from Uninitialized to ExpectingClientHello
I1223 18:32:16.330857 11084 LogQuicStats.h:32] server onOutOfOrderPacketReceived
I1223 18:32:16.330866 11084 ServerStateMachine.cpp:952] Server received crypto data offset=0 len=391 currentReadOffset=0 client CID=0000000000000001 server CID=400000ca686bea21 peer address=127.0.0.1:4987
I1223 18:32:16.330900 11084 RecordLayer.cpp:82] Received handshake message ClientHello
I1223 18:32:16.330996 11084 ServerHandshake.cpp:167] ServerHandshake error fizz::FizzException: no psk modes
I1223 18:32:16.331045 11084 QuicTransportBase.cpp:1870] onNetworkData fizz::FizzException: no psk modes client CID=0000000000000001 server CID=400000ca686bea21 peer address=127.0.0.1:4987
I1223 18:32:16.331059 11084 QuicTransportBase.cpp:400] Stopping read looper due to immediate close client CID=0000000000000001 server CID=400000ca686bea21 peer address=127.0.0.1:4987
I1223 18:32:16.331068 11084 FunctionLooper.cpp:88] stop: ReadLooper
I1223 18:32:16.331082 11084 FunctionLooper.cpp:88] stop: PeekLooper
I1223 18:32:16.331089 11084 FunctionLooper.cpp:88] stop: WriteLooper
I1223 18:32:16.331101 11084 QuicTransportBase.cpp:2651] Clearing 0 peek callbacks
I1223 18:32:16.331108 11084 QuicTransportBase.cpp:852] Stopping read looper client CID=0000000000000001 server CID=400000ca686bea21 peer address=127.0.0.1:4987
I1223 18:32:16.331115 11084 FunctionLooper.cpp:88] stop: ReadLooper
I1223 18:32:16.331122 11084 QuicTransportBase.cpp:1196] Stopping peek looper client CID=0000000000000001 server CID=400000ca686bea21 peer address=127.0.0.1:4987
I1223 18:32:16.331152 11084 FunctionLooper.cpp:88] stop: PeekLooper
I1223 18:32:16.331161 11084 QuicTransportBase.cpp:1233] Server stopping write looper because conn closed client CID=0000000000000001 server CID=400000ca686bea21 peer address=127.0.0.1:4987
I1223 18:32:16.331168 11084 FunctionLooper.cpp:88] stop: WriteLooper
E1223 18:32:16.331176 11084 EchoHandler.h:53] Socket error=Crypto error: missing_extension
I1223 18:32:16.331199 11084 QuicTransportFunctions.cpp:1063] Server sent close packetNum=8356088 in space=InitialSpace client CID=0000000000000001 server CID=400000ca686bea21 peer address=127.0.0.1:4987
I1223 18:32:16.331221 11084 LogQuicStats.h:144] server onWrite size=82
I1223 18:32:16.331233 11084 QuicTransportBase.cpp:852] Stopping read looper client CID=0000000000000001 server CID=400000ca686bea21 peer address=127.0.0.1:4987
I1223 18:32:16.331240 11084 FunctionLooper.cpp:88] stop: ReadLooper
I1223 18:32:16.331246 11084 QuicTransportBase.cpp:1196] Stopping peek looper client CID=0000000000000001 server CID=400000ca686bea21 peer address=127.0.0.1:4987
I1223 18:32:16.331254 11084 FunctionLooper.cpp:88] stop: PeekLooper
I1223 18:32:16.331259 11084 QuicTransportBase.cpp:1233] Server stopping write looper because conn closed client CID=0000000000000001 server CID=400000ca686bea21 peer address=127.0.0.1:4987
I1223 18:32:16.331266 11084 FunctionLooper.cpp:88] stop: WriteLooper
*** Aborted at 1640284336 (Unix time, try 'date -d @1640284336') ***
*** Signal 15 (SIGTERM) (0x2b43) received by PID 11078 (pthread TID 0x7f6eecab3ec0) (linux TID 11078) (maybe from PID 11075, UID 0) (code: 0), stack trace: ***
(error retrieving stack trace)
