I1223 18:29:25.137372 10008 EventBase.cpp:308] EventBase(): Starting loop.
I1223 18:29:25.143224 10009 EventBase.cpp:308] EventBase(): Starting loop.
I1223 18:29:25.146754 10010 EventBase.cpp:308] EventBase(): Starting loop.
I1223 18:29:25.146862 10011 EventBase.cpp:308] EventBase(): Starting loop.
I1223 18:29:25.147117 10012 EventBase.cpp:308] EventBase(): Starting loop.
I1223 18:29:25.147289 10013 EventBase.cpp:308] EventBase(): Starting loop.
I1223 18:29:25.147430 10008 QuicServer.cpp:268] No valid takenover fd found for address=127.0.0.1:4443. binding on worker=0x555577329040 workerId=0 processId=0
I1223 18:29:25.147624 10009 QuicServer.cpp:268] No valid takenover fd found for address=127.0.0.1:4443. binding on worker=0x555577329680 workerId=1 processId=0
I1223 18:29:25.147784 10010 QuicServer.cpp:268] No valid takenover fd found for address=127.0.0.1:4443. binding on worker=0x555577329b30 workerId=2 processId=0
I1223 18:29:25.147955 10011 QuicServer.cpp:268] No valid takenover fd found for address=127.0.0.1:4443. binding on worker=0x55557732a010 workerId=3 processId=0
I1223 18:29:25.148115 10012 QuicServer.cpp:268] No valid takenover fd found for address=127.0.0.1:4443. binding on worker=0x55557732a4f0 workerId=4 processId=0
I1223 18:29:25.148284 10013 QuicServer.cpp:268] No valid takenover fd found for address=127.0.0.1:4443. binding on worker=0x55557732a9f0 workerId=5 processId=0
I1223 18:29:25.148313 10013 QuicServer.cpp:295] Initialized all workers in the eventbase
I1223 18:29:25.148417 10005 EchoServer.h:90] Echo server started at: 127.0.0.1:4443
I1223 18:29:25.148468 10005 EventBase.cpp:308] EventBase(): Starting loop.
I1223 18:29:25.148509 10010 QuicServerWorker.cpp:134] Registered read on worker=0x555577329b30, thread=139681387767552, processId=0
I1223 18:29:25.148525 10009 QuicServerWorker.cpp:134] Registered read on worker=0x555577329680, thread=139681396160256, processId=0
I1223 18:29:25.148511 10008 QuicServerWorker.cpp:134] Registered read on worker=0x555577329040, thread=139681472210688, processId=0
I1223 18:29:25.148571 10011 QuicServerWorker.cpp:134] Registered read on worker=0x55557732a010, thread=139681379374848, processId=0
I1223 18:29:25.148595 10012 QuicServerWorker.cpp:134] Registered read on worker=0x55557732a4f0, thread=139681370982144, processId=0
I1223 18:29:25.148604 10013 QuicServerWorker.cpp:134] Registered read on worker=0x55557732a9f0, thread=139681362589440, processId=0
I1223 18:29:30.739449 10011 QuicServerWorker.cpp:227] Worker=0x55557732a010, Received data on thread=139681379374848, processId=0
I1223 18:29:30.739480 10011 LogQuicStats.h:24] server onPacketReceived
I1223 18:29:30.739486 10011 LogQuicStats.h:140] server onRead size=1232
I1223 18:29:30.739502 10011 LogQuicStats.h:76] server onClientInitialReceived, version: QUIC_DRAFT
I1223 18:29:30.739512 10011 QuicServerWorker.cpp:545] Creating new connection for client=127.0.0.1:4987, routingInfo=CID=0000000000000002, cidVersion=1, workerId=3, processId=0, hostId=0, threadId=139681379374848, 
I1223 18:29:30.739630 10011 LogQuicStats.h:118] server onStatelessReset
I1223 18:29:30.739660 10011 StateMachine-inl.h:41] Transition from Uninitialized to ExpectingClientHello
I1223 18:29:30.739730 10011 LogQuicStats.h:32] server onOutOfOrderPacketReceived
I1223 18:29:30.739738 10011 ServerStateMachine.cpp:952] Server received crypto data offset=0 len=391 currentReadOffset=0 client CID=0000000000000001 server CID=400000db2c5593a9 peer address=127.0.0.1:4987
I1223 18:29:30.739759 10011 RecordLayer.cpp:82] Received handshake message ClientHello
I1223 18:29:30.739858 10011 ServerHandshake.cpp:167] ServerHandshake error fizz::FizzException: no psk modes
I1223 18:29:30.739903 10011 QuicTransportBase.cpp:1870] onNetworkData fizz::FizzException: no psk modes client CID=0000000000000001 server CID=400000db2c5593a9 peer address=127.0.0.1:4987
I1223 18:29:30.739917 10011 QuicTransportBase.cpp:400] Stopping read looper due to immediate close client CID=0000000000000001 server CID=400000db2c5593a9 peer address=127.0.0.1:4987
I1223 18:29:30.739925 10011 FunctionLooper.cpp:88] stop: ReadLooper
I1223 18:29:30.739943 10011 FunctionLooper.cpp:88] stop: PeekLooper
I1223 18:29:30.739949 10011 FunctionLooper.cpp:88] stop: WriteLooper
I1223 18:29:30.739961 10011 QuicTransportBase.cpp:2651] Clearing 0 peek callbacks
I1223 18:29:30.739969 10011 QuicTransportBase.cpp:852] Stopping read looper client CID=0000000000000001 server CID=400000db2c5593a9 peer address=127.0.0.1:4987
I1223 18:29:30.739976 10011 FunctionLooper.cpp:88] stop: ReadLooper
I1223 18:29:30.739984 10011 QuicTransportBase.cpp:1196] Stopping peek looper client CID=0000000000000001 server CID=400000db2c5593a9 peer address=127.0.0.1:4987
I1223 18:29:30.739990 10011 FunctionLooper.cpp:88] stop: PeekLooper
I1223 18:29:30.740010 10011 QuicTransportBase.cpp:1233] Server stopping write looper because conn closed client CID=0000000000000001 server CID=400000db2c5593a9 peer address=127.0.0.1:4987
I1223 18:29:30.740017 10011 FunctionLooper.cpp:88] stop: WriteLooper
E1223 18:29:30.740025 10011 EchoHandler.h:53] Socket error=Crypto error: missing_extension
I1223 18:29:30.740046 10011 QuicTransportFunctions.cpp:1063] Server sent close packetNum=360771 in space=InitialSpace client CID=0000000000000001 server CID=400000db2c5593a9 peer address=127.0.0.1:4987
I1223 18:29:30.740072 10011 LogQuicStats.h:144] server onWrite size=82
I1223 18:29:30.740082 10011 QuicTransportBase.cpp:852] Stopping read looper client CID=0000000000000001 server CID=400000db2c5593a9 peer address=127.0.0.1:4987
I1223 18:29:30.740092 10011 FunctionLooper.cpp:88] stop: ReadLooper
I1223 18:29:30.740097 10011 QuicTransportBase.cpp:1196] Stopping peek looper client CID=0000000000000001 server CID=400000db2c5593a9 peer address=127.0.0.1:4987
I1223 18:29:30.740104 10011 FunctionLooper.cpp:88] stop: PeekLooper
I1223 18:29:30.740111 10011 QuicTransportBase.cpp:1233] Server stopping write looper because conn closed client CID=0000000000000001 server CID=400000db2c5593a9 peer address=127.0.0.1:4987
I1223 18:29:30.740118 10011 FunctionLooper.cpp:88] stop: WriteLooper
*** Aborted at 1640284170 (Unix time, try 'date -d @1640284170') ***
*** Signal 15 (SIGTERM) (0x2712) received by PID 10005 (pthread TID 0x7f0a23d34ec0) (linux TID 10005) (maybe from PID 10002, UID 0) (code: 0), stack trace: ***
(error retrieving stack trace)
