I1224 00:17:23.153388  3804 EventBase.cpp:308] EventBase(): Starting loop.
I1224 00:17:23.153523  3805 EventBase.cpp:308] EventBase(): Starting loop.
I1224 00:17:23.153656  3806 EventBase.cpp:308] EventBase(): Starting loop.
I1224 00:17:23.155210  3807 EventBase.cpp:308] EventBase(): Starting loop.
I1224 00:17:23.155665  3808 EventBase.cpp:308] EventBase(): Starting loop.
I1224 00:17:23.162866  3809 EventBase.cpp:308] EventBase(): Starting loop.
I1224 00:17:23.163041  3804 QuicServer.cpp:268] No valid takenover fd found for address=127.0.0.1:4443. binding on worker=0x559296148ec0 workerId=0 processId=0
I1224 00:17:23.163223  3805 QuicServer.cpp:268] No valid takenover fd found for address=127.0.0.1:4443. binding on worker=0x559296149500 workerId=1 processId=0
I1224 00:17:23.163331  3806 QuicServer.cpp:268] No valid takenover fd found for address=127.0.0.1:4443. binding on worker=0x559296149940 workerId=2 processId=0
I1224 00:17:23.163435  3807 QuicServer.cpp:268] No valid takenover fd found for address=127.0.0.1:4443. binding on worker=0x559296149e20 workerId=3 processId=0
I1224 00:17:23.163537  3808 QuicServer.cpp:268] No valid takenover fd found for address=127.0.0.1:4443. binding on worker=0x55929614a300 workerId=4 processId=0
I1224 00:17:23.163635  3809 QuicServer.cpp:268] No valid takenover fd found for address=127.0.0.1:4443. binding on worker=0x55929614a800 workerId=5 processId=0
I1224 00:17:23.163677  3809 QuicServer.cpp:295] Initialized all workers in the eventbase
I1224 00:17:23.163877  3806 QuicServerWorker.cpp:134] Registered read on worker=0x559296149940, thread=140657442756352, processId=0
I1224 00:17:23.163877  3804 QuicServerWorker.cpp:134] Registered read on worker=0x559296148ec0, thread=140657459541760, processId=0
I1224 00:17:23.163928  3808 QuicServerWorker.cpp:134] Registered read on worker=0x55929614a300, thread=140657217758976, processId=0
I1224 00:17:23.163949  3801 EchoServer.h:90] Echo server started at: 127.0.0.1:4443
I1224 00:17:23.163957  3807 QuicServerWorker.cpp:134] Registered read on worker=0x559296149e20, thread=140657226151680, processId=0
I1224 00:17:23.163888  3805 QuicServerWorker.cpp:134] Registered read on worker=0x559296149500, thread=140657451149056, processId=0
I1224 00:17:23.163959  3801 EventBase.cpp:308] EventBase(): Starting loop.
I1224 00:17:23.164032  3809 QuicServerWorker.cpp:134] Registered read on worker=0x55929614a800, thread=140657209366272, processId=0
I1224 00:17:28.564061  3807 QuicServerWorker.cpp:227] Worker=0x559296149e20, Received data on thread=140657226151680, processId=0
I1224 00:17:28.564105  3807 LogQuicStats.h:24] server onPacketReceived
I1224 00:17:28.564116  3807 LogQuicStats.h:140] server onRead size=1232
W1224 00:17:28.564137  3807 Types.cpp:447] toString has unhandled version type
I1224 00:17:28.564132  3807 LogQuicStats.h:76] server onClientInitialReceived, version: UNKNOWN
I1224 00:17:28.564149  3807 QuicServerWorker.cpp:208] Version negotiation sent to client=127.0.0.1:4987
I1224 00:17:28.564158  3807 LogQuicStats.h:144] server onWrite size=43
I1224 00:17:28.564164  3807 LogQuicStats.h:36] server onPacketProcessed
I1224 00:17:28.564169  3807 LogQuicStats.h:40] server onPacketSent
I1224 00:17:28.742939  3807 QuicServerWorker.cpp:227] Worker=0x559296149e20, Received data on thread=140657226151680, processId=0
I1224 00:17:28.742966  3807 LogQuicStats.h:24] server onPacketReceived
I1224 00:17:28.742974  3807 LogQuicStats.h:140] server onRead size=1232
I1224 00:17:28.742981  3807 LogQuicStats.h:76] server onClientInitialReceived, version: QUIC_DRAFT
I1224 00:17:28.742990  3807 QuicServerWorker.cpp:545] Creating new connection for client=127.0.0.1:4987, routingInfo=CID=0000000000000000, cidVersion=1, workerId=3, processId=0, hostId=0, threadId=140657226151680, 
I1224 00:17:28.743099  3807 LogQuicStats.h:118] server onStatelessReset
I1224 00:17:28.743126  3807 StateMachine-inl.h:41] Transition from Uninitialized to ExpectingClientHello
I1224 00:17:28.743192  3807 LogQuicStats.h:32] server onOutOfOrderPacketReceived
I1224 00:17:28.743201  3807 ServerStateMachine.cpp:952] Server received crypto data offset=0 len=391 currentReadOffset=0 client CID=0000000000000003 server CID=400000d850b001e8 peer address=127.0.0.1:4987
I1224 00:17:28.743221  3807 RecordLayer.cpp:82] Received handshake message ClientHello
I1224 00:17:28.743317  3807 ServerHandshake.cpp:167] ServerHandshake error fizz::FizzException: no psk modes
I1224 00:17:28.743362  3807 QuicTransportBase.cpp:1870] onNetworkData fizz::FizzException: no psk modes client CID=0000000000000003 server CID=400000d850b001e8 peer address=127.0.0.1:4987
I1224 00:17:28.743376  3807 QuicTransportBase.cpp:400] Stopping read looper due to immediate close client CID=0000000000000003 server CID=400000d850b001e8 peer address=127.0.0.1:4987
I1224 00:17:28.743382  3807 FunctionLooper.cpp:88] stop: ReadLooper
I1224 00:17:28.743388  3807 FunctionLooper.cpp:88] stop: PeekLooper
I1224 00:17:28.743397  3807 FunctionLooper.cpp:88] stop: WriteLooper
I1224 00:17:28.743409  3807 QuicTransportBase.cpp:2651] Clearing 0 peek callbacks
I1224 00:17:28.743415  3807 QuicTransportBase.cpp:852] Stopping read looper client CID=0000000000000003 server CID=400000d850b001e8 peer address=127.0.0.1:4987
I1224 00:17:28.743422  3807 FunctionLooper.cpp:88] stop: ReadLooper
I1224 00:17:28.743428  3807 QuicTransportBase.cpp:1196] Stopping peek looper client CID=0000000000000003 server CID=400000d850b001e8 peer address=127.0.0.1:4987
I1224 00:17:28.743434  3807 FunctionLooper.cpp:88] stop: PeekLooper
I1224 00:17:28.743440  3807 QuicTransportBase.cpp:1233] Server stopping write looper because conn closed client CID=0000000000000003 server CID=400000d850b001e8 peer address=127.0.0.1:4987
I1224 00:17:28.743446  3807 FunctionLooper.cpp:88] stop: WriteLooper
E1224 00:17:28.743453  3807 EchoHandler.h:53] Socket error=Crypto error: missing_extension
I1224 00:17:28.743472  3807 QuicTransportFunctions.cpp:1063] Server sent close packetNum=16007982 in space=InitialSpace client CID=0000000000000003 server CID=400000d850b001e8 peer address=127.0.0.1:4987
I1224 00:17:28.743525  3807 LogQuicStats.h:144] server onWrite size=83
I1224 00:17:28.743539  3807 QuicTransportBase.cpp:852] Stopping read looper client CID=0000000000000003 server CID=400000d850b001e8 peer address=127.0.0.1:4987
I1224 00:17:28.743548  3807 FunctionLooper.cpp:88] stop: ReadLooper
I1224 00:17:28.743554  3807 QuicTransportBase.cpp:1196] Stopping peek looper client CID=0000000000000003 server CID=400000d850b001e8 peer address=127.0.0.1:4987
I1224 00:17:28.743561  3807 FunctionLooper.cpp:88] stop: PeekLooper
I1224 00:17:28.743566  3807 QuicTransportBase.cpp:1233] Server stopping write looper because conn closed client CID=0000000000000003 server CID=400000d850b001e8 peer address=127.0.0.1:4987
I1224 00:17:28.743572  3807 FunctionLooper.cpp:88] stop: WriteLooper
*** Aborted at 1640305048 (Unix time, try 'date -d @1640305048') ***
*** Signal 15 (SIGTERM) (0xed6) received by PID 3801 (pthread TID 0x7fed61341ec0) (linux TID 3801) (maybe from PID 3798, UID 0) (code: 0), stack trace: ***
(error retrieving stack trace)
