I1224 00:19:56.035810  4803 EventBase.cpp:308] EventBase(): Starting loop.
I1224 00:19:56.038910  4804 EventBase.cpp:308] EventBase(): Starting loop.
I1224 00:19:56.043483  4805 EventBase.cpp:308] EventBase(): Starting loop.
I1224 00:19:56.044237  4806 EventBase.cpp:308] EventBase(): Starting loop.
I1224 00:19:56.045104  4807 EventBase.cpp:308] EventBase(): Starting loop.
I1224 00:19:56.045202  4808 EventBase.cpp:308] EventBase(): Starting loop.
I1224 00:19:56.045338  4803 QuicServer.cpp:268] No valid takenover fd found for address=127.0.0.1:4443. binding on worker=0x564414c7bec0 workerId=0 processId=0
I1224 00:19:56.045516  4804 QuicServer.cpp:268] No valid takenover fd found for address=127.0.0.1:4443. binding on worker=0x564414c7c500 workerId=1 processId=0
I1224 00:19:56.045671  4805 QuicServer.cpp:268] No valid takenover fd found for address=127.0.0.1:4443. binding on worker=0x564414c7c940 workerId=2 processId=0
I1224 00:19:56.045840  4806 QuicServer.cpp:268] No valid takenover fd found for address=127.0.0.1:4443. binding on worker=0x564414c7ce20 workerId=3 processId=0
I1224 00:19:56.046003  4807 QuicServer.cpp:268] No valid takenover fd found for address=127.0.0.1:4443. binding on worker=0x564414c7d300 workerId=4 processId=0
I1224 00:19:56.046152  4808 QuicServer.cpp:268] No valid takenover fd found for address=127.0.0.1:4443. binding on worker=0x564414c7d800 workerId=5 processId=0
I1224 00:19:56.046181  4808 QuicServer.cpp:295] Initialized all workers in the eventbase
I1224 00:19:56.046283  4800 EchoServer.h:90] Echo server started at: 127.0.0.1:4443
I1224 00:19:56.046332  4800 EventBase.cpp:308] EventBase(): Starting loop.
I1224 00:19:56.046366  4803 QuicServerWorker.cpp:134] Registered read on worker=0x564414c7bec0, thread=140231221499648, processId=0
I1224 00:19:56.046391  4805 QuicServerWorker.cpp:134] Registered read on worker=0x564414c7c940, thread=140231204714240, processId=0
I1224 00:19:56.046387  4807 QuicServerWorker.cpp:134] Registered read on worker=0x564414c7d300, thread=140231187928832, processId=0
I1224 00:19:56.046430  4806 QuicServerWorker.cpp:134] Registered read on worker=0x564414c7ce20, thread=140231196321536, processId=0
I1224 00:19:56.046453  4804 QuicServerWorker.cpp:134] Registered read on worker=0x564414c7c500, thread=140231213106944, processId=0
I1224 00:19:56.046456  4808 QuicServerWorker.cpp:134] Registered read on worker=0x564414c7d800, thread=140231179536128, processId=0
I1224 00:20:01.333907  4806 QuicServerWorker.cpp:227] Worker=0x564414c7ce20, Received data on thread=140231196321536, processId=0
I1224 00:20:01.333936  4806 LogQuicStats.h:24] server onPacketReceived
I1224 00:20:01.333943  4806 LogQuicStats.h:140] server onRead size=1232
W1224 00:20:01.333963  4806 Types.cpp:447] toString has unhandled version type
I1224 00:20:01.333958  4806 LogQuicStats.h:76] server onClientInitialReceived, version: UNKNOWN
I1224 00:20:01.333981  4806 QuicServerWorker.cpp:208] Version negotiation sent to client=127.0.0.1:4987
I1224 00:20:01.333989  4806 LogQuicStats.h:144] server onWrite size=43
I1224 00:20:01.333997  4806 LogQuicStats.h:36] server onPacketProcessed
I1224 00:20:01.334002  4806 LogQuicStats.h:40] server onPacketSent
I1224 00:20:01.631628  4806 QuicServerWorker.cpp:227] Worker=0x564414c7ce20, Received data on thread=140231196321536, processId=0
I1224 00:20:01.631657  4806 LogQuicStats.h:24] server onPacketReceived
I1224 00:20:01.631664  4806 LogQuicStats.h:140] server onRead size=1232
I1224 00:20:01.631671  4806 LogQuicStats.h:76] server onClientInitialReceived, version: QUIC_DRAFT
I1224 00:20:01.631681  4806 QuicServerWorker.cpp:545] Creating new connection for client=127.0.0.1:4987, routingInfo=CID=0000000000000000, cidVersion=1, workerId=3, processId=0, hostId=0, threadId=140231196321536, 
I1224 00:20:01.631790  4806 LogQuicStats.h:118] server onStatelessReset
I1224 00:20:01.631819  4806 StateMachine-inl.h:41] Transition from Uninitialized to ExpectingClientHello
I1224 00:20:01.631908  4806 LogQuicStats.h:32] server onOutOfOrderPacketReceived
I1224 00:20:01.631920  4806 ServerStateMachine.cpp:952] Server received crypto data offset=0 len=391 currentReadOffset=0 client CID=0000000000000003 server CID=400000c0c6cd833d peer address=127.0.0.1:4987
I1224 00:20:01.631943  4806 RecordLayer.cpp:82] Received handshake message ClientHello
I1224 00:20:01.632050  4806 ServerHandshake.cpp:167] ServerHandshake error fizz::FizzException: no psk modes
I1224 00:20:01.632092  4806 QuicTransportBase.cpp:1870] onNetworkData fizz::FizzException: no psk modes client CID=0000000000000003 server CID=400000c0c6cd833d peer address=127.0.0.1:4987
I1224 00:20:01.632107  4806 QuicTransportBase.cpp:400] Stopping read looper due to immediate close client CID=0000000000000003 server CID=400000c0c6cd833d peer address=127.0.0.1:4987
I1224 00:20:01.632114  4806 FunctionLooper.cpp:88] stop: ReadLooper
I1224 00:20:01.632120  4806 FunctionLooper.cpp:88] stop: PeekLooper
I1224 00:20:01.632126  4806 FunctionLooper.cpp:88] stop: WriteLooper
I1224 00:20:01.632138  4806 QuicTransportBase.cpp:2651] Clearing 0 peek callbacks
I1224 00:20:01.632144  4806 QuicTransportBase.cpp:852] Stopping read looper client CID=0000000000000003 server CID=400000c0c6cd833d peer address=127.0.0.1:4987
I1224 00:20:01.632151  4806 FunctionLooper.cpp:88] stop: ReadLooper
I1224 00:20:01.632158  4806 QuicTransportBase.cpp:1196] Stopping peek looper client CID=0000000000000003 server CID=400000c0c6cd833d peer address=127.0.0.1:4987
I1224 00:20:01.632164  4806 FunctionLooper.cpp:88] stop: PeekLooper
I1224 00:20:01.632170  4806 QuicTransportBase.cpp:1233] Server stopping write looper because conn closed client CID=0000000000000003 server CID=400000c0c6cd833d peer address=127.0.0.1:4987
I1224 00:20:01.632177  4806 FunctionLooper.cpp:88] stop: WriteLooper
E1224 00:20:01.632184  4806 EchoHandler.h:53] Socket error=Crypto error: missing_extension
I1224 00:20:01.632203  4806 QuicTransportFunctions.cpp:1063] Server sent close packetNum=13452518 in space=InitialSpace client CID=0000000000000003 server CID=400000c0c6cd833d peer address=127.0.0.1:4987
I1224 00:20:01.632230  4806 LogQuicStats.h:144] server onWrite size=83
I1224 00:20:01.632241  4806 QuicTransportBase.cpp:852] Stopping read looper client CID=0000000000000003 server CID=400000c0c6cd833d peer address=127.0.0.1:4987
I1224 00:20:01.632247  4806 FunctionLooper.cpp:88] stop: ReadLooper
I1224 00:20:01.632253  4806 QuicTransportBase.cpp:1196] Stopping peek looper client CID=0000000000000003 server CID=400000c0c6cd833d peer address=127.0.0.1:4987
I1224 00:20:01.632261  4806 FunctionLooper.cpp:88] stop: PeekLooper
I1224 00:20:01.632266  4806 QuicTransportBase.cpp:1233] Server stopping write looper because conn closed client CID=0000000000000003 server CID=400000c0c6cd833d peer address=127.0.0.1:4987
I1224 00:20:01.632272  4806 FunctionLooper.cpp:88] stop: WriteLooper
*** Aborted at 1640305201 (Unix time, try 'date -d @1640305201') ***
*** Signal 15 (SIGTERM) (0x12bd) received by PID 4800 (pthread TID 0x7f8a236fbec0) (linux TID 4800) (maybe from PID 4797, UID 0) (code: 0), stack trace: ***
(error retrieving stack trace)
