I1223 18:30:56.905151 10600 EventBase.cpp:308] EventBase(): Starting loop.
I1223 18:30:56.906826 10601 EventBase.cpp:308] EventBase(): Starting loop.
I1223 18:30:56.906960 10602 EventBase.cpp:308] EventBase(): Starting loop.
I1223 18:30:56.907078 10603 EventBase.cpp:308] EventBase(): Starting loop.
I1223 18:30:56.911185 10604 EventBase.cpp:308] EventBase(): Starting loop.
I1223 18:30:56.914914 10605 EventBase.cpp:308] EventBase(): Starting loop.
I1223 18:30:56.915038 10600 QuicServer.cpp:268] No valid takenover fd found for address=127.0.0.1:4443. binding on worker=0x55b3b8b1d040 workerId=0 processId=0
I1223 18:30:56.915216 10601 QuicServer.cpp:268] No valid takenover fd found for address=127.0.0.1:4443. binding on worker=0x55b3b8b1d680 workerId=1 processId=0
I1223 18:30:56.915374 10602 QuicServer.cpp:268] No valid takenover fd found for address=127.0.0.1:4443. binding on worker=0x55b3b8b1db30 workerId=2 processId=0
I1223 18:30:56.915534 10603 QuicServer.cpp:268] No valid takenover fd found for address=127.0.0.1:4443. binding on worker=0x55b3b8b1e010 workerId=3 processId=0
I1223 18:30:56.915696 10604 QuicServer.cpp:268] No valid takenover fd found for address=127.0.0.1:4443. binding on worker=0x55b3b8b1e4f0 workerId=4 processId=0
I1223 18:30:56.915856 10605 QuicServer.cpp:268] No valid takenover fd found for address=127.0.0.1:4443. binding on worker=0x55b3b8b1e9f0 workerId=5 processId=0
I1223 18:30:56.915884 10605 QuicServer.cpp:295] Initialized all workers in the eventbase
I1223 18:30:56.915987 10597 EchoServer.h:90] Echo server started at: 127.0.0.1:4443
I1223 18:30:56.916033 10597 EventBase.cpp:308] EventBase(): Starting loop.
I1223 18:30:56.916088 10601 QuicServerWorker.cpp:134] Registered read on worker=0x55b3b8b1d680, thread=140680445818624, processId=0
I1223 18:30:56.916083 10600 QuicServerWorker.cpp:134] Registered read on worker=0x55b3b8b1d040, thread=140680521524992, processId=0
I1223 18:30:56.916082 10604 QuicServerWorker.cpp:134] Registered read on worker=0x55b3b8b1e4f0, thread=140680420640512, processId=0
I1223 18:30:56.916204 10603 QuicServerWorker.cpp:134] Registered read on worker=0x55b3b8b1e010, thread=140680429033216, processId=0
I1223 18:30:56.916260 10605 QuicServerWorker.cpp:134] Registered read on worker=0x55b3b8b1e9f0, thread=140680412247808, processId=0
I1223 18:30:56.916316 10602 QuicServerWorker.cpp:134] Registered read on worker=0x55b3b8b1db30, thread=140680437425920, processId=0
I1223 18:31:02.426081 10603 QuicServerWorker.cpp:227] Worker=0x55b3b8b1e010, Received data on thread=140680429033216, processId=0
I1223 18:31:02.426115 10603 LogQuicStats.h:24] server onPacketReceived
I1223 18:31:02.426121 10603 LogQuicStats.h:140] server onRead size=1232
I1223 18:31:02.426138 10603 LogQuicStats.h:76] server onClientInitialReceived, version: QUIC_DRAFT
I1223 18:31:02.426148 10603 QuicServerWorker.cpp:545] Creating new connection for client=127.0.0.1:4987, routingInfo=CID=0000000000000002, cidVersion=1, workerId=3, processId=0, hostId=0, threadId=140680429033216, 
I1223 18:31:02.426254 10603 LogQuicStats.h:118] server onStatelessReset
I1223 18:31:02.426280 10603 StateMachine-inl.h:41] Transition from Uninitialized to ExpectingClientHello
I1223 18:31:02.426345 10603 LogQuicStats.h:32] server onOutOfOrderPacketReceived
I1223 18:31:02.426354 10603 ServerStateMachine.cpp:952] Server received crypto data offset=0 len=391 currentReadOffset=0 client CID=0000000000000001 server CID=400000d4422b0b0c peer address=127.0.0.1:4987
I1223 18:31:02.426370 10603 RecordLayer.cpp:82] Received handshake message ClientHello
I1223 18:31:02.426463 10603 ServerHandshake.cpp:167] ServerHandshake error fizz::FizzException: no psk modes
I1223 18:31:02.426525 10603 QuicTransportBase.cpp:1870] onNetworkData fizz::FizzException: no psk modes client CID=0000000000000001 server CID=400000d4422b0b0c peer address=127.0.0.1:4987
I1223 18:31:02.426548 10603 QuicTransportBase.cpp:400] Stopping read looper due to immediate close client CID=0000000000000001 server CID=400000d4422b0b0c peer address=127.0.0.1:4987
I1223 18:31:02.426555 10603 FunctionLooper.cpp:88] stop: ReadLooper
I1223 18:31:02.426573 10603 FunctionLooper.cpp:88] stop: PeekLooper
I1223 18:31:02.426580 10603 FunctionLooper.cpp:88] stop: WriteLooper
I1223 18:31:02.426592 10603 QuicTransportBase.cpp:2651] Clearing 0 peek callbacks
I1223 18:31:02.426599 10603 QuicTransportBase.cpp:852] Stopping read looper client CID=0000000000000001 server CID=400000d4422b0b0c peer address=127.0.0.1:4987
I1223 18:31:02.426607 10603 FunctionLooper.cpp:88] stop: ReadLooper
I1223 18:31:02.426613 10603 QuicTransportBase.cpp:1196] Stopping peek looper client CID=0000000000000001 server CID=400000d4422b0b0c peer address=127.0.0.1:4987
I1223 18:31:02.426620 10603 FunctionLooper.cpp:88] stop: PeekLooper
I1223 18:31:02.426626 10603 QuicTransportBase.cpp:1233] Server stopping write looper because conn closed client CID=0000000000000001 server CID=400000d4422b0b0c peer address=127.0.0.1:4987
I1223 18:31:02.426633 10603 FunctionLooper.cpp:88] stop: WriteLooper
E1223 18:31:02.426641 10603 EchoHandler.h:53] Socket error=Crypto error: missing_extension
I1223 18:31:02.426663 10603 QuicTransportFunctions.cpp:1063] Server sent close packetNum=1626495 in space=InitialSpace client CID=0000000000000001 server CID=400000d4422b0b0c peer address=127.0.0.1:4987
I1223 18:31:02.426685 10603 LogQuicStats.h:144] server onWrite size=82
I1223 18:31:02.426697 10603 QuicTransportBase.cpp:852] Stopping read looper client CID=0000000000000001 server CID=400000d4422b0b0c peer address=127.0.0.1:4987
I1223 18:31:02.426704 10603 FunctionLooper.cpp:88] stop: ReadLooper
I1223 18:31:02.426710 10603 QuicTransportBase.cpp:1196] Stopping peek looper client CID=0000000000000001 server CID=400000d4422b0b0c peer address=127.0.0.1:4987
I1223 18:31:02.426717 10603 FunctionLooper.cpp:88] stop: PeekLooper
I1223 18:31:02.426723 10603 QuicTransportBase.cpp:1233] Server stopping write looper because conn closed client CID=0000000000000001 server CID=400000d4422b0b0c peer address=127.0.0.1:4987
I1223 18:31:02.426729 10603 FunctionLooper.cpp:88] stop: WriteLooper
*** Aborted at 1640284262 (Unix time, try 'date -d @1640284262') ***
*** Signal 15 (SIGTERM) (0x2962) received by PID 10597 (pthread TID 0x7ff2bfce0ec0) (linux TID 10597) (maybe from PID 10594, UID 0) (code: 0), stack trace: ***
(error retrieving stack trace)
