I1224 00:18:02.529608  4063 EventBase.cpp:308] EventBase(): Starting loop.
I1224 00:18:02.535979  4064 EventBase.cpp:308] EventBase(): Starting loop.
I1224 00:18:02.536109  4065 EventBase.cpp:308] EventBase(): Starting loop.
I1224 00:18:02.539654  4066 EventBase.cpp:308] EventBase(): Starting loop.
I1224 00:18:02.541472  4067 EventBase.cpp:308] EventBase(): Starting loop.
I1224 00:18:02.541625  4068 EventBase.cpp:308] EventBase(): Starting loop.
I1224 00:18:02.541759  4063 QuicServer.cpp:268] No valid takenover fd found for address=127.0.0.1:4443. binding on worker=0x55d3dd893ec0 workerId=0 processId=0
I1224 00:18:02.541935  4064 QuicServer.cpp:268] No valid takenover fd found for address=127.0.0.1:4443. binding on worker=0x55d3dd894500 workerId=1 processId=0
I1224 00:18:02.542093  4065 QuicServer.cpp:268] No valid takenover fd found for address=127.0.0.1:4443. binding on worker=0x55d3dd894940 workerId=2 processId=0
I1224 00:18:02.542250  4066 QuicServer.cpp:268] No valid takenover fd found for address=127.0.0.1:4443. binding on worker=0x55d3dd894e20 workerId=3 processId=0
I1224 00:18:02.542428  4067 QuicServer.cpp:268] No valid takenover fd found for address=127.0.0.1:4443. binding on worker=0x55d3dd895300 workerId=4 processId=0
I1224 00:18:02.542584  4068 QuicServer.cpp:268] No valid takenover fd found for address=127.0.0.1:4443. binding on worker=0x55d3dd895800 workerId=5 processId=0
I1224 00:18:02.542613  4068 QuicServer.cpp:295] Initialized all workers in the eventbase
I1224 00:18:02.542711  4060 EchoServer.h:90] Echo server started at: 127.0.0.1:4443
I1224 00:18:02.542759  4060 EventBase.cpp:308] EventBase(): Starting loop.
I1224 00:18:02.542837  4067 QuicServerWorker.cpp:134] Registered read on worker=0x55d3dd895300, thread=140180916561664, processId=0
I1224 00:18:02.542889  4065 QuicServerWorker.cpp:134] Registered read on worker=0x55d3dd894940, thread=140180933347072, processId=0
I1224 00:18:02.542901  4068 QuicServerWorker.cpp:134] Registered read on worker=0x55d3dd895800, thread=140180908168960, processId=0
I1224 00:18:02.542917  4066 QuicServerWorker.cpp:134] Registered read on worker=0x55d3dd894e20, thread=140180924954368, processId=0
I1224 00:18:02.542840  4063 QuicServerWorker.cpp:134] Registered read on worker=0x55d3dd893ec0, thread=140180950132480, processId=0
I1224 00:18:02.542845  4064 QuicServerWorker.cpp:134] Registered read on worker=0x55d3dd894500, thread=140180941739776, processId=0
I1224 00:18:07.873515  4066 QuicServerWorker.cpp:227] Worker=0x55d3dd894e20, Received data on thread=140180924954368, processId=0
I1224 00:18:07.873546  4066 LogQuicStats.h:24] server onPacketReceived
I1224 00:18:07.873553  4066 LogQuicStats.h:140] server onRead size=1232
W1224 00:18:07.873579  4066 Types.cpp:447] toString has unhandled version type
I1224 00:18:07.873569  4066 LogQuicStats.h:76] server onClientInitialReceived, version: UNKNOWN
I1224 00:18:07.873595  4066 QuicServerWorker.cpp:208] Version negotiation sent to client=127.0.0.1:4987
I1224 00:18:07.873605  4066 LogQuicStats.h:144] server onWrite size=43
I1224 00:18:07.873611  4066 LogQuicStats.h:36] server onPacketProcessed
I1224 00:18:07.873617  4066 LogQuicStats.h:40] server onPacketSent
I1224 00:18:08.098493  4066 QuicServerWorker.cpp:227] Worker=0x55d3dd894e20, Received data on thread=140180924954368, processId=0
I1224 00:18:08.098523  4066 LogQuicStats.h:24] server onPacketReceived
I1224 00:18:08.098531  4066 LogQuicStats.h:140] server onRead size=1232
I1224 00:18:08.098539  4066 LogQuicStats.h:76] server onClientInitialReceived, version: QUIC_DRAFT
I1224 00:18:08.098549  4066 QuicServerWorker.cpp:545] Creating new connection for client=127.0.0.1:4987, routingInfo=CID=0000000000000000, cidVersion=1, workerId=3, processId=0, hostId=0, threadId=140180924954368, 
I1224 00:18:08.098654  4066 LogQuicStats.h:118] server onStatelessReset
I1224 00:18:08.098683  4066 StateMachine-inl.h:41] Transition from Uninitialized to ExpectingClientHello
I1224 00:18:08.098748  4066 LogQuicStats.h:32] server onOutOfOrderPacketReceived
I1224 00:18:08.098757  4066 ServerStateMachine.cpp:952] Server received crypto data offset=0 len=391 currentReadOffset=0 client CID=0000000000000003 server CID=400000d1a9ae59ae peer address=127.0.0.1:4987
I1224 00:18:08.098785  4066 RecordLayer.cpp:82] Received handshake message ClientHello
I1224 00:18:08.098934  4066 ServerHandshake.cpp:167] ServerHandshake error fizz::FizzException: no psk modes
I1224 00:18:08.098975  4066 QuicTransportBase.cpp:1870] onNetworkData fizz::FizzException: no psk modes client CID=0000000000000003 server CID=400000d1a9ae59ae peer address=127.0.0.1:4987
I1224 00:18:08.098989  4066 QuicTransportBase.cpp:400] Stopping read looper due to immediate close client CID=0000000000000003 server CID=400000d1a9ae59ae peer address=127.0.0.1:4987
I1224 00:18:08.098996  4066 FunctionLooper.cpp:88] stop: ReadLooper
I1224 00:18:08.099002  4066 FunctionLooper.cpp:88] stop: PeekLooper
I1224 00:18:08.099009  4066 FunctionLooper.cpp:88] stop: WriteLooper
I1224 00:18:08.099015  4066 QuicTransportBase.cpp:2651] Clearing 0 peek callbacks
I1224 00:18:08.099021  4066 QuicTransportBase.cpp:852] Stopping read looper client CID=0000000000000003 server CID=400000d1a9ae59ae peer address=127.0.0.1:4987
I1224 00:18:08.099028  4066 FunctionLooper.cpp:88] stop: ReadLooper
I1224 00:18:08.099035  4066 QuicTransportBase.cpp:1196] Stopping peek looper client CID=0000000000000003 server CID=400000d1a9ae59ae peer address=127.0.0.1:4987
I1224 00:18:08.099040  4066 FunctionLooper.cpp:88] stop: PeekLooper
I1224 00:18:08.099046  4066 QuicTransportBase.cpp:1233] Server stopping write looper because conn closed client CID=0000000000000003 server CID=400000d1a9ae59ae peer address=127.0.0.1:4987
I1224 00:18:08.099053  4066 FunctionLooper.cpp:88] stop: WriteLooper
E1224 00:18:08.099061  4066 EchoHandler.h:53] Socket error=Crypto error: missing_extension
I1224 00:18:08.099084  4066 QuicTransportFunctions.cpp:1063] Server sent close packetNum=6733492 in space=InitialSpace client CID=0000000000000003 server CID=400000d1a9ae59ae peer address=127.0.0.1:4987
I1224 00:18:08.099109  4066 LogQuicStats.h:144] server onWrite size=82
I1224 00:18:08.099120  4066 QuicTransportBase.cpp:852] Stopping read looper client CID=0000000000000003 server CID=400000d1a9ae59ae peer address=127.0.0.1:4987
I1224 00:18:08.099128  4066 FunctionLooper.cpp:88] stop: ReadLooper
I1224 00:18:08.099133  4066 QuicTransportBase.cpp:1196] Stopping peek looper client CID=0000000000000003 server CID=400000d1a9ae59ae peer address=127.0.0.1:4987
I1224 00:18:08.099140  4066 FunctionLooper.cpp:88] stop: PeekLooper
I1224 00:18:08.099145  4066 QuicTransportBase.cpp:1233] Server stopping write looper because conn closed client CID=0000000000000003 server CID=400000d1a9ae59ae peer address=127.0.0.1:4987
I1224 00:18:08.099200  4066 FunctionLooper.cpp:88] stop: WriteLooper
*** Aborted at 1640305088 (Unix time, try 'date -d @1640305088') ***
*** Signal 15 (SIGTERM) (0xfd9) received by PID 4060 (pthread TID 0x7f7e6f078ec0) (linux TID 4060) (maybe from PID 4057, UID 0) (code: 0), stack trace: ***
(error retrieving stack trace)
