I1223 18:31:53.627439 10970 EventBase.cpp:308] EventBase(): Starting loop.
I1223 18:31:53.627671 10971 EventBase.cpp:308] EventBase(): Starting loop.
I1223 18:31:53.635159 10972 EventBase.cpp:308] EventBase(): Starting loop.
I1223 18:31:53.639722 10973 EventBase.cpp:308] EventBase(): Starting loop.
I1223 18:31:53.641410 10974 EventBase.cpp:308] EventBase(): Starting loop.
I1223 18:31:53.641556 10975 EventBase.cpp:308] EventBase(): Starting loop.
I1223 18:31:53.641702 10970 QuicServer.cpp:268] No valid takenover fd found for address=127.0.0.1:4443. binding on worker=0x55f10975a040 workerId=0 processId=0
I1223 18:31:53.641837 10971 QuicServer.cpp:268] No valid takenover fd found for address=127.0.0.1:4443. binding on worker=0x55f10975a680 workerId=1 processId=0
I1223 18:31:53.641961 10972 QuicServer.cpp:268] No valid takenover fd found for address=127.0.0.1:4443. binding on worker=0x55f10975ab30 workerId=2 processId=0
I1223 18:31:53.642009 10973 QuicServer.cpp:268] No valid takenover fd found for address=127.0.0.1:4443. binding on worker=0x55f10975b010 workerId=3 processId=0
I1223 18:31:53.642103 10974 QuicServer.cpp:268] No valid takenover fd found for address=127.0.0.1:4443. binding on worker=0x55f10975b4f0 workerId=4 processId=0
I1223 18:31:53.642268 10975 QuicServer.cpp:268] No valid takenover fd found for address=127.0.0.1:4443. binding on worker=0x55f10975b9f0 workerId=5 processId=0
I1223 18:31:53.642299 10975 QuicServer.cpp:295] Initialized all workers in the eventbase
I1223 18:31:53.642410 10967 EchoServer.h:90] Echo server started at: 127.0.0.1:4443
I1223 18:31:53.642428 10967 EventBase.cpp:308] EventBase(): Starting loop.
I1223 18:31:53.642474 10970 QuicServerWorker.cpp:134] Registered read on worker=0x55f10975a040, thread=140482903361280, processId=0
I1223 18:31:53.642477 10971 QuicServerWorker.cpp:134] Registered read on worker=0x55f10975a680, thread=140482894968576, processId=0
I1223 18:31:53.642508 10973 QuicServerWorker.cpp:134] Registered read on worker=0x55f10975b010, thread=140482675996416, processId=0
I1223 18:31:53.642510 10975 QuicServerWorker.cpp:134] Registered read on worker=0x55f10975b9f0, thread=140482659211008, processId=0
I1223 18:31:53.642524 10972 QuicServerWorker.cpp:134] Registered read on worker=0x55f10975ab30, thread=140482886575872, processId=0
I1223 18:31:53.642531 10974 QuicServerWorker.cpp:134] Registered read on worker=0x55f10975b4f0, thread=140482667603712, processId=0
I1223 18:31:59.250890 10973 QuicServerWorker.cpp:227] Worker=0x55f10975b010, Received data on thread=140482675996416, processId=0
I1223 18:31:59.250919 10973 LogQuicStats.h:24] server onPacketReceived
I1223 18:31:59.250926 10973 LogQuicStats.h:140] server onRead size=1232
I1223 18:31:59.250941 10973 LogQuicStats.h:76] server onClientInitialReceived, version: QUIC_DRAFT
I1223 18:31:59.250950 10973 QuicServerWorker.cpp:545] Creating new connection for client=127.0.0.1:4987, routingInfo=CID=0000000000000002, cidVersion=1, workerId=3, processId=0, hostId=0, threadId=140482675996416, 
I1223 18:31:59.251065 10973 LogQuicStats.h:118] server onStatelessReset
I1223 18:31:59.251092 10973 StateMachine-inl.h:41] Transition from Uninitialized to ExpectingClientHello
I1223 18:31:59.251156 10973 LogQuicStats.h:32] server onOutOfOrderPacketReceived
I1223 18:31:59.251165 10973 ServerStateMachine.cpp:952] Server received crypto data offset=0 len=391 currentReadOffset=0 client CID=0000000000000001 server CID=400000cb8a8720e6 peer address=127.0.0.1:4987
I1223 18:31:59.251179 10973 RecordLayer.cpp:82] Received handshake message ClientHello
I1223 18:31:59.251274 10973 ServerHandshake.cpp:167] ServerHandshake error fizz::FizzException: no psk modes
I1223 18:31:59.251341 10973 QuicTransportBase.cpp:1870] onNetworkData fizz::FizzException: no psk modes client CID=0000000000000001 server CID=400000cb8a8720e6 peer address=127.0.0.1:4987
I1223 18:31:59.251361 10973 QuicTransportBase.cpp:400] Stopping read looper due to immediate close client CID=0000000000000001 server CID=400000cb8a8720e6 peer address=127.0.0.1:4987
I1223 18:31:59.251369 10973 FunctionLooper.cpp:88] stop: ReadLooper
I1223 18:31:59.251382 10973 FunctionLooper.cpp:88] stop: PeekLooper
I1223 18:31:59.251389 10973 FunctionLooper.cpp:88] stop: WriteLooper
I1223 18:31:59.251396 10973 QuicTransportBase.cpp:2651] Clearing 0 peek callbacks
I1223 18:31:59.251402 10973 QuicTransportBase.cpp:852] Stopping read looper client CID=0000000000000001 server CID=400000cb8a8720e6 peer address=127.0.0.1:4987
I1223 18:31:59.251410 10973 FunctionLooper.cpp:88] stop: ReadLooper
I1223 18:31:59.251415 10973 QuicTransportBase.cpp:1196] Stopping peek looper client CID=0000000000000001 server CID=400000cb8a8720e6 peer address=127.0.0.1:4987
I1223 18:31:59.251421 10973 FunctionLooper.cpp:88] stop: PeekLooper
I1223 18:31:59.251427 10973 QuicTransportBase.cpp:1233] Server stopping write looper because conn closed client CID=0000000000000001 server CID=400000cb8a8720e6 peer address=127.0.0.1:4987
I1223 18:31:59.251433 10973 FunctionLooper.cpp:88] stop: WriteLooper
E1223 18:31:59.251441 10973 EchoHandler.h:53] Socket error=Crypto error: missing_extension
I1223 18:31:59.251461 10973 QuicTransportFunctions.cpp:1063] Server sent close packetNum=15855339 in space=InitialSpace client CID=0000000000000001 server CID=400000cb8a8720e6 peer address=127.0.0.1:4987
I1223 18:31:59.251484 10973 LogQuicStats.h:144] server onWrite size=83
I1223 18:31:59.251494 10973 QuicTransportBase.cpp:852] Stopping read looper client CID=0000000000000001 server CID=400000cb8a8720e6 peer address=127.0.0.1:4987
I1223 18:31:59.251502 10973 FunctionLooper.cpp:88] stop: ReadLooper
I1223 18:31:59.251507 10973 QuicTransportBase.cpp:1196] Stopping peek looper client CID=0000000000000001 server CID=400000cb8a8720e6 peer address=127.0.0.1:4987
I1223 18:31:59.251513 10973 FunctionLooper.cpp:88] stop: PeekLooper
I1223 18:31:59.251519 10973 QuicTransportBase.cpp:1233] Server stopping write looper because conn closed client CID=0000000000000001 server CID=400000cb8a8720e6 peer address=127.0.0.1:4987
I1223 18:31:59.251525 10973 FunctionLooper.cpp:88] stop: WriteLooper
*** Aborted at 1640284319 (Unix time, try 'date -d @1640284319') ***
*** Signal 15 (SIGTERM) (0x2ad4) received by PID 10967 (pthread TID 0x7fc4bcd82ec0) (linux TID 10967) (maybe from PID 10964, UID 0) (code: 0), stack trace: ***
(error retrieving stack trace)
