I1223 18:32:27.950526 11192 EventBase.cpp:308] EventBase(): Starting loop.
I1223 18:32:27.950893 11193 EventBase.cpp:308] EventBase(): Starting loop.
I1223 18:32:27.951086 11194 EventBase.cpp:308] EventBase(): Starting loop.
I1223 18:32:27.955170 11195 EventBase.cpp:308] EventBase(): Starting loop.
I1223 18:32:27.957059 11196 EventBase.cpp:308] EventBase(): Starting loop.
I1223 18:32:27.957201 11197 EventBase.cpp:308] EventBase(): Starting loop.
I1223 18:32:27.957316 11192 QuicServer.cpp:268] No valid takenover fd found for address=127.0.0.1:4443. binding on worker=0x55f9fa289040 workerId=0 processId=0
I1223 18:32:27.957509 11193 QuicServer.cpp:268] No valid takenover fd found for address=127.0.0.1:4443. binding on worker=0x55f9fa289680 workerId=1 processId=0
I1223 18:32:27.957664 11194 QuicServer.cpp:268] No valid takenover fd found for address=127.0.0.1:4443. binding on worker=0x55f9fa289b30 workerId=2 processId=0
I1223 18:32:27.957816 11195 QuicServer.cpp:268] No valid takenover fd found for address=127.0.0.1:4443. binding on worker=0x55f9fa28a010 workerId=3 processId=0
I1223 18:32:27.957975 11196 QuicServer.cpp:268] No valid takenover fd found for address=127.0.0.1:4443. binding on worker=0x55f9fa28a4f0 workerId=4 processId=0
I1223 18:32:27.958133 11197 QuicServer.cpp:268] No valid takenover fd found for address=127.0.0.1:4443. binding on worker=0x55f9fa28a9f0 workerId=5 processId=0
I1223 18:32:27.958160 11197 QuicServer.cpp:295] Initialized all workers in the eventbase
I1223 18:32:27.958258 11189 EchoServer.h:90] Echo server started at: 127.0.0.1:4443
I1223 18:32:27.958300 11189 EventBase.cpp:308] EventBase(): Starting loop.
I1223 18:32:27.958351 11193 QuicServerWorker.cpp:134] Registered read on worker=0x55f9fa289680, thread=139816916686592, processId=0
I1223 18:32:27.958351 11196 QuicServerWorker.cpp:134] Registered read on worker=0x55f9fa28a4f0, thread=139816687630080, processId=0
I1223 18:32:27.958405 11194 QuicServerWorker.cpp:134] Registered read on worker=0x55f9fa289b30, thread=139816908293888, processId=0
I1223 18:32:27.958367 11192 QuicServerWorker.cpp:134] Registered read on worker=0x55f9fa289040, thread=139816925079296, processId=0
I1223 18:32:27.958392 11195 QuicServerWorker.cpp:134] Registered read on worker=0x55f9fa28a010, thread=139816899901184, processId=0
I1223 18:32:27.958437 11197 QuicServerWorker.cpp:134] Registered read on worker=0x55f9fa28a9f0, thread=139816679237376, processId=0
I1223 18:32:33.538736 11195 QuicServerWorker.cpp:227] Worker=0x55f9fa28a010, Received data on thread=139816899901184, processId=0
I1223 18:32:33.538767 11195 LogQuicStats.h:24] server onPacketReceived
I1223 18:32:33.538775 11195 LogQuicStats.h:140] server onRead size=1232
I1223 18:32:33.538791 11195 LogQuicStats.h:76] server onClientInitialReceived, version: QUIC_DRAFT
I1223 18:32:33.538801 11195 QuicServerWorker.cpp:545] Creating new connection for client=127.0.0.1:4987, routingInfo=CID=0000000000000002, cidVersion=1, workerId=3, processId=0, hostId=0, threadId=139816899901184, 
I1223 18:32:33.538913 11195 LogQuicStats.h:118] server onStatelessReset
I1223 18:32:33.538941 11195 StateMachine-inl.h:41] Transition from Uninitialized to ExpectingClientHello
I1223 18:32:33.539008 11195 LogQuicStats.h:32] server onOutOfOrderPacketReceived
I1223 18:32:33.539017 11195 ServerStateMachine.cpp:952] Server received crypto data offset=0 len=391 currentReadOffset=0 client CID=0000000000000001 server CID=400000c4333175c3 peer address=127.0.0.1:4987
I1223 18:32:33.539033 11195 RecordLayer.cpp:82] Received handshake message ClientHello
I1223 18:32:33.539129 11195 ServerHandshake.cpp:167] ServerHandshake error fizz::FizzException: no psk modes
I1223 18:32:33.539180 11195 QuicTransportBase.cpp:1870] onNetworkData fizz::FizzException: no psk modes client CID=0000000000000001 server CID=400000c4333175c3 peer address=127.0.0.1:4987
I1223 18:32:33.539196 11195 QuicTransportBase.cpp:400] Stopping read looper due to immediate close client CID=0000000000000001 server CID=400000c4333175c3 peer address=127.0.0.1:4987
I1223 18:32:33.539203 11195 FunctionLooper.cpp:88] stop: ReadLooper
I1223 18:32:33.539217 11195 FunctionLooper.cpp:88] stop: PeekLooper
I1223 18:32:33.539223 11195 FunctionLooper.cpp:88] stop: WriteLooper
I1223 18:32:33.539235 11195 QuicTransportBase.cpp:2651] Clearing 0 peek callbacks
I1223 18:32:33.539242 11195 QuicTransportBase.cpp:852] Stopping read looper client CID=0000000000000001 server CID=400000c4333175c3 peer address=127.0.0.1:4987
I1223 18:32:33.539249 11195 FunctionLooper.cpp:88] stop: ReadLooper
I1223 18:32:33.539256 11195 QuicTransportBase.cpp:1196] Stopping peek looper client CID=0000000000000001 server CID=400000c4333175c3 peer address=127.0.0.1:4987
I1223 18:32:33.539311 11195 FunctionLooper.cpp:88] stop: PeekLooper
I1223 18:32:33.539320 11195 QuicTransportBase.cpp:1233] Server stopping write looper because conn closed client CID=0000000000000001 server CID=400000c4333175c3 peer address=127.0.0.1:4987
I1223 18:32:33.539330 11195 FunctionLooper.cpp:88] stop: WriteLooper
E1223 18:32:33.539336 11195 EchoHandler.h:53] Socket error=Crypto error: missing_extension
I1223 18:32:33.539359 11195 QuicTransportFunctions.cpp:1063] Server sent close packetNum=6151790 in space=InitialSpace client CID=0000000000000001 server CID=400000c4333175c3 peer address=127.0.0.1:4987
I1223 18:32:33.539386 11195 LogQuicStats.h:144] server onWrite size=82
I1223 18:32:33.539397 11195 QuicTransportBase.cpp:852] Stopping read looper client CID=0000000000000001 server CID=400000c4333175c3 peer address=127.0.0.1:4987
I1223 18:32:33.539404 11195 FunctionLooper.cpp:88] stop: ReadLooper
I1223 18:32:33.539410 11195 QuicTransportBase.cpp:1196] Stopping peek looper client CID=0000000000000001 server CID=400000c4333175c3 peer address=127.0.0.1:4987
I1223 18:32:33.539417 11195 FunctionLooper.cpp:88] stop: PeekLooper
I1223 18:32:33.539423 11195 QuicTransportBase.cpp:1233] Server stopping write looper because conn closed client CID=0000000000000001 server CID=400000c4333175c3 peer address=127.0.0.1:4987
I1223 18:32:33.539430 11195 FunctionLooper.cpp:88] stop: WriteLooper
*** Aborted at 1640284353 (Unix time, try 'date -d @1640284353') ***
*** Signal 15 (SIGTERM) (0x2bb2) received by PID 11189 (pthread TID 0x7f29ad720ec0) (linux TID 11189) (maybe from PID 11186, UID 0) (code: 0), stack trace: ***
(error retrieving stack trace)
