I1224 00:18:42.342407  4322 EventBase.cpp:308] EventBase(): Starting loop.
I1224 00:18:42.342617  4323 EventBase.cpp:308] EventBase(): Starting loop.
I1224 00:18:42.343168  4324 EventBase.cpp:308] EventBase(): Starting loop.
I1224 00:18:42.347070  4325 EventBase.cpp:308] EventBase(): Starting loop.
I1224 00:18:42.347229  4326 EventBase.cpp:308] EventBase(): Starting loop.
I1224 00:18:42.350908  4327 EventBase.cpp:308] EventBase(): Starting loop.
I1224 00:18:42.351055  4322 QuicServer.cpp:268] No valid takenover fd found for address=127.0.0.1:4443. binding on worker=0x559d6e328ec0 workerId=0 processId=0
I1224 00:18:42.351230  4323 QuicServer.cpp:268] No valid takenover fd found for address=127.0.0.1:4443. binding on worker=0x559d6e329500 workerId=1 processId=0
I1224 00:18:42.351375  4324 QuicServer.cpp:268] No valid takenover fd found for address=127.0.0.1:4443. binding on worker=0x559d6e329940 workerId=2 processId=0
I1224 00:18:42.351533  4325 QuicServer.cpp:268] No valid takenover fd found for address=127.0.0.1:4443. binding on worker=0x559d6e329e20 workerId=3 processId=0
I1224 00:18:42.351648  4326 QuicServer.cpp:268] No valid takenover fd found for address=127.0.0.1:4443. binding on worker=0x559d6e32a300 workerId=4 processId=0
I1224 00:18:42.351728  4327 QuicServer.cpp:268] No valid takenover fd found for address=127.0.0.1:4443. binding on worker=0x559d6e32a800 workerId=5 processId=0
I1224 00:18:42.351753  4327 QuicServer.cpp:295] Initialized all workers in the eventbase
I1224 00:18:42.351858  4319 EchoServer.h:90] Echo server started at: 127.0.0.1:4443
I1224 00:18:42.351876  4319 EventBase.cpp:308] EventBase(): Starting loop.
I1224 00:18:42.351889  4324 QuicServerWorker.cpp:134] Registered read on worker=0x559d6e329940, thread=140248197625600, processId=0
I1224 00:18:42.351917  4326 QuicServerWorker.cpp:134] Registered read on worker=0x559d6e32a300, thread=140248180840192, processId=0
I1224 00:18:42.351892  4322 QuicServerWorker.cpp:134] Registered read on worker=0x559d6e328ec0, thread=140248286422784, processId=0
I1224 00:18:42.351912  4325 QuicServerWorker.cpp:134] Registered read on worker=0x559d6e329e20, thread=140248189232896, processId=0
I1224 00:18:42.351965  4327 QuicServerWorker.cpp:134] Registered read on worker=0x559d6e32a800, thread=140248172447488, processId=0
I1224 00:18:42.351912  4323 QuicServerWorker.cpp:134] Registered read on worker=0x559d6e329500, thread=140248278030080, processId=0
I1224 00:18:47.758080  4325 QuicServerWorker.cpp:227] Worker=0x559d6e329e20, Received data on thread=140248189232896, processId=0
I1224 00:18:47.758127  4325 LogQuicStats.h:24] server onPacketReceived
I1224 00:18:47.758134  4325 LogQuicStats.h:140] server onRead size=1232
W1224 00:18:47.758154  4325 Types.cpp:447] toString has unhandled version type
I1224 00:18:47.758149  4325 LogQuicStats.h:76] server onClientInitialReceived, version: UNKNOWN
I1224 00:18:47.758167  4325 QuicServerWorker.cpp:208] Version negotiation sent to client=127.0.0.1:4987
I1224 00:18:47.758175  4325 LogQuicStats.h:144] server onWrite size=43
I1224 00:18:47.758183  4325 LogQuicStats.h:36] server onPacketProcessed
I1224 00:18:47.758188  4325 LogQuicStats.h:40] server onPacketSent
I1224 00:18:47.958768  4325 QuicServerWorker.cpp:227] Worker=0x559d6e329e20, Received data on thread=140248189232896, processId=0
I1224 00:18:47.958796  4325 LogQuicStats.h:24] server onPacketReceived
I1224 00:18:47.958832  4325 LogQuicStats.h:140] server onRead size=1232
I1224 00:18:47.958844  4325 LogQuicStats.h:76] server onClientInitialReceived, version: QUIC_DRAFT
I1224 00:18:47.958855  4325 QuicServerWorker.cpp:545] Creating new connection for client=127.0.0.1:4987, routingInfo=CID=0000000000000000, cidVersion=1, workerId=3, processId=0, hostId=0, threadId=140248189232896, 
I1224 00:18:47.958989  4325 LogQuicStats.h:118] server onStatelessReset
I1224 00:18:47.959022  4325 StateMachine-inl.h:41] Transition from Uninitialized to ExpectingClientHello
I1224 00:18:47.959087  4325 LogQuicStats.h:32] server onOutOfOrderPacketReceived
I1224 00:18:47.959096  4325 ServerStateMachine.cpp:952] Server received crypto data offset=0 len=391 currentReadOffset=0 client CID=0000000000000003 server CID=400000c50990b68d peer address=127.0.0.1:4987
I1224 00:18:47.959138  4325 RecordLayer.cpp:82] Received handshake message ClientHello
I1224 00:18:47.959273  4325 ServerHandshake.cpp:167] ServerHandshake error fizz::FizzException: no psk modes
I1224 00:18:47.959327  4325 QuicTransportBase.cpp:1870] onNetworkData fizz::FizzException: no psk modes client CID=0000000000000003 server CID=400000c50990b68d peer address=127.0.0.1:4987
I1224 00:18:47.959342  4325 QuicTransportBase.cpp:400] Stopping read looper due to immediate close client CID=0000000000000003 server CID=400000c50990b68d peer address=127.0.0.1:4987
I1224 00:18:47.959370  4325 FunctionLooper.cpp:88] stop: ReadLooper
I1224 00:18:47.959391  4325 FunctionLooper.cpp:88] stop: PeekLooper
I1224 00:18:47.959398  4325 FunctionLooper.cpp:88] stop: WriteLooper
I1224 00:18:47.959456  4325 QuicTransportBase.cpp:2651] Clearing 0 peek callbacks
I1224 00:18:47.959467  4325 QuicTransportBase.cpp:852] Stopping read looper client CID=0000000000000003 server CID=400000c50990b68d peer address=127.0.0.1:4987
I1224 00:18:47.959475  4325 FunctionLooper.cpp:88] stop: ReadLooper
I1224 00:18:47.959481  4325 QuicTransportBase.cpp:1196] Stopping peek looper client CID=0000000000000003 server CID=400000c50990b68d peer address=127.0.0.1:4987
I1224 00:18:47.959488  4325 FunctionLooper.cpp:88] stop: PeekLooper
I1224 00:18:47.959494  4325 QuicTransportBase.cpp:1233] Server stopping write looper because conn closed client CID=0000000000000003 server CID=400000c50990b68d peer address=127.0.0.1:4987
I1224 00:18:47.959501  4325 FunctionLooper.cpp:88] stop: WriteLooper
E1224 00:18:47.959508  4325 EchoHandler.h:53] Socket error=Crypto error: missing_extension
I1224 00:18:47.959529  4325 QuicTransportFunctions.cpp:1063] Server sent close packetNum=386531 in space=InitialSpace client CID=0000000000000003 server CID=400000c50990b68d peer address=127.0.0.1:4987
I1224 00:18:47.959554  4325 LogQuicStats.h:144] server onWrite size=82
I1224 00:18:47.959565  4325 QuicTransportBase.cpp:852] Stopping read looper client CID=0000000000000003 server CID=400000c50990b68d peer address=127.0.0.1:4987
I1224 00:18:47.959573  4325 FunctionLooper.cpp:88] stop: ReadLooper
I1224 00:18:47.959578  4325 QuicTransportBase.cpp:1196] Stopping peek looper client CID=0000000000000003 server CID=400000c50990b68d peer address=127.0.0.1:4987
I1224 00:18:47.959585  4325 FunctionLooper.cpp:88] stop: PeekLooper
I1224 00:18:47.959591  4325 QuicTransportBase.cpp:1233] Server stopping write looper because conn closed client CID=0000000000000003 server CID=400000c50990b68d peer address=127.0.0.1:4987
I1224 00:18:47.959597  4325 FunctionLooper.cpp:88] stop: WriteLooper
*** Aborted at 1640305127 (Unix time, try 'date -d @1640305127') ***
*** Signal 15 (SIGTERM) (0x10dc) received by PID 4319 (pthread TID 0x7f8e1c95cec0) (linux TID 4319) (maybe from PID 4316, UID 0) (code: 0), stack trace: ***
(error retrieving stack trace)
