I1223 18:27:19.136584  9194 EventBase.cpp:308] EventBase(): Starting loop.
I1223 18:27:19.138232  9195 EventBase.cpp:308] EventBase(): Starting loop.
I1223 18:27:19.138365  9196 EventBase.cpp:308] EventBase(): Starting loop.
I1223 18:27:19.138468  9197 EventBase.cpp:308] EventBase(): Starting loop.
I1223 18:27:19.138595  9198 EventBase.cpp:308] EventBase(): Starting loop.
I1223 18:27:19.138782  9199 EventBase.cpp:308] EventBase(): Starting loop.
I1223 18:27:19.138934  9194 QuicServer.cpp:268] No valid takenover fd found for address=127.0.0.1:4443. binding on worker=0x55e94b62e040 workerId=0 processId=0
I1223 18:27:19.139047  9195 QuicServer.cpp:268] No valid takenover fd found for address=127.0.0.1:4443. binding on worker=0x55e94b62e680 workerId=1 processId=0
I1223 18:27:19.139137  9196 QuicServer.cpp:268] No valid takenover fd found for address=127.0.0.1:4443. binding on worker=0x55e94b62eb30 workerId=2 processId=0
I1223 18:27:19.139215  9197 QuicServer.cpp:268] No valid takenover fd found for address=127.0.0.1:4443. binding on worker=0x55e94b62f010 workerId=3 processId=0
I1223 18:27:19.139323  9198 QuicServer.cpp:268] No valid takenover fd found for address=127.0.0.1:4443. binding on worker=0x55e94b62f4f0 workerId=4 processId=0
I1223 18:27:19.139413  9199 QuicServer.cpp:268] No valid takenover fd found for address=127.0.0.1:4443. binding on worker=0x55e94b62f9f0 workerId=5 processId=0
I1223 18:27:19.139441  9199 QuicServer.cpp:295] Initialized all workers in the eventbase
I1223 18:27:19.139506  9191 EchoServer.h:90] Echo server started at: 127.0.0.1:4443
I1223 18:27:19.139524  9191 EventBase.cpp:308] EventBase(): Starting loop.
I1223 18:27:19.139541  9196 QuicServerWorker.cpp:134] Registered read on worker=0x55e94b62eb30, thread=140210874455808, processId=0
I1223 18:27:19.139569  9194 QuicServerWorker.cpp:134] Registered read on worker=0x55e94b62e040, thread=140210891241216, processId=0
I1223 18:27:19.139585  9198 QuicServerWorker.cpp:134] Registered read on worker=0x55e94b62f4f0, thread=140210857670400, processId=0
I1223 18:27:19.139588  9197 QuicServerWorker.cpp:134] Registered read on worker=0x55e94b62f010, thread=140210866063104, processId=0
I1223 18:27:19.139609  9199 QuicServerWorker.cpp:134] Registered read on worker=0x55e94b62f9f0, thread=140210849277696, processId=0
I1223 18:27:19.139590  9195 QuicServerWorker.cpp:134] Registered read on worker=0x55e94b62e680, thread=140210882848512, processId=0
I1223 18:27:24.756187  9197 QuicServerWorker.cpp:227] Worker=0x55e94b62f010, Received data on thread=140210866063104, processId=0
I1223 18:27:24.756218  9197 LogQuicStats.h:24] server onPacketReceived
I1223 18:27:24.756227  9197 LogQuicStats.h:140] server onRead size=1232
I1223 18:27:24.756244  9197 LogQuicStats.h:76] server onClientInitialReceived, version: QUIC_DRAFT
I1223 18:27:24.756256  9197 QuicServerWorker.cpp:545] Creating new connection for client=127.0.0.1:4987, routingInfo=CID=0000000000000002, cidVersion=1, workerId=3, processId=0, hostId=0, threadId=140210866063104, 
I1223 18:27:24.756367  9197 LogQuicStats.h:118] server onStatelessReset
I1223 18:27:24.756397  9197 StateMachine-inl.h:41] Transition from Uninitialized to ExpectingClientHello
I1223 18:27:24.756469  9197 LogQuicStats.h:32] server onOutOfOrderPacketReceived
I1223 18:27:24.756479  9197 ServerStateMachine.cpp:952] Server received crypto data offset=0 len=391 currentReadOffset=0 client CID=0000000000000001 server CID=400000c36289c645 peer address=127.0.0.1:4987
I1223 18:27:24.756496  9197 RecordLayer.cpp:82] Received handshake message ClientHello
I1223 18:27:24.756604  9197 ServerHandshake.cpp:167] ServerHandshake error fizz::FizzException: no psk modes
I1223 18:27:24.756652  9197 QuicTransportBase.cpp:1870] onNetworkData fizz::FizzException: no psk modes client CID=0000000000000001 server CID=400000c36289c645 peer address=127.0.0.1:4987
I1223 18:27:24.756669  9197 QuicTransportBase.cpp:400] Stopping read looper due to immediate close client CID=0000000000000001 server CID=400000c36289c645 peer address=127.0.0.1:4987
I1223 18:27:24.756678  9197 FunctionLooper.cpp:88] stop: ReadLooper
I1223 18:27:24.756698  9197 FunctionLooper.cpp:88] stop: PeekLooper
I1223 18:27:24.756705  9197 FunctionLooper.cpp:88] stop: WriteLooper
I1223 18:27:24.756718  9197 QuicTransportBase.cpp:2651] Clearing 0 peek callbacks
I1223 18:27:24.756726  9197 QuicTransportBase.cpp:852] Stopping read looper client CID=0000000000000001 server CID=400000c36289c645 peer address=127.0.0.1:4987
I1223 18:27:24.756734  9197 FunctionLooper.cpp:88] stop: ReadLooper
I1223 18:27:24.756742  9197 QuicTransportBase.cpp:1196] Stopping peek looper client CID=0000000000000001 server CID=400000c36289c645 peer address=127.0.0.1:4987
I1223 18:27:24.756748  9197 FunctionLooper.cpp:88] stop: PeekLooper
I1223 18:27:24.756755  9197 QuicTransportBase.cpp:1233] Server stopping write looper because conn closed client CID=0000000000000001 server CID=400000c36289c645 peer address=127.0.0.1:4987
I1223 18:27:24.756762  9197 FunctionLooper.cpp:88] stop: WriteLooper
E1223 18:27:24.756770  9197 EchoHandler.h:53] Socket error=Crypto error: missing_extension
I1223 18:27:24.756791  9197 QuicTransportFunctions.cpp:1063] Server sent close packetNum=1340368 in space=InitialSpace client CID=0000000000000001 server CID=400000c36289c645 peer address=127.0.0.1:4987
I1223 18:27:24.756819  9197 LogQuicStats.h:144] server onWrite size=82
I1223 18:27:24.756829  9197 QuicTransportBase.cpp:852] Stopping read looper client CID=0000000000000001 server CID=400000c36289c645 peer address=127.0.0.1:4987
I1223 18:27:24.756839  9197 FunctionLooper.cpp:88] stop: ReadLooper
I1223 18:27:24.756844  9197 QuicTransportBase.cpp:1196] Stopping peek looper client CID=0000000000000001 server CID=400000c36289c645 peer address=127.0.0.1:4987
I1223 18:27:24.756852  9197 FunctionLooper.cpp:88] stop: PeekLooper
I1223 18:27:24.756858  9197 QuicTransportBase.cpp:1233] Server stopping write looper because conn closed client CID=0000000000000001 server CID=400000c36289c645 peer address=127.0.0.1:4987
I1223 18:27:24.756865  9197 FunctionLooper.cpp:88] stop: WriteLooper
*** Aborted at 1640284044 (Unix time, try 'date -d @1640284044') ***
*** Signal 15 (SIGTERM) (0x23e4) received by PID 9191 (pthread TID 0x7f8567a89ec0) (linux TID 9191) (maybe from PID 9188, UID 0) (code: 0), stack trace: ***
(error retrieving stack trace)
