I1224 00:23:54.194552  6357 EventBase.cpp:308] EventBase(): Starting loop.
I1224 00:23:54.195044  6358 EventBase.cpp:308] EventBase(): Starting loop.
I1224 00:23:54.199204  6359 EventBase.cpp:308] EventBase(): Starting loop.
I1224 00:23:54.199386  6360 EventBase.cpp:308] EventBase(): Starting loop.
I1224 00:23:54.203078  6361 EventBase.cpp:308] EventBase(): Starting loop.
I1224 00:23:54.204950  6362 EventBase.cpp:308] EventBase(): Starting loop.
I1224 00:23:54.205134  6357 QuicServer.cpp:268] No valid takenover fd found for address=127.0.0.1:4443. binding on worker=0x56205a2a4ec0 workerId=0 processId=0
I1224 00:23:54.205317  6358 QuicServer.cpp:268] No valid takenover fd found for address=127.0.0.1:4443. binding on worker=0x56205a2a5500 workerId=1 processId=0
I1224 00:23:54.205476  6359 QuicServer.cpp:268] No valid takenover fd found for address=127.0.0.1:4443. binding on worker=0x56205a2a5940 workerId=2 processId=0
I1224 00:23:54.205646  6360 QuicServer.cpp:268] No valid takenover fd found for address=127.0.0.1:4443. binding on worker=0x56205a2a5e20 workerId=3 processId=0
I1224 00:23:54.205804  6361 QuicServer.cpp:268] No valid takenover fd found for address=127.0.0.1:4443. binding on worker=0x56205a2a6300 workerId=4 processId=0
I1224 00:23:54.205963  6362 QuicServer.cpp:268] No valid takenover fd found for address=127.0.0.1:4443. binding on worker=0x56205a2a6800 workerId=5 processId=0
I1224 00:23:54.205992  6362 QuicServer.cpp:295] Initialized all workers in the eventbase
I1224 00:23:54.206090  6354 EchoServer.h:90] Echo server started at: 127.0.0.1:4443
I1224 00:23:54.206110  6354 EventBase.cpp:308] EventBase(): Starting loop.
I1224 00:23:54.206158  6359 QuicServerWorker.cpp:134] Registered read on worker=0x56205a2a5940, thread=140384176047872, processId=0
I1224 00:23:54.206159  6357 QuicServerWorker.cpp:134] Registered read on worker=0x56205a2a4ec0, thread=140384192833280, processId=0
I1224 00:23:54.206210  6362 QuicServerWorker.cpp:134] Registered read on worker=0x56205a2a6800, thread=140383942072064, processId=0
I1224 00:23:54.206223  6361 QuicServerWorker.cpp:134] Registered read on worker=0x56205a2a6300, thread=140383950464768, processId=0
I1224 00:23:54.206171  6358 QuicServerWorker.cpp:134] Registered read on worker=0x56205a2a5500, thread=140384184440576, processId=0
I1224 00:23:54.206245  6360 QuicServerWorker.cpp:134] Registered read on worker=0x56205a2a5e20, thread=140383958857472, processId=0
I1224 00:23:59.550495  6360 QuicServerWorker.cpp:227] Worker=0x56205a2a5e20, Received data on thread=140383958857472, processId=0
I1224 00:23:59.550524  6360 LogQuicStats.h:24] server onPacketReceived
I1224 00:23:59.550531  6360 LogQuicStats.h:140] server onRead size=1232
W1224 00:23:59.550550  6360 Types.cpp:447] toString has unhandled version type
I1224 00:23:59.550545  6360 LogQuicStats.h:76] server onClientInitialReceived, version: UNKNOWN
I1224 00:23:59.550567  6360 QuicServerWorker.cpp:208] Version negotiation sent to client=127.0.0.1:4987
I1224 00:23:59.550576  6360 LogQuicStats.h:144] server onWrite size=43
I1224 00:23:59.550582  6360 LogQuicStats.h:36] server onPacketProcessed
I1224 00:23:59.550588  6360 LogQuicStats.h:40] server onPacketSent
I1224 00:23:59.711520  6360 QuicServerWorker.cpp:227] Worker=0x56205a2a5e20, Received data on thread=140383958857472, processId=0
I1224 00:23:59.711550  6360 LogQuicStats.h:24] server onPacketReceived
I1224 00:23:59.711557  6360 LogQuicStats.h:140] server onRead size=1232
I1224 00:23:59.711565  6360 LogQuicStats.h:76] server onClientInitialReceived, version: QUIC_DRAFT
I1224 00:23:59.711576  6360 QuicServerWorker.cpp:545] Creating new connection for client=127.0.0.1:4987, routingInfo=CID=0000000000000000, cidVersion=1, workerId=3, processId=0, hostId=0, threadId=140383958857472, 
I1224 00:23:59.711709  6360 LogQuicStats.h:118] server onStatelessReset
I1224 00:23:59.711740  6360 StateMachine-inl.h:41] Transition from Uninitialized to ExpectingClientHello
I1224 00:23:59.711805  6360 LogQuicStats.h:32] server onOutOfOrderPacketReceived
I1224 00:23:59.711814  6360 ServerStateMachine.cpp:952] Server received crypto data offset=0 len=391 currentReadOffset=0 client CID=0000000000000003 server CID=400000c2f384bf23 peer address=127.0.0.1:4987
I1224 00:23:59.711841  6360 RecordLayer.cpp:82] Received handshake message ClientHello
I1224 00:23:59.711943  6360 ServerHandshake.cpp:167] ServerHandshake error fizz::FizzException: no psk modes
I1224 00:23:59.711985  6360 QuicTransportBase.cpp:1870] onNetworkData fizz::FizzException: no psk modes client CID=0000000000000003 server CID=400000c2f384bf23 peer address=127.0.0.1:4987
I1224 00:23:59.711999  6360 QuicTransportBase.cpp:400] Stopping read looper due to immediate close client CID=0000000000000003 server CID=400000c2f384bf23 peer address=127.0.0.1:4987
I1224 00:23:59.712007  6360 FunctionLooper.cpp:88] stop: ReadLooper
I1224 00:23:59.712013  6360 FunctionLooper.cpp:88] stop: PeekLooper
I1224 00:23:59.712019  6360 FunctionLooper.cpp:88] stop: WriteLooper
I1224 00:23:59.712026  6360 QuicTransportBase.cpp:2651] Clearing 0 peek callbacks
I1224 00:23:59.712033  6360 QuicTransportBase.cpp:852] Stopping read looper client CID=0000000000000003 server CID=400000c2f384bf23 peer address=127.0.0.1:4987
I1224 00:23:59.712040  6360 FunctionLooper.cpp:88] stop: ReadLooper
I1224 00:23:59.712046  6360 QuicTransportBase.cpp:1196] Stopping peek looper client CID=0000000000000003 server CID=400000c2f384bf23 peer address=127.0.0.1:4987
I1224 00:23:59.712054  6360 FunctionLooper.cpp:88] stop: PeekLooper
I1224 00:23:59.712059  6360 QuicTransportBase.cpp:1233] Server stopping write looper because conn closed client CID=0000000000000003 server CID=400000c2f384bf23 peer address=127.0.0.1:4987
I1224 00:23:59.712066  6360 FunctionLooper.cpp:88] stop: WriteLooper
E1224 00:23:59.712074  6360 EchoHandler.h:53] Socket error=Crypto error: missing_extension
I1224 00:23:59.712097  6360 QuicTransportFunctions.cpp:1063] Server sent close packetNum=3030994 in space=InitialSpace client CID=0000000000000003 server CID=400000c2f384bf23 peer address=127.0.0.1:4987
I1224 00:23:59.712121  6360 LogQuicStats.h:144] server onWrite size=82
I1224 00:23:59.712131  6360 QuicTransportBase.cpp:852] Stopping read looper client CID=0000000000000003 server CID=400000c2f384bf23 peer address=127.0.0.1:4987
I1224 00:23:59.712139  6360 FunctionLooper.cpp:88] stop: ReadLooper
I1224 00:23:59.712146  6360 QuicTransportBase.cpp:1196] Stopping peek looper client CID=0000000000000003 server CID=400000c2f384bf23 peer address=127.0.0.1:4987
I1224 00:23:59.712152  6360 FunctionLooper.cpp:88] stop: PeekLooper
I1224 00:23:59.712157  6360 QuicTransportBase.cpp:1233] Server stopping write looper because conn closed client CID=0000000000000003 server CID=400000c2f384bf23 peer address=127.0.0.1:4987
I1224 00:23:59.712164  6360 FunctionLooper.cpp:88] stop: WriteLooper
*** Aborted at 1640305439 (Unix time, try 'date -d @1640305439') ***
*** Signal 15 (SIGTERM) (0x18cf) received by PID 6354 (pthread TID 0x7fadc13d0ec0) (linux TID 6354) (maybe from PID 6351, UID 0) (code: 0), stack trace: ***
(error retrieving stack trace)
