I1223 18:29:13.571547  9934 EventBase.cpp:308] EventBase(): Starting loop.
I1223 18:29:13.583465  9935 EventBase.cpp:308] EventBase(): Starting loop.
I1223 18:29:13.587185  9936 EventBase.cpp:308] EventBase(): Starting loop.
I1223 18:29:13.588676  9937 EventBase.cpp:308] EventBase(): Starting loop.
I1223 18:29:13.588824  9938 EventBase.cpp:308] EventBase(): Starting loop.
I1223 18:29:13.588969  9939 EventBase.cpp:308] EventBase(): Starting loop.
I1223 18:29:13.589088  9934 QuicServer.cpp:268] No valid takenover fd found for address=127.0.0.1:4443. binding on worker=0x56246ebcf040 workerId=0 processId=0
I1223 18:29:13.589260  9935 QuicServer.cpp:268] No valid takenover fd found for address=127.0.0.1:4443. binding on worker=0x56246ebcf680 workerId=1 processId=0
I1223 18:29:13.589380  9936 QuicServer.cpp:268] No valid takenover fd found for address=127.0.0.1:4443. binding on worker=0x56246ebcfb30 workerId=2 processId=0
I1223 18:29:13.589538  9937 QuicServer.cpp:268] No valid takenover fd found for address=127.0.0.1:4443. binding on worker=0x56246ebd0010 workerId=3 processId=0
I1223 18:29:13.589700  9938 QuicServer.cpp:268] No valid takenover fd found for address=127.0.0.1:4443. binding on worker=0x56246ebd04f0 workerId=4 processId=0
I1223 18:29:13.589864  9939 QuicServer.cpp:268] No valid takenover fd found for address=127.0.0.1:4443. binding on worker=0x56246ebd09f0 workerId=5 processId=0
I1223 18:29:13.589892  9939 QuicServer.cpp:295] Initialized all workers in the eventbase
I1223 18:29:13.589996  9931 EchoServer.h:90] Echo server started at: 127.0.0.1:4443
I1223 18:29:13.590015  9931 EventBase.cpp:308] EventBase(): Starting loop.
I1223 18:29:13.590068  9934 QuicServerWorker.cpp:134] Registered read on worker=0x56246ebcf040, thread=140048464123648, processId=0
I1223 18:29:13.590085  9938 QuicServerWorker.cpp:134] Registered read on worker=0x56246ebd04f0, thread=140048430552832, processId=0
I1223 18:29:13.590108  9937 QuicServerWorker.cpp:134] Registered read on worker=0x56246ebd0010, thread=140048438945536, processId=0
I1223 18:29:13.590088  9935 QuicServerWorker.cpp:134] Registered read on worker=0x56246ebcf680, thread=140048455730944, processId=0
I1223 18:29:13.590135  9939 QuicServerWorker.cpp:134] Registered read on worker=0x56246ebd09f0, thread=140048078993152, processId=0
I1223 18:29:13.590159  9936 QuicServerWorker.cpp:134] Registered read on worker=0x56246ebcfb30, thread=140048447338240, processId=0
I1223 18:29:19.366024  9937 QuicServerWorker.cpp:227] Worker=0x56246ebd0010, Received data on thread=140048438945536, processId=0
I1223 18:29:19.366055  9937 LogQuicStats.h:24] server onPacketReceived
I1223 18:29:19.366062  9937 LogQuicStats.h:140] server onRead size=1232
I1223 18:29:19.366079  9937 LogQuicStats.h:76] server onClientInitialReceived, version: QUIC_DRAFT
I1223 18:29:19.366091  9937 QuicServerWorker.cpp:545] Creating new connection for client=127.0.0.1:4987, routingInfo=CID=0000000000000002, cidVersion=1, workerId=3, processId=0, hostId=0, threadId=140048438945536, 
I1223 18:29:19.366199  9937 LogQuicStats.h:118] server onStatelessReset
I1223 18:29:19.366228  9937 StateMachine-inl.h:41] Transition from Uninitialized to ExpectingClientHello
I1223 18:29:19.366300  9937 LogQuicStats.h:32] server onOutOfOrderPacketReceived
I1223 18:29:19.366309  9937 ServerStateMachine.cpp:952] Server received crypto data offset=0 len=391 currentReadOffset=0 client CID=0000000000000001 server CID=400000c852b61e4d peer address=127.0.0.1:4987
I1223 18:29:19.366329  9937 RecordLayer.cpp:82] Received handshake message ClientHello
I1223 18:29:19.366428  9937 ServerHandshake.cpp:167] ServerHandshake error fizz::FizzException: no psk modes
I1223 18:29:19.366478  9937 QuicTransportBase.cpp:1870] onNetworkData fizz::FizzException: no psk modes client CID=0000000000000001 server CID=400000c852b61e4d peer address=127.0.0.1:4987
I1223 18:29:19.366493  9937 QuicTransportBase.cpp:400] Stopping read looper due to immediate close client CID=0000000000000001 server CID=400000c852b61e4d peer address=127.0.0.1:4987
I1223 18:29:19.366503  9937 FunctionLooper.cpp:88] stop: ReadLooper
I1223 18:29:19.366519  9937 FunctionLooper.cpp:88] stop: PeekLooper
I1223 18:29:19.366526  9937 FunctionLooper.cpp:88] stop: WriteLooper
I1223 18:29:19.366539  9937 QuicTransportBase.cpp:2651] Clearing 0 peek callbacks
I1223 18:29:19.366546  9937 QuicTransportBase.cpp:852] Stopping read looper client CID=0000000000000001 server CID=400000c852b61e4d peer address=127.0.0.1:4987
I1223 18:29:19.366554  9937 FunctionLooper.cpp:88] stop: ReadLooper
I1223 18:29:19.366561  9937 QuicTransportBase.cpp:1196] Stopping peek looper client CID=0000000000000001 server CID=400000c852b61e4d peer address=127.0.0.1:4987
I1223 18:29:19.366569  9937 FunctionLooper.cpp:88] stop: PeekLooper
I1223 18:29:19.366575  9937 QuicTransportBase.cpp:1233] Server stopping write looper because conn closed client CID=0000000000000001 server CID=400000c852b61e4d peer address=127.0.0.1:4987
I1223 18:29:19.366582  9937 FunctionLooper.cpp:88] stop: WriteLooper
E1223 18:29:19.366590  9937 EchoHandler.h:53] Socket error=Crypto error: missing_extension
I1223 18:29:19.366611  9937 QuicTransportFunctions.cpp:1063] Server sent close packetNum=9884094 in space=InitialSpace client CID=0000000000000001 server CID=400000c852b61e4d peer address=127.0.0.1:4987
I1223 18:29:19.366637  9937 LogQuicStats.h:144] server onWrite size=83
I1223 18:29:19.366648  9937 QuicTransportBase.cpp:852] Stopping read looper client CID=0000000000000001 server CID=400000c852b61e4d peer address=127.0.0.1:4987
I1223 18:29:19.366657  9937 FunctionLooper.cpp:88] stop: ReadLooper
I1223 18:29:19.366663  9937 QuicTransportBase.cpp:1196] Stopping peek looper client CID=0000000000000001 server CID=400000c852b61e4d peer address=127.0.0.1:4987
I1223 18:29:19.366670  9937 FunctionLooper.cpp:88] stop: PeekLooper
I1223 18:29:19.366752  9937 QuicTransportBase.cpp:1233] Server stopping write looper because conn closed client CID=0000000000000001 server CID=400000c852b61e4d peer address=127.0.0.1:4987
I1223 18:29:19.366797  9937 FunctionLooper.cpp:88] stop: WriteLooper
*** Aborted at 1640284159 (Unix time, try 'date -d @1640284159') ***
*** Signal 15 (SIGTERM) (0x26c8) received by PID 9931 (pthread TID 0x7f5f963f7ec0) (linux TID 9931) (maybe from PID 9928, UID 0) (code: 0), stack trace: ***
(error retrieving stack trace)
