I1224 00:21:49.409360  5543 EventBase.cpp:308] EventBase(): Starting loop.
I1224 00:21:49.411597  5544 EventBase.cpp:308] EventBase(): Starting loop.
I1224 00:21:49.415278  5545 EventBase.cpp:308] EventBase(): Starting loop.
I1224 00:21:49.419400  5546 EventBase.cpp:308] EventBase(): Starting loop.
I1224 00:21:49.419842  5547 EventBase.cpp:308] EventBase(): Starting loop.
I1224 00:21:49.420678  5548 EventBase.cpp:308] EventBase(): Starting loop.
I1224 00:21:49.423821  5543 QuicServer.cpp:268] No valid takenover fd found for address=127.0.0.1:4443. binding on worker=0x55bc28a7fec0 workerId=0 processId=0
I1224 00:21:49.423977  5544 QuicServer.cpp:268] No valid takenover fd found for address=127.0.0.1:4443. binding on worker=0x55bc28a80500 workerId=1 processId=0
I1224 00:21:49.424142  5545 QuicServer.cpp:268] No valid takenover fd found for address=127.0.0.1:4443. binding on worker=0x55bc28a80940 workerId=2 processId=0
I1224 00:21:49.424302  5546 QuicServer.cpp:268] No valid takenover fd found for address=127.0.0.1:4443. binding on worker=0x55bc28a80e20 workerId=3 processId=0
I1224 00:21:49.424379  5547 QuicServer.cpp:268] No valid takenover fd found for address=127.0.0.1:4443. binding on worker=0x55bc28a81300 workerId=4 processId=0
I1224 00:21:49.424468  5548 QuicServer.cpp:268] No valid takenover fd found for address=127.0.0.1:4443. binding on worker=0x55bc28a81800 workerId=5 processId=0
I1224 00:21:49.424494  5548 QuicServer.cpp:295] Initialized all workers in the eventbase
I1224 00:21:49.424588  5540 EchoServer.h:90] Echo server started at: 127.0.0.1:4443
I1224 00:21:49.424607  5540 EventBase.cpp:308] EventBase(): Starting loop.
I1224 00:21:49.424621  5543 QuicServerWorker.cpp:134] Registered read on worker=0x55bc28a7fec0, thread=139948229691136, processId=0
I1224 00:21:49.424659  5545 QuicServerWorker.cpp:134] Registered read on worker=0x55bc28a80940, thread=139948145501952, processId=0
I1224 00:21:49.424623  5544 QuicServerWorker.cpp:134] Registered read on worker=0x55bc28a80500, thread=139948153894656, processId=0
I1224 00:21:49.424664  5547 QuicServerWorker.cpp:134] Registered read on worker=0x55bc28a81300, thread=139948128716544, processId=0
I1224 00:21:49.424703  5546 QuicServerWorker.cpp:134] Registered read on worker=0x55bc28a80e20, thread=139948137109248, processId=0
I1224 00:21:49.424741  5548 QuicServerWorker.cpp:134] Registered read on worker=0x55bc28a81800, thread=139948120323840, processId=0
I1224 00:21:54.796955  5546 QuicServerWorker.cpp:227] Worker=0x55bc28a80e20, Received data on thread=139948137109248, processId=0
I1224 00:21:54.796986  5546 LogQuicStats.h:24] server onPacketReceived
I1224 00:21:54.796993  5546 LogQuicStats.h:140] server onRead size=1232
W1224 00:21:54.797014  5546 Types.cpp:447] toString has unhandled version type
I1224 00:21:54.797009  5546 LogQuicStats.h:76] server onClientInitialReceived, version: UNKNOWN
I1224 00:21:54.797031  5546 QuicServerWorker.cpp:208] Version negotiation sent to client=127.0.0.1:4987
I1224 00:21:54.797040  5546 LogQuicStats.h:144] server onWrite size=43
I1224 00:21:54.797046  5546 LogQuicStats.h:36] server onPacketProcessed
I1224 00:21:54.797066  5546 LogQuicStats.h:40] server onPacketSent
I1224 00:21:54.969034  5546 QuicServerWorker.cpp:227] Worker=0x55bc28a80e20, Received data on thread=139948137109248, processId=0
I1224 00:21:54.969076  5546 LogQuicStats.h:24] server onPacketReceived
I1224 00:21:54.969084  5546 LogQuicStats.h:140] server onRead size=1232
I1224 00:21:54.969091  5546 LogQuicStats.h:76] server onClientInitialReceived, version: QUIC_DRAFT
I1224 00:21:54.969101  5546 QuicServerWorker.cpp:545] Creating new connection for client=127.0.0.1:4987, routingInfo=CID=0000000000000000, cidVersion=1, workerId=3, processId=0, hostId=0, threadId=139948137109248, 
I1224 00:21:54.969213  5546 LogQuicStats.h:118] server onStatelessReset
I1224 00:21:54.969242  5546 StateMachine-inl.h:41] Transition from Uninitialized to ExpectingClientHello
I1224 00:21:54.969306  5546 LogQuicStats.h:32] server onOutOfOrderPacketReceived
I1224 00:21:54.969314  5546 ServerStateMachine.cpp:952] Server received crypto data offset=0 len=391 currentReadOffset=0 client CID=0000000000000003 server CID=400000c3979e6913 peer address=127.0.0.1:4987
I1224 00:21:54.969336  5546 RecordLayer.cpp:82] Received handshake message ClientHello
I1224 00:21:54.969431  5546 ServerHandshake.cpp:167] ServerHandshake error fizz::FizzException: no psk modes
I1224 00:21:54.969473  5546 QuicTransportBase.cpp:1870] onNetworkData fizz::FizzException: no psk modes client CID=0000000000000003 server CID=400000c3979e6913 peer address=127.0.0.1:4987
I1224 00:21:54.969487  5546 QuicTransportBase.cpp:400] Stopping read looper due to immediate close client CID=0000000000000003 server CID=400000c3979e6913 peer address=127.0.0.1:4987
I1224 00:21:54.969494  5546 FunctionLooper.cpp:88] stop: ReadLooper
I1224 00:21:54.969501  5546 FunctionLooper.cpp:88] stop: PeekLooper
I1224 00:21:54.969506  5546 FunctionLooper.cpp:88] stop: WriteLooper
I1224 00:21:54.969513  5546 QuicTransportBase.cpp:2651] Clearing 0 peek callbacks
I1224 00:21:54.969519  5546 QuicTransportBase.cpp:852] Stopping read looper client CID=0000000000000003 server CID=400000c3979e6913 peer address=127.0.0.1:4987
I1224 00:21:54.969527  5546 FunctionLooper.cpp:88] stop: ReadLooper
I1224 00:21:54.969532  5546 QuicTransportBase.cpp:1196] Stopping peek looper client CID=0000000000000003 server CID=400000c3979e6913 peer address=127.0.0.1:4987
I1224 00:21:54.969558  5546 FunctionLooper.cpp:88] stop: PeekLooper
I1224 00:21:54.969570  5546 QuicTransportBase.cpp:1233] Server stopping write looper because conn closed client CID=0000000000000003 server CID=400000c3979e6913 peer address=127.0.0.1:4987
I1224 00:21:54.969578  5546 FunctionLooper.cpp:88] stop: WriteLooper
E1224 00:21:54.969585  5546 EchoHandler.h:53] Socket error=Crypto error: missing_extension
I1224 00:21:54.969606  5546 QuicTransportFunctions.cpp:1063] Server sent close packetNum=14506986 in space=InitialSpace client CID=0000000000000003 server CID=400000c3979e6913 peer address=127.0.0.1:4987
I1224 00:21:54.969637  5546 LogQuicStats.h:144] server onWrite size=83
I1224 00:21:54.969648  5546 QuicTransportBase.cpp:852] Stopping read looper client CID=0000000000000003 server CID=400000c3979e6913 peer address=127.0.0.1:4987
I1224 00:21:54.969655  5546 FunctionLooper.cpp:88] stop: ReadLooper
I1224 00:21:54.969661  5546 QuicTransportBase.cpp:1196] Stopping peek looper client CID=0000000000000003 server CID=400000c3979e6913 peer address=127.0.0.1:4987
I1224 00:21:54.969668  5546 FunctionLooper.cpp:88] stop: PeekLooper
I1224 00:21:54.969673  5546 QuicTransportBase.cpp:1233] Server stopping write looper because conn closed client CID=0000000000000003 server CID=400000c3979e6913 peer address=127.0.0.1:4987
I1224 00:21:54.969681  5546 FunctionLooper.cpp:88] stop: WriteLooper
*** Aborted at 1640305314 (Unix time, try 'date -d @1640305314') ***
*** Signal 15 (SIGTERM) (0x15a1) received by PID 5540 (pthread TID 0x7f483fcf6ec0) (linux TID 5540) (maybe from PID 5537, UID 0) (code: 0), stack trace: ***
(error retrieving stack trace)
