I1223 18:31:48.056947 10933 EventBase.cpp:308] EventBase(): Starting loop.
I1223 18:31:48.061412 10934 EventBase.cpp:308] EventBase(): Starting loop.
I1223 18:31:48.061574 10935 EventBase.cpp:308] EventBase(): Starting loop.
I1223 18:31:48.063410 10936 EventBase.cpp:308] EventBase(): Starting loop.
I1223 18:31:48.066890 10937 EventBase.cpp:308] EventBase(): Starting loop.
I1223 18:31:48.067067 10938 EventBase.cpp:308] EventBase(): Starting loop.
I1223 18:31:48.067212 10933 QuicServer.cpp:268] No valid takenover fd found for address=127.0.0.1:4443. binding on worker=0x560caf58d040 workerId=0 processId=0
I1223 18:31:48.067389 10934 QuicServer.cpp:268] No valid takenover fd found for address=127.0.0.1:4443. binding on worker=0x560caf58d680 workerId=1 processId=0
I1223 18:31:48.067550 10935 QuicServer.cpp:268] No valid takenover fd found for address=127.0.0.1:4443. binding on worker=0x560caf58db30 workerId=2 processId=0
I1223 18:31:48.078379 10936 QuicServer.cpp:268] No valid takenover fd found for address=127.0.0.1:4443. binding on worker=0x560caf58e010 workerId=3 processId=0
I1223 18:31:48.078577 10937 QuicServer.cpp:268] No valid takenover fd found for address=127.0.0.1:4443. binding on worker=0x560caf58e4f0 workerId=4 processId=0
I1223 18:31:48.079144 10938 QuicServer.cpp:268] No valid takenover fd found for address=127.0.0.1:4443. binding on worker=0x560caf58e9f0 workerId=5 processId=0
I1223 18:31:48.079174 10938 QuicServer.cpp:295] Initialized all workers in the eventbase
I1223 18:31:48.079262 10930 EchoServer.h:90] Echo server started at: 127.0.0.1:4443
I1223 18:31:48.079282 10930 EventBase.cpp:308] EventBase(): Starting loop.
I1223 18:31:48.079294 10935 QuicServerWorker.cpp:134] Registered read on worker=0x560caf58db30, thread=139692010964736, processId=0
I1223 18:31:48.079317 10934 QuicServerWorker.cpp:134] Registered read on worker=0x560caf58d680, thread=139692019357440, processId=0
I1223 18:31:48.079298 10933 QuicServerWorker.cpp:134] Registered read on worker=0x560caf58d040, thread=139692027750144, processId=0
I1223 18:31:48.079380 10937 QuicServerWorker.cpp:134] Registered read on worker=0x560caf58e4f0, thread=139691789641472, processId=0
I1223 18:31:48.079388 10938 QuicServerWorker.cpp:134] Registered read on worker=0x560caf58e9f0, thread=139691781248768, processId=0
I1223 18:31:48.084578 10936 QuicServerWorker.cpp:134] Registered read on worker=0x560caf58e010, thread=139691798034176, processId=0
I1223 18:31:53.561784 10936 QuicServerWorker.cpp:227] Worker=0x560caf58e010, Received data on thread=139691798034176, processId=0
I1223 18:31:53.561815 10936 LogQuicStats.h:24] server onPacketReceived
I1223 18:31:53.561821 10936 LogQuicStats.h:140] server onRead size=1232
I1223 18:31:53.561841 10936 LogQuicStats.h:76] server onClientInitialReceived, version: QUIC_DRAFT
I1223 18:31:53.561851 10936 QuicServerWorker.cpp:545] Creating new connection for client=127.0.0.1:4987, routingInfo=CID=0000000000000002, cidVersion=1, workerId=3, processId=0, hostId=0, threadId=139691798034176, 
I1223 18:31:53.561959 10936 LogQuicStats.h:118] server onStatelessReset
I1223 18:31:53.561987 10936 StateMachine-inl.h:41] Transition from Uninitialized to ExpectingClientHello
I1223 18:31:53.562055 10936 LogQuicStats.h:32] server onOutOfOrderPacketReceived
I1223 18:31:53.562064 10936 ServerStateMachine.cpp:952] Server received crypto data offset=0 len=391 currentReadOffset=0 client CID=0000000000000001 server CID=400000daf8b24a68 peer address=127.0.0.1:4987
I1223 18:31:53.562079 10936 RecordLayer.cpp:82] Received handshake message ClientHello
I1223 18:31:53.562202 10936 ServerHandshake.cpp:167] ServerHandshake error fizz::FizzException: no psk modes
I1223 18:31:53.562252 10936 QuicTransportBase.cpp:1870] onNetworkData fizz::FizzException: no psk modes client CID=0000000000000001 server CID=400000daf8b24a68 peer address=127.0.0.1:4987
I1223 18:31:53.562268 10936 QuicTransportBase.cpp:400] Stopping read looper due to immediate close client CID=0000000000000001 server CID=400000daf8b24a68 peer address=127.0.0.1:4987
I1223 18:31:53.562275 10936 FunctionLooper.cpp:88] stop: ReadLooper
I1223 18:31:53.562287 10936 FunctionLooper.cpp:88] stop: PeekLooper
I1223 18:31:53.562294 10936 FunctionLooper.cpp:88] stop: WriteLooper
I1223 18:31:53.562301 10936 QuicTransportBase.cpp:2651] Clearing 0 peek callbacks
I1223 18:31:53.562307 10936 QuicTransportBase.cpp:852] Stopping read looper client CID=0000000000000001 server CID=400000daf8b24a68 peer address=127.0.0.1:4987
I1223 18:31:53.562314 10936 FunctionLooper.cpp:88] stop: ReadLooper
I1223 18:31:53.562320 10936 QuicTransportBase.cpp:1196] Stopping peek looper client CID=0000000000000001 server CID=400000daf8b24a68 peer address=127.0.0.1:4987
I1223 18:31:53.562326 10936 FunctionLooper.cpp:88] stop: PeekLooper
I1223 18:31:53.562332 10936 QuicTransportBase.cpp:1233] Server stopping write looper because conn closed client CID=0000000000000001 server CID=400000daf8b24a68 peer address=127.0.0.1:4987
I1223 18:31:53.562340 10936 FunctionLooper.cpp:88] stop: WriteLooper
E1223 18:31:53.562345 10936 EchoHandler.h:53] Socket error=Crypto error: missing_extension
I1223 18:31:53.562366 10936 QuicTransportFunctions.cpp:1063] Server sent close packetNum=14704547 in space=InitialSpace client CID=0000000000000001 server CID=400000daf8b24a68 peer address=127.0.0.1:4987
I1223 18:31:53.562397 10936 LogQuicStats.h:144] server onWrite size=83
I1223 18:31:53.562409 10936 QuicTransportBase.cpp:852] Stopping read looper client CID=0000000000000001 server CID=400000daf8b24a68 peer address=127.0.0.1:4987
I1223 18:31:53.562417 10936 FunctionLooper.cpp:88] stop: ReadLooper
I1223 18:31:53.562422 10936 QuicTransportBase.cpp:1196] Stopping peek looper client CID=0000000000000001 server CID=400000daf8b24a68 peer address=127.0.0.1:4987
I1223 18:31:53.562428 10936 FunctionLooper.cpp:88] stop: PeekLooper
I1223 18:31:53.562434 10936 QuicTransportBase.cpp:1233] Server stopping write looper because conn closed client CID=0000000000000001 server CID=400000daf8b24a68 peer address=127.0.0.1:4987
I1223 18:31:53.562441 10936 FunctionLooper.cpp:88] stop: WriteLooper
*** Aborted at 1640284313 (Unix time, try 'date -d @1640284313') ***
*** Signal 15 (SIGTERM) (0x2aaf) received by PID 10930 (pthread TID 0x7f0c98fc0ec0) (linux TID 10930) (maybe from PID 10927, UID 0) (code: 0), stack trace: ***
(error retrieving stack trace)
