I1224 00:16:43.381496  3545 EventBase.cpp:308] EventBase(): Starting loop.
I1224 00:16:43.381682  3546 EventBase.cpp:308] EventBase(): Starting loop.
I1224 00:16:43.381800  3547 EventBase.cpp:308] EventBase(): Starting loop.
I1224 00:16:43.383499  3548 EventBase.cpp:308] EventBase(): Starting loop.
I1224 00:16:43.383755  3549 EventBase.cpp:308] EventBase(): Starting loop.
I1224 00:16:43.383899  3550 EventBase.cpp:308] EventBase(): Starting loop.
I1224 00:16:43.384038  3545 QuicServer.cpp:268] No valid takenover fd found for address=127.0.0.1:4443. binding on worker=0x564107185ec0 workerId=0 processId=0
I1224 00:16:43.384236  3546 QuicServer.cpp:268] No valid takenover fd found for address=127.0.0.1:4443. binding on worker=0x564107186500 workerId=1 processId=0
I1224 00:16:43.384395  3547 QuicServer.cpp:268] No valid takenover fd found for address=127.0.0.1:4443. binding on worker=0x564107186940 workerId=2 processId=0
I1224 00:16:43.384557  3548 QuicServer.cpp:268] No valid takenover fd found for address=127.0.0.1:4443. binding on worker=0x564107186e20 workerId=3 processId=0
I1224 00:16:43.384716  3549 QuicServer.cpp:268] No valid takenover fd found for address=127.0.0.1:4443. binding on worker=0x564107187300 workerId=4 processId=0
I1224 00:16:43.384872  3550 QuicServer.cpp:268] No valid takenover fd found for address=127.0.0.1:4443. binding on worker=0x564107187800 workerId=5 processId=0
I1224 00:16:43.384902  3550 QuicServer.cpp:295] Initialized all workers in the eventbase
I1224 00:16:43.385011  3542 EchoServer.h:90] Echo server started at: 127.0.0.1:4443
I1224 00:16:43.385028  3542 EventBase.cpp:308] EventBase(): Starting loop.
I1224 00:16:43.385097  3550 QuicServerWorker.cpp:134] Registered read on worker=0x564107187800, thread=140170795927296, processId=0
I1224 00:16:43.385108  3547 QuicServerWorker.cpp:134] Registered read on worker=0x564107186940, thread=140170821105408, processId=0
I1224 00:16:43.385123  3545 QuicServerWorker.cpp:134] Registered read on worker=0x564107185ec0, thread=140170913298176, processId=0
I1224 00:16:43.385141  3548 QuicServerWorker.cpp:134] Registered read on worker=0x564107186e20, thread=140170812712704, processId=0
I1224 00:16:43.385118  3546 QuicServerWorker.cpp:134] Registered read on worker=0x564107186500, thread=140170904905472, processId=0
I1224 00:16:43.385195  3549 QuicServerWorker.cpp:134] Registered read on worker=0x564107187300, thread=140170804320000, processId=0
I1224 00:16:48.710812  3548 QuicServerWorker.cpp:227] Worker=0x564107186e20, Received data on thread=140170812712704, processId=0
I1224 00:16:48.710844  3548 LogQuicStats.h:24] server onPacketReceived
I1224 00:16:48.710851  3548 LogQuicStats.h:140] server onRead size=1232
W1224 00:16:48.710872  3548 Types.cpp:447] toString has unhandled version type
I1224 00:16:48.710866  3548 LogQuicStats.h:76] server onClientInitialReceived, version: UNKNOWN
I1224 00:16:48.710889  3548 QuicServerWorker.cpp:208] Version negotiation sent to client=127.0.0.1:4987
I1224 00:16:48.710901  3548 LogQuicStats.h:144] server onWrite size=43
I1224 00:16:48.710906  3548 LogQuicStats.h:36] server onPacketProcessed
I1224 00:16:48.710912  3548 LogQuicStats.h:40] server onPacketSent
I1224 00:16:48.916956  3548 QuicServerWorker.cpp:227] Worker=0x564107186e20, Received data on thread=140170812712704, processId=0
I1224 00:16:48.916985  3548 LogQuicStats.h:24] server onPacketReceived
I1224 00:16:48.916992  3548 LogQuicStats.h:140] server onRead size=1232
I1224 00:16:48.917001  3548 LogQuicStats.h:76] server onClientInitialReceived, version: QUIC_DRAFT
I1224 00:16:48.917011  3548 QuicServerWorker.cpp:545] Creating new connection for client=127.0.0.1:4987, routingInfo=CID=0000000000000000, cidVersion=1, workerId=3, processId=0, hostId=0, threadId=140170812712704, 
I1224 00:16:48.917116  3548 LogQuicStats.h:118] server onStatelessReset
I1224 00:16:48.917145  3548 StateMachine-inl.h:41] Transition from Uninitialized to ExpectingClientHello
I1224 00:16:48.917212  3548 LogQuicStats.h:32] server onOutOfOrderPacketReceived
I1224 00:16:48.917220  3548 ServerStateMachine.cpp:952] Server received crypto data offset=0 len=391 currentReadOffset=0 client CID=0000000000000003 server CID=400000d89924d953 peer address=127.0.0.1:4987
I1224 00:16:48.917243  3548 RecordLayer.cpp:82] Received handshake message ClientHello
I1224 00:16:48.917346  3548 ServerHandshake.cpp:167] ServerHandshake error fizz::FizzException: no psk modes
I1224 00:16:48.917388  3548 QuicTransportBase.cpp:1870] onNetworkData fizz::FizzException: no psk modes client CID=0000000000000003 server CID=400000d89924d953 peer address=127.0.0.1:4987
I1224 00:16:48.917402  3548 QuicTransportBase.cpp:400] Stopping read looper due to immediate close client CID=0000000000000003 server CID=400000d89924d953 peer address=127.0.0.1:4987
I1224 00:16:48.917414  3548 FunctionLooper.cpp:88] stop: ReadLooper
I1224 00:16:48.917420  3548 FunctionLooper.cpp:88] stop: PeekLooper
I1224 00:16:48.917426  3548 FunctionLooper.cpp:88] stop: WriteLooper
I1224 00:16:48.917438  3548 QuicTransportBase.cpp:2651] Clearing 0 peek callbacks
I1224 00:16:48.917445  3548 QuicTransportBase.cpp:852] Stopping read looper client CID=0000000000000003 server CID=400000d89924d953 peer address=127.0.0.1:4987
I1224 00:16:48.917452  3548 FunctionLooper.cpp:88] stop: ReadLooper
I1224 00:16:48.917459  3548 QuicTransportBase.cpp:1196] Stopping peek looper client CID=0000000000000003 server CID=400000d89924d953 peer address=127.0.0.1:4987
I1224 00:16:48.917465  3548 FunctionLooper.cpp:88] stop: PeekLooper
I1224 00:16:48.917471  3548 QuicTransportBase.cpp:1233] Server stopping write looper because conn closed client CID=0000000000000003 server CID=400000d89924d953 peer address=127.0.0.1:4987
I1224 00:16:48.917479  3548 FunctionLooper.cpp:88] stop: WriteLooper
E1224 00:16:48.917485  3548 EchoHandler.h:53] Socket error=Crypto error: missing_extension
I1224 00:16:48.917506  3548 QuicTransportFunctions.cpp:1063] Server sent close packetNum=16694694 in space=InitialSpace client CID=0000000000000003 server CID=400000d89924d953 peer address=127.0.0.1:4987
I1224 00:16:48.917529  3548 LogQuicStats.h:144] server onWrite size=83
I1224 00:16:48.917541  3548 QuicTransportBase.cpp:852] Stopping read looper client CID=0000000000000003 server CID=400000d89924d953 peer address=127.0.0.1:4987
I1224 00:16:48.917547  3548 FunctionLooper.cpp:88] stop: ReadLooper
I1224 00:16:48.917554  3548 QuicTransportBase.cpp:1196] Stopping peek looper client CID=0000000000000003 server CID=400000d89924d953 peer address=127.0.0.1:4987
I1224 00:16:48.917560  3548 FunctionLooper.cpp:88] stop: PeekLooper
I1224 00:16:48.917567  3548 QuicTransportBase.cpp:1233] Server stopping write looper because conn closed client CID=0000000000000003 server CID=400000d89924d953 peer address=127.0.0.1:4987
I1224 00:16:48.917573  3548 FunctionLooper.cpp:88] stop: WriteLooper
*** Aborted at 1640305008 (Unix time, try 'date -d @1640305008') ***
*** Signal 15 (SIGTERM) (0xdd3) received by PID 3542 (pthread TID 0x7f7c18c99ec0) (linux TID 3542) (maybe from PID 3539, UID 0) (code: 0), stack trace: ***
(error retrieving stack trace)
