I1223 18:35:35.852561 12413 EventBase.cpp:308] EventBase(): Starting loop.
I1223 18:35:35.852741 12414 EventBase.cpp:308] EventBase(): Starting loop.
I1223 18:35:35.855509 12415 EventBase.cpp:308] EventBase(): Starting loop.
I1223 18:35:35.857173 12416 EventBase.cpp:308] EventBase(): Starting loop.
I1223 18:35:35.859208 12417 EventBase.cpp:308] EventBase(): Starting loop.
I1223 18:35:35.863129 12418 EventBase.cpp:308] EventBase(): Starting loop.
I1223 18:35:35.863292 12413 QuicServer.cpp:268] No valid takenover fd found for address=127.0.0.1:4443. binding on worker=0x55f91c174040 workerId=0 processId=0
I1223 18:35:35.863500 12414 QuicServer.cpp:268] No valid takenover fd found for address=127.0.0.1:4443. binding on worker=0x55f91c174680 workerId=1 processId=0
I1223 18:35:35.863651 12415 QuicServer.cpp:268] No valid takenover fd found for address=127.0.0.1:4443. binding on worker=0x55f91c174b30 workerId=2 processId=0
I1223 18:35:35.863847 12416 QuicServer.cpp:268] No valid takenover fd found for address=127.0.0.1:4443. binding on worker=0x55f91c175010 workerId=3 processId=0
I1223 18:35:35.864048 12417 QuicServer.cpp:268] No valid takenover fd found for address=127.0.0.1:4443. binding on worker=0x55f91c1754f0 workerId=4 processId=0
I1223 18:35:35.864203 12418 QuicServer.cpp:268] No valid takenover fd found for address=127.0.0.1:4443. binding on worker=0x55f91c1759f0 workerId=5 processId=0
I1223 18:35:35.864231 12418 QuicServer.cpp:295] Initialized all workers in the eventbase
I1223 18:35:35.864356 12410 EchoServer.h:90] Echo server started at: 127.0.0.1:4443
I1223 18:35:35.864372 12410 EventBase.cpp:308] EventBase(): Starting loop.
I1223 18:35:35.864396 12416 QuicServerWorker.cpp:134] Registered read on worker=0x55f91c175010, thread=140362231969536, processId=0
I1223 18:35:35.864404 12415 QuicServerWorker.cpp:134] Registered read on worker=0x55f91c174b30, thread=140362240362240, processId=0
I1223 18:35:35.864403 12413 QuicServerWorker.cpp:134] Registered read on worker=0x55f91c174040, thread=140362257147648, processId=0
I1223 18:35:35.864481 12418 QuicServerWorker.cpp:134] Registered read on worker=0x55f91c1759f0, thread=140362005866240, processId=0
I1223 18:35:35.864431 12414 QuicServerWorker.cpp:134] Registered read on worker=0x55f91c174680, thread=140362248754944, processId=0
I1223 18:35:35.864454 12417 QuicServerWorker.cpp:134] Registered read on worker=0x55f91c1754f0, thread=140362014258944, processId=0
I1223 18:35:41.354815 12416 QuicServerWorker.cpp:227] Worker=0x55f91c175010, Received data on thread=140362231969536, processId=0
I1223 18:35:41.354843 12416 LogQuicStats.h:24] server onPacketReceived
I1223 18:35:41.354851 12416 LogQuicStats.h:140] server onRead size=1232
I1223 18:35:41.354866 12416 LogQuicStats.h:76] server onClientInitialReceived, version: QUIC_DRAFT
I1223 18:35:41.354874 12416 QuicServerWorker.cpp:545] Creating new connection for client=127.0.0.1:4987, routingInfo=CID=0000000000000002, cidVersion=1, workerId=3, processId=0, hostId=0, threadId=140362231969536, 
I1223 18:35:41.355003 12416 LogQuicStats.h:118] server onStatelessReset
I1223 18:35:41.355036 12416 StateMachine-inl.h:41] Transition from Uninitialized to ExpectingClientHello
I1223 18:35:41.355098 12416 LogQuicStats.h:32] server onOutOfOrderPacketReceived
I1223 18:35:41.355108 12416 ServerStateMachine.cpp:952] Server received crypto data offset=0 len=391 currentReadOffset=0 client CID=0000000000000001 server CID=400000dd2bbc54bb peer address=127.0.0.1:4987
I1223 18:35:41.355123 12416 RecordLayer.cpp:82] Received handshake message ClientHello
I1223 18:35:41.355214 12416 ServerHandshake.cpp:167] ServerHandshake error fizz::FizzException: no psk modes
I1223 18:35:41.355259 12416 QuicTransportBase.cpp:1870] onNetworkData fizz::FizzException: no psk modes client CID=0000000000000001 server CID=400000dd2bbc54bb peer address=127.0.0.1:4987
I1223 18:35:41.355273 12416 QuicTransportBase.cpp:400] Stopping read looper due to immediate close client CID=0000000000000001 server CID=400000dd2bbc54bb peer address=127.0.0.1:4987
I1223 18:35:41.355280 12416 FunctionLooper.cpp:88] stop: ReadLooper
I1223 18:35:41.355298 12416 FunctionLooper.cpp:88] stop: PeekLooper
I1223 18:35:41.355304 12416 FunctionLooper.cpp:88] stop: WriteLooper
I1223 18:35:41.355310 12416 QuicTransportBase.cpp:2651] Clearing 0 peek callbacks
I1223 18:35:41.355317 12416 QuicTransportBase.cpp:852] Stopping read looper client CID=0000000000000001 server CID=400000dd2bbc54bb peer address=127.0.0.1:4987
I1223 18:35:41.355324 12416 FunctionLooper.cpp:88] stop: ReadLooper
I1223 18:35:41.355330 12416 QuicTransportBase.cpp:1196] Stopping peek looper client CID=0000000000000001 server CID=400000dd2bbc54bb peer address=127.0.0.1:4987
I1223 18:35:41.355336 12416 FunctionLooper.cpp:88] stop: PeekLooper
I1223 18:35:41.355342 12416 QuicTransportBase.cpp:1233] Server stopping write looper because conn closed client CID=0000000000000001 server CID=400000dd2bbc54bb peer address=127.0.0.1:4987
I1223 18:35:41.355348 12416 FunctionLooper.cpp:88] stop: WriteLooper
E1223 18:35:41.355355 12416 EchoHandler.h:53] Socket error=Crypto error: missing_extension
I1223 18:35:41.355376 12416 QuicTransportFunctions.cpp:1063] Server sent close packetNum=785535 in space=InitialSpace client CID=0000000000000001 server CID=400000dd2bbc54bb peer address=127.0.0.1:4987
I1223 18:35:41.355398 12416 LogQuicStats.h:144] server onWrite size=82
I1223 18:35:41.355408 12416 QuicTransportBase.cpp:852] Stopping read looper client CID=0000000000000001 server CID=400000dd2bbc54bb peer address=127.0.0.1:4987
I1223 18:35:41.355415 12416 FunctionLooper.cpp:88] stop: ReadLooper
I1223 18:35:41.355422 12416 QuicTransportBase.cpp:1196] Stopping peek looper client CID=0000000000000001 server CID=400000dd2bbc54bb peer address=127.0.0.1:4987
I1223 18:35:41.355427 12416 FunctionLooper.cpp:88] stop: PeekLooper
I1223 18:35:41.355433 12416 QuicTransportBase.cpp:1233] Server stopping write looper because conn closed client CID=0000000000000001 server CID=400000dd2bbc54bb peer address=127.0.0.1:4987
I1223 18:35:41.355439 12416 FunctionLooper.cpp:88] stop: WriteLooper
*** Aborted at 1640284541 (Unix time, try 'date -d @1640284541') ***
*** Signal 15 (SIGTERM) (0x3077) received by PID 12410 (pthread TID 0x7fa8a5c50ec0) (linux TID 12410) (maybe from PID 12407, UID 0) (code: 0), stack trace: ***
(error retrieving stack trace)
