I1224 00:22:06.367702  5654 EventBase.cpp:308] EventBase(): Starting loop.
I1224 00:22:06.368268  5655 EventBase.cpp:308] EventBase(): Starting loop.
I1224 00:22:06.368433  5656 EventBase.cpp:308] EventBase(): Starting loop.
I1224 00:22:06.370183  5657 EventBase.cpp:308] EventBase(): Starting loop.
I1224 00:22:06.370321  5658 EventBase.cpp:308] EventBase(): Starting loop.
I1224 00:22:06.370505  5659 EventBase.cpp:308] EventBase(): Starting loop.
I1224 00:22:06.370695  5654 QuicServer.cpp:268] No valid takenover fd found for address=127.0.0.1:4443. binding on worker=0x559ce4153ec0 workerId=0 processId=0
I1224 00:22:06.370926  5655 QuicServer.cpp:268] No valid takenover fd found for address=127.0.0.1:4443. binding on worker=0x559ce4154500 workerId=1 processId=0
I1224 00:22:06.371071  5656 QuicServer.cpp:268] No valid takenover fd found for address=127.0.0.1:4443. binding on worker=0x559ce4154940 workerId=2 processId=0
I1224 00:22:06.371241  5657 QuicServer.cpp:268] No valid takenover fd found for address=127.0.0.1:4443. binding on worker=0x559ce4154e20 workerId=3 processId=0
I1224 00:22:06.371400  5658 QuicServer.cpp:268] No valid takenover fd found for address=127.0.0.1:4443. binding on worker=0x559ce4155300 workerId=4 processId=0
I1224 00:22:06.371559  5659 QuicServer.cpp:268] No valid takenover fd found for address=127.0.0.1:4443. binding on worker=0x559ce4155800 workerId=5 processId=0
I1224 00:22:06.371587  5659 QuicServer.cpp:295] Initialized all workers in the eventbase
I1224 00:22:06.371687  5651 EchoServer.h:90] Echo server started at: 127.0.0.1:4443
I1224 00:22:06.371739  5651 EventBase.cpp:308] EventBase(): Starting loop.
I1224 00:22:06.371779  5654 QuicServerWorker.cpp:134] Registered read on worker=0x559ce4153ec0, thread=140629232768768, processId=0
I1224 00:22:06.371793  5656 QuicServerWorker.cpp:134] Registered read on worker=0x559ce4154940, thread=140629215983360, processId=0
I1224 00:22:06.371788  5655 QuicServerWorker.cpp:134] Registered read on worker=0x559ce4154500, thread=140629224376064, processId=0
I1224 00:22:06.371868  5657 QuicServerWorker.cpp:134] Registered read on worker=0x559ce4154e20, thread=140629207590656, processId=0
I1224 00:22:06.371788  5659 QuicServerWorker.cpp:134] Registered read on worker=0x559ce4155800, thread=140629190805248, processId=0
I1224 00:22:06.371870  5658 QuicServerWorker.cpp:134] Registered read on worker=0x559ce4155300, thread=140629199197952, processId=0
I1224 00:22:11.779323  5657 QuicServerWorker.cpp:227] Worker=0x559ce4154e20, Received data on thread=140629207590656, processId=0
I1224 00:22:11.779353  5657 LogQuicStats.h:24] server onPacketReceived
I1224 00:22:11.779361  5657 LogQuicStats.h:140] server onRead size=1232
W1224 00:22:11.779381  5657 Types.cpp:447] toString has unhandled version type
I1224 00:22:11.779376  5657 LogQuicStats.h:76] server onClientInitialReceived, version: UNKNOWN
I1224 00:22:11.779398  5657 QuicServerWorker.cpp:208] Version negotiation sent to client=127.0.0.1:4987
I1224 00:22:11.779408  5657 LogQuicStats.h:144] server onWrite size=43
I1224 00:22:11.779414  5657 LogQuicStats.h:36] server onPacketProcessed
I1224 00:22:11.779420  5657 LogQuicStats.h:40] server onPacketSent
I1224 00:22:11.991227  5657 QuicServerWorker.cpp:227] Worker=0x559ce4154e20, Received data on thread=140629207590656, processId=0
I1224 00:22:11.991256  5657 LogQuicStats.h:24] server onPacketReceived
I1224 00:22:11.991263  5657 LogQuicStats.h:140] server onRead size=1232
I1224 00:22:11.991271  5657 LogQuicStats.h:76] server onClientInitialReceived, version: QUIC_DRAFT
I1224 00:22:11.991281  5657 QuicServerWorker.cpp:545] Creating new connection for client=127.0.0.1:4987, routingInfo=CID=0000000000000000, cidVersion=1, workerId=3, processId=0, hostId=0, threadId=140629207590656, 
I1224 00:22:11.991395  5657 LogQuicStats.h:118] server onStatelessReset
I1224 00:22:11.991423  5657 StateMachine-inl.h:41] Transition from Uninitialized to ExpectingClientHello
I1224 00:22:11.991509  5657 LogQuicStats.h:32] server onOutOfOrderPacketReceived
I1224 00:22:11.991523  5657 ServerStateMachine.cpp:952] Server received crypto data offset=0 len=391 currentReadOffset=0 client CID=0000000000000003 server CID=400000c0dc83aaa2 peer address=127.0.0.1:4987
I1224 00:22:11.991544  5657 RecordLayer.cpp:82] Received handshake message ClientHello
I1224 00:22:11.991642  5657 ServerHandshake.cpp:167] ServerHandshake error fizz::FizzException: no psk modes
I1224 00:22:11.991688  5657 QuicTransportBase.cpp:1870] onNetworkData fizz::FizzException: no psk modes client CID=0000000000000003 server CID=400000c0dc83aaa2 peer address=127.0.0.1:4987
I1224 00:22:11.991701  5657 QuicTransportBase.cpp:400] Stopping read looper due to immediate close client CID=0000000000000003 server CID=400000c0dc83aaa2 peer address=127.0.0.1:4987
I1224 00:22:11.991709  5657 FunctionLooper.cpp:88] stop: ReadLooper
I1224 00:22:11.991715  5657 FunctionLooper.cpp:88] stop: PeekLooper
I1224 00:22:11.991720  5657 FunctionLooper.cpp:88] stop: WriteLooper
I1224 00:22:11.991727  5657 QuicTransportBase.cpp:2651] Clearing 0 peek callbacks
I1224 00:22:11.991734  5657 QuicTransportBase.cpp:852] Stopping read looper client CID=0000000000000003 server CID=400000c0dc83aaa2 peer address=127.0.0.1:4987
I1224 00:22:11.991740  5657 FunctionLooper.cpp:88] stop: ReadLooper
I1224 00:22:11.991746  5657 QuicTransportBase.cpp:1196] Stopping peek looper client CID=0000000000000003 server CID=400000c0dc83aaa2 peer address=127.0.0.1:4987
I1224 00:22:11.991753  5657 FunctionLooper.cpp:88] stop: PeekLooper
I1224 00:22:11.991760  5657 QuicTransportBase.cpp:1233] Server stopping write looper because conn closed client CID=0000000000000003 server CID=400000c0dc83aaa2 peer address=127.0.0.1:4987
I1224 00:22:11.991765  5657 FunctionLooper.cpp:88] stop: WriteLooper
E1224 00:22:11.991772  5657 EchoHandler.h:53] Socket error=Crypto error: missing_extension
I1224 00:22:11.991791  5657 QuicTransportFunctions.cpp:1063] Server sent close packetNum=756227 in space=InitialSpace client CID=0000000000000003 server CID=400000c0dc83aaa2 peer address=127.0.0.1:4987
I1224 00:22:11.991813  5657 LogQuicStats.h:144] server onWrite size=82
I1224 00:22:11.991823  5657 QuicTransportBase.cpp:852] Stopping read looper client CID=0000000000000003 server CID=400000c0dc83aaa2 peer address=127.0.0.1:4987
I1224 00:22:11.991830  5657 FunctionLooper.cpp:88] stop: ReadLooper
I1224 00:22:11.991837  5657 QuicTransportBase.cpp:1196] Stopping peek looper client CID=0000000000000003 server CID=400000c0dc83aaa2 peer address=127.0.0.1:4987
I1224 00:22:11.991843  5657 FunctionLooper.cpp:88] stop: PeekLooper
I1224 00:22:11.991848  5657 QuicTransportBase.cpp:1233] Server stopping write looper because conn closed client CID=0000000000000003 server CID=400000c0dc83aaa2 peer address=127.0.0.1:4987
I1224 00:22:11.991855  5657 FunctionLooper.cpp:88] stop: WriteLooper
*** Aborted at 1640305332 (Unix time, try 'date -d @1640305332') ***
*** Signal 15 (SIGTERM) (0x1610) received by PID 5651 (pthread TID 0x7fe6cec1bec0) (linux TID 5651) (maybe from PID 5648, UID 0) (code: 0), stack trace: ***
(error retrieving stack trace)
