I1224 00:18:25.279637  4211 EventBase.cpp:308] EventBase(): Starting loop.
I1224 00:18:25.279845  4212 EventBase.cpp:308] EventBase(): Starting loop.
I1224 00:18:25.279978  4213 EventBase.cpp:308] EventBase(): Starting loop.
I1224 00:18:25.280108  4214 EventBase.cpp:308] EventBase(): Starting loop.
I1224 00:18:25.280244  4215 EventBase.cpp:308] EventBase(): Starting loop.
I1224 00:18:25.280361  4216 EventBase.cpp:308] EventBase(): Starting loop.
I1224 00:18:25.280476  4211 QuicServer.cpp:268] No valid takenover fd found for address=127.0.0.1:4443. binding on worker=0x562728774ec0 workerId=0 processId=0
I1224 00:18:25.280653  4212 QuicServer.cpp:268] No valid takenover fd found for address=127.0.0.1:4443. binding on worker=0x562728775500 workerId=1 processId=0
I1224 00:18:25.280814  4213 QuicServer.cpp:268] No valid takenover fd found for address=127.0.0.1:4443. binding on worker=0x562728775940 workerId=2 processId=0
I1224 00:18:25.280942  4214 QuicServer.cpp:268] No valid takenover fd found for address=127.0.0.1:4443. binding on worker=0x562728775e20 workerId=3 processId=0
I1224 00:18:25.281102  4215 QuicServer.cpp:268] No valid takenover fd found for address=127.0.0.1:4443. binding on worker=0x562728776300 workerId=4 processId=0
I1224 00:18:25.281261  4216 QuicServer.cpp:268] No valid takenover fd found for address=127.0.0.1:4443. binding on worker=0x562728776800 workerId=5 processId=0
I1224 00:18:25.281291  4216 QuicServer.cpp:295] Initialized all workers in the eventbase
I1224 00:18:25.281390  4208 EchoServer.h:90] Echo server started at: 127.0.0.1:4443
I1224 00:18:25.281409  4208 EventBase.cpp:308] EventBase(): Starting loop.
I1224 00:18:25.281461  4211 QuicServerWorker.cpp:134] Registered read on worker=0x562728774ec0, thread=140459114235648, processId=0
I1224 00:18:25.281477  4216 QuicServerWorker.cpp:134] Registered read on worker=0x562728776800, thread=140459072272128, processId=0
I1224 00:18:25.281509  4214 QuicServerWorker.cpp:134] Registered read on worker=0x562728775e20, thread=140459089057536, processId=0
I1224 00:18:25.281530  4212 QuicServerWorker.cpp:134] Registered read on worker=0x562728775500, thread=140459105842944, processId=0
I1224 00:18:25.281481  4213 QuicServerWorker.cpp:134] Registered read on worker=0x562728775940, thread=140459097450240, processId=0
I1224 00:18:25.281574  4215 QuicServerWorker.cpp:134] Registered read on worker=0x562728776300, thread=140459080664832, processId=0
I1224 00:18:30.655963  4214 QuicServerWorker.cpp:227] Worker=0x562728775e20, Received data on thread=140459089057536, processId=0
I1224 00:18:30.655993  4214 LogQuicStats.h:24] server onPacketReceived
I1224 00:18:30.656000  4214 LogQuicStats.h:140] server onRead size=1232
W1224 00:18:30.656021  4214 Types.cpp:447] toString has unhandled version type
I1224 00:18:30.656016  4214 LogQuicStats.h:76] server onClientInitialReceived, version: UNKNOWN
I1224 00:18:30.656038  4214 QuicServerWorker.cpp:208] Version negotiation sent to client=127.0.0.1:4987
I1224 00:18:30.656047  4214 LogQuicStats.h:144] server onWrite size=43
I1224 00:18:30.656054  4214 LogQuicStats.h:36] server onPacketProcessed
I1224 00:18:30.656059  4214 LogQuicStats.h:40] server onPacketSent
I1224 00:18:30.848909  4214 QuicServerWorker.cpp:227] Worker=0x562728775e20, Received data on thread=140459089057536, processId=0
I1224 00:18:30.848938  4214 LogQuicStats.h:24] server onPacketReceived
I1224 00:18:30.848946  4214 LogQuicStats.h:140] server onRead size=1232
I1224 00:18:30.848954  4214 LogQuicStats.h:76] server onClientInitialReceived, version: QUIC_DRAFT
I1224 00:18:30.848964  4214 QuicServerWorker.cpp:545] Creating new connection for client=127.0.0.1:4987, routingInfo=CID=0000000000000000, cidVersion=1, workerId=3, processId=0, hostId=0, threadId=140459089057536, 
I1224 00:18:30.849077  4214 LogQuicStats.h:118] server onStatelessReset
I1224 00:18:30.849102  4214 StateMachine-inl.h:41] Transition from Uninitialized to ExpectingClientHello
I1224 00:18:30.849167  4214 LogQuicStats.h:32] server onOutOfOrderPacketReceived
I1224 00:18:30.849176  4214 ServerStateMachine.cpp:952] Server received crypto data offset=0 len=391 currentReadOffset=0 client CID=0000000000000003 server CID=400000df145f939c peer address=127.0.0.1:4987
I1224 00:18:30.849198  4214 RecordLayer.cpp:82] Received handshake message ClientHello
I1224 00:18:30.849292  4214 ServerHandshake.cpp:167] ServerHandshake error fizz::FizzException: no psk modes
I1224 00:18:30.849349  4214 QuicTransportBase.cpp:1870] onNetworkData fizz::FizzException: no psk modes client CID=0000000000000003 server CID=400000df145f939c peer address=127.0.0.1:4987
I1224 00:18:30.849364  4214 QuicTransportBase.cpp:400] Stopping read looper due to immediate close client CID=0000000000000003 server CID=400000df145f939c peer address=127.0.0.1:4987
I1224 00:18:30.849371  4214 FunctionLooper.cpp:88] stop: ReadLooper
I1224 00:18:30.849377  4214 FunctionLooper.cpp:88] stop: PeekLooper
I1224 00:18:30.849404  4214 FunctionLooper.cpp:88] stop: WriteLooper
I1224 00:18:30.849419  4214 QuicTransportBase.cpp:2651] Clearing 0 peek callbacks
I1224 00:18:30.849426  4214 QuicTransportBase.cpp:852] Stopping read looper client CID=0000000000000003 server CID=400000df145f939c peer address=127.0.0.1:4987
I1224 00:18:30.849434  4214 FunctionLooper.cpp:88] stop: ReadLooper
I1224 00:18:30.849440  4214 QuicTransportBase.cpp:1196] Stopping peek looper client CID=0000000000000003 server CID=400000df145f939c peer address=127.0.0.1:4987
I1224 00:18:30.849447  4214 FunctionLooper.cpp:88] stop: PeekLooper
I1224 00:18:30.849453  4214 QuicTransportBase.cpp:1233] Server stopping write looper because conn closed client CID=0000000000000003 server CID=400000df145f939c peer address=127.0.0.1:4987
I1224 00:18:30.849460  4214 FunctionLooper.cpp:88] stop: WriteLooper
E1224 00:18:30.849467  4214 EchoHandler.h:53] Socket error=Crypto error: missing_extension
I1224 00:18:30.849489  4214 QuicTransportFunctions.cpp:1063] Server sent close packetNum=2477277 in space=InitialSpace client CID=0000000000000003 server CID=400000df145f939c peer address=127.0.0.1:4987
I1224 00:18:30.849515  4214 LogQuicStats.h:144] server onWrite size=82
I1224 00:18:30.849526  4214 QuicTransportBase.cpp:852] Stopping read looper client CID=0000000000000003 server CID=400000df145f939c peer address=127.0.0.1:4987
I1224 00:18:30.849534  4214 FunctionLooper.cpp:88] stop: ReadLooper
I1224 00:18:30.849539  4214 QuicTransportBase.cpp:1196] Stopping peek looper client CID=0000000000000003 server CID=400000df145f939c peer address=127.0.0.1:4987
I1224 00:18:30.849546  4214 FunctionLooper.cpp:88] stop: PeekLooper
I1224 00:18:30.849552  4214 QuicTransportBase.cpp:1233] Server stopping write looper because conn closed client CID=0000000000000003 server CID=400000df145f939c peer address=127.0.0.1:4987
I1224 00:18:30.849560  4214 FunctionLooper.cpp:88] stop: WriteLooper
*** Aborted at 1640305110 (Unix time, try 'date -d @1640305110') ***
*** Signal 15 (SIGTERM) (0x106d) received by PID 4208 (pthread TID 0x7fbf32e6eec0) (linux TID 4208) (maybe from PID 4205, UID 0) (code: 0), stack trace: ***
(error retrieving stack trace)
