I1224 00:17:17.453243  3767 EventBase.cpp:308] EventBase(): Starting loop.
I1224 00:17:17.454941  3768 EventBase.cpp:308] EventBase(): Starting loop.
I1224 00:17:17.455096  3769 EventBase.cpp:308] EventBase(): Starting loop.
I1224 00:17:17.455233  3770 EventBase.cpp:308] EventBase(): Starting loop.
I1224 00:17:17.455359  3771 EventBase.cpp:308] EventBase(): Starting loop.
I1224 00:17:17.455490  3772 EventBase.cpp:308] EventBase(): Starting loop.
I1224 00:17:17.455603  3767 QuicServer.cpp:268] No valid takenover fd found for address=127.0.0.1:4443. binding on worker=0x55ec3dcb2ec0 workerId=0 processId=0
I1224 00:17:17.455775  3768 QuicServer.cpp:268] No valid takenover fd found for address=127.0.0.1:4443. binding on worker=0x55ec3dcb3500 workerId=1 processId=0
I1224 00:17:17.455936  3769 QuicServer.cpp:268] No valid takenover fd found for address=127.0.0.1:4443. binding on worker=0x55ec3dcb3940 workerId=2 processId=0
I1224 00:17:17.456099  3770 QuicServer.cpp:268] No valid takenover fd found for address=127.0.0.1:4443. binding on worker=0x55ec3dcb3e20 workerId=3 processId=0
I1224 00:17:17.456257  3771 QuicServer.cpp:268] No valid takenover fd found for address=127.0.0.1:4443. binding on worker=0x55ec3dcb4300 workerId=4 processId=0
I1224 00:17:17.456418  3772 QuicServer.cpp:268] No valid takenover fd found for address=127.0.0.1:4443. binding on worker=0x55ec3dcb4800 workerId=5 processId=0
I1224 00:17:17.456446  3772 QuicServer.cpp:295] Initialized all workers in the eventbase
I1224 00:17:17.456548  3764 EchoServer.h:90] Echo server started at: 127.0.0.1:4443
I1224 00:17:17.456599  3764 EventBase.cpp:308] EventBase(): Starting loop.
I1224 00:17:17.456648  3769 QuicServerWorker.cpp:134] Registered read on worker=0x55ec3dcb3940, thread=139839488218880, processId=0
I1224 00:17:17.456648  3768 QuicServerWorker.cpp:134] Registered read on worker=0x55ec3dcb3500, thread=139839496611584, processId=0
I1224 00:17:17.456650  3771 QuicServerWorker.cpp:134] Registered read on worker=0x55ec3dcb4300, thread=139839471433472, processId=0
I1224 00:17:17.456650  3767 QuicServerWorker.cpp:134] Registered read on worker=0x55ec3dcb2ec0, thread=139839505004288, processId=0
I1224 00:17:17.456751  3772 QuicServerWorker.cpp:134] Registered read on worker=0x55ec3dcb4800, thread=139839463040768, processId=0
I1224 00:17:17.456763  3770 QuicServerWorker.cpp:134] Registered read on worker=0x55ec3dcb3e20, thread=139839479826176, processId=0
I1224 00:17:22.866874  3770 QuicServerWorker.cpp:227] Worker=0x55ec3dcb3e20, Received data on thread=139839479826176, processId=0
I1224 00:17:22.866899  3770 LogQuicStats.h:24] server onPacketReceived
I1224 00:17:22.866905  3770 LogQuicStats.h:140] server onRead size=1232
W1224 00:17:22.866925  3770 Types.cpp:447] toString has unhandled version type
I1224 00:17:22.866920  3770 LogQuicStats.h:76] server onClientInitialReceived, version: UNKNOWN
I1224 00:17:22.866937  3770 QuicServerWorker.cpp:208] Version negotiation sent to client=127.0.0.1:4987
I1224 00:17:22.866945  3770 LogQuicStats.h:144] server onWrite size=43
I1224 00:17:22.866951  3770 LogQuicStats.h:36] server onPacketProcessed
I1224 00:17:22.866957  3770 LogQuicStats.h:40] server onPacketSent
I1224 00:17:23.062422  3770 QuicServerWorker.cpp:227] Worker=0x55ec3dcb3e20, Received data on thread=139839479826176, processId=0
I1224 00:17:23.062446  3770 LogQuicStats.h:24] server onPacketReceived
I1224 00:17:23.062453  3770 LogQuicStats.h:140] server onRead size=1232
I1224 00:17:23.062460  3770 LogQuicStats.h:76] server onClientInitialReceived, version: QUIC_DRAFT
I1224 00:17:23.062470  3770 QuicServerWorker.cpp:545] Creating new connection for client=127.0.0.1:4987, routingInfo=CID=0000000000000000, cidVersion=1, workerId=3, processId=0, hostId=0, threadId=139839479826176, 
I1224 00:17:23.062579  3770 LogQuicStats.h:118] server onStatelessReset
I1224 00:17:23.062608  3770 StateMachine-inl.h:41] Transition from Uninitialized to ExpectingClientHello
I1224 00:17:23.062671  3770 LogQuicStats.h:32] server onOutOfOrderPacketReceived
I1224 00:17:23.062680  3770 ServerStateMachine.cpp:952] Server received crypto data offset=0 len=391 currentReadOffset=0 client CID=0000000000000003 server CID=400000c8cb890bf0 peer address=127.0.0.1:4987
I1224 00:17:23.062701  3770 RecordLayer.cpp:82] Received handshake message ClientHello
I1224 00:17:23.062793  3770 ServerHandshake.cpp:167] ServerHandshake error fizz::FizzException: no psk modes
I1224 00:17:23.062839  3770 QuicTransportBase.cpp:1870] onNetworkData fizz::FizzException: no psk modes client CID=0000000000000003 server CID=400000c8cb890bf0 peer address=127.0.0.1:4987
I1224 00:17:23.062852  3770 QuicTransportBase.cpp:400] Stopping read looper due to immediate close client CID=0000000000000003 server CID=400000c8cb890bf0 peer address=127.0.0.1:4987
I1224 00:17:23.062860  3770 FunctionLooper.cpp:88] stop: ReadLooper
I1224 00:17:23.062866  3770 FunctionLooper.cpp:88] stop: PeekLooper
I1224 00:17:23.062872  3770 FunctionLooper.cpp:88] stop: WriteLooper
I1224 00:17:23.062883  3770 QuicTransportBase.cpp:2651] Clearing 0 peek callbacks
I1224 00:17:23.062891  3770 QuicTransportBase.cpp:852] Stopping read looper client CID=0000000000000003 server CID=400000c8cb890bf0 peer address=127.0.0.1:4987
I1224 00:17:23.062897  3770 FunctionLooper.cpp:88] stop: ReadLooper
I1224 00:17:23.062919  3770 QuicTransportBase.cpp:1196] Stopping peek looper client CID=0000000000000003 server CID=400000c8cb890bf0 peer address=127.0.0.1:4987
I1224 00:17:23.062932  3770 FunctionLooper.cpp:88] stop: PeekLooper
I1224 00:17:23.062938  3770 QuicTransportBase.cpp:1233] Server stopping write looper because conn closed client CID=0000000000000003 server CID=400000c8cb890bf0 peer address=127.0.0.1:4987
I1224 00:17:23.062945  3770 FunctionLooper.cpp:88] stop: WriteLooper
E1224 00:17:23.062985  3770 EchoHandler.h:53] Socket error=Crypto error: missing_extension
I1224 00:17:23.063009  3770 QuicTransportFunctions.cpp:1063] Server sent close packetNum=5951644 in space=InitialSpace client CID=0000000000000003 server CID=400000c8cb890bf0 peer address=127.0.0.1:4987
I1224 00:17:23.063031  3770 LogQuicStats.h:144] server onWrite size=82
I1224 00:17:23.063042  3770 QuicTransportBase.cpp:852] Stopping read looper client CID=0000000000000003 server CID=400000c8cb890bf0 peer address=127.0.0.1:4987
I1224 00:17:23.063050  3770 FunctionLooper.cpp:88] stop: ReadLooper
I1224 00:17:23.063056  3770 QuicTransportBase.cpp:1196] Stopping peek looper client CID=0000000000000003 server CID=400000c8cb890bf0 peer address=127.0.0.1:4987
I1224 00:17:23.063063  3770 FunctionLooper.cpp:88] stop: PeekLooper
I1224 00:17:23.063069  3770 QuicTransportBase.cpp:1233] Server stopping write looper because conn closed client CID=0000000000000003 server CID=400000c8cb890bf0 peer address=127.0.0.1:4987
I1224 00:17:23.063076  3770 FunctionLooper.cpp:88] stop: WriteLooper
*** Aborted at 1640305043 (Unix time, try 'date -d @1640305043') ***
*** Signal 15 (SIGTERM) (0xeb1) received by PID 3764 (pthread TID 0x7f2eef505ec0) (linux TID 3764) (maybe from PID 3761, UID 0) (code: 0), stack trace: ***
(error retrieving stack trace)
