I1223 18:31:13.871204 10711 EventBase.cpp:308] EventBase(): Starting loop.
I1223 18:31:13.872095 10712 EventBase.cpp:308] EventBase(): Starting loop.
I1223 18:31:13.875433 10713 EventBase.cpp:308] EventBase(): Starting loop.
I1223 18:31:13.878854 10714 EventBase.cpp:308] EventBase(): Starting loop.
I1223 18:31:13.887300 10715 EventBase.cpp:308] EventBase(): Starting loop.
I1223 18:31:13.887526 10716 EventBase.cpp:308] EventBase(): Starting loop.
I1223 18:31:13.887667 10711 QuicServer.cpp:268] No valid takenover fd found for address=127.0.0.1:4443. binding on worker=0x55af7bf74040 workerId=0 processId=0
I1223 18:31:13.887904 10712 QuicServer.cpp:268] No valid takenover fd found for address=127.0.0.1:4443. binding on worker=0x55af7bf74680 workerId=1 processId=0
I1223 18:31:13.888064 10713 QuicServer.cpp:268] No valid takenover fd found for address=127.0.0.1:4443. binding on worker=0x55af7bf74b30 workerId=2 processId=0
I1223 18:31:13.888271 10714 QuicServer.cpp:268] No valid takenover fd found for address=127.0.0.1:4443. binding on worker=0x55af7bf75010 workerId=3 processId=0
I1223 18:31:13.888482 10715 QuicServer.cpp:268] No valid takenover fd found for address=127.0.0.1:4443. binding on worker=0x55af7bf754f0 workerId=4 processId=0
I1223 18:31:13.888701 10716 QuicServer.cpp:268] No valid takenover fd found for address=127.0.0.1:4443. binding on worker=0x55af7bf759f0 workerId=5 processId=0
I1223 18:31:13.888731 10716 QuicServer.cpp:295] Initialized all workers in the eventbase
I1223 18:31:13.888876 10708 EchoServer.h:90] Echo server started at: 127.0.0.1:4443
I1223 18:31:13.888896 10708 EventBase.cpp:308] EventBase(): Starting loop.
I1223 18:31:13.888918 10711 QuicServerWorker.cpp:134] Registered read on worker=0x55af7bf74040, thread=140477273327360, processId=0
I1223 18:31:13.888947 10714 QuicServerWorker.cpp:134] Registered read on worker=0x55af7bf75010, thread=140477038851840, processId=0
I1223 18:31:13.888919 10712 QuicServerWorker.cpp:134] Registered read on worker=0x55af7bf74680, thread=140477264934656, processId=0
I1223 18:31:13.888933 10713 QuicServerWorker.cpp:134] Registered read on worker=0x55af7bf74b30, thread=140477256541952, processId=0
I1223 18:31:13.889022 10716 QuicServerWorker.cpp:134] Registered read on worker=0x55af7bf759f0, thread=140477022066432, processId=0
I1223 18:31:13.889056 10715 QuicServerWorker.cpp:134] Registered read on worker=0x55af7bf754f0, thread=140477030459136, processId=0
I1223 18:31:19.459703 10714 QuicServerWorker.cpp:227] Worker=0x55af7bf75010, Received data on thread=140477038851840, processId=0
I1223 18:31:19.459749 10714 LogQuicStats.h:24] server onPacketReceived
I1223 18:31:19.459760 10714 LogQuicStats.h:140] server onRead size=1232
I1223 18:31:19.459784 10714 LogQuicStats.h:76] server onClientInitialReceived, version: QUIC_DRAFT
I1223 18:31:19.459827 10714 QuicServerWorker.cpp:545] Creating new connection for client=127.0.0.1:4987, routingInfo=CID=0000000000000002, cidVersion=1, workerId=3, processId=0, hostId=0, threadId=140477038851840, 
I1223 18:31:19.459993 10714 LogQuicStats.h:118] server onStatelessReset
I1223 18:31:19.460034 10714 StateMachine-inl.h:41] Transition from Uninitialized to ExpectingClientHello
I1223 18:31:19.460130 10714 LogQuicStats.h:32] server onOutOfOrderPacketReceived
I1223 18:31:19.460144 10714 ServerStateMachine.cpp:952] Server received crypto data offset=0 len=389 currentReadOffset=0 client CID=0000000000000001 server CID=400000d50f729bca peer address=127.0.0.1:4987
I1223 18:31:19.460173 10714 RecordLayer.cpp:82] Received handshake message ClientHello
I1223 18:31:19.460322 10714 ServerHandshake.cpp:167] ServerHandshake error fizz::FizzException: no psk modes
I1223 18:31:19.460384 10714 QuicTransportBase.cpp:1870] onNetworkData fizz::FizzException: no psk modes client CID=0000000000000001 server CID=400000d50f729bca peer address=127.0.0.1:4987
I1223 18:31:19.460409 10714 QuicTransportBase.cpp:400] Stopping read looper due to immediate close client CID=0000000000000001 server CID=400000d50f729bca peer address=127.0.0.1:4987
I1223 18:31:19.460423 10714 FunctionLooper.cpp:88] stop: ReadLooper
I1223 18:31:19.460446 10714 FunctionLooper.cpp:88] stop: PeekLooper
I1223 18:31:19.460458 10714 FunctionLooper.cpp:88] stop: WriteLooper
I1223 18:31:19.460474 10714 QuicTransportBase.cpp:2651] Clearing 0 peek callbacks
I1223 18:31:19.460485 10714 QuicTransportBase.cpp:852] Stopping read looper client CID=0000000000000001 server CID=400000d50f729bca peer address=127.0.0.1:4987
I1223 18:31:19.460497 10714 FunctionLooper.cpp:88] stop: ReadLooper
I1223 18:31:19.460508 10714 QuicTransportBase.cpp:1196] Stopping peek looper client CID=0000000000000001 server CID=400000d50f729bca peer address=127.0.0.1:4987
I1223 18:31:19.460520 10714 FunctionLooper.cpp:88] stop: PeekLooper
I1223 18:31:19.460528 10714 QuicTransportBase.cpp:1233] Server stopping write looper because conn closed client CID=0000000000000001 server CID=400000d50f729bca peer address=127.0.0.1:4987
I1223 18:31:19.460539 10714 FunctionLooper.cpp:88] stop: WriteLooper
E1223 18:31:19.460551 10714 EchoHandler.h:53] Socket error=Crypto error: missing_extension
I1223 18:31:19.460582 10714 QuicTransportFunctions.cpp:1063] Server sent close packetNum=8427712 in space=InitialSpace client CID=0000000000000001 server CID=400000d50f729bca peer address=127.0.0.1:4987
I1223 18:31:19.460628 10714 LogQuicStats.h:144] server onWrite size=83
I1223 18:31:19.460644 10714 QuicTransportBase.cpp:852] Stopping read looper client CID=0000000000000001 server CID=400000d50f729bca peer address=127.0.0.1:4987
I1223 18:31:19.460660 10714 FunctionLooper.cpp:88] stop: ReadLooper
I1223 18:31:19.460670 10714 QuicTransportBase.cpp:1196] Stopping peek looper client CID=0000000000000001 server CID=400000d50f729bca peer address=127.0.0.1:4987
I1223 18:31:19.460680 10714 FunctionLooper.cpp:88] stop: PeekLooper
I1223 18:31:19.460687 10714 QuicTransportBase.cpp:1233] Server stopping write looper because conn closed client CID=0000000000000001 server CID=400000d50f729bca peer address=127.0.0.1:4987
I1223 18:31:19.460698 10714 FunctionLooper.cpp:88] stop: WriteLooper
*** Aborted at 1640284279 (Unix time, try 'date -d @1640284279') ***
*** Signal 15 (SIGTERM) (0x29d1) received by PID 10708 (pthread TID 0x7fc36d44aec0) (linux TID 10708) (maybe from PID 10705, UID 0) (code: 0), stack trace: ***
(error retrieving stack trace)
