I1224 00:18:19.571130  4174 EventBase.cpp:308] EventBase(): Starting loop.
I1224 00:18:19.571316  4175 EventBase.cpp:308] EventBase(): Starting loop.
I1224 00:18:19.573187  4176 EventBase.cpp:308] EventBase(): Starting loop.
I1224 00:18:19.574900  4177 EventBase.cpp:308] EventBase(): Starting loop.
I1224 00:18:19.583285  4178 EventBase.cpp:308] EventBase(): Starting loop.
I1224 00:18:19.583993  4179 EventBase.cpp:308] EventBase(): Starting loop.
I1224 00:18:19.584147  4174 QuicServer.cpp:268] No valid takenover fd found for address=127.0.0.1:4443. binding on worker=0x55af70494ec0 workerId=0 processId=0
I1224 00:18:19.584298  4175 QuicServer.cpp:268] No valid takenover fd found for address=127.0.0.1:4443. binding on worker=0x55af70495500 workerId=1 processId=0
I1224 00:18:19.584340  4176 QuicServer.cpp:268] No valid takenover fd found for address=127.0.0.1:4443. binding on worker=0x55af70495940 workerId=2 processId=0
I1224 00:18:19.584373  4177 QuicServer.cpp:268] No valid takenover fd found for address=127.0.0.1:4443. binding on worker=0x55af70495e20 workerId=3 processId=0
I1224 00:18:19.584475  4178 QuicServer.cpp:268] No valid takenover fd found for address=127.0.0.1:4443. binding on worker=0x55af70496300 workerId=4 processId=0
I1224 00:18:19.584674  4179 QuicServer.cpp:268] No valid takenover fd found for address=127.0.0.1:4443. binding on worker=0x55af70496800 workerId=5 processId=0
I1224 00:18:19.584702  4179 QuicServer.cpp:295] Initialized all workers in the eventbase
I1224 00:18:19.584873  4176 QuicServerWorker.cpp:134] Registered read on worker=0x55af70495940, thread=140347518744320, processId=0
I1224 00:18:19.584890  4174 QuicServerWorker.cpp:134] Registered read on worker=0x55af70494ec0, thread=140347608958720, processId=0
I1224 00:18:19.584914  4175 QuicServerWorker.cpp:134] Registered read on worker=0x55af70495500, thread=140347600566016, processId=0
I1224 00:18:19.584959  4171 EchoServer.h:90] Echo server started at: 127.0.0.1:4443
I1224 00:18:19.584969  4171 EventBase.cpp:308] EventBase(): Starting loop.
I1224 00:18:19.585000  4177 QuicServerWorker.cpp:134] Registered read on worker=0x55af70495e20, thread=140347510351616, processId=0
I1224 00:18:19.585047  4178 QuicServerWorker.cpp:134] Registered read on worker=0x55af70496300, thread=140347501958912, processId=0
I1224 00:18:19.585047  4179 QuicServerWorker.cpp:134] Registered read on worker=0x55af70496800, thread=140347493566208, processId=0
I1224 00:18:24.936144  4177 QuicServerWorker.cpp:227] Worker=0x55af70495e20, Received data on thread=140347510351616, processId=0
I1224 00:18:24.936174  4177 LogQuicStats.h:24] server onPacketReceived
I1224 00:18:24.936182  4177 LogQuicStats.h:140] server onRead size=1232
W1224 00:18:24.936203  4177 Types.cpp:447] toString has unhandled version type
I1224 00:18:24.936197  4177 LogQuicStats.h:76] server onClientInitialReceived, version: UNKNOWN
I1224 00:18:24.936216  4177 QuicServerWorker.cpp:208] Version negotiation sent to client=127.0.0.1:4987
I1224 00:18:24.936225  4177 LogQuicStats.h:144] server onWrite size=43
I1224 00:18:24.936233  4177 LogQuicStats.h:36] server onPacketProcessed
I1224 00:18:24.936239  4177 LogQuicStats.h:40] server onPacketSent
I1224 00:18:25.178031  4177 QuicServerWorker.cpp:227] Worker=0x55af70495e20, Received data on thread=140347510351616, processId=0
I1224 00:18:25.178061  4177 LogQuicStats.h:24] server onPacketReceived
I1224 00:18:25.178067  4177 LogQuicStats.h:140] server onRead size=1232
I1224 00:18:25.178076  4177 LogQuicStats.h:76] server onClientInitialReceived, version: QUIC_DRAFT
I1224 00:18:25.178086  4177 QuicServerWorker.cpp:545] Creating new connection for client=127.0.0.1:4987, routingInfo=CID=0000000000000000, cidVersion=1, workerId=3, processId=0, hostId=0, threadId=140347510351616, 
I1224 00:18:25.178193  4177 LogQuicStats.h:118] server onStatelessReset
I1224 00:18:25.178221  4177 StateMachine-inl.h:41] Transition from Uninitialized to ExpectingClientHello
I1224 00:18:25.178316  4177 LogQuicStats.h:32] server onOutOfOrderPacketReceived
I1224 00:18:25.178329  4177 ServerStateMachine.cpp:952] Server received crypto data offset=0 len=391 currentReadOffset=0 client CID=0000000000000003 server CID=400000ce47a37405 peer address=127.0.0.1:4987
I1224 00:18:25.178357  4177 RecordLayer.cpp:82] Received handshake message ClientHello
I1224 00:18:25.178450  4177 ServerHandshake.cpp:167] ServerHandshake error fizz::FizzException: no psk modes
I1224 00:18:25.178495  4177 QuicTransportBase.cpp:1870] onNetworkData fizz::FizzException: no psk modes client CID=0000000000000003 server CID=400000ce47a37405 peer address=127.0.0.1:4987
I1224 00:18:25.178509  4177 QuicTransportBase.cpp:400] Stopping read looper due to immediate close client CID=0000000000000003 server CID=400000ce47a37405 peer address=127.0.0.1:4987
I1224 00:18:25.178517  4177 FunctionLooper.cpp:88] stop: ReadLooper
I1224 00:18:25.178522  4177 FunctionLooper.cpp:88] stop: PeekLooper
I1224 00:18:25.178529  4177 FunctionLooper.cpp:88] stop: WriteLooper
I1224 00:18:25.178540  4177 QuicTransportBase.cpp:2651] Clearing 0 peek callbacks
I1224 00:18:25.178546  4177 QuicTransportBase.cpp:852] Stopping read looper client CID=0000000000000003 server CID=400000ce47a37405 peer address=127.0.0.1:4987
I1224 00:18:25.178553  4177 FunctionLooper.cpp:88] stop: ReadLooper
I1224 00:18:25.178560  4177 QuicTransportBase.cpp:1196] Stopping peek looper client CID=0000000000000003 server CID=400000ce47a37405 peer address=127.0.0.1:4987
I1224 00:18:25.178566  4177 FunctionLooper.cpp:88] stop: PeekLooper
I1224 00:18:25.178572  4177 QuicTransportBase.cpp:1233] Server stopping write looper because conn closed client CID=0000000000000003 server CID=400000ce47a37405 peer address=127.0.0.1:4987
I1224 00:18:25.178579  4177 FunctionLooper.cpp:88] stop: WriteLooper
E1224 00:18:25.178586  4177 EchoHandler.h:53] Socket error=Crypto error: missing_extension
I1224 00:18:25.178606  4177 QuicTransportFunctions.cpp:1063] Server sent close packetNum=13743206 in space=InitialSpace client CID=0000000000000003 server CID=400000ce47a37405 peer address=127.0.0.1:4987
I1224 00:18:25.178659  4177 LogQuicStats.h:144] server onWrite size=83
I1224 00:18:25.178684  4177 QuicTransportBase.cpp:852] Stopping read looper client CID=0000000000000003 server CID=400000ce47a37405 peer address=127.0.0.1:4987
I1224 00:18:25.178692  4177 FunctionLooper.cpp:88] stop: ReadLooper
I1224 00:18:25.178699  4177 QuicTransportBase.cpp:1196] Stopping peek looper client CID=0000000000000003 server CID=400000ce47a37405 peer address=127.0.0.1:4987
I1224 00:18:25.178704  4177 FunctionLooper.cpp:88] stop: PeekLooper
I1224 00:18:25.178710  4177 QuicTransportBase.cpp:1233] Server stopping write looper because conn closed client CID=0000000000000003 server CID=400000ce47a37405 peer address=127.0.0.1:4987
I1224 00:18:25.178716  4177 FunctionLooper.cpp:88] stop: WriteLooper
*** Aborted at 1640305105 (Unix time, try 'date -d @1640305105') ***
*** Signal 15 (SIGTERM) (0x1048) received by PID 4171 (pthread TID 0x7fa53cab6ec0) (linux TID 4171) (maybe from PID 4168, UID 0) (code: 0), stack trace: ***
(error retrieving stack trace)
