I1223 18:32:22.261405 11155 EventBase.cpp:308] EventBase(): Starting loop.
I1223 18:32:22.261584 11156 EventBase.cpp:308] EventBase(): Starting loop.
I1223 18:32:22.261701 11157 EventBase.cpp:308] EventBase(): Starting loop.
I1223 18:32:22.261819 11158 EventBase.cpp:308] EventBase(): Starting loop.
I1223 18:32:22.261905 11159 EventBase.cpp:308] EventBase(): Starting loop.
I1223 18:32:22.263233 11160 EventBase.cpp:308] EventBase(): Starting loop.
I1223 18:32:22.263515 11155 QuicServer.cpp:268] No valid takenover fd found for address=127.0.0.1:4443. binding on worker=0x55e20c9b4040 workerId=0 processId=0
I1223 18:32:22.263718 11156 QuicServer.cpp:268] No valid takenover fd found for address=127.0.0.1:4443. binding on worker=0x55e20c9b4680 workerId=1 processId=0
I1223 18:32:22.263880 11157 QuicServer.cpp:268] No valid takenover fd found for address=127.0.0.1:4443. binding on worker=0x55e20c9b4b30 workerId=2 processId=0
I1223 18:32:22.264051 11158 QuicServer.cpp:268] No valid takenover fd found for address=127.0.0.1:4443. binding on worker=0x55e20c9b5010 workerId=3 processId=0
I1223 18:32:22.264205 11159 QuicServer.cpp:268] No valid takenover fd found for address=127.0.0.1:4443. binding on worker=0x55e20c9b54f0 workerId=4 processId=0
I1223 18:32:22.264362 11160 QuicServer.cpp:268] No valid takenover fd found for address=127.0.0.1:4443. binding on worker=0x55e20c9b59f0 workerId=5 processId=0
I1223 18:32:22.264390 11160 QuicServer.cpp:295] Initialized all workers in the eventbase
I1223 18:32:22.264489 11152 EchoServer.h:90] Echo server started at: 127.0.0.1:4443
I1223 18:32:22.264531 11152 EventBase.cpp:308] EventBase(): Starting loop.
I1223 18:32:22.264565 11158 QuicServerWorker.cpp:134] Registered read on worker=0x55e20c9b5010, thread=139678865463040, processId=0
I1223 18:32:22.264576 11155 QuicServerWorker.cpp:134] Registered read on worker=0x55e20c9b4040, thread=139678890641152, processId=0
I1223 18:32:22.264587 11157 QuicServerWorker.cpp:134] Registered read on worker=0x55e20c9b4b30, thread=139678873855744, processId=0
I1223 18:32:22.264637 11160 QuicServerWorker.cpp:134] Registered read on worker=0x55e20c9b59f0, thread=139678510479104, processId=0
I1223 18:32:22.264668 11156 QuicServerWorker.cpp:134] Registered read on worker=0x55e20c9b4680, thread=139678882248448, processId=0
I1223 18:32:22.264580 11159 QuicServerWorker.cpp:134] Registered read on worker=0x55e20c9b54f0, thread=139678857070336, processId=0
I1223 18:32:27.782613 11158 QuicServerWorker.cpp:227] Worker=0x55e20c9b5010, Received data on thread=139678865463040, processId=0
I1223 18:32:27.782639 11158 LogQuicStats.h:24] server onPacketReceived
I1223 18:32:27.782646 11158 LogQuicStats.h:140] server onRead size=1232
I1223 18:32:27.782662 11158 LogQuicStats.h:76] server onClientInitialReceived, version: QUIC_DRAFT
I1223 18:32:27.782672 11158 QuicServerWorker.cpp:545] Creating new connection for client=127.0.0.1:4987, routingInfo=CID=0000000000000002, cidVersion=1, workerId=3, processId=0, hostId=0, threadId=139678865463040, 
I1223 18:32:27.782775 11158 LogQuicStats.h:118] server onStatelessReset
I1223 18:32:27.782799 11158 StateMachine-inl.h:41] Transition from Uninitialized to ExpectingClientHello
I1223 18:32:27.782867 11158 LogQuicStats.h:32] server onOutOfOrderPacketReceived
I1223 18:32:27.782889 11158 ServerStateMachine.cpp:952] Server received crypto data offset=0 len=391 currentReadOffset=0 client CID=0000000000000001 server CID=400000c31d8076e3 peer address=127.0.0.1:4987
I1223 18:32:27.782903 11158 RecordLayer.cpp:82] Received handshake message ClientHello
I1223 18:32:27.783000 11158 ServerHandshake.cpp:167] ServerHandshake error fizz::FizzException: no psk modes
I1223 18:32:27.783115 11158 QuicTransportBase.cpp:1870] onNetworkData fizz::FizzException: no psk modes client CID=0000000000000001 server CID=400000c31d8076e3 peer address=127.0.0.1:4987
I1223 18:32:27.783138 11158 QuicTransportBase.cpp:400] Stopping read looper due to immediate close client CID=0000000000000001 server CID=400000c31d8076e3 peer address=127.0.0.1:4987
I1223 18:32:27.783145 11158 FunctionLooper.cpp:88] stop: ReadLooper
I1223 18:32:27.783162 11158 FunctionLooper.cpp:88] stop: PeekLooper
I1223 18:32:27.783169 11158 FunctionLooper.cpp:88] stop: WriteLooper
I1223 18:32:27.783291 11158 QuicTransportBase.cpp:2651] Clearing 0 peek callbacks
I1223 18:32:27.783303 11158 QuicTransportBase.cpp:852] Stopping read looper client CID=0000000000000001 server CID=400000c31d8076e3 peer address=127.0.0.1:4987
I1223 18:32:27.783313 11158 FunctionLooper.cpp:88] stop: ReadLooper
I1223 18:32:27.783318 11158 QuicTransportBase.cpp:1196] Stopping peek looper client CID=0000000000000001 server CID=400000c31d8076e3 peer address=127.0.0.1:4987
I1223 18:32:27.783324 11158 FunctionLooper.cpp:88] stop: PeekLooper
I1223 18:32:27.783330 11158 QuicTransportBase.cpp:1233] Server stopping write looper because conn closed client CID=0000000000000001 server CID=400000c31d8076e3 peer address=127.0.0.1:4987
I1223 18:32:27.783337 11158 FunctionLooper.cpp:88] stop: WriteLooper
E1223 18:32:27.783344 11158 EchoHandler.h:53] Socket error=Crypto error: missing_extension
I1223 18:32:27.783366 11158 QuicTransportFunctions.cpp:1063] Server sent close packetNum=8638571 in space=InitialSpace client CID=0000000000000001 server CID=400000c31d8076e3 peer address=127.0.0.1:4987
I1223 18:32:27.783387 11158 LogQuicStats.h:144] server onWrite size=83
I1223 18:32:27.783397 11158 QuicTransportBase.cpp:852] Stopping read looper client CID=0000000000000001 server CID=400000c31d8076e3 peer address=127.0.0.1:4987
I1223 18:32:27.783406 11158 FunctionLooper.cpp:88] stop: ReadLooper
I1223 18:32:27.783411 11158 QuicTransportBase.cpp:1196] Stopping peek looper client CID=0000000000000001 server CID=400000c31d8076e3 peer address=127.0.0.1:4987
I1223 18:32:27.783417 11158 FunctionLooper.cpp:88] stop: PeekLooper
I1223 18:32:27.783423 11158 QuicTransportBase.cpp:1233] Server stopping write looper because conn closed client CID=0000000000000001 server CID=400000c31d8076e3 peer address=127.0.0.1:4987
I1223 18:32:27.783429 11158 FunctionLooper.cpp:88] stop: WriteLooper
*** Aborted at 1640284347 (Unix time, try 'date -d @1640284347') ***
*** Signal 15 (SIGTERM) (0x2b8d) received by PID 11152 (pthread TID 0x7f0989f3aec0) (linux TID 11152) (maybe from PID 11149, UID 0) (code: 0), stack trace: ***
(error retrieving stack trace)
