I1224 00:22:40.304491  5876 EventBase.cpp:308] EventBase(): Starting loop.
I1224 00:22:40.304777  5877 EventBase.cpp:308] EventBase(): Starting loop.
I1224 00:22:40.304901  5878 EventBase.cpp:308] EventBase(): Starting loop.
I1224 00:22:40.305001  5879 EventBase.cpp:308] EventBase(): Starting loop.
I1224 00:22:40.305086  5880 EventBase.cpp:308] EventBase(): Starting loop.
I1224 00:22:40.307193  5881 EventBase.cpp:308] EventBase(): Starting loop.
I1224 00:22:40.307372  5876 QuicServer.cpp:268] No valid takenover fd found for address=127.0.0.1:4443. binding on worker=0x55f889814ec0 workerId=0 processId=0
I1224 00:22:40.307564  5877 QuicServer.cpp:268] No valid takenover fd found for address=127.0.0.1:4443. binding on worker=0x55f889815500 workerId=1 processId=0
I1224 00:22:40.307729  5878 QuicServer.cpp:268] No valid takenover fd found for address=127.0.0.1:4443. binding on worker=0x55f889815940 workerId=2 processId=0
I1224 00:22:40.307852  5879 QuicServer.cpp:268] No valid takenover fd found for address=127.0.0.1:4443. binding on worker=0x55f889815e20 workerId=3 processId=0
I1224 00:22:40.307971  5880 QuicServer.cpp:268] No valid takenover fd found for address=127.0.0.1:4443. binding on worker=0x55f889816300 workerId=4 processId=0
I1224 00:22:40.308131  5881 QuicServer.cpp:268] No valid takenover fd found for address=127.0.0.1:4443. binding on worker=0x55f889816800 workerId=5 processId=0
I1224 00:22:40.308161  5881 QuicServer.cpp:295] Initialized all workers in the eventbase
I1224 00:22:40.308262  5873 EchoServer.h:90] Echo server started at: 127.0.0.1:4443
I1224 00:22:40.308302  5873 EventBase.cpp:308] EventBase(): Starting loop.
I1224 00:22:40.308326  5879 QuicServerWorker.cpp:134] Registered read on worker=0x55f889815e20, thread=140483490068224, processId=0
I1224 00:22:40.308348  5876 QuicServerWorker.cpp:134] Registered read on worker=0x55f889814ec0, thread=140483515246336, processId=0
I1224 00:22:40.308358  5878 QuicServerWorker.cpp:134] Registered read on worker=0x55f889815940, thread=140483498460928, processId=0
I1224 00:22:40.308370  5880 QuicServerWorker.cpp:134] Registered read on worker=0x55f889816300, thread=140483279976192, processId=0
I1224 00:22:40.308360  5877 QuicServerWorker.cpp:134] Registered read on worker=0x55f889815500, thread=140483506853632, processId=0
I1224 00:22:40.308416  5881 QuicServerWorker.cpp:134] Registered read on worker=0x55f889816800, thread=140483271583488, processId=0
I1224 00:22:45.717729  5879 QuicServerWorker.cpp:227] Worker=0x55f889815e20, Received data on thread=140483490068224, processId=0
I1224 00:22:45.717759  5879 LogQuicStats.h:24] server onPacketReceived
I1224 00:22:45.717767  5879 LogQuicStats.h:140] server onRead size=1232
W1224 00:22:45.717787  5879 Types.cpp:447] toString has unhandled version type
I1224 00:22:45.717782  5879 LogQuicStats.h:76] server onClientInitialReceived, version: UNKNOWN
I1224 00:22:45.717804  5879 QuicServerWorker.cpp:208] Version negotiation sent to client=127.0.0.1:4987
I1224 00:22:45.717814  5879 LogQuicStats.h:144] server onWrite size=43
I1224 00:22:45.717820  5879 LogQuicStats.h:36] server onPacketProcessed
I1224 00:22:45.717826  5879 LogQuicStats.h:40] server onPacketSent
I1224 00:22:45.931257  5879 QuicServerWorker.cpp:227] Worker=0x55f889815e20, Received data on thread=140483490068224, processId=0
I1224 00:22:45.931285  5879 LogQuicStats.h:24] server onPacketReceived
I1224 00:22:45.931293  5879 LogQuicStats.h:140] server onRead size=1232
I1224 00:22:45.931299  5879 LogQuicStats.h:76] server onClientInitialReceived, version: QUIC_DRAFT
I1224 00:22:45.931309  5879 QuicServerWorker.cpp:545] Creating new connection for client=127.0.0.1:4987, routingInfo=CID=0000000000000000, cidVersion=1, workerId=3, processId=0, hostId=0, threadId=140483490068224, 
I1224 00:22:45.931424  5879 LogQuicStats.h:118] server onStatelessReset
I1224 00:22:45.931452  5879 StateMachine-inl.h:41] Transition from Uninitialized to ExpectingClientHello
I1224 00:22:45.931517  5879 LogQuicStats.h:32] server onOutOfOrderPacketReceived
I1224 00:22:45.931526  5879 ServerStateMachine.cpp:952] Server received crypto data offset=0 len=391 currentReadOffset=0 client CID=0000000000000003 server CID=400000d49125e5f7 peer address=127.0.0.1:4987
I1224 00:22:45.931552  5879 RecordLayer.cpp:82] Received handshake message ClientHello
I1224 00:22:45.931656  5879 ServerHandshake.cpp:167] ServerHandshake error fizz::FizzException: no psk modes
I1224 00:22:45.931697  5879 QuicTransportBase.cpp:1870] onNetworkData fizz::FizzException: no psk modes client CID=0000000000000003 server CID=400000d49125e5f7 peer address=127.0.0.1:4987
I1224 00:22:45.931712  5879 QuicTransportBase.cpp:400] Stopping read looper due to immediate close client CID=0000000000000003 server CID=400000d49125e5f7 peer address=127.0.0.1:4987
I1224 00:22:45.931720  5879 FunctionLooper.cpp:88] stop: ReadLooper
I1224 00:22:45.931725  5879 FunctionLooper.cpp:88] stop: PeekLooper
I1224 00:22:45.931731  5879 FunctionLooper.cpp:88] stop: WriteLooper
I1224 00:22:45.931738  5879 QuicTransportBase.cpp:2651] Clearing 0 peek callbacks
I1224 00:22:45.931744  5879 QuicTransportBase.cpp:852] Stopping read looper client CID=0000000000000003 server CID=400000d49125e5f7 peer address=127.0.0.1:4987
I1224 00:22:45.931751  5879 FunctionLooper.cpp:88] stop: ReadLooper
I1224 00:22:45.931757  5879 QuicTransportBase.cpp:1196] Stopping peek looper client CID=0000000000000003 server CID=400000d49125e5f7 peer address=127.0.0.1:4987
I1224 00:22:45.931764  5879 FunctionLooper.cpp:88] stop: PeekLooper
I1224 00:22:45.931769  5879 QuicTransportBase.cpp:1233] Server stopping write looper because conn closed client CID=0000000000000003 server CID=400000d49125e5f7 peer address=127.0.0.1:4987
I1224 00:22:45.931777  5879 FunctionLooper.cpp:88] stop: WriteLooper
E1224 00:22:45.931783  5879 EchoHandler.h:53] Socket error=Crypto error: missing_extension
I1224 00:22:45.931866  5879 QuicTransportFunctions.cpp:1063] Server sent close packetNum=6264386 in space=InitialSpace client CID=0000000000000003 server CID=400000d49125e5f7 peer address=127.0.0.1:4987
I1224 00:22:45.931960  5879 LogQuicStats.h:144] server onWrite size=82
I1224 00:22:45.932018  5879 QuicTransportBase.cpp:852] Stopping read looper client CID=0000000000000003 server CID=400000d49125e5f7 peer address=127.0.0.1:4987
I1224 00:22:45.932044  5879 FunctionLooper.cpp:88] stop: ReadLooper
I1224 00:22:45.932080  5879 QuicTransportBase.cpp:1196] Stopping peek looper client CID=0000000000000003 server CID=400000d49125e5f7 peer address=127.0.0.1:4987
I1224 00:22:45.932116  5879 FunctionLooper.cpp:88] stop: PeekLooper
I1224 00:22:45.932149  5879 QuicTransportBase.cpp:1233] Server stopping write looper because conn closed client CID=0000000000000003 server CID=400000d49125e5f7 peer address=127.0.0.1:4987
I1224 00:22:45.932201  5879 FunctionLooper.cpp:88] stop: WriteLooper
*** Aborted at 1640305365 (Unix time, try 'date -d @1640305365') ***
*** Signal 15 (SIGTERM) (0x16ee) received by PID 5873 (pthread TID 0x7fc4e150cec0) (linux TID 5873) (maybe from PID 5870, UID 0) (code: 0), stack trace: ***
(error retrieving stack trace)
