I1223 18:31:08.170310 10674 EventBase.cpp:308] EventBase(): Starting loop.
I1223 18:31:08.170488 10675 EventBase.cpp:308] EventBase(): Starting loop.
I1223 18:31:08.175278 10676 EventBase.cpp:308] EventBase(): Starting loop.
I1223 18:31:08.179200 10677 EventBase.cpp:308] EventBase(): Starting loop.
I1223 18:31:08.183039 10678 EventBase.cpp:308] EventBase(): Starting loop.
I1223 18:31:08.185389 10679 EventBase.cpp:308] EventBase(): Starting loop.
I1223 18:31:08.185631 10674 QuicServer.cpp:268] No valid takenover fd found for address=127.0.0.1:4443. binding on worker=0x55e748a43040 workerId=0 processId=0
I1223 18:31:08.185863 10675 QuicServer.cpp:268] No valid takenover fd found for address=127.0.0.1:4443. binding on worker=0x55e748a43680 workerId=1 processId=0
I1223 18:31:08.185989 10676 QuicServer.cpp:268] No valid takenover fd found for address=127.0.0.1:4443. binding on worker=0x55e748a43b30 workerId=2 processId=0
I1223 18:31:08.186161 10677 QuicServer.cpp:268] No valid takenover fd found for address=127.0.0.1:4443. binding on worker=0x55e748a44010 workerId=3 processId=0
I1223 18:31:08.186322 10678 QuicServer.cpp:268] No valid takenover fd found for address=127.0.0.1:4443. binding on worker=0x55e748a444f0 workerId=4 processId=0
I1223 18:31:08.186489 10679 QuicServer.cpp:268] No valid takenover fd found for address=127.0.0.1:4443. binding on worker=0x55e748a449f0 workerId=5 processId=0
I1223 18:31:08.186517 10679 QuicServer.cpp:295] Initialized all workers in the eventbase
I1223 18:31:08.186622 10671 EchoServer.h:90] Echo server started at: 127.0.0.1:4443
I1223 18:31:08.186667 10671 EventBase.cpp:308] EventBase(): Starting loop.
I1223 18:31:08.186714 10674 QuicServerWorker.cpp:134] Registered read on worker=0x55e748a43040, thread=140190782052096, processId=0
I1223 18:31:08.186764 10677 QuicServerWorker.cpp:134] Registered read on worker=0x55e748a44010, thread=140190551111424, processId=0
I1223 18:31:08.186722 10675 QuicServerWorker.cpp:134] Registered read on worker=0x55e748a43680, thread=140190773659392, processId=0
I1223 18:31:08.186718 10676 QuicServerWorker.cpp:134] Registered read on worker=0x55e748a43b30, thread=140190765266688, processId=0
I1223 18:31:08.186846 10678 QuicServerWorker.cpp:134] Registered read on worker=0x55e748a444f0, thread=140190542718720, processId=0
I1223 18:31:08.186928 10679 QuicServerWorker.cpp:134] Registered read on worker=0x55e748a449f0, thread=140190534326016, processId=0
I1223 18:31:13.801826 10677 QuicServerWorker.cpp:227] Worker=0x55e748a44010, Received data on thread=140190551111424, processId=0
I1223 18:31:13.801853 10677 LogQuicStats.h:24] server onPacketReceived
I1223 18:31:13.801860 10677 LogQuicStats.h:140] server onRead size=1232
I1223 18:31:13.801875 10677 LogQuicStats.h:76] server onClientInitialReceived, version: QUIC_DRAFT
I1223 18:31:13.801885 10677 QuicServerWorker.cpp:545] Creating new connection for client=127.0.0.1:4987, routingInfo=CID=0000000000000002, cidVersion=1, workerId=3, processId=0, hostId=0, threadId=140190551111424, 
I1223 18:31:13.801995 10677 LogQuicStats.h:118] server onStatelessReset
I1223 18:31:13.802022 10677 StateMachine-inl.h:41] Transition from Uninitialized to ExpectingClientHello
I1223 18:31:13.802086 10677 LogQuicStats.h:32] server onOutOfOrderPacketReceived
I1223 18:31:13.802094 10677 ServerStateMachine.cpp:952] Server received crypto data offset=0 len=391 currentReadOffset=0 client CID=0000000000000001 server CID=400000d9ac4a2e74 peer address=127.0.0.1:4987
I1223 18:31:13.802109 10677 RecordLayer.cpp:82] Received handshake message ClientHello
I1223 18:31:13.802204 10677 ServerHandshake.cpp:167] ServerHandshake error fizz::FizzException: no psk modes
I1223 18:31:13.802248 10677 QuicTransportBase.cpp:1870] onNetworkData fizz::FizzException: no psk modes client CID=0000000000000001 server CID=400000d9ac4a2e74 peer address=127.0.0.1:4987
I1223 18:31:13.802261 10677 QuicTransportBase.cpp:400] Stopping read looper due to immediate close client CID=0000000000000001 server CID=400000d9ac4a2e74 peer address=127.0.0.1:4987
I1223 18:31:13.802269 10677 FunctionLooper.cpp:88] stop: ReadLooper
I1223 18:31:13.802286 10677 FunctionLooper.cpp:88] stop: PeekLooper
I1223 18:31:13.802292 10677 FunctionLooper.cpp:88] stop: WriteLooper
I1223 18:31:13.802300 10677 QuicTransportBase.cpp:2651] Clearing 0 peek callbacks
I1223 18:31:13.802306 10677 QuicTransportBase.cpp:852] Stopping read looper client CID=0000000000000001 server CID=400000d9ac4a2e74 peer address=127.0.0.1:4987
I1223 18:31:13.802314 10677 FunctionLooper.cpp:88] stop: ReadLooper
I1223 18:31:13.802320 10677 QuicTransportBase.cpp:1196] Stopping peek looper client CID=0000000000000001 server CID=400000d9ac4a2e74 peer address=127.0.0.1:4987
I1223 18:31:13.802326 10677 FunctionLooper.cpp:88] stop: PeekLooper
I1223 18:31:13.802332 10677 QuicTransportBase.cpp:1233] Server stopping write looper because conn closed client CID=0000000000000001 server CID=400000d9ac4a2e74 peer address=127.0.0.1:4987
I1223 18:31:13.802340 10677 FunctionLooper.cpp:88] stop: WriteLooper
E1223 18:31:13.802345 10677 EchoHandler.h:53] Socket error=Crypto error: missing_extension
I1223 18:31:13.802366 10677 QuicTransportFunctions.cpp:1063] Server sent close packetNum=2491906 in space=InitialSpace client CID=0000000000000001 server CID=400000d9ac4a2e74 peer address=127.0.0.1:4987
I1223 18:31:13.802394 10677 LogQuicStats.h:144] server onWrite size=82
I1223 18:31:13.802407 10677 QuicTransportBase.cpp:852] Stopping read looper client CID=0000000000000001 server CID=400000d9ac4a2e74 peer address=127.0.0.1:4987
I1223 18:31:13.802414 10677 FunctionLooper.cpp:88] stop: ReadLooper
I1223 18:31:13.802444 10677 QuicTransportBase.cpp:1196] Stopping peek looper client CID=0000000000000001 server CID=400000d9ac4a2e74 peer address=127.0.0.1:4987
I1223 18:31:13.802455 10677 FunctionLooper.cpp:88] stop: PeekLooper
I1223 18:31:13.802461 10677 QuicTransportBase.cpp:1233] Server stopping write looper because conn closed client CID=0000000000000001 server CID=400000d9ac4a2e74 peer address=127.0.0.1:4987
I1223 18:31:13.802469 10677 FunctionLooper.cpp:88] stop: WriteLooper
*** Aborted at 1640284273 (Unix time, try 'date -d @1640284273') ***
*** Signal 15 (SIGTERM) (0x29ac) received by PID 10671 (pthread TID 0x7f80b90ebec0) (linux TID 10671) (maybe from PID 10668, UID 0) (code: 0), stack trace: ***
(error retrieving stack trace)
