I1223 18:34:21.766585 11932 EventBase.cpp:308] EventBase(): Starting loop.
I1223 18:34:21.766758 11933 EventBase.cpp:308] EventBase(): Starting loop.
I1223 18:34:21.767506 11934 EventBase.cpp:308] EventBase(): Starting loop.
I1223 18:34:21.767671 11935 EventBase.cpp:308] EventBase(): Starting loop.
I1223 18:34:21.767761 11936 EventBase.cpp:308] EventBase(): Starting loop.
I1223 18:34:21.770998 11937 EventBase.cpp:308] EventBase(): Starting loop.
I1223 18:34:21.771138 11932 QuicServer.cpp:268] No valid takenover fd found for address=127.0.0.1:4443. binding on worker=0x55981951f040 workerId=0 processId=0
I1223 18:34:21.771337 11933 QuicServer.cpp:268] No valid takenover fd found for address=127.0.0.1:4443. binding on worker=0x55981951f680 workerId=1 processId=0
I1223 18:34:21.771438 11934 QuicServer.cpp:268] No valid takenover fd found for address=127.0.0.1:4443. binding on worker=0x55981951fb30 workerId=2 processId=0
I1223 18:34:21.771533 11935 QuicServer.cpp:268] No valid takenover fd found for address=127.0.0.1:4443. binding on worker=0x559819520010 workerId=3 processId=0
I1223 18:34:21.771684 11936 QuicServer.cpp:268] No valid takenover fd found for address=127.0.0.1:4443. binding on worker=0x5598195204f0 workerId=4 processId=0
I1223 18:34:21.771862 11937 QuicServer.cpp:268] No valid takenover fd found for address=127.0.0.1:4443. binding on worker=0x5598195209f0 workerId=5 processId=0
I1223 18:34:21.771889 11937 QuicServer.cpp:295] Initialized all workers in the eventbase
I1223 18:34:21.772053 11932 QuicServerWorker.cpp:134] Registered read on worker=0x55981951f040, thread=140224888358656, processId=0
I1223 18:34:21.772053 11934 QuicServerWorker.cpp:134] Registered read on worker=0x55981951fb30, thread=140224871573248, processId=0
I1223 18:34:21.772105 11929 EchoServer.h:90] Echo server started at: 127.0.0.1:4443
I1223 18:34:21.772150 11929 EventBase.cpp:308] EventBase(): Starting loop.
I1223 18:34:21.772215 11933 QuicServerWorker.cpp:134] Registered read on worker=0x55981951f680, thread=140224879965952, processId=0
I1223 18:34:21.772253 11937 QuicServerWorker.cpp:134] Registered read on worker=0x5598195209f0, thread=140224508196608, processId=0
I1223 18:34:21.772310 11935 QuicServerWorker.cpp:134] Registered read on worker=0x559819520010, thread=140224863180544, processId=0
I1223 18:34:21.772342 11936 QuicServerWorker.cpp:134] Registered read on worker=0x5598195204f0, thread=140224854787840, processId=0
I1223 18:34:27.471608 11935 QuicServerWorker.cpp:227] Worker=0x559819520010, Received data on thread=140224863180544, processId=0
I1223 18:34:27.471637 11935 LogQuicStats.h:24] server onPacketReceived
I1223 18:34:27.471645 11935 LogQuicStats.h:140] server onRead size=1232
I1223 18:34:27.471660 11935 LogQuicStats.h:76] server onClientInitialReceived, version: QUIC_DRAFT
I1223 18:34:27.471671 11935 QuicServerWorker.cpp:545] Creating new connection for client=127.0.0.1:4987, routingInfo=CID=0000000000000002, cidVersion=1, workerId=3, processId=0, hostId=0, threadId=140224863180544, 
I1223 18:34:27.471783 11935 LogQuicStats.h:118] server onStatelessReset
I1223 18:34:27.471807 11935 StateMachine-inl.h:41] Transition from Uninitialized to ExpectingClientHello
I1223 18:34:27.471873 11935 LogQuicStats.h:32] server onOutOfOrderPacketReceived
I1223 18:34:27.471882 11935 ServerStateMachine.cpp:952] Server received crypto data offset=0 len=391 currentReadOffset=0 client CID=0000000000000001 server CID=400000c1710d5c4f peer address=127.0.0.1:4987
I1223 18:34:27.471916 11935 RecordLayer.cpp:82] Received handshake message ClientHello
I1223 18:34:27.472028 11935 ServerHandshake.cpp:167] ServerHandshake error fizz::FizzException: no psk modes
I1223 18:34:27.472072 11935 QuicTransportBase.cpp:1870] onNetworkData fizz::FizzException: no psk modes client CID=0000000000000001 server CID=400000c1710d5c4f peer address=127.0.0.1:4987
I1223 18:34:27.472087 11935 QuicTransportBase.cpp:400] Stopping read looper due to immediate close client CID=0000000000000001 server CID=400000c1710d5c4f peer address=127.0.0.1:4987
I1223 18:34:27.472095 11935 FunctionLooper.cpp:88] stop: ReadLooper
I1223 18:34:27.472108 11935 FunctionLooper.cpp:88] stop: PeekLooper
I1223 18:34:27.472115 11935 FunctionLooper.cpp:88] stop: WriteLooper
I1223 18:34:27.472127 11935 QuicTransportBase.cpp:2651] Clearing 0 peek callbacks
I1223 18:34:27.472134 11935 QuicTransportBase.cpp:852] Stopping read looper client CID=0000000000000001 server CID=400000c1710d5c4f peer address=127.0.0.1:4987
I1223 18:34:27.472141 11935 FunctionLooper.cpp:88] stop: ReadLooper
I1223 18:34:27.472147 11935 QuicTransportBase.cpp:1196] Stopping peek looper client CID=0000000000000001 server CID=400000c1710d5c4f peer address=127.0.0.1:4987
I1223 18:34:27.472154 11935 FunctionLooper.cpp:88] stop: PeekLooper
I1223 18:34:27.472160 11935 QuicTransportBase.cpp:1233] Server stopping write looper because conn closed client CID=0000000000000001 server CID=400000c1710d5c4f peer address=127.0.0.1:4987
I1223 18:34:27.472167 11935 FunctionLooper.cpp:88] stop: WriteLooper
E1223 18:34:27.472174 11935 EchoHandler.h:53] Socket error=Crypto error: missing_extension
I1223 18:34:27.472195 11935 QuicTransportFunctions.cpp:1063] Server sent close packetNum=10274964 in space=InitialSpace client CID=0000000000000001 server CID=400000c1710d5c4f peer address=127.0.0.1:4987
I1223 18:34:27.472221 11935 LogQuicStats.h:144] server onWrite size=83
I1223 18:34:27.472232 11935 QuicTransportBase.cpp:852] Stopping read looper client CID=0000000000000001 server CID=400000c1710d5c4f peer address=127.0.0.1:4987
I1223 18:34:27.472239 11935 FunctionLooper.cpp:88] stop: ReadLooper
I1223 18:34:27.472245 11935 QuicTransportBase.cpp:1196] Stopping peek looper client CID=0000000000000001 server CID=400000c1710d5c4f peer address=127.0.0.1:4987
I1223 18:34:27.472252 11935 FunctionLooper.cpp:88] stop: PeekLooper
I1223 18:34:27.472259 11935 QuicTransportBase.cpp:1233] Server stopping write looper because conn closed client CID=0000000000000001 server CID=400000c1710d5c4f peer address=127.0.0.1:4987
I1223 18:34:27.472265 11935 FunctionLooper.cpp:88] stop: WriteLooper
*** Aborted at 1640284467 (Unix time, try 'date -d @1640284467') ***
*** Signal 15 (SIGTERM) (0x2e96) received by PID 11929 (pthread TID 0x7f88a9f3aec0) (linux TID 11929) (maybe from PID 11926, UID 0) (code: 0), stack trace: ***
(error retrieving stack trace)
