I1224 00:23:08.779799  6061 EventBase.cpp:308] EventBase(): Starting loop.
I1224 00:23:08.780025  6062 EventBase.cpp:308] EventBase(): Starting loop.
I1224 00:23:08.780138  6063 EventBase.cpp:308] EventBase(): Starting loop.
I1224 00:23:08.787839  6064 EventBase.cpp:308] EventBase(): Starting loop.
I1224 00:23:08.790869  6065 EventBase.cpp:308] EventBase(): Starting loop.
I1224 00:23:08.799072  6066 EventBase.cpp:308] EventBase(): Starting loop.
I1224 00:23:08.799203  6061 QuicServer.cpp:268] No valid takenover fd found for address=127.0.0.1:4443. binding on worker=0x55e1e0f28ec0 workerId=0 processId=0
I1224 00:23:08.799297  6062 QuicServer.cpp:268] No valid takenover fd found for address=127.0.0.1:4443. binding on worker=0x55e1e0f29500 workerId=1 processId=0
I1224 00:23:08.799427  6063 QuicServer.cpp:268] No valid takenover fd found for address=127.0.0.1:4443. binding on worker=0x55e1e0f29940 workerId=2 processId=0
I1224 00:23:08.799554  6064 QuicServer.cpp:268] No valid takenover fd found for address=127.0.0.1:4443. binding on worker=0x55e1e0f29e20 workerId=3 processId=0
I1224 00:23:08.799710  6065 QuicServer.cpp:268] No valid takenover fd found for address=127.0.0.1:4443. binding on worker=0x55e1e0f2a300 workerId=4 processId=0
I1224 00:23:08.799870  6066 QuicServer.cpp:268] No valid takenover fd found for address=127.0.0.1:4443. binding on worker=0x55e1e0f2a800 workerId=5 processId=0
I1224 00:23:08.799897  6066 QuicServer.cpp:295] Initialized all workers in the eventbase
I1224 00:23:08.800033  6061 QuicServerWorker.cpp:134] Registered read on worker=0x55e1e0f28ec0, thread=140348078356224, processId=0
I1224 00:23:08.800067  6058 EchoServer.h:90] Echo server started at: 127.0.0.1:4443
I1224 00:23:08.800078  6058 EventBase.cpp:308] EventBase(): Starting loop.
I1224 00:23:08.800081  6063 QuicServerWorker.cpp:134] Registered read on worker=0x55e1e0f29940, thread=140347988506368, processId=0
I1224 00:23:08.800097  6065 QuicServerWorker.cpp:134] Registered read on worker=0x55e1e0f2a300, thread=140347971720960, processId=0
I1224 00:23:08.800118  6066 QuicServerWorker.cpp:134] Registered read on worker=0x55e1e0f2a800, thread=140347963328256, processId=0
I1224 00:23:08.800137  6062 QuicServerWorker.cpp:134] Registered read on worker=0x55e1e0f29500, thread=140348069963520, processId=0
I1224 00:23:08.800098  6064 QuicServerWorker.cpp:134] Registered read on worker=0x55e1e0f29e20, thread=140347980113664, processId=0
I1224 00:23:14.070978  6064 QuicServerWorker.cpp:227] Worker=0x55e1e0f29e20, Received data on thread=140347980113664, processId=0
I1224 00:23:14.071005  6064 LogQuicStats.h:24] server onPacketReceived
I1224 00:23:14.071012  6064 LogQuicStats.h:140] server onRead size=1232
W1224 00:23:14.071033  6064 Types.cpp:447] toString has unhandled version type
I1224 00:23:14.071027  6064 LogQuicStats.h:76] server onClientInitialReceived, version: UNKNOWN
I1224 00:23:14.071048  6064 QuicServerWorker.cpp:208] Version negotiation sent to client=127.0.0.1:4987
I1224 00:23:14.071056  6064 LogQuicStats.h:144] server onWrite size=43
I1224 00:23:14.071063  6064 LogQuicStats.h:36] server onPacketProcessed
I1224 00:23:14.071069  6064 LogQuicStats.h:40] server onPacketSent
I1224 00:23:14.390309  6064 QuicServerWorker.cpp:227] Worker=0x55e1e0f29e20, Received data on thread=140347980113664, processId=0
I1224 00:23:14.390336  6064 LogQuicStats.h:24] server onPacketReceived
I1224 00:23:14.390343  6064 LogQuicStats.h:140] server onRead size=1232
I1224 00:23:14.390352  6064 LogQuicStats.h:76] server onClientInitialReceived, version: QUIC_DRAFT
I1224 00:23:14.390362  6064 QuicServerWorker.cpp:545] Creating new connection for client=127.0.0.1:4987, routingInfo=CID=0000000000000000, cidVersion=1, workerId=3, processId=0, hostId=0, threadId=140347980113664, 
I1224 00:23:14.390498  6064 LogQuicStats.h:118] server onStatelessReset
I1224 00:23:14.390589  6064 StateMachine-inl.h:41] Transition from Uninitialized to ExpectingClientHello
I1224 00:23:14.390678  6064 LogQuicStats.h:32] server onOutOfOrderPacketReceived
I1224 00:23:14.390686  6064 ServerStateMachine.cpp:952] Server received crypto data offset=0 len=391 currentReadOffset=0 client CID=0000000000000003 server CID=400000dc183ccef4 peer address=127.0.0.1:4987
I1224 00:23:14.390708  6064 RecordLayer.cpp:82] Received handshake message ClientHello
I1224 00:23:14.390805  6064 ServerHandshake.cpp:167] ServerHandshake error fizz::FizzException: no psk modes
I1224 00:23:14.390846  6064 QuicTransportBase.cpp:1870] onNetworkData fizz::FizzException: no psk modes client CID=0000000000000003 server CID=400000dc183ccef4 peer address=127.0.0.1:4987
I1224 00:23:14.390861  6064 QuicTransportBase.cpp:400] Stopping read looper due to immediate close client CID=0000000000000003 server CID=400000dc183ccef4 peer address=127.0.0.1:4987
I1224 00:23:14.390868  6064 FunctionLooper.cpp:88] stop: ReadLooper
I1224 00:23:14.390874  6064 FunctionLooper.cpp:88] stop: PeekLooper
I1224 00:23:14.390880  6064 FunctionLooper.cpp:88] stop: WriteLooper
I1224 00:23:14.390892  6064 QuicTransportBase.cpp:2651] Clearing 0 peek callbacks
I1224 00:23:14.390898  6064 QuicTransportBase.cpp:852] Stopping read looper client CID=0000000000000003 server CID=400000dc183ccef4 peer address=127.0.0.1:4987
I1224 00:23:14.390905  6064 FunctionLooper.cpp:88] stop: ReadLooper
I1224 00:23:14.390911  6064 QuicTransportBase.cpp:1196] Stopping peek looper client CID=0000000000000003 server CID=400000dc183ccef4 peer address=127.0.0.1:4987
I1224 00:23:14.390918  6064 FunctionLooper.cpp:88] stop: PeekLooper
I1224 00:23:14.390944  6064 QuicTransportBase.cpp:1233] Server stopping write looper because conn closed client CID=0000000000000003 server CID=400000dc183ccef4 peer address=127.0.0.1:4987
I1224 00:23:14.390951  6064 FunctionLooper.cpp:88] stop: WriteLooper
E1224 00:23:14.390959  6064 EchoHandler.h:53] Socket error=Crypto error: missing_extension
I1224 00:23:14.391012  6064 QuicTransportFunctions.cpp:1063] Server sent close packetNum=2183327 in space=InitialSpace client CID=0000000000000003 server CID=400000dc183ccef4 peer address=127.0.0.1:4987
I1224 00:23:14.391132  6064 LogQuicStats.h:144] server onWrite size=82
I1224 00:23:14.391170  6064 QuicTransportBase.cpp:852] Stopping read looper client CID=0000000000000003 server CID=400000dc183ccef4 peer address=127.0.0.1:4987
I1224 00:23:14.391178  6064 FunctionLooper.cpp:88] stop: ReadLooper
I1224 00:23:14.391198  6064 QuicTransportBase.cpp:1196] Stopping peek looper client CID=0000000000000003 server CID=400000dc183ccef4 peer address=127.0.0.1:4987
I1224 00:23:14.391227  6064 FunctionLooper.cpp:88] stop: PeekLooper
I1224 00:23:14.391247  6064 QuicTransportBase.cpp:1233] Server stopping write looper because conn closed client CID=0000000000000003 server CID=400000dc183ccef4 peer address=127.0.0.1:4987
I1224 00:23:14.391254  6064 FunctionLooper.cpp:88] stop: WriteLooper
*** Aborted at 1640305394 (Unix time, try 'date -d @1640305394') ***
*** Signal 15 (SIGTERM) (0x17a7) received by PID 6058 (pthread TID 0x7fa558a5dec0) (linux TID 6058) (maybe from PID 6055, UID 0) (code: 0), stack trace: ***
(error retrieving stack trace)
