I1224 00:20:18.886162  4951 EventBase.cpp:308] EventBase(): Starting loop.
I1224 00:20:18.891009  4952 EventBase.cpp:308] EventBase(): Starting loop.
I1224 00:20:18.895406  4953 EventBase.cpp:308] EventBase(): Starting loop.
I1224 00:20:18.895931  4954 EventBase.cpp:308] EventBase(): Starting loop.
I1224 00:20:18.898041  4955 EventBase.cpp:308] EventBase(): Starting loop.
I1224 00:20:18.898844  4956 EventBase.cpp:308] EventBase(): Starting loop.
I1224 00:20:18.899029  4951 QuicServer.cpp:268] No valid takenover fd found for address=127.0.0.1:4443. binding on worker=0x5623bb5deec0 workerId=0 processId=0
I1224 00:20:18.899276  4952 QuicServer.cpp:268] No valid takenover fd found for address=127.0.0.1:4443. binding on worker=0x5623bb5df500 workerId=1 processId=0
I1224 00:20:18.899547  4953 QuicServer.cpp:268] No valid takenover fd found for address=127.0.0.1:4443. binding on worker=0x5623bb5df940 workerId=2 processId=0
I1224 00:20:18.899678  4954 QuicServer.cpp:268] No valid takenover fd found for address=127.0.0.1:4443. binding on worker=0x5623bb5dfe20 workerId=3 processId=0
I1224 00:20:18.899830  4955 QuicServer.cpp:268] No valid takenover fd found for address=127.0.0.1:4443. binding on worker=0x5623bb5e0300 workerId=4 processId=0
I1224 00:20:18.900061  4956 QuicServer.cpp:268] No valid takenover fd found for address=127.0.0.1:4443. binding on worker=0x5623bb5e0800 workerId=5 processId=0
I1224 00:20:18.900116  4956 QuicServer.cpp:295] Initialized all workers in the eventbase
I1224 00:20:18.900252  4948 EchoServer.h:90] Echo server started at: 127.0.0.1:4443
I1224 00:20:18.900332  4953 QuicServerWorker.cpp:134] Registered read on worker=0x5623bb5df940, thread=140171559302912, processId=0
I1224 00:20:18.900342  4951 QuicServerWorker.cpp:134] Registered read on worker=0x5623bb5deec0, thread=140171647235840, processId=0
I1224 00:20:18.900347  4952 QuicServerWorker.cpp:134] Registered read on worker=0x5623bb5df500, thread=140171638843136, processId=0
I1224 00:20:18.900370  4948 EventBase.cpp:308] EventBase(): Starting loop.
I1224 00:20:18.900373  4955 QuicServerWorker.cpp:134] Registered read on worker=0x5623bb5e0300, thread=140171542517504, processId=0
I1224 00:20:18.900358  4954 QuicServerWorker.cpp:134] Registered read on worker=0x5623bb5dfe20, thread=140171550910208, processId=0
I1224 00:20:18.900396  4956 QuicServerWorker.cpp:134] Registered read on worker=0x5623bb5e0800, thread=140171534124800, processId=0
I1224 00:20:24.192118  4954 QuicServerWorker.cpp:227] Worker=0x5623bb5dfe20, Received data on thread=140171550910208, processId=0
I1224 00:20:24.192145  4954 LogQuicStats.h:24] server onPacketReceived
I1224 00:20:24.192152  4954 LogQuicStats.h:140] server onRead size=1232
W1224 00:20:24.192196  4954 Types.cpp:447] toString has unhandled version type
I1224 00:20:24.192188  4954 LogQuicStats.h:76] server onClientInitialReceived, version: UNKNOWN
I1224 00:20:24.192214  4954 QuicServerWorker.cpp:208] Version negotiation sent to client=127.0.0.1:4987
I1224 00:20:24.192222  4954 LogQuicStats.h:144] server onWrite size=43
I1224 00:20:24.192229  4954 LogQuicStats.h:36] server onPacketProcessed
I1224 00:20:24.192234  4954 LogQuicStats.h:40] server onPacketSent
I1224 00:20:24.350988  4954 QuicServerWorker.cpp:227] Worker=0x5623bb5dfe20, Received data on thread=140171550910208, processId=0
I1224 00:20:24.351016  4954 LogQuicStats.h:24] server onPacketReceived
I1224 00:20:24.351023  4954 LogQuicStats.h:140] server onRead size=1232
I1224 00:20:24.351030  4954 LogQuicStats.h:76] server onClientInitialReceived, version: QUIC_DRAFT
I1224 00:20:24.351040  4954 QuicServerWorker.cpp:545] Creating new connection for client=127.0.0.1:4987, routingInfo=CID=0000000000000000, cidVersion=1, workerId=3, processId=0, hostId=0, threadId=140171550910208, 
I1224 00:20:24.351148  4954 LogQuicStats.h:118] server onStatelessReset
I1224 00:20:24.351176  4954 StateMachine-inl.h:41] Transition from Uninitialized to ExpectingClientHello
I1224 00:20:24.351243  4954 LogQuicStats.h:32] server onOutOfOrderPacketReceived
I1224 00:20:24.351269  4954 ServerStateMachine.cpp:952] Server received crypto data offset=0 len=391 currentReadOffset=0 client CID=0000000000000003 server CID=400000dab18b87ff peer address=127.0.0.1:4987
I1224 00:20:24.351315  4954 RecordLayer.cpp:82] Received handshake message ClientHello
I1224 00:20:24.351436  4954 ServerHandshake.cpp:167] ServerHandshake error fizz::FizzException: no psk modes
I1224 00:20:24.351478  4954 QuicTransportBase.cpp:1870] onNetworkData fizz::FizzException: no psk modes client CID=0000000000000003 server CID=400000dab18b87ff peer address=127.0.0.1:4987
I1224 00:20:24.351492  4954 QuicTransportBase.cpp:400] Stopping read looper due to immediate close client CID=0000000000000003 server CID=400000dab18b87ff peer address=127.0.0.1:4987
I1224 00:20:24.351500  4954 FunctionLooper.cpp:88] stop: ReadLooper
I1224 00:20:24.351506  4954 FunctionLooper.cpp:88] stop: PeekLooper
I1224 00:20:24.351511  4954 FunctionLooper.cpp:88] stop: WriteLooper
I1224 00:20:24.351518  4954 QuicTransportBase.cpp:2651] Clearing 0 peek callbacks
I1224 00:20:24.351526  4954 QuicTransportBase.cpp:852] Stopping read looper client CID=0000000000000003 server CID=400000dab18b87ff peer address=127.0.0.1:4987
I1224 00:20:24.351532  4954 FunctionLooper.cpp:88] stop: ReadLooper
I1224 00:20:24.351538  4954 QuicTransportBase.cpp:1196] Stopping peek looper client CID=0000000000000003 server CID=400000dab18b87ff peer address=127.0.0.1:4987
I1224 00:20:24.351544  4954 FunctionLooper.cpp:88] stop: PeekLooper
I1224 00:20:24.351550  4954 QuicTransportBase.cpp:1233] Server stopping write looper because conn closed client CID=0000000000000003 server CID=400000dab18b87ff peer address=127.0.0.1:4987
I1224 00:20:24.351557  4954 FunctionLooper.cpp:88] stop: WriteLooper
E1224 00:20:24.351564  4954 EchoHandler.h:53] Socket error=Crypto error: missing_extension
I1224 00:20:24.351584  4954 QuicTransportFunctions.cpp:1063] Server sent close packetNum=10706496 in space=InitialSpace client CID=0000000000000003 server CID=400000dab18b87ff peer address=127.0.0.1:4987
I1224 00:20:24.351609  4954 LogQuicStats.h:144] server onWrite size=83
I1224 00:20:24.351619  4954 QuicTransportBase.cpp:852] Stopping read looper client CID=0000000000000003 server CID=400000dab18b87ff peer address=127.0.0.1:4987
I1224 00:20:24.351627  4954 FunctionLooper.cpp:88] stop: ReadLooper
I1224 00:20:24.351632  4954 QuicTransportBase.cpp:1196] Stopping peek looper client CID=0000000000000003 server CID=400000dab18b87ff peer address=127.0.0.1:4987
I1224 00:20:24.351639  4954 FunctionLooper.cpp:88] stop: PeekLooper
I1224 00:20:24.351644  4954 QuicTransportBase.cpp:1233] Server stopping write looper because conn closed client CID=0000000000000003 server CID=400000dab18b87ff peer address=127.0.0.1:4987
I1224 00:20:24.351651  4954 FunctionLooper.cpp:88] stop: WriteLooper
*** Aborted at 1640305224 (Unix time, try 'date -d @1640305224') ***
*** Signal 15 (SIGTERM) (0x1351) received by PID 4948 (pthread TID 0x7f7c44889ec0) (linux TID 4948) (maybe from PID 4945, UID 0) (code: 0), stack trace: ***
(error retrieving stack trace)
