I1224 00:20:13.226908  4914 EventBase.cpp:308] EventBase(): Starting loop.
I1224 00:20:13.232053  4915 EventBase.cpp:308] EventBase(): Starting loop.
I1224 00:20:13.232236  4916 EventBase.cpp:308] EventBase(): Starting loop.
I1224 00:20:13.232388  4917 EventBase.cpp:308] EventBase(): Starting loop.
I1224 00:20:13.232511  4918 EventBase.cpp:308] EventBase(): Starting loop.
I1224 00:20:13.235203  4919 EventBase.cpp:308] EventBase(): Starting loop.
I1224 00:20:13.235339  4914 QuicServer.cpp:268] No valid takenover fd found for address=127.0.0.1:4443. binding on worker=0x55d084112ec0 workerId=0 processId=0
I1224 00:20:13.235496  4915 QuicServer.cpp:268] No valid takenover fd found for address=127.0.0.1:4443. binding on worker=0x55d084113500 workerId=1 processId=0
I1224 00:20:13.235611  4916 QuicServer.cpp:268] No valid takenover fd found for address=127.0.0.1:4443. binding on worker=0x55d084113940 workerId=2 processId=0
I1224 00:20:13.235725  4917 QuicServer.cpp:268] No valid takenover fd found for address=127.0.0.1:4443. binding on worker=0x55d084113e20 workerId=3 processId=0
I1224 00:20:13.235836  4918 QuicServer.cpp:268] No valid takenover fd found for address=127.0.0.1:4443. binding on worker=0x55d084114300 workerId=4 processId=0
I1224 00:20:13.235946  4919 QuicServer.cpp:268] No valid takenover fd found for address=127.0.0.1:4443. binding on worker=0x55d084114800 workerId=5 processId=0
I1224 00:20:13.235975  4919 QuicServer.cpp:295] Initialized all workers in the eventbase
I1224 00:20:13.236042  4911 EchoServer.h:90] Echo server started at: 127.0.0.1:4443
I1224 00:20:13.236088  4911 EventBase.cpp:308] EventBase(): Starting loop.
I1224 00:20:13.236127  4914 QuicServerWorker.cpp:134] Registered read on worker=0x55d084112ec0, thread=139740653897472, processId=0
I1224 00:20:13.236136  4915 QuicServerWorker.cpp:134] Registered read on worker=0x55d084113500, thread=139740645504768, processId=0
I1224 00:20:13.236135  4916 QuicServerWorker.cpp:134] Registered read on worker=0x55d084113940, thread=139740637112064, processId=0
I1224 00:20:13.236145  4917 QuicServerWorker.cpp:134] Registered read on worker=0x55d084113e20, thread=139740628719360, processId=0
I1224 00:20:13.236205  4918 QuicServerWorker.cpp:134] Registered read on worker=0x55d084114300, thread=139740620326656, processId=0
I1224 00:20:13.236232  4919 QuicServerWorker.cpp:134] Registered read on worker=0x55d084114800, thread=139740611933952, processId=0
I1224 00:20:18.640111  4917 QuicServerWorker.cpp:227] Worker=0x55d084113e20, Received data on thread=139740628719360, processId=0
I1224 00:20:18.640141  4917 LogQuicStats.h:24] server onPacketReceived
I1224 00:20:18.640149  4917 LogQuicStats.h:140] server onRead size=1232
W1224 00:20:18.640174  4917 Types.cpp:447] toString has unhandled version type
I1224 00:20:18.640164  4917 LogQuicStats.h:76] server onClientInitialReceived, version: UNKNOWN
I1224 00:20:18.640187  4917 QuicServerWorker.cpp:208] Version negotiation sent to client=127.0.0.1:4987
I1224 00:20:18.640197  4917 LogQuicStats.h:144] server onWrite size=43
I1224 00:20:18.640204  4917 LogQuicStats.h:36] server onPacketProcessed
I1224 00:20:18.640210  4917 LogQuicStats.h:40] server onPacketSent
I1224 00:20:18.813319  4917 QuicServerWorker.cpp:227] Worker=0x55d084113e20, Received data on thread=139740628719360, processId=0
I1224 00:20:18.813349  4917 LogQuicStats.h:24] server onPacketReceived
I1224 00:20:18.813356  4917 LogQuicStats.h:140] server onRead size=1232
I1224 00:20:18.813364  4917 LogQuicStats.h:76] server onClientInitialReceived, version: QUIC_DRAFT
I1224 00:20:18.813374  4917 QuicServerWorker.cpp:545] Creating new connection for client=127.0.0.1:4987, routingInfo=CID=0000000000000000, cidVersion=1, workerId=3, processId=0, hostId=0, threadId=139740628719360, 
I1224 00:20:18.813486  4917 LogQuicStats.h:118] server onStatelessReset
I1224 00:20:18.813514  4917 StateMachine-inl.h:41] Transition from Uninitialized to ExpectingClientHello
I1224 00:20:18.813580  4917 LogQuicStats.h:32] server onOutOfOrderPacketReceived
I1224 00:20:18.813589  4917 ServerStateMachine.cpp:952] Server received crypto data offset=0 len=389 currentReadOffset=0 client CID=0000000000000003 server CID=400000c97769ca16 peer address=127.0.0.1:4987
I1224 00:20:18.813612  4917 RecordLayer.cpp:82] Received handshake message ClientHello
I1224 00:20:18.813707  4917 ServerHandshake.cpp:167] ServerHandshake error fizz::FizzException: no psk modes
I1224 00:20:18.813755  4917 QuicTransportBase.cpp:1870] onNetworkData fizz::FizzException: no psk modes client CID=0000000000000003 server CID=400000c97769ca16 peer address=127.0.0.1:4987
I1224 00:20:18.813768  4917 QuicTransportBase.cpp:400] Stopping read looper due to immediate close client CID=0000000000000003 server CID=400000c97769ca16 peer address=127.0.0.1:4987
I1224 00:20:18.813776  4917 FunctionLooper.cpp:88] stop: ReadLooper
I1224 00:20:18.813782  4917 FunctionLooper.cpp:88] stop: PeekLooper
I1224 00:20:18.813788  4917 FunctionLooper.cpp:88] stop: WriteLooper
I1224 00:20:18.813800  4917 QuicTransportBase.cpp:2651] Clearing 0 peek callbacks
I1224 00:20:18.813807  4917 QuicTransportBase.cpp:852] Stopping read looper client CID=0000000000000003 server CID=400000c97769ca16 peer address=127.0.0.1:4987
I1224 00:20:18.813814  4917 FunctionLooper.cpp:88] stop: ReadLooper
I1224 00:20:18.813820  4917 QuicTransportBase.cpp:1196] Stopping peek looper client CID=0000000000000003 server CID=400000c97769ca16 peer address=127.0.0.1:4987
I1224 00:20:18.813827  4917 FunctionLooper.cpp:88] stop: PeekLooper
I1224 00:20:18.813833  4917 QuicTransportBase.cpp:1233] Server stopping write looper because conn closed client CID=0000000000000003 server CID=400000c97769ca16 peer address=127.0.0.1:4987
I1224 00:20:18.813840  4917 FunctionLooper.cpp:88] stop: WriteLooper
E1224 00:20:18.813848  4917 EchoHandler.h:53] Socket error=Crypto error: missing_extension
I1224 00:20:18.813867  4917 QuicTransportFunctions.cpp:1063] Server sent close packetNum=8098451 in space=InitialSpace client CID=0000000000000003 server CID=400000c97769ca16 peer address=127.0.0.1:4987
I1224 00:20:18.813899  4917 LogQuicStats.h:144] server onWrite size=82
I1224 00:20:18.813910  4917 QuicTransportBase.cpp:852] Stopping read looper client CID=0000000000000003 server CID=400000c97769ca16 peer address=127.0.0.1:4987
I1224 00:20:18.813918  4917 FunctionLooper.cpp:88] stop: ReadLooper
I1224 00:20:18.813925  4917 QuicTransportBase.cpp:1196] Stopping peek looper client CID=0000000000000003 server CID=400000c97769ca16 peer address=127.0.0.1:4987
I1224 00:20:18.813931  4917 FunctionLooper.cpp:88] stop: PeekLooper
I1224 00:20:18.813937  4917 QuicTransportBase.cpp:1233] Server stopping write looper because conn closed client CID=0000000000000003 server CID=400000c97769ca16 peer address=127.0.0.1:4987
I1224 00:20:18.813943  4917 FunctionLooper.cpp:88] stop: WriteLooper
*** Aborted at 1640305218 (Unix time, try 'date -d @1640305218') ***
*** Signal 15 (SIGTERM) (0x132c) received by PID 4911 (pthread TID 0x7f17eb542ec0) (linux TID 4911) (maybe from PID 4908, UID 0) (code: 0), stack trace: ***
(error retrieving stack trace)
