I1224 00:16:37.682848  3508 EventBase.cpp:308] EventBase(): Starting loop.
I1224 00:16:37.683125  3509 EventBase.cpp:308] EventBase(): Starting loop.
I1224 00:16:37.683271  3510 EventBase.cpp:308] EventBase(): Starting loop.
I1224 00:16:37.686421  3511 EventBase.cpp:308] EventBase(): Starting loop.
I1224 00:16:37.686571  3512 EventBase.cpp:308] EventBase(): Starting loop.
I1224 00:16:37.691236  3513 EventBase.cpp:308] EventBase(): Starting loop.
I1224 00:16:37.691367  3508 QuicServer.cpp:268] No valid takenover fd found for address=127.0.0.1:4443. binding on worker=0x56446dfe4ec0 workerId=0 processId=0
I1224 00:16:37.691453  3509 QuicServer.cpp:268] No valid takenover fd found for address=127.0.0.1:4443. binding on worker=0x56446dfe5500 workerId=1 processId=0
I1224 00:16:37.691638  3510 QuicServer.cpp:268] No valid takenover fd found for address=127.0.0.1:4443. binding on worker=0x56446dfe5940 workerId=2 processId=0
I1224 00:16:37.691865  3511 QuicServer.cpp:268] No valid takenover fd found for address=127.0.0.1:4443. binding on worker=0x56446dfe5e20 workerId=3 processId=0
I1224 00:16:37.692027  3512 QuicServer.cpp:268] No valid takenover fd found for address=127.0.0.1:4443. binding on worker=0x56446dfe6300 workerId=4 processId=0
I1224 00:16:37.692189  3513 QuicServer.cpp:268] No valid takenover fd found for address=127.0.0.1:4443. binding on worker=0x56446dfe6800 workerId=5 processId=0
I1224 00:16:37.692217  3513 QuicServer.cpp:295] Initialized all workers in the eventbase
I1224 00:16:37.692378  3508 QuicServerWorker.cpp:134] Registered read on worker=0x56446dfe4ec0, thread=140285807994624, processId=0
I1224 00:16:37.692426  3505 EchoServer.h:90] Echo server started at: 127.0.0.1:4443
I1224 00:16:37.692449  3512 QuicServerWorker.cpp:134] Registered read on worker=0x56446dfe6300, thread=140285568870144, processId=0
I1224 00:16:37.692461  3511 QuicServerWorker.cpp:134] Registered read on worker=0x56446dfe5e20, thread=140285577262848, processId=0
I1224 00:16:37.692449  3505 EventBase.cpp:308] EventBase(): Starting loop.
I1224 00:16:37.692494  3509 QuicServerWorker.cpp:134] Registered read on worker=0x56446dfe5500, thread=140285799601920, processId=0
I1224 00:16:37.692448  3510 QuicServerWorker.cpp:134] Registered read on worker=0x56446dfe5940, thread=140285791209216, processId=0
I1224 00:16:37.692543  3513 QuicServerWorker.cpp:134] Registered read on worker=0x56446dfe6800, thread=140285560477440, processId=0
I1224 00:16:43.083959  3511 QuicServerWorker.cpp:227] Worker=0x56446dfe5e20, Received data on thread=140285577262848, processId=0
I1224 00:16:43.083986  3511 LogQuicStats.h:24] server onPacketReceived
I1224 00:16:43.083993  3511 LogQuicStats.h:140] server onRead size=1232
W1224 00:16:43.084013  3511 Types.cpp:447] toString has unhandled version type
I1224 00:16:43.084008  3511 LogQuicStats.h:76] server onClientInitialReceived, version: UNKNOWN
I1224 00:16:43.084029  3511 QuicServerWorker.cpp:208] Version negotiation sent to client=127.0.0.1:4987
I1224 00:16:43.084038  3511 LogQuicStats.h:144] server onWrite size=43
I1224 00:16:43.084044  3511 LogQuicStats.h:36] server onPacketProcessed
I1224 00:16:43.084050  3511 LogQuicStats.h:40] server onPacketSent
I1224 00:16:43.292021  3511 QuicServerWorker.cpp:227] Worker=0x56446dfe5e20, Received data on thread=140285577262848, processId=0
I1224 00:16:43.292048  3511 LogQuicStats.h:24] server onPacketReceived
I1224 00:16:43.292055  3511 LogQuicStats.h:140] server onRead size=1232
I1224 00:16:43.292062  3511 LogQuicStats.h:76] server onClientInitialReceived, version: QUIC_DRAFT
I1224 00:16:43.292073  3511 QuicServerWorker.cpp:545] Creating new connection for client=127.0.0.1:4987, routingInfo=CID=0000000000000000, cidVersion=1, workerId=3, processId=0, hostId=0, threadId=140285577262848, 
I1224 00:16:43.292174  3511 LogQuicStats.h:118] server onStatelessReset
I1224 00:16:43.292202  3511 StateMachine-inl.h:41] Transition from Uninitialized to ExpectingClientHello
I1224 00:16:43.292268  3511 LogQuicStats.h:32] server onOutOfOrderPacketReceived
I1224 00:16:43.292296  3511 ServerStateMachine.cpp:952] Server received crypto data offset=0 len=389 currentReadOffset=0 client CID=0000000000000003 server CID=400000dfcfa5bb4b peer address=127.0.0.1:4987
I1224 00:16:43.292328  3511 RecordLayer.cpp:82] Received handshake message ClientHello
I1224 00:16:43.292477  3511 ServerHandshake.cpp:167] ServerHandshake error fizz::FizzException: no psk modes
I1224 00:16:43.292573  3511 QuicTransportBase.cpp:1870] onNetworkData fizz::FizzException: no psk modes client CID=0000000000000003 server CID=400000dfcfa5bb4b peer address=127.0.0.1:4987
I1224 00:16:43.292589  3511 QuicTransportBase.cpp:400] Stopping read looper due to immediate close client CID=0000000000000003 server CID=400000dfcfa5bb4b peer address=127.0.0.1:4987
I1224 00:16:43.292613  3511 FunctionLooper.cpp:88] stop: ReadLooper
I1224 00:16:43.292634  3511 FunctionLooper.cpp:88] stop: PeekLooper
I1224 00:16:43.292640  3511 FunctionLooper.cpp:88] stop: WriteLooper
I1224 00:16:43.292671  3511 QuicTransportBase.cpp:2651] Clearing 0 peek callbacks
I1224 00:16:43.292695  3511 QuicTransportBase.cpp:852] Stopping read looper client CID=0000000000000003 server CID=400000dfcfa5bb4b peer address=127.0.0.1:4987
I1224 00:16:43.292701  3511 FunctionLooper.cpp:88] stop: ReadLooper
I1224 00:16:43.292727  3511 QuicTransportBase.cpp:1196] Stopping peek looper client CID=0000000000000003 server CID=400000dfcfa5bb4b peer address=127.0.0.1:4987
I1224 00:16:43.292750  3511 FunctionLooper.cpp:88] stop: PeekLooper
I1224 00:16:43.292757  3511 QuicTransportBase.cpp:1233] Server stopping write looper because conn closed client CID=0000000000000003 server CID=400000dfcfa5bb4b peer address=127.0.0.1:4987
I1224 00:16:43.292762  3511 FunctionLooper.cpp:88] stop: WriteLooper
E1224 00:16:43.292769  3511 EchoHandler.h:53] Socket error=Crypto error: missing_extension
I1224 00:16:43.292795  3511 QuicTransportFunctions.cpp:1063] Server sent close packetNum=384553 in space=InitialSpace client CID=0000000000000003 server CID=400000dfcfa5bb4b peer address=127.0.0.1:4987
I1224 00:16:43.292817  3511 LogQuicStats.h:144] server onWrite size=82
I1224 00:16:43.292829  3511 QuicTransportBase.cpp:852] Stopping read looper client CID=0000000000000003 server CID=400000dfcfa5bb4b peer address=127.0.0.1:4987
I1224 00:16:43.292835  3511 FunctionLooper.cpp:88] stop: ReadLooper
I1224 00:16:43.292841  3511 QuicTransportBase.cpp:1196] Stopping peek looper client CID=0000000000000003 server CID=400000dfcfa5bb4b peer address=127.0.0.1:4987
I1224 00:16:43.292848  3511 FunctionLooper.cpp:88] stop: PeekLooper
I1224 00:16:43.292853  3511 QuicTransportBase.cpp:1233] Server stopping write looper because conn closed client CID=0000000000000003 server CID=400000dfcfa5bb4b peer address=127.0.0.1:4987
I1224 00:16:43.292860  3511 FunctionLooper.cpp:88] stop: WriteLooper
*** Aborted at 1640305003 (Unix time, try 'date -d @1640305003') ***
*** Signal 15 (SIGTERM) (0xdae) received by PID 3505 (pthread TID 0x7f96d90b8ec0) (linux TID 3505) (maybe from PID 3502, UID 0) (code: 0), stack trace: ***
(error retrieving stack trace)
