I1224 00:24:11.053133  6468 EventBase.cpp:308] EventBase(): Starting loop.
I1224 00:24:11.053267  6469 EventBase.cpp:308] EventBase(): Starting loop.
I1224 00:24:11.055382  6470 EventBase.cpp:308] EventBase(): Starting loop.
I1224 00:24:11.059296  6471 EventBase.cpp:308] EventBase(): Starting loop.
I1224 00:24:11.059991  6472 EventBase.cpp:308] EventBase(): Starting loop.
I1224 00:24:11.067076  6473 EventBase.cpp:308] EventBase(): Starting loop.
I1224 00:24:11.067281  6468 QuicServer.cpp:268] No valid takenover fd found for address=127.0.0.1:4443. binding on worker=0x55def83efec0 workerId=0 processId=0
I1224 00:24:11.067414  6469 QuicServer.cpp:268] No valid takenover fd found for address=127.0.0.1:4443. binding on worker=0x55def83f0500 workerId=1 processId=0
I1224 00:24:11.067520  6470 QuicServer.cpp:268] No valid takenover fd found for address=127.0.0.1:4443. binding on worker=0x55def83f0940 workerId=2 processId=0
I1224 00:24:11.067624  6471 QuicServer.cpp:268] No valid takenover fd found for address=127.0.0.1:4443. binding on worker=0x55def83f0e20 workerId=3 processId=0
I1224 00:24:11.067725  6472 QuicServer.cpp:268] No valid takenover fd found for address=127.0.0.1:4443. binding on worker=0x55def83f1300 workerId=4 processId=0
I1224 00:24:11.067823  6473 QuicServer.cpp:268] No valid takenover fd found for address=127.0.0.1:4443. binding on worker=0x55def83f1800 workerId=5 processId=0
I1224 00:24:11.067852  6473 QuicServer.cpp:295] Initialized all workers in the eventbase
I1224 00:24:11.068039  6468 QuicServerWorker.cpp:134] Registered read on worker=0x55def83efec0, thread=140453229115136, processId=0
I1224 00:24:11.068135  6470 QuicServerWorker.cpp:134] Registered read on worker=0x55def83f0940, thread=140453139703552, processId=0
I1224 00:24:11.068192  6472 QuicServerWorker.cpp:134] Registered read on worker=0x55def83f1300, thread=140453122918144, processId=0
I1224 00:24:11.068194  6469 QuicServerWorker.cpp:134] Registered read on worker=0x55def83f0500, thread=140453148096256, processId=0
I1224 00:24:11.068238  6471 QuicServerWorker.cpp:134] Registered read on worker=0x55def83f0e20, thread=140453131310848, processId=0
I1224 00:24:11.068215  6465 EchoServer.h:90] Echo server started at: 127.0.0.1:4443
I1224 00:24:11.068286  6465 EventBase.cpp:308] EventBase(): Starting loop.
I1224 00:24:11.068266  6473 QuicServerWorker.cpp:134] Registered read on worker=0x55def83f1800, thread=140453114525440, processId=0
I1224 00:24:16.381175  6471 QuicServerWorker.cpp:227] Worker=0x55def83f0e20, Received data on thread=140453131310848, processId=0
I1224 00:24:16.381203  6471 LogQuicStats.h:24] server onPacketReceived
I1224 00:24:16.381211  6471 LogQuicStats.h:140] server onRead size=1232
W1224 00:24:16.381230  6471 Types.cpp:447] toString has unhandled version type
I1224 00:24:16.381225  6471 LogQuicStats.h:76] server onClientInitialReceived, version: UNKNOWN
I1224 00:24:16.381247  6471 QuicServerWorker.cpp:208] Version negotiation sent to client=127.0.0.1:4987
I1224 00:24:16.381256  6471 LogQuicStats.h:144] server onWrite size=43
I1224 00:24:16.381263  6471 LogQuicStats.h:36] server onPacketProcessed
I1224 00:24:16.381268  6471 LogQuicStats.h:40] server onPacketSent
I1224 00:24:16.580262  6471 QuicServerWorker.cpp:227] Worker=0x55def83f0e20, Received data on thread=140453131310848, processId=0
I1224 00:24:16.580291  6471 LogQuicStats.h:24] server onPacketReceived
I1224 00:24:16.580298  6471 LogQuicStats.h:140] server onRead size=1232
I1224 00:24:16.580307  6471 LogQuicStats.h:76] server onClientInitialReceived, version: QUIC_DRAFT
I1224 00:24:16.580317  6471 QuicServerWorker.cpp:545] Creating new connection for client=127.0.0.1:4987, routingInfo=CID=0000000000000000, cidVersion=1, workerId=3, processId=0, hostId=0, threadId=140453131310848, 
I1224 00:24:16.580433  6471 LogQuicStats.h:118] server onStatelessReset
I1224 00:24:16.580461  6471 StateMachine-inl.h:41] Transition from Uninitialized to ExpectingClientHello
I1224 00:24:16.580528  6471 LogQuicStats.h:32] server onOutOfOrderPacketReceived
I1224 00:24:16.580554  6471 ServerStateMachine.cpp:952] Server received crypto data offset=0 len=391 currentReadOffset=0 client CID=0000000000000003 server CID=400000d7736ae9be peer address=127.0.0.1:4987
I1224 00:24:16.580579  6471 RecordLayer.cpp:82] Received handshake message ClientHello
I1224 00:24:16.580682  6471 ServerHandshake.cpp:167] ServerHandshake error fizz::FizzException: no psk modes
I1224 00:24:16.580729  6471 QuicTransportBase.cpp:1870] onNetworkData fizz::FizzException: no psk modes client CID=0000000000000003 server CID=400000d7736ae9be peer address=127.0.0.1:4987
I1224 00:24:16.580744  6471 QuicTransportBase.cpp:400] Stopping read looper due to immediate close client CID=0000000000000003 server CID=400000d7736ae9be peer address=127.0.0.1:4987
I1224 00:24:16.580751  6471 FunctionLooper.cpp:88] stop: ReadLooper
I1224 00:24:16.580757  6471 FunctionLooper.cpp:88] stop: PeekLooper
I1224 00:24:16.580762  6471 FunctionLooper.cpp:88] stop: WriteLooper
I1224 00:24:16.580770  6471 QuicTransportBase.cpp:2651] Clearing 0 peek callbacks
I1224 00:24:16.580776  6471 QuicTransportBase.cpp:852] Stopping read looper client CID=0000000000000003 server CID=400000d7736ae9be peer address=127.0.0.1:4987
I1224 00:24:16.580783  6471 FunctionLooper.cpp:88] stop: ReadLooper
I1224 00:24:16.580790  6471 QuicTransportBase.cpp:1196] Stopping peek looper client CID=0000000000000003 server CID=400000d7736ae9be peer address=127.0.0.1:4987
I1224 00:24:16.580796  6471 FunctionLooper.cpp:88] stop: PeekLooper
I1224 00:24:16.580802  6471 QuicTransportBase.cpp:1233] Server stopping write looper because conn closed client CID=0000000000000003 server CID=400000d7736ae9be peer address=127.0.0.1:4987
I1224 00:24:16.580809  6471 FunctionLooper.cpp:88] stop: WriteLooper
E1224 00:24:16.580816  6471 EchoHandler.h:53] Socket error=Crypto error: missing_extension
I1224 00:24:16.580837  6471 QuicTransportFunctions.cpp:1063] Server sent close packetNum=9436402 in space=InitialSpace client CID=0000000000000003 server CID=400000d7736ae9be peer address=127.0.0.1:4987
I1224 00:24:16.580860  6471 LogQuicStats.h:144] server onWrite size=83
I1224 00:24:16.580870  6471 QuicTransportBase.cpp:852] Stopping read looper client CID=0000000000000003 server CID=400000d7736ae9be peer address=127.0.0.1:4987
I1224 00:24:16.580878  6471 FunctionLooper.cpp:88] stop: ReadLooper
I1224 00:24:16.580883  6471 QuicTransportBase.cpp:1196] Stopping peek looper client CID=0000000000000003 server CID=400000d7736ae9be peer address=127.0.0.1:4987
I1224 00:24:16.580890  6471 FunctionLooper.cpp:88] stop: PeekLooper
I1224 00:24:16.580896  6471 QuicTransportBase.cpp:1233] Server stopping write looper because conn closed client CID=0000000000000003 server CID=400000d7736ae9be peer address=127.0.0.1:4987
I1224 00:24:16.580904  6471 FunctionLooper.cpp:88] stop: WriteLooper
*** Aborted at 1640305456 (Unix time, try 'date -d @1640305456') ***
*** Signal 15 (SIGTERM) (0x193e) received by PID 6465 (pthread TID 0x7fbdd41f1ec0) (linux TID 6465) (maybe from PID 6462, UID 0) (code: 0), stack trace: ***
(error retrieving stack trace)
