I1223 18:28:16.623865  9564 EventBase.cpp:308] EventBase(): Starting loop.
I1223 18:28:16.627566  9565 EventBase.cpp:308] EventBase(): Starting loop.
I1223 18:28:16.627728  9566 EventBase.cpp:308] EventBase(): Starting loop.
I1223 18:28:16.630944  9567 EventBase.cpp:308] EventBase(): Starting loop.
I1223 18:28:16.635027  9568 EventBase.cpp:308] EventBase(): Starting loop.
I1223 18:28:16.639223  9569 EventBase.cpp:308] EventBase(): Starting loop.
I1223 18:28:16.639693  9564 QuicServer.cpp:268] No valid takenover fd found for address=127.0.0.1:4443. binding on worker=0x563bcdaf2040 workerId=0 processId=0
I1223 18:28:16.639889  9565 QuicServer.cpp:268] No valid takenover fd found for address=127.0.0.1:4443. binding on worker=0x563bcdaf2680 workerId=1 processId=0
I1223 18:28:16.640077  9566 QuicServer.cpp:268] No valid takenover fd found for address=127.0.0.1:4443. binding on worker=0x563bcdaf2b30 workerId=2 processId=0
I1223 18:28:16.640249  9567 QuicServer.cpp:268] No valid takenover fd found for address=127.0.0.1:4443. binding on worker=0x563bcdaf3010 workerId=3 processId=0
I1223 18:28:16.640419  9568 QuicServer.cpp:268] No valid takenover fd found for address=127.0.0.1:4443. binding on worker=0x563bcdaf34f0 workerId=4 processId=0
I1223 18:28:16.640587  9569 QuicServer.cpp:268] No valid takenover fd found for address=127.0.0.1:4443. binding on worker=0x563bcdaf39f0 workerId=5 processId=0
I1223 18:28:16.640619  9569 QuicServer.cpp:295] Initialized all workers in the eventbase
I1223 18:28:16.640733  9561 EchoServer.h:90] Echo server started at: 127.0.0.1:4443
I1223 18:28:16.640753  9561 EventBase.cpp:308] EventBase(): Starting loop.
I1223 18:28:16.640805  9564 QuicServerWorker.cpp:134] Registered read on worker=0x563bcdaf2040, thread=140329942128384, processId=0
I1223 18:28:16.640818  9566 QuicServerWorker.cpp:134] Registered read on worker=0x563bcdaf2b30, thread=140329925342976, processId=0
I1223 18:28:16.640858  9567 QuicServerWorker.cpp:134] Registered read on worker=0x563bcdaf3010, thread=140329916950272, processId=0
I1223 18:28:16.640866  9568 QuicServerWorker.cpp:134] Registered read on worker=0x563bcdaf34f0, thread=140329908557568, processId=0
I1223 18:28:16.640825  9565 QuicServerWorker.cpp:134] Registered read on worker=0x563bcdaf2680, thread=140329933735680, processId=0
I1223 18:28:16.640918  9569 QuicServerWorker.cpp:134] Registered read on worker=0x563bcdaf39f0, thread=140329900164864, processId=0
I1223 18:28:22.221941  9567 QuicServerWorker.cpp:227] Worker=0x563bcdaf3010, Received data on thread=140329916950272, processId=0
I1223 18:28:22.221971  9567 LogQuicStats.h:24] server onPacketReceived
I1223 18:28:22.221979  9567 LogQuicStats.h:140] server onRead size=1232
I1223 18:28:22.221994  9567 LogQuicStats.h:76] server onClientInitialReceived, version: QUIC_DRAFT
I1223 18:28:22.222005  9567 QuicServerWorker.cpp:545] Creating new connection for client=127.0.0.1:4987, routingInfo=CID=0000000000000002, cidVersion=1, workerId=3, processId=0, hostId=0, threadId=140329916950272, 
I1223 18:28:22.222116  9567 LogQuicStats.h:118] server onStatelessReset
I1223 18:28:22.222146  9567 StateMachine-inl.h:41] Transition from Uninitialized to ExpectingClientHello
I1223 18:28:22.222213  9567 LogQuicStats.h:32] server onOutOfOrderPacketReceived
I1223 18:28:22.222223  9567 ServerStateMachine.cpp:952] Server received crypto data offset=0 len=391 currentReadOffset=0 client CID=0000000000000001 server CID=400000d54cacde8f peer address=127.0.0.1:4987
I1223 18:28:22.222239  9567 RecordLayer.cpp:82] Received handshake message ClientHello
I1223 18:28:22.222339  9567 ServerHandshake.cpp:167] ServerHandshake error fizz::FizzException: no psk modes
I1223 18:28:22.222388  9567 QuicTransportBase.cpp:1870] onNetworkData fizz::FizzException: no psk modes client CID=0000000000000001 server CID=400000d54cacde8f peer address=127.0.0.1:4987
I1223 18:28:22.222402  9567 QuicTransportBase.cpp:400] Stopping read looper due to immediate close client CID=0000000000000001 server CID=400000d54cacde8f peer address=127.0.0.1:4987
I1223 18:28:22.222432  9567 FunctionLooper.cpp:88] stop: ReadLooper
I1223 18:28:22.222455  9567 FunctionLooper.cpp:88] stop: PeekLooper
I1223 18:28:22.222462  9567 FunctionLooper.cpp:88] stop: WriteLooper
I1223 18:28:22.222469  9567 QuicTransportBase.cpp:2651] Clearing 0 peek callbacks
I1223 18:28:22.222476  9567 QuicTransportBase.cpp:852] Stopping read looper client CID=0000000000000001 server CID=400000d54cacde8f peer address=127.0.0.1:4987
I1223 18:28:22.222486  9567 FunctionLooper.cpp:88] stop: ReadLooper
I1223 18:28:22.222491  9567 QuicTransportBase.cpp:1196] Stopping peek looper client CID=0000000000000001 server CID=400000d54cacde8f peer address=127.0.0.1:4987
I1223 18:28:22.222498  9567 FunctionLooper.cpp:88] stop: PeekLooper
I1223 18:28:22.222504  9567 QuicTransportBase.cpp:1233] Server stopping write looper because conn closed client CID=0000000000000001 server CID=400000d54cacde8f peer address=127.0.0.1:4987
I1223 18:28:22.222512  9567 FunctionLooper.cpp:88] stop: WriteLooper
E1223 18:28:22.222519  9567 EchoHandler.h:53] Socket error=Crypto error: missing_extension
I1223 18:28:22.222543  9567 QuicTransportFunctions.cpp:1063] Server sent close packetNum=10939953 in space=InitialSpace client CID=0000000000000001 server CID=400000d54cacde8f peer address=127.0.0.1:4987
I1223 18:28:22.222568  9567 LogQuicStats.h:144] server onWrite size=83
I1223 18:28:22.222579  9567 QuicTransportBase.cpp:852] Stopping read looper client CID=0000000000000001 server CID=400000d54cacde8f peer address=127.0.0.1:4987
I1223 18:28:22.222587  9567 FunctionLooper.cpp:88] stop: ReadLooper
I1223 18:28:22.222594  9567 QuicTransportBase.cpp:1196] Stopping peek looper client CID=0000000000000001 server CID=400000d54cacde8f peer address=127.0.0.1:4987
I1223 18:28:22.222600  9567 FunctionLooper.cpp:88] stop: PeekLooper
I1223 18:28:22.222606  9567 QuicTransportBase.cpp:1233] Server stopping write looper because conn closed client CID=0000000000000001 server CID=400000d54cacde8f peer address=127.0.0.1:4987
I1223 18:28:22.222613  9567 FunctionLooper.cpp:88] stop: WriteLooper
*** Aborted at 1640284102 (Unix time, try 'date -d @1640284102') ***
*** Signal 15 (SIGTERM) (0x2556) received by PID 9561 (pthread TID 0x7fa11fa4fec0) (linux TID 9561) (maybe from PID 9558, UID 0) (code: 0), stack trace: ***
(error retrieving stack trace)
