I1224 00:16:03.572073  3286 EventBase.cpp:308] EventBase(): Starting loop.
I1224 00:16:03.572259  3287 EventBase.cpp:308] EventBase(): Starting loop.
I1224 00:16:03.576742  3288 EventBase.cpp:308] EventBase(): Starting loop.
I1224 00:16:03.579442  3289 EventBase.cpp:308] EventBase(): Starting loop.
I1224 00:16:03.582968  3290 EventBase.cpp:308] EventBase(): Starting loop.
I1224 00:16:03.583629  3291 EventBase.cpp:308] EventBase(): Starting loop.
I1224 00:16:03.583770  3286 QuicServer.cpp:268] No valid takenover fd found for address=127.0.0.1:4443. binding on worker=0x55f8db5ceec0 workerId=0 processId=0
I1224 00:16:03.583956  3287 QuicServer.cpp:268] No valid takenover fd found for address=127.0.0.1:4443. binding on worker=0x55f8db5cf500 workerId=1 processId=0
I1224 00:16:03.584117  3288 QuicServer.cpp:268] No valid takenover fd found for address=127.0.0.1:4443. binding on worker=0x55f8db5cf940 workerId=2 processId=0
I1224 00:16:03.584322  3289 QuicServer.cpp:268] No valid takenover fd found for address=127.0.0.1:4443. binding on worker=0x55f8db5cfe20 workerId=3 processId=0
I1224 00:16:03.584486  3290 QuicServer.cpp:268] No valid takenover fd found for address=127.0.0.1:4443. binding on worker=0x55f8db5d0300 workerId=4 processId=0
I1224 00:16:03.584648  3291 QuicServer.cpp:268] No valid takenover fd found for address=127.0.0.1:4443. binding on worker=0x55f8db5d0800 workerId=5 processId=0
I1224 00:16:03.584677  3291 QuicServer.cpp:295] Initialized all workers in the eventbase
I1224 00:16:03.584784  3283 EchoServer.h:90] Echo server started at: 127.0.0.1:4443
I1224 00:16:03.584829  3283 EventBase.cpp:308] EventBase(): Starting loop.
I1224 00:16:03.584872  3286 QuicServerWorker.cpp:134] Registered read on worker=0x55f8db5ceec0, thread=139706972288768, processId=0
I1224 00:16:03.584883  3290 QuicServerWorker.cpp:134] Registered read on worker=0x55f8db5d0300, thread=139706938717952, processId=0
I1224 00:16:03.584877  3287 QuicServerWorker.cpp:134] Registered read on worker=0x55f8db5cf500, thread=139706963896064, processId=0
I1224 00:16:03.584955  3288 QuicServerWorker.cpp:134] Registered read on worker=0x55f8db5cf940, thread=139706955503360, processId=0
I1224 00:16:03.584884  3289 QuicServerWorker.cpp:134] Registered read on worker=0x55f8db5cfe20, thread=139706947110656, processId=0
I1224 00:16:03.584977  3291 QuicServerWorker.cpp:134] Registered read on worker=0x55f8db5d0800, thread=139706930325248, processId=0
I1224 00:16:08.979218  3289 QuicServerWorker.cpp:227] Worker=0x55f8db5cfe20, Received data on thread=139706947110656, processId=0
I1224 00:16:08.979247  3289 LogQuicStats.h:24] server onPacketReceived
I1224 00:16:08.979254  3289 LogQuicStats.h:140] server onRead size=1232
W1224 00:16:08.979274  3289 Types.cpp:447] toString has unhandled version type
I1224 00:16:08.979269  3289 LogQuicStats.h:76] server onClientInitialReceived, version: UNKNOWN
I1224 00:16:08.979287  3289 QuicServerWorker.cpp:208] Version negotiation sent to client=127.0.0.1:4987
I1224 00:16:08.979296  3289 LogQuicStats.h:144] server onWrite size=43
I1224 00:16:08.979302  3289 LogQuicStats.h:36] server onPacketProcessed
I1224 00:16:08.979310  3289 LogQuicStats.h:40] server onPacketSent
I1224 00:16:09.201907  3289 QuicServerWorker.cpp:227] Worker=0x55f8db5cfe20, Received data on thread=139706947110656, processId=0
I1224 00:16:09.201954  3289 LogQuicStats.h:24] server onPacketReceived
I1224 00:16:09.201987  3289 LogQuicStats.h:140] server onRead size=1232
I1224 00:16:09.201994  3289 LogQuicStats.h:76] server onClientInitialReceived, version: QUIC_DRAFT
I1224 00:16:09.202006  3289 QuicServerWorker.cpp:545] Creating new connection for client=127.0.0.1:4987, routingInfo=CID=0000000000000000, cidVersion=1, workerId=3, processId=0, hostId=0, threadId=139706947110656, 
I1224 00:16:09.202302  3289 LogQuicStats.h:118] server onStatelessReset
I1224 00:16:09.202370  3289 StateMachine-inl.h:41] Transition from Uninitialized to ExpectingClientHello
I1224 00:16:09.202442  3289 LogQuicStats.h:32] server onOutOfOrderPacketReceived
I1224 00:16:09.202450  3289 ServerStateMachine.cpp:952] Server received crypto data offset=0 len=389 currentReadOffset=0 client CID=0000000000000003 server CID=400000db0d11ddcd peer address=127.0.0.1:4987
I1224 00:16:09.202479  3289 RecordLayer.cpp:82] Received handshake message ClientHello
I1224 00:16:09.202656  3289 ServerHandshake.cpp:167] ServerHandshake error fizz::FizzException: no psk modes
I1224 00:16:09.202767  3289 QuicTransportBase.cpp:1870] onNetworkData fizz::FizzException: no psk modes client CID=0000000000000003 server CID=400000db0d11ddcd peer address=127.0.0.1:4987
I1224 00:16:09.202800  3289 QuicTransportBase.cpp:400] Stopping read looper due to immediate close client CID=0000000000000003 server CID=400000db0d11ddcd peer address=127.0.0.1:4987
I1224 00:16:09.202807  3289 FunctionLooper.cpp:88] stop: ReadLooper
I1224 00:16:09.202813  3289 FunctionLooper.cpp:88] stop: PeekLooper
I1224 00:16:09.202819  3289 FunctionLooper.cpp:88] stop: WriteLooper
I1224 00:16:09.202831  3289 QuicTransportBase.cpp:2651] Clearing 0 peek callbacks
I1224 00:16:09.202837  3289 QuicTransportBase.cpp:852] Stopping read looper client CID=0000000000000003 server CID=400000db0d11ddcd peer address=127.0.0.1:4987
I1224 00:16:09.202844  3289 FunctionLooper.cpp:88] stop: ReadLooper
I1224 00:16:09.202850  3289 QuicTransportBase.cpp:1196] Stopping peek looper client CID=0000000000000003 server CID=400000db0d11ddcd peer address=127.0.0.1:4987
I1224 00:16:09.202857  3289 FunctionLooper.cpp:88] stop: PeekLooper
I1224 00:16:09.202863  3289 QuicTransportBase.cpp:1233] Server stopping write looper because conn closed client CID=0000000000000003 server CID=400000db0d11ddcd peer address=127.0.0.1:4987
I1224 00:16:09.202870  3289 FunctionLooper.cpp:88] stop: WriteLooper
E1224 00:16:09.202877  3289 EchoHandler.h:53] Socket error=Crypto error: missing_extension
I1224 00:16:09.202898  3289 QuicTransportFunctions.cpp:1063] Server sent close packetNum=4455275 in space=InitialSpace client CID=0000000000000003 server CID=400000db0d11ddcd peer address=127.0.0.1:4987
I1224 00:16:09.202924  3289 LogQuicStats.h:144] server onWrite size=82
I1224 00:16:09.202934  3289 QuicTransportBase.cpp:852] Stopping read looper client CID=0000000000000003 server CID=400000db0d11ddcd peer address=127.0.0.1:4987
I1224 00:16:09.202942  3289 FunctionLooper.cpp:88] stop: ReadLooper
I1224 00:16:09.202970  3289 QuicTransportBase.cpp:1196] Stopping peek looper client CID=0000000000000003 server CID=400000db0d11ddcd peer address=127.0.0.1:4987
I1224 00:16:09.202980  3289 FunctionLooper.cpp:88] stop: PeekLooper
I1224 00:16:09.203020  3289 QuicTransportBase.cpp:1233] Server stopping write looper because conn closed client CID=0000000000000003 server CID=400000db0d11ddcd peer address=127.0.0.1:4987
I1224 00:16:09.203030  3289 FunctionLooper.cpp:88] stop: WriteLooper
*** Aborted at 1640304969 (Unix time, try 'date -d @1640304969') ***
*** Signal 15 (SIGTERM) (0xcd0) received by PID 3283 (pthread TID 0x7f1013bf9ec0) (linux TID 3283) (maybe from PID 3280, UID 0) (code: 0), stack trace: ***
(error retrieving stack trace)
