I1224 00:15:06.781924  2915 EventBase.cpp:308] EventBase(): Starting loop.
I1224 00:15:06.782114  2916 EventBase.cpp:308] EventBase(): Starting loop.
I1224 00:15:06.783212  2917 EventBase.cpp:308] EventBase(): Starting loop.
I1224 00:15:06.793210  2919 EventBase.cpp:308] EventBase(): Starting loop.
I1224 00:15:06.795087  2920 EventBase.cpp:308] EventBase(): Starting loop.
I1224 00:15:06.795490  2921 EventBase.cpp:308] EventBase(): Starting loop.
I1224 00:15:06.795639  2915 QuicServer.cpp:268] No valid takenover fd found for address=127.0.0.1:4443. binding on worker=0x55b5c9526ec0 workerId=0 processId=0
I1224 00:15:06.795801  2916 QuicServer.cpp:268] No valid takenover fd found for address=127.0.0.1:4443. binding on worker=0x55b5c9527500 workerId=1 processId=0
I1224 00:15:06.795985  2917 QuicServer.cpp:268] No valid takenover fd found for address=127.0.0.1:4443. binding on worker=0x55b5c9527940 workerId=2 processId=0
I1224 00:15:06.796159  2919 QuicServer.cpp:268] No valid takenover fd found for address=127.0.0.1:4443. binding on worker=0x55b5c9527e20 workerId=3 processId=0
I1224 00:15:06.796309  2920 QuicServer.cpp:268] No valid takenover fd found for address=127.0.0.1:4443. binding on worker=0x55b5c9528300 workerId=4 processId=0
I1224 00:15:06.796469  2921 QuicServer.cpp:268] No valid takenover fd found for address=127.0.0.1:4443. binding on worker=0x55b5c9528800 workerId=5 processId=0
I1224 00:15:06.796499  2921 QuicServer.cpp:295] Initialized all workers in the eventbase
I1224 00:15:06.796672  2915 QuicServerWorker.cpp:134] Registered read on worker=0x55b5c9526ec0, thread=140177467770624, processId=0
I1224 00:15:06.796717  2913 EchoServer.h:90] Echo server started at: 127.0.0.1:4443
I1224 00:15:06.796732  2913 EventBase.cpp:308] EventBase(): Starting loop.
I1224 00:15:06.796737  2916 QuicServerWorker.cpp:134] Registered read on worker=0x55b5c9527500, thread=140177459377920, processId=0
I1224 00:15:06.796756  2921 QuicServerWorker.cpp:134] Registered read on worker=0x55b5c9528800, thread=140177425807104, processId=0
I1224 00:15:06.796743  2917 QuicServerWorker.cpp:134] Registered read on worker=0x55b5c9527940, thread=140177450985216, processId=0
I1224 00:15:06.796744  2919 QuicServerWorker.cpp:134] Registered read on worker=0x55b5c9527e20, thread=140177442592512, processId=0
I1224 00:15:06.796772  2920 QuicServerWorker.cpp:134] Registered read on worker=0x55b5c9528300, thread=140177434199808, processId=0
I1224 00:15:12.090072  2919 QuicServerWorker.cpp:227] Worker=0x55b5c9527e20, Received data on thread=140177442592512, processId=0
I1224 00:15:12.090103  2919 LogQuicStats.h:24] server onPacketReceived
I1224 00:15:12.090111  2919 LogQuicStats.h:140] server onRead size=1232
W1224 00:15:12.090131  2919 Types.cpp:447] toString has unhandled version type
I1224 00:15:12.090126  2919 LogQuicStats.h:76] server onClientInitialReceived, version: UNKNOWN
I1224 00:15:12.090144  2919 QuicServerWorker.cpp:208] Version negotiation sent to client=127.0.0.1:4987
I1224 00:15:12.090153  2919 LogQuicStats.h:144] server onWrite size=43
I1224 00:15:12.090160  2919 LogQuicStats.h:36] server onPacketProcessed
I1224 00:15:12.090166  2919 LogQuicStats.h:40] server onPacketSent
I1224 00:15:12.308274  2919 QuicServerWorker.cpp:227] Worker=0x55b5c9527e20, Received data on thread=140177442592512, processId=0
I1224 00:15:12.308303  2919 LogQuicStats.h:24] server onPacketReceived
I1224 00:15:12.308311  2919 LogQuicStats.h:140] server onRead size=1232
I1224 00:15:12.308319  2919 LogQuicStats.h:76] server onClientInitialReceived, version: QUIC_DRAFT
I1224 00:15:12.308331  2919 QuicServerWorker.cpp:545] Creating new connection for client=127.0.0.1:4987, routingInfo=CID=0000000000000000, cidVersion=1, workerId=3, processId=0, hostId=0, threadId=140177442592512, 
I1224 00:15:12.308446  2919 LogQuicStats.h:118] server onStatelessReset
I1224 00:15:12.308475  2919 StateMachine-inl.h:41] Transition from Uninitialized to ExpectingClientHello
I1224 00:15:12.308542  2919 LogQuicStats.h:32] server onOutOfOrderPacketReceived
I1224 00:15:12.308552  2919 ServerStateMachine.cpp:952] Server received crypto data offset=0 len=389 currentReadOffset=0 client CID=0000000000000003 server CID=400000dce5e0583b peer address=127.0.0.1:4987
I1224 00:15:12.308574  2919 RecordLayer.cpp:82] Received handshake message ClientHello
I1224 00:15:12.308682  2919 ServerHandshake.cpp:167] ServerHandshake error fizz::FizzException: no psk modes
I1224 00:15:12.308729  2919 QuicTransportBase.cpp:1870] onNetworkData fizz::FizzException: no psk modes client CID=0000000000000003 server CID=400000dce5e0583b peer address=127.0.0.1:4987
I1224 00:15:12.308743  2919 QuicTransportBase.cpp:400] Stopping read looper due to immediate close client CID=0000000000000003 server CID=400000dce5e0583b peer address=127.0.0.1:4987
I1224 00:15:12.308750  2919 FunctionLooper.cpp:88] stop: ReadLooper
I1224 00:15:12.308756  2919 FunctionLooper.cpp:88] stop: PeekLooper
I1224 00:15:12.308763  2919 FunctionLooper.cpp:88] stop: WriteLooper
I1224 00:15:12.308773  2919 QuicTransportBase.cpp:2651] Clearing 0 peek callbacks
I1224 00:15:12.308779  2919 QuicTransportBase.cpp:852] Stopping read looper client CID=0000000000000003 server CID=400000dce5e0583b peer address=127.0.0.1:4987
I1224 00:15:12.308786  2919 FunctionLooper.cpp:88] stop: ReadLooper
I1224 00:15:12.308792  2919 QuicTransportBase.cpp:1196] Stopping peek looper client CID=0000000000000003 server CID=400000dce5e0583b peer address=127.0.0.1:4987
I1224 00:15:12.308799  2919 FunctionLooper.cpp:88] stop: PeekLooper
I1224 00:15:12.308804  2919 QuicTransportBase.cpp:1233] Server stopping write looper because conn closed client CID=0000000000000003 server CID=400000dce5e0583b peer address=127.0.0.1:4987
I1224 00:15:12.308811  2919 FunctionLooper.cpp:88] stop: WriteLooper
E1224 00:15:12.308818  2919 EchoHandler.h:53] Socket error=Crypto error: missing_extension
I1224 00:15:12.308838  2919 QuicTransportFunctions.cpp:1063] Server sent close packetNum=8561782 in space=InitialSpace client CID=0000000000000003 server CID=400000dce5e0583b peer address=127.0.0.1:4987
I1224 00:15:12.308861  2919 LogQuicStats.h:144] server onWrite size=83
I1224 00:15:12.308871  2919 QuicTransportBase.cpp:852] Stopping read looper client CID=0000000000000003 server CID=400000dce5e0583b peer address=127.0.0.1:4987
I1224 00:15:12.308897  2919 FunctionLooper.cpp:88] stop: ReadLooper
I1224 00:15:12.308910  2919 QuicTransportBase.cpp:1196] Stopping peek looper client CID=0000000000000003 server CID=400000dce5e0583b peer address=127.0.0.1:4987
I1224 00:15:12.308918  2919 FunctionLooper.cpp:88] stop: PeekLooper
I1224 00:15:12.308924  2919 QuicTransportBase.cpp:1233] Server stopping write looper because conn closed client CID=0000000000000003 server CID=400000dce5e0583b peer address=127.0.0.1:4987
I1224 00:15:12.308930  2919 FunctionLooper.cpp:88] stop: WriteLooper
*** Aborted at 1640304912 (Unix time, try 'date -d @1640304912') ***
*** Signal 15 (SIGTERM) (0xb5e) received by PID 2913 (pthread TID 0x7f7d9f76eec0) (linux TID 2913) (maybe from PID 2910, UID 0) (code: 0), stack trace: ***
(error retrieving stack trace)
