I1224 00:22:51.691051  5950 EventBase.cpp:308] EventBase(): Starting loop.
I1224 00:22:51.694213  5951 EventBase.cpp:308] EventBase(): Starting loop.
I1224 00:22:51.695633  5952 EventBase.cpp:308] EventBase(): Starting loop.
I1224 00:22:51.698434  5953 EventBase.cpp:308] EventBase(): Starting loop.
I1224 00:22:51.698693  5954 EventBase.cpp:308] EventBase(): Starting loop.
I1224 00:22:51.699170  5955 EventBase.cpp:308] EventBase(): Starting loop.
I1224 00:22:51.699321  5950 QuicServer.cpp:268] No valid takenover fd found for address=127.0.0.1:4443. binding on worker=0x557d72795ec0 workerId=0 processId=0
I1224 00:22:51.699517  5951 QuicServer.cpp:268] No valid takenover fd found for address=127.0.0.1:4443. binding on worker=0x557d72796500 workerId=1 processId=0
I1224 00:22:51.699676  5952 QuicServer.cpp:268] No valid takenover fd found for address=127.0.0.1:4443. binding on worker=0x557d72796940 workerId=2 processId=0
I1224 00:22:51.699841  5953 QuicServer.cpp:268] No valid takenover fd found for address=127.0.0.1:4443. binding on worker=0x557d72796e20 workerId=3 processId=0
I1224 00:22:51.699999  5954 QuicServer.cpp:268] No valid takenover fd found for address=127.0.0.1:4443. binding on worker=0x557d72797300 workerId=4 processId=0
I1224 00:22:51.700157  5955 QuicServer.cpp:268] No valid takenover fd found for address=127.0.0.1:4443. binding on worker=0x557d72797800 workerId=5 processId=0
I1224 00:22:51.700186  5955 QuicServer.cpp:295] Initialized all workers in the eventbase
I1224 00:22:51.700284  5947 EchoServer.h:90] Echo server started at: 127.0.0.1:4443
I1224 00:22:51.700332  5947 EventBase.cpp:308] EventBase(): Starting loop.
I1224 00:22:51.700381  5950 QuicServerWorker.cpp:134] Registered read on worker=0x557d72795ec0, thread=140491146041088, processId=0
I1224 00:22:51.700387  5952 QuicServerWorker.cpp:134] Registered read on worker=0x557d72796940, thread=140491056211712, processId=0
I1224 00:22:51.700470  5954 QuicServerWorker.cpp:134] Registered read on worker=0x557d72797300, thread=140491039426304, processId=0
I1224 00:22:51.700485  5953 QuicServerWorker.cpp:134] Registered read on worker=0x557d72796e20, thread=140491047819008, processId=0
I1224 00:22:51.700387  5951 QuicServerWorker.cpp:134] Registered read on worker=0x557d72796500, thread=140491064604416, processId=0
I1224 00:22:51.700565  5955 QuicServerWorker.cpp:134] Registered read on worker=0x557d72797800, thread=140491031033600, processId=0
I1224 00:22:56.997772  5953 QuicServerWorker.cpp:227] Worker=0x557d72796e20, Received data on thread=140491047819008, processId=0
I1224 00:22:56.997800  5953 LogQuicStats.h:24] server onPacketReceived
I1224 00:22:56.997807  5953 LogQuicStats.h:140] server onRead size=1232
W1224 00:22:56.997828  5953 Types.cpp:447] toString has unhandled version type
I1224 00:22:56.997822  5953 LogQuicStats.h:76] server onClientInitialReceived, version: UNKNOWN
I1224 00:22:56.997844  5953 QuicServerWorker.cpp:208] Version negotiation sent to client=127.0.0.1:4987
I1224 00:22:56.997853  5953 LogQuicStats.h:144] server onWrite size=43
I1224 00:22:56.997860  5953 LogQuicStats.h:36] server onPacketProcessed
I1224 00:22:56.997865  5953 LogQuicStats.h:40] server onPacketSent
I1224 00:22:57.199370  5953 QuicServerWorker.cpp:227] Worker=0x557d72796e20, Received data on thread=140491047819008, processId=0
I1224 00:22:57.199400  5953 LogQuicStats.h:24] server onPacketReceived
I1224 00:22:57.199407  5953 LogQuicStats.h:140] server onRead size=1232
I1224 00:22:57.199414  5953 LogQuicStats.h:76] server onClientInitialReceived, version: QUIC_DRAFT
I1224 00:22:57.199425  5953 QuicServerWorker.cpp:545] Creating new connection for client=127.0.0.1:4987, routingInfo=CID=0000000000000000, cidVersion=1, workerId=3, processId=0, hostId=0, threadId=140491047819008, 
I1224 00:22:57.199576  5953 LogQuicStats.h:118] server onStatelessReset
I1224 00:22:57.199609  5953 StateMachine-inl.h:41] Transition from Uninitialized to ExpectingClientHello
I1224 00:22:57.199676  5953 LogQuicStats.h:32] server onOutOfOrderPacketReceived
I1224 00:22:57.199685  5953 ServerStateMachine.cpp:952] Server received crypto data offset=0 len=389 currentReadOffset=0 client CID=0000000000000003 server CID=400000d981cb4bab peer address=127.0.0.1:4987
I1224 00:22:57.199707  5953 RecordLayer.cpp:82] Received handshake message ClientHello
I1224 00:22:57.199808  5953 ServerHandshake.cpp:167] ServerHandshake error fizz::FizzException: no psk modes
I1224 00:22:57.199856  5953 QuicTransportBase.cpp:1870] onNetworkData fizz::FizzException: no psk modes client CID=0000000000000003 server CID=400000d981cb4bab peer address=127.0.0.1:4987
I1224 00:22:57.199869  5953 QuicTransportBase.cpp:400] Stopping read looper due to immediate close client CID=0000000000000003 server CID=400000d981cb4bab peer address=127.0.0.1:4987
I1224 00:22:57.199877  5953 FunctionLooper.cpp:88] stop: ReadLooper
I1224 00:22:57.199884  5953 FunctionLooper.cpp:88] stop: PeekLooper
I1224 00:22:57.199890  5953 FunctionLooper.cpp:88] stop: WriteLooper
I1224 00:22:57.199898  5953 QuicTransportBase.cpp:2651] Clearing 0 peek callbacks
I1224 00:22:57.199904  5953 QuicTransportBase.cpp:852] Stopping read looper client CID=0000000000000003 server CID=400000d981cb4bab peer address=127.0.0.1:4987
I1224 00:22:57.199910  5953 FunctionLooper.cpp:88] stop: ReadLooper
I1224 00:22:57.199918  5953 QuicTransportBase.cpp:1196] Stopping peek looper client CID=0000000000000003 server CID=400000d981cb4bab peer address=127.0.0.1:4987
I1224 00:22:57.199923  5953 FunctionLooper.cpp:88] stop: PeekLooper
I1224 00:22:57.199930  5953 QuicTransportBase.cpp:1233] Server stopping write looper because conn closed client CID=0000000000000003 server CID=400000d981cb4bab peer address=127.0.0.1:4987
I1224 00:22:57.199936  5953 FunctionLooper.cpp:88] stop: WriteLooper
E1224 00:22:57.199944  5953 EchoHandler.h:53] Socket error=Crypto error: missing_extension
I1224 00:22:57.199965  5953 QuicTransportFunctions.cpp:1063] Server sent close packetNum=6902638 in space=InitialSpace client CID=0000000000000003 server CID=400000d981cb4bab peer address=127.0.0.1:4987
I1224 00:22:57.200009  5953 LogQuicStats.h:144] server onWrite size=82
I1224 00:22:57.200021  5953 QuicTransportBase.cpp:852] Stopping read looper client CID=0000000000000003 server CID=400000d981cb4bab peer address=127.0.0.1:4987
I1224 00:22:57.200027  5953 FunctionLooper.cpp:88] stop: ReadLooper
I1224 00:22:57.200033  5953 QuicTransportBase.cpp:1196] Stopping peek looper client CID=0000000000000003 server CID=400000d981cb4bab peer address=127.0.0.1:4987
I1224 00:22:57.200039  5953 FunctionLooper.cpp:88] stop: PeekLooper
I1224 00:22:57.200045  5953 QuicTransportBase.cpp:1233] Server stopping write looper because conn closed client CID=0000000000000003 server CID=400000d981cb4bab peer address=127.0.0.1:4987
I1224 00:22:57.200052  5953 FunctionLooper.cpp:88] stop: WriteLooper
*** Aborted at 1640305377 (Unix time, try 'date -d @1640305377') ***
*** Signal 15 (SIGTERM) (0x1738) received by PID 5947 (pthread TID 0x7fc6a8257ec0) (linux TID 5947) (maybe from PID 5944, UID 0) (code: 0), stack trace: ***
(error retrieving stack trace)
