I1223 18:28:05.187865  9490 EventBase.cpp:308] EventBase(): Starting loop.
I1223 18:28:05.188055  9491 EventBase.cpp:308] EventBase(): Starting loop.
I1223 18:28:05.188206  9492 EventBase.cpp:308] EventBase(): Starting loop.
I1223 18:28:05.188331  9493 EventBase.cpp:308] EventBase(): Starting loop.
I1223 18:28:05.188419  9494 EventBase.cpp:308] EventBase(): Starting loop.
I1223 18:28:05.188539  9495 EventBase.cpp:308] EventBase(): Starting loop.
I1223 18:28:05.188684  9490 QuicServer.cpp:268] No valid takenover fd found for address=127.0.0.1:4443. binding on worker=0x55a05bad6040 workerId=0 processId=0
I1223 18:28:05.188879  9491 QuicServer.cpp:268] No valid takenover fd found for address=127.0.0.1:4443. binding on worker=0x55a05bad6680 workerId=1 processId=0
I1223 18:28:05.189062  9492 QuicServer.cpp:268] No valid takenover fd found for address=127.0.0.1:4443. binding on worker=0x55a05bad6b30 workerId=2 processId=0
I1223 18:28:05.189239  9493 QuicServer.cpp:268] No valid takenover fd found for address=127.0.0.1:4443. binding on worker=0x55a05bad7010 workerId=3 processId=0
I1223 18:28:05.189395  9494 QuicServer.cpp:268] No valid takenover fd found for address=127.0.0.1:4443. binding on worker=0x55a05bad74f0 workerId=4 processId=0
I1223 18:28:05.189560  9495 QuicServer.cpp:268] No valid takenover fd found for address=127.0.0.1:4443. binding on worker=0x55a05bad79f0 workerId=5 processId=0
I1223 18:28:05.189589  9495 QuicServer.cpp:295] Initialized all workers in the eventbase
I1223 18:28:05.189694  9487 EchoServer.h:90] Echo server started at: 127.0.0.1:4443
I1223 18:28:05.189746  9487 EventBase.cpp:308] EventBase(): Starting loop.
I1223 18:28:05.189788  9490 QuicServerWorker.cpp:134] Registered read on worker=0x55a05bad6040, thread=139634421749504, processId=0
I1223 18:28:05.189800  9492 QuicServerWorker.cpp:134] Registered read on worker=0x55a05bad6b30, thread=139634404964096, processId=0
I1223 18:28:05.189790  9491 QuicServerWorker.cpp:134] Registered read on worker=0x55a05bad6680, thread=139634413356800, processId=0
I1223 18:28:05.189841  9493 QuicServerWorker.cpp:134] Registered read on worker=0x55a05bad7010, thread=139634396571392, processId=0
I1223 18:28:05.189854  9495 QuicServerWorker.cpp:134] Registered read on worker=0x55a05bad79f0, thread=139634379785984, processId=0
I1223 18:28:05.189877  9494 QuicServerWorker.cpp:134] Registered read on worker=0x55a05bad74f0, thread=139634388178688, processId=0
I1223 18:28:10.773732  9493 QuicServerWorker.cpp:227] Worker=0x55a05bad7010, Received data on thread=139634396571392, processId=0
I1223 18:28:10.773763  9493 LogQuicStats.h:24] server onPacketReceived
I1223 18:28:10.773772  9493 LogQuicStats.h:140] server onRead size=1232
I1223 18:28:10.773788  9493 LogQuicStats.h:76] server onClientInitialReceived, version: QUIC_DRAFT
I1223 18:28:10.773798  9493 QuicServerWorker.cpp:545] Creating new connection for client=127.0.0.1:4987, routingInfo=CID=0000000000000002, cidVersion=1, workerId=3, processId=0, hostId=0, threadId=139634396571392, 
I1223 18:28:10.773916  9493 LogQuicStats.h:118] server onStatelessReset
I1223 18:28:10.773943  9493 StateMachine-inl.h:41] Transition from Uninitialized to ExpectingClientHello
I1223 18:28:10.774015  9493 LogQuicStats.h:32] server onOutOfOrderPacketReceived
I1223 18:28:10.774024  9493 ServerStateMachine.cpp:952] Server received crypto data offset=0 len=391 currentReadOffset=0 client CID=0000000000000001 server CID=400000cbe2bf1082 peer address=127.0.0.1:4987
I1223 18:28:10.774041  9493 RecordLayer.cpp:82] Received handshake message ClientHello
I1223 18:28:10.774142  9493 ServerHandshake.cpp:167] ServerHandshake error fizz::FizzException: no psk modes
I1223 18:28:10.774242  9493 QuicTransportBase.cpp:1870] onNetworkData fizz::FizzException: no psk modes client CID=0000000000000001 server CID=400000cbe2bf1082 peer address=127.0.0.1:4987
I1223 18:28:10.774268  9493 QuicTransportBase.cpp:400] Stopping read looper due to immediate close client CID=0000000000000001 server CID=400000cbe2bf1082 peer address=127.0.0.1:4987
I1223 18:28:10.774278  9493 FunctionLooper.cpp:88] stop: ReadLooper
I1223 18:28:10.774291  9493 FunctionLooper.cpp:88] stop: PeekLooper
I1223 18:28:10.774298  9493 FunctionLooper.cpp:88] stop: WriteLooper
I1223 18:28:10.774312  9493 QuicTransportBase.cpp:2651] Clearing 0 peek callbacks
I1223 18:28:10.774319  9493 QuicTransportBase.cpp:852] Stopping read looper client CID=0000000000000001 server CID=400000cbe2bf1082 peer address=127.0.0.1:4987
I1223 18:28:10.774327  9493 FunctionLooper.cpp:88] stop: ReadLooper
I1223 18:28:10.774333  9493 QuicTransportBase.cpp:1196] Stopping peek looper client CID=0000000000000001 server CID=400000cbe2bf1082 peer address=127.0.0.1:4987
I1223 18:28:10.774341  9493 FunctionLooper.cpp:88] stop: PeekLooper
I1223 18:28:10.774348  9493 QuicTransportBase.cpp:1233] Server stopping write looper because conn closed client CID=0000000000000001 server CID=400000cbe2bf1082 peer address=127.0.0.1:4987
I1223 18:28:10.774355  9493 FunctionLooper.cpp:88] stop: WriteLooper
E1223 18:28:10.774363  9493 EchoHandler.h:53] Socket error=Crypto error: missing_extension
I1223 18:28:10.774385  9493 QuicTransportFunctions.cpp:1063] Server sent close packetNum=12652683 in space=InitialSpace client CID=0000000000000001 server CID=400000cbe2bf1082 peer address=127.0.0.1:4987
I1223 18:28:10.774412  9493 LogQuicStats.h:144] server onWrite size=83
I1223 18:28:10.774425  9493 QuicTransportBase.cpp:852] Stopping read looper client CID=0000000000000001 server CID=400000cbe2bf1082 peer address=127.0.0.1:4987
I1223 18:28:10.774432  9493 FunctionLooper.cpp:88] stop: ReadLooper
I1223 18:28:10.774439  9493 QuicTransportBase.cpp:1196] Stopping peek looper client CID=0000000000000001 server CID=400000cbe2bf1082 peer address=127.0.0.1:4987
I1223 18:28:10.774446  9493 FunctionLooper.cpp:88] stop: PeekLooper
I1223 18:28:10.774452  9493 QuicTransportBase.cpp:1233] Server stopping write looper because conn closed client CID=0000000000000001 server CID=400000cbe2bf1082 peer address=127.0.0.1:4987
I1223 18:28:10.774461  9493 FunctionLooper.cpp:88] stop: WriteLooper
*** Aborted at 1640284090 (Unix time, try 'date -d @1640284090') ***
*** Signal 15 (SIGTERM) (0x250c) received by PID 9487 (pthread TID 0x7eff2f663ec0) (linux TID 9487) (maybe from PID 9484, UID 0) (code: 0), stack trace: ***
(error retrieving stack trace)
