I1224 00:19:50.375860  4766 EventBase.cpp:308] EventBase(): Starting loop.
I1224 00:19:50.376072  4767 EventBase.cpp:308] EventBase(): Starting loop.
I1224 00:19:50.379788  4768 EventBase.cpp:308] EventBase(): Starting loop.
I1224 00:19:50.382479  4769 EventBase.cpp:308] EventBase(): Starting loop.
I1224 00:19:50.382861  4770 EventBase.cpp:308] EventBase(): Starting loop.
I1224 00:19:50.386987  4771 EventBase.cpp:308] EventBase(): Starting loop.
I1224 00:19:50.387121  4766 QuicServer.cpp:268] No valid takenover fd found for address=127.0.0.1:4443. binding on worker=0x55b7b79cfec0 workerId=0 processId=0
I1224 00:19:50.387302  4767 QuicServer.cpp:268] No valid takenover fd found for address=127.0.0.1:4443. binding on worker=0x55b7b79d0500 workerId=1 processId=0
I1224 00:19:50.387461  4768 QuicServer.cpp:268] No valid takenover fd found for address=127.0.0.1:4443. binding on worker=0x55b7b79d0940 workerId=2 processId=0
I1224 00:19:50.387621  4769 QuicServer.cpp:268] No valid takenover fd found for address=127.0.0.1:4443. binding on worker=0x55b7b79d0e20 workerId=3 processId=0
I1224 00:19:50.387778  4770 QuicServer.cpp:268] No valid takenover fd found for address=127.0.0.1:4443. binding on worker=0x55b7b79d1300 workerId=4 processId=0
I1224 00:19:50.387949  4771 QuicServer.cpp:268] No valid takenover fd found for address=127.0.0.1:4443. binding on worker=0x55b7b79d1800 workerId=5 processId=0
I1224 00:19:50.387995  4771 QuicServer.cpp:295] Initialized all workers in the eventbase
I1224 00:19:50.388095  4763 EchoServer.h:90] Echo server started at: 127.0.0.1:4443
I1224 00:19:50.388140  4763 EventBase.cpp:308] EventBase(): Starting loop.
I1224 00:19:50.388182  4766 QuicServerWorker.cpp:134] Registered read on worker=0x55b7b79cfec0, thread=139715334440704, processId=0
I1224 00:19:50.388255  4768 QuicServerWorker.cpp:134] Registered read on worker=0x55b7b79d0940, thread=139715317655296, processId=0
I1224 00:19:50.388190  4769 QuicServerWorker.cpp:134] Registered read on worker=0x55b7b79d0e20, thread=139715309262592, processId=0
I1224 00:19:50.388257  4767 QuicServerWorker.cpp:134] Registered read on worker=0x55b7b79d0500, thread=139715326048000, processId=0
I1224 00:19:50.388304  4770 QuicServerWorker.cpp:134] Registered read on worker=0x55b7b79d1300, thread=139715300869888, processId=0
I1224 00:19:50.388330  4771 QuicServerWorker.cpp:134] Registered read on worker=0x55b7b79d1800, thread=139714950592256, processId=0
I1224 00:19:55.785732  4769 QuicServerWorker.cpp:227] Worker=0x55b7b79d0e20, Received data on thread=139715309262592, processId=0
I1224 00:19:55.785760  4769 LogQuicStats.h:24] server onPacketReceived
I1224 00:19:55.785768  4769 LogQuicStats.h:140] server onRead size=1232
W1224 00:19:55.785787  4769 Types.cpp:447] toString has unhandled version type
I1224 00:19:55.785782  4769 LogQuicStats.h:76] server onClientInitialReceived, version: UNKNOWN
I1224 00:19:55.785804  4769 QuicServerWorker.cpp:208] Version negotiation sent to client=127.0.0.1:4987
I1224 00:19:55.785813  4769 LogQuicStats.h:144] server onWrite size=43
I1224 00:19:55.785820  4769 LogQuicStats.h:36] server onPacketProcessed
I1224 00:19:55.785825  4769 LogQuicStats.h:40] server onPacketSent
I1224 00:19:55.957127  4769 QuicServerWorker.cpp:227] Worker=0x55b7b79d0e20, Received data on thread=139715309262592, processId=0
I1224 00:19:55.957159  4769 LogQuicStats.h:24] server onPacketReceived
I1224 00:19:55.957167  4769 LogQuicStats.h:140] server onRead size=1232
I1224 00:19:55.957175  4769 LogQuicStats.h:76] server onClientInitialReceived, version: QUIC_DRAFT
I1224 00:19:55.957206  4769 QuicServerWorker.cpp:545] Creating new connection for client=127.0.0.1:4987, routingInfo=CID=0000000000000000, cidVersion=1, workerId=3, processId=0, hostId=0, threadId=139715309262592, 
I1224 00:19:55.957335  4769 LogQuicStats.h:118] server onStatelessReset
I1224 00:19:55.957363  4769 StateMachine-inl.h:41] Transition from Uninitialized to ExpectingClientHello
I1224 00:19:55.957432  4769 LogQuicStats.h:32] server onOutOfOrderPacketReceived
I1224 00:19:55.957440  4769 ServerStateMachine.cpp:952] Server received crypto data offset=0 len=391 currentReadOffset=0 client CID=0000000000000003 server CID=400000c549500d8e peer address=127.0.0.1:4987
I1224 00:19:55.957461  4769 RecordLayer.cpp:82] Received handshake message ClientHello
I1224 00:19:55.957559  4769 ServerHandshake.cpp:167] ServerHandshake error fizz::FizzException: no psk modes
I1224 00:19:55.957602  4769 QuicTransportBase.cpp:1870] onNetworkData fizz::FizzException: no psk modes client CID=0000000000000003 server CID=400000c549500d8e peer address=127.0.0.1:4987
I1224 00:19:55.957617  4769 QuicTransportBase.cpp:400] Stopping read looper due to immediate close client CID=0000000000000003 server CID=400000c549500d8e peer address=127.0.0.1:4987
I1224 00:19:55.957624  4769 FunctionLooper.cpp:88] stop: ReadLooper
I1224 00:19:55.957630  4769 FunctionLooper.cpp:88] stop: PeekLooper
I1224 00:19:55.957636  4769 FunctionLooper.cpp:88] stop: WriteLooper
I1224 00:19:55.957648  4769 QuicTransportBase.cpp:2651] Clearing 0 peek callbacks
I1224 00:19:55.957655  4769 QuicTransportBase.cpp:852] Stopping read looper client CID=0000000000000003 server CID=400000c549500d8e peer address=127.0.0.1:4987
I1224 00:19:55.957662  4769 FunctionLooper.cpp:88] stop: ReadLooper
I1224 00:19:55.957669  4769 QuicTransportBase.cpp:1196] Stopping peek looper client CID=0000000000000003 server CID=400000c549500d8e peer address=127.0.0.1:4987
I1224 00:19:55.957675  4769 FunctionLooper.cpp:88] stop: PeekLooper
I1224 00:19:55.957681  4769 QuicTransportBase.cpp:1233] Server stopping write looper because conn closed client CID=0000000000000003 server CID=400000c549500d8e peer address=127.0.0.1:4987
I1224 00:19:55.957688  4769 FunctionLooper.cpp:88] stop: WriteLooper
E1224 00:19:55.957720  4769 EchoHandler.h:53] Socket error=Crypto error: missing_extension
I1224 00:19:55.957748  4769 QuicTransportFunctions.cpp:1063] Server sent close packetNum=903889 in space=InitialSpace client CID=0000000000000003 server CID=400000c549500d8e peer address=127.0.0.1:4987
I1224 00:19:55.957774  4769 LogQuicStats.h:144] server onWrite size=82
I1224 00:19:55.957785  4769 QuicTransportBase.cpp:852] Stopping read looper client CID=0000000000000003 server CID=400000c549500d8e peer address=127.0.0.1:4987
I1224 00:19:55.957793  4769 FunctionLooper.cpp:88] stop: ReadLooper
I1224 00:19:55.957800  4769 QuicTransportBase.cpp:1196] Stopping peek looper client CID=0000000000000003 server CID=400000c549500d8e peer address=127.0.0.1:4987
I1224 00:19:55.957806  4769 FunctionLooper.cpp:88] stop: PeekLooper
I1224 00:19:55.957813  4769 QuicTransportBase.cpp:1233] Server stopping write looper because conn closed client CID=0000000000000003 server CID=400000c549500d8e peer address=127.0.0.1:4987
I1224 00:19:55.957819  4769 FunctionLooper.cpp:88] stop: WriteLooper
*** Aborted at 1640305195 (Unix time, try 'date -d @1640305195') ***
*** Signal 15 (SIGTERM) (0x1298) received by PID 4763 (pthread TID 0x7f12062beec0) (linux TID 4763) (maybe from PID 4760, UID 0) (code: 0), stack trace: ***
(error retrieving stack trace)
