I1223 18:35:18.753418 12302 EventBase.cpp:308] EventBase(): Starting loop.
I1223 18:35:18.753703 12303 EventBase.cpp:308] EventBase(): Starting loop.
I1223 18:35:18.755100 12304 EventBase.cpp:308] EventBase(): Starting loop.
I1223 18:35:18.755344 12305 EventBase.cpp:308] EventBase(): Starting loop.
I1223 18:35:18.755455 12306 EventBase.cpp:308] EventBase(): Starting loop.
I1223 18:35:18.755589 12307 EventBase.cpp:308] EventBase(): Starting loop.
I1223 18:35:18.755694 12302 QuicServer.cpp:268] No valid takenover fd found for address=127.0.0.1:4443. binding on worker=0x55f6fd84d040 workerId=0 processId=0
I1223 18:35:18.755884 12303 QuicServer.cpp:268] No valid takenover fd found for address=127.0.0.1:4443. binding on worker=0x55f6fd84d680 workerId=1 processId=0
I1223 18:35:18.756040 12304 QuicServer.cpp:268] No valid takenover fd found for address=127.0.0.1:4443. binding on worker=0x55f6fd84db30 workerId=2 processId=0
I1223 18:35:18.756196 12305 QuicServer.cpp:268] No valid takenover fd found for address=127.0.0.1:4443. binding on worker=0x55f6fd84e010 workerId=3 processId=0
I1223 18:35:18.756345 12306 QuicServer.cpp:268] No valid takenover fd found for address=127.0.0.1:4443. binding on worker=0x55f6fd84e4f0 workerId=4 processId=0
I1223 18:35:18.756501 12307 QuicServer.cpp:268] No valid takenover fd found for address=127.0.0.1:4443. binding on worker=0x55f6fd84e9f0 workerId=5 processId=0
I1223 18:35:18.756529 12307 QuicServer.cpp:295] Initialized all workers in the eventbase
I1223 18:35:18.756625 12299 EchoServer.h:90] Echo server started at: 127.0.0.1:4443
I1223 18:35:18.756671 12299 EventBase.cpp:308] EventBase(): Starting loop.
I1223 18:35:18.756739 12302 QuicServerWorker.cpp:134] Registered read on worker=0x55f6fd84d040, thread=140200653227776, processId=0
I1223 18:35:18.756762 12304 QuicServerWorker.cpp:134] Registered read on worker=0x55f6fd84db30, thread=140200636442368, processId=0
I1223 18:35:18.756742 12303 QuicServerWorker.cpp:134] Registered read on worker=0x55f6fd84d680, thread=140200644835072, processId=0
I1223 18:35:18.756781 12306 QuicServerWorker.cpp:134] Registered read on worker=0x55f6fd84e4f0, thread=140200416114432, processId=0
I1223 18:35:18.756809 12305 QuicServerWorker.cpp:134] Registered read on worker=0x55f6fd84e010, thread=140200628049664, processId=0
I1223 18:35:18.756829 12307 QuicServerWorker.cpp:134] Registered read on worker=0x55f6fd84e9f0, thread=140200407721728, processId=0
I1223 18:35:24.437592 12305 QuicServerWorker.cpp:227] Worker=0x55f6fd84e010, Received data on thread=140200628049664, processId=0
I1223 18:35:24.437623 12305 LogQuicStats.h:24] server onPacketReceived
I1223 18:35:24.437630 12305 LogQuicStats.h:140] server onRead size=1232
I1223 18:35:24.437646 12305 LogQuicStats.h:76] server onClientInitialReceived, version: QUIC_DRAFT
I1223 18:35:24.437656 12305 QuicServerWorker.cpp:545] Creating new connection for client=127.0.0.1:4987, routingInfo=CID=0000000000000002, cidVersion=1, workerId=3, processId=0, hostId=0, threadId=140200628049664, 
I1223 18:35:24.437765 12305 LogQuicStats.h:118] server onStatelessReset
I1223 18:35:24.437793 12305 StateMachine-inl.h:41] Transition from Uninitialized to ExpectingClientHello
I1223 18:35:24.437876 12305 LogQuicStats.h:32] server onOutOfOrderPacketReceived
I1223 18:35:24.437891 12305 ServerStateMachine.cpp:952] Server received crypto data offset=0 len=391 currentReadOffset=0 client CID=0000000000000001 server CID=400000d53ebb808d peer address=127.0.0.1:4987
I1223 18:35:24.437908 12305 RecordLayer.cpp:82] Received handshake message ClientHello
I1223 18:35:24.438009 12305 ServerHandshake.cpp:167] ServerHandshake error fizz::FizzException: no psk modes
I1223 18:35:24.438052 12305 QuicTransportBase.cpp:1870] onNetworkData fizz::FizzException: no psk modes client CID=0000000000000001 server CID=400000d53ebb808d peer address=127.0.0.1:4987
I1223 18:35:24.438067 12305 QuicTransportBase.cpp:400] Stopping read looper due to immediate close client CID=0000000000000001 server CID=400000d53ebb808d peer address=127.0.0.1:4987
I1223 18:35:24.438076 12305 FunctionLooper.cpp:88] stop: ReadLooper
I1223 18:35:24.438093 12305 FunctionLooper.cpp:88] stop: PeekLooper
I1223 18:35:24.438099 12305 FunctionLooper.cpp:88] stop: WriteLooper
I1223 18:35:24.438112 12305 QuicTransportBase.cpp:2651] Clearing 0 peek callbacks
I1223 18:35:24.438119 12305 QuicTransportBase.cpp:852] Stopping read looper client CID=0000000000000001 server CID=400000d53ebb808d peer address=127.0.0.1:4987
I1223 18:35:24.438127 12305 FunctionLooper.cpp:88] stop: ReadLooper
I1223 18:35:24.438133 12305 QuicTransportBase.cpp:1196] Stopping peek looper client CID=0000000000000001 server CID=400000d53ebb808d peer address=127.0.0.1:4987
I1223 18:35:24.438140 12305 FunctionLooper.cpp:88] stop: PeekLooper
I1223 18:35:24.438146 12305 QuicTransportBase.cpp:1233] Server stopping write looper because conn closed client CID=0000000000000001 server CID=400000d53ebb808d peer address=127.0.0.1:4987
I1223 18:35:24.438153 12305 FunctionLooper.cpp:88] stop: WriteLooper
E1223 18:35:24.438161 12305 EchoHandler.h:53] Socket error=Crypto error: missing_extension
I1223 18:35:24.438182 12305 QuicTransportFunctions.cpp:1063] Server sent close packetNum=9189070 in space=InitialSpace client CID=0000000000000001 server CID=400000d53ebb808d peer address=127.0.0.1:4987
I1223 18:35:24.438208 12305 LogQuicStats.h:144] server onWrite size=83
I1223 18:35:24.438218 12305 QuicTransportBase.cpp:852] Stopping read looper client CID=0000000000000001 server CID=400000d53ebb808d peer address=127.0.0.1:4987
I1223 18:35:24.438226 12305 FunctionLooper.cpp:88] stop: ReadLooper
I1223 18:35:24.438232 12305 QuicTransportBase.cpp:1196] Stopping peek looper client CID=0000000000000001 server CID=400000d53ebb808d peer address=127.0.0.1:4987
I1223 18:35:24.438239 12305 FunctionLooper.cpp:88] stop: PeekLooper
I1223 18:35:24.438246 12305 QuicTransportBase.cpp:1233] Server stopping write looper because conn closed client CID=0000000000000001 server CID=400000d53ebb808d peer address=127.0.0.1:4987
I1223 18:35:24.438252 12305 FunctionLooper.cpp:88] stop: WriteLooper
*** Aborted at 1640284524 (Unix time, try 'date -d @1640284524') ***
*** Signal 15 (SIGTERM) (0x3008) received by PID 12299 (pthread TID 0x7f83056ceec0) (linux TID 12299) (maybe from PID 12296, UID 0) (code: 0), stack trace: ***
(error retrieving stack trace)
