I1223 18:33:53.124253 11747 EventBase.cpp:308] EventBase(): Starting loop.
I1223 18:33:53.131120 11748 EventBase.cpp:308] EventBase(): Starting loop.
I1223 18:33:53.135010 11749 EventBase.cpp:308] EventBase(): Starting loop.
I1223 18:33:53.135231 11750 EventBase.cpp:308] EventBase(): Starting loop.
I1223 18:33:53.138949 11751 EventBase.cpp:308] EventBase(): Starting loop.
I1223 18:33:53.143026 11752 EventBase.cpp:308] EventBase(): Starting loop.
I1223 18:33:53.143246 11747 QuicServer.cpp:268] No valid takenover fd found for address=127.0.0.1:4443. binding on worker=0x561eee251040 workerId=0 processId=0
I1223 18:33:53.143435 11748 QuicServer.cpp:268] No valid takenover fd found for address=127.0.0.1:4443. binding on worker=0x561eee251680 workerId=1 processId=0
I1223 18:33:53.145103 11749 QuicServer.cpp:268] No valid takenover fd found for address=127.0.0.1:4443. binding on worker=0x561eee251b30 workerId=2 processId=0
I1223 18:33:53.147145 11750 QuicServer.cpp:268] No valid takenover fd found for address=127.0.0.1:4443. binding on worker=0x561eee252010 workerId=3 processId=0
I1223 18:33:53.147305 11751 QuicServer.cpp:268] No valid takenover fd found for address=127.0.0.1:4443. binding on worker=0x561eee2524f0 workerId=4 processId=0
I1223 18:33:53.147418 11752 QuicServer.cpp:268] No valid takenover fd found for address=127.0.0.1:4443. binding on worker=0x561eee2529f0 workerId=5 processId=0
I1223 18:33:53.147449 11752 QuicServer.cpp:295] Initialized all workers in the eventbase
I1223 18:33:53.147589 11744 EchoServer.h:90] Echo server started at: 127.0.0.1:4443
I1223 18:33:53.147615 11744 EventBase.cpp:308] EventBase(): Starting loop.
I1223 18:33:53.147639 11751 QuicServerWorker.cpp:134] Registered read on worker=0x561eee2524f0, thread=139757712201472, processId=0
I1223 18:33:53.147661 11749 QuicServerWorker.cpp:134] Registered read on worker=0x561eee251b30, thread=139757728986880, processId=0
I1223 18:33:53.147644 11747 QuicServerWorker.cpp:134] Registered read on worker=0x561eee251040, thread=139757745772288, processId=0
I1223 18:33:53.147747 11752 QuicServerWorker.cpp:134] Registered read on worker=0x561eee2529f0, thread=139757363394304, processId=0
I1223 18:33:53.147789 11748 QuicServerWorker.cpp:134] Registered read on worker=0x561eee251680, thread=139757737379584, processId=0
I1223 18:33:53.147804 11750 QuicServerWorker.cpp:134] Registered read on worker=0x561eee252010, thread=139757720594176, processId=0
I1223 18:33:58.810142 11750 QuicServerWorker.cpp:227] Worker=0x561eee252010, Received data on thread=139757720594176, processId=0
I1223 18:33:58.810170 11750 LogQuicStats.h:24] server onPacketReceived
I1223 18:33:58.810178 11750 LogQuicStats.h:140] server onRead size=1232
I1223 18:33:58.810194 11750 LogQuicStats.h:76] server onClientInitialReceived, version: QUIC_DRAFT
I1223 18:33:58.810205 11750 QuicServerWorker.cpp:545] Creating new connection for client=127.0.0.1:4987, routingInfo=CID=0000000000000002, cidVersion=1, workerId=3, processId=0, hostId=0, threadId=139757720594176, 
I1223 18:33:58.810321 11750 LogQuicStats.h:118] server onStatelessReset
I1223 18:33:58.810350 11750 StateMachine-inl.h:41] Transition from Uninitialized to ExpectingClientHello
I1223 18:33:58.810418 11750 LogQuicStats.h:32] server onOutOfOrderPacketReceived
I1223 18:33:58.810427 11750 ServerStateMachine.cpp:952] Server received crypto data offset=0 len=391 currentReadOffset=0 client CID=0000000000000001 server CID=400000d6362c3df6 peer address=127.0.0.1:4987
I1223 18:33:58.810443 11750 RecordLayer.cpp:82] Received handshake message ClientHello
I1223 18:33:58.810567 11750 ServerHandshake.cpp:167] ServerHandshake error fizz::FizzException: no psk modes
I1223 18:33:58.810647 11750 QuicTransportBase.cpp:1870] onNetworkData fizz::FizzException: no psk modes client CID=0000000000000001 server CID=400000d6362c3df6 peer address=127.0.0.1:4987
I1223 18:33:58.810663 11750 QuicTransportBase.cpp:400] Stopping read looper due to immediate close client CID=0000000000000001 server CID=400000d6362c3df6 peer address=127.0.0.1:4987
I1223 18:33:58.810672 11750 FunctionLooper.cpp:88] stop: ReadLooper
I1223 18:33:58.810688 11750 FunctionLooper.cpp:88] stop: PeekLooper
I1223 18:33:58.810694 11750 FunctionLooper.cpp:88] stop: WriteLooper
I1223 18:33:58.810703 11750 QuicTransportBase.cpp:2651] Clearing 0 peek callbacks
I1223 18:33:58.810709 11750 QuicTransportBase.cpp:852] Stopping read looper client CID=0000000000000001 server CID=400000d6362c3df6 peer address=127.0.0.1:4987
I1223 18:33:58.810716 11750 FunctionLooper.cpp:88] stop: ReadLooper
I1223 18:33:58.810722 11750 QuicTransportBase.cpp:1196] Stopping peek looper client CID=0000000000000001 server CID=400000d6362c3df6 peer address=127.0.0.1:4987
I1223 18:33:58.810729 11750 FunctionLooper.cpp:88] stop: PeekLooper
I1223 18:33:58.810735 11750 QuicTransportBase.cpp:1233] Server stopping write looper because conn closed client CID=0000000000000001 server CID=400000d6362c3df6 peer address=127.0.0.1:4987
I1223 18:33:58.810742 11750 FunctionLooper.cpp:88] stop: WriteLooper
E1223 18:33:58.810750 11750 EchoHandler.h:53] Socket error=Crypto error: missing_extension
I1223 18:33:58.810772 11750 QuicTransportFunctions.cpp:1063] Server sent close packetNum=872743 in space=InitialSpace client CID=0000000000000001 server CID=400000d6362c3df6 peer address=127.0.0.1:4987
I1223 18:33:58.810797 11750 LogQuicStats.h:144] server onWrite size=82
I1223 18:33:58.810808 11750 QuicTransportBase.cpp:852] Stopping read looper client CID=0000000000000001 server CID=400000d6362c3df6 peer address=127.0.0.1:4987
I1223 18:33:58.810817 11750 FunctionLooper.cpp:88] stop: ReadLooper
I1223 18:33:58.810822 11750 QuicTransportBase.cpp:1196] Stopping peek looper client CID=0000000000000001 server CID=400000d6362c3df6 peer address=127.0.0.1:4987
I1223 18:33:58.810829 11750 FunctionLooper.cpp:88] stop: PeekLooper
I1223 18:33:58.810835 11750 QuicTransportBase.cpp:1233] Server stopping write looper because conn closed client CID=0000000000000001 server CID=400000d6362c3df6 peer address=127.0.0.1:4987
I1223 18:33:58.810842 11750 FunctionLooper.cpp:88] stop: WriteLooper
*** Aborted at 1640284438 (Unix time, try 'date -d @1640284438') ***
*** Signal 15 (SIGTERM) (0x2ddd) received by PID 11744 (pthread TID 0x7f1be6157ec0) (linux TID 11744) (maybe from PID 11741, UID 0) (code: 0), stack trace: ***
(error retrieving stack trace)
