I1224 00:17:05.981302  3693 EventBase.cpp:308] EventBase(): Starting loop.
I1224 00:17:05.981500  3694 EventBase.cpp:308] EventBase(): Starting loop.
I1224 00:17:05.987304  3695 EventBase.cpp:308] EventBase(): Starting loop.
I1224 00:17:05.991041  3696 EventBase.cpp:308] EventBase(): Starting loop.
I1224 00:17:05.995127  3697 EventBase.cpp:308] EventBase(): Starting loop.
I1224 00:17:05.995263  3698 EventBase.cpp:308] EventBase(): Starting loop.
I1224 00:17:05.995362  3693 QuicServer.cpp:268] No valid takenover fd found for address=127.0.0.1:4443. binding on worker=0x562ab5cc1ec0 workerId=0 processId=0
I1224 00:17:05.995522  3694 QuicServer.cpp:268] No valid takenover fd found for address=127.0.0.1:4443. binding on worker=0x562ab5cc2500 workerId=1 processId=0
I1224 00:17:05.995702  3695 QuicServer.cpp:268] No valid takenover fd found for address=127.0.0.1:4443. binding on worker=0x562ab5cc2940 workerId=2 processId=0
I1224 00:17:05.999586  3696 QuicServer.cpp:268] No valid takenover fd found for address=127.0.0.1:4443. binding on worker=0x562ab5cc2e20 workerId=3 processId=0
I1224 00:17:05.999752  3697 QuicServer.cpp:268] No valid takenover fd found for address=127.0.0.1:4443. binding on worker=0x562ab5cc3300 workerId=4 processId=0
I1224 00:17:05.999912  3698 QuicServer.cpp:268] No valid takenover fd found for address=127.0.0.1:4443. binding on worker=0x562ab5cc3800 workerId=5 processId=0
I1224 00:17:05.999941  3698 QuicServer.cpp:295] Initialized all workers in the eventbase
I1224 00:17:06.000097  3693 QuicServerWorker.cpp:134] Registered read on worker=0x562ab5cc1ec0, thread=140604435752704, processId=0
I1224 00:17:06.000139  3690 EchoServer.h:90] Echo server started at: 127.0.0.1:4443
I1224 00:17:06.000149  3690 EventBase.cpp:308] EventBase(): Starting loop.
I1224 00:17:06.000165  3694 QuicServerWorker.cpp:134] Registered read on worker=0x562ab5cc2500, thread=140604427360000, processId=0
I1224 00:17:06.000176  3695 QuicServerWorker.cpp:134] Registered read on worker=0x562ab5cc2940, thread=140604344366848, processId=0
I1224 00:17:06.000186  3698 QuicServerWorker.cpp:134] Registered read on worker=0x562ab5cc3800, thread=140604319188736, processId=0
I1224 00:17:06.000167  3696 QuicServerWorker.cpp:134] Registered read on worker=0x562ab5cc2e20, thread=140604335974144, processId=0
I1224 00:17:06.000236  3697 QuicServerWorker.cpp:134] Registered read on worker=0x562ab5cc3300, thread=140604327581440, processId=0
I1224 00:17:11.437052  3696 QuicServerWorker.cpp:227] Worker=0x562ab5cc2e20, Received data on thread=140604335974144, processId=0
I1224 00:17:11.437079  3696 LogQuicStats.h:24] server onPacketReceived
I1224 00:17:11.437086  3696 LogQuicStats.h:140] server onRead size=1232
W1224 00:17:11.437105  3696 Types.cpp:447] toString has unhandled version type
I1224 00:17:11.437100  3696 LogQuicStats.h:76] server onClientInitialReceived, version: UNKNOWN
I1224 00:17:11.437117  3696 QuicServerWorker.cpp:208] Version negotiation sent to client=127.0.0.1:4987
I1224 00:17:11.437126  3696 LogQuicStats.h:144] server onWrite size=43
I1224 00:17:11.437132  3696 LogQuicStats.h:36] server onPacketProcessed
I1224 00:17:11.437137  3696 LogQuicStats.h:40] server onPacketSent
I1224 00:17:11.601759  3696 QuicServerWorker.cpp:227] Worker=0x562ab5cc2e20, Received data on thread=140604335974144, processId=0
I1224 00:17:11.601788  3696 LogQuicStats.h:24] server onPacketReceived
I1224 00:17:11.601795  3696 LogQuicStats.h:140] server onRead size=1232
I1224 00:17:11.601804  3696 LogQuicStats.h:76] server onClientInitialReceived, version: QUIC_DRAFT
I1224 00:17:11.601814  3696 QuicServerWorker.cpp:545] Creating new connection for client=127.0.0.1:4987, routingInfo=CID=0000000000000000, cidVersion=1, workerId=3, processId=0, hostId=0, threadId=140604335974144, 
I1224 00:17:11.601931  3696 LogQuicStats.h:118] server onStatelessReset
I1224 00:17:11.601959  3696 StateMachine-inl.h:41] Transition from Uninitialized to ExpectingClientHello
I1224 00:17:11.602025  3696 LogQuicStats.h:32] server onOutOfOrderPacketReceived
I1224 00:17:11.602032  3696 ServerStateMachine.cpp:952] Server received crypto data offset=0 len=391 currentReadOffset=0 client CID=0000000000000003 server CID=400000d252143567 peer address=127.0.0.1:4987
I1224 00:17:11.602054  3696 RecordLayer.cpp:82] Received handshake message ClientHello
I1224 00:17:11.602147  3696 ServerHandshake.cpp:167] ServerHandshake error fizz::FizzException: no psk modes
I1224 00:17:11.602193  3696 QuicTransportBase.cpp:1870] onNetworkData fizz::FizzException: no psk modes client CID=0000000000000003 server CID=400000d252143567 peer address=127.0.0.1:4987
I1224 00:17:11.602207  3696 QuicTransportBase.cpp:400] Stopping read looper due to immediate close client CID=0000000000000003 server CID=400000d252143567 peer address=127.0.0.1:4987
I1224 00:17:11.602216  3696 FunctionLooper.cpp:88] stop: ReadLooper
I1224 00:17:11.602221  3696 FunctionLooper.cpp:88] stop: PeekLooper
I1224 00:17:11.602227  3696 FunctionLooper.cpp:88] stop: WriteLooper
I1224 00:17:11.602239  3696 QuicTransportBase.cpp:2651] Clearing 0 peek callbacks
I1224 00:17:11.602245  3696 QuicTransportBase.cpp:852] Stopping read looper client CID=0000000000000003 server CID=400000d252143567 peer address=127.0.0.1:4987
I1224 00:17:11.602252  3696 FunctionLooper.cpp:88] stop: ReadLooper
I1224 00:17:11.602258  3696 QuicTransportBase.cpp:1196] Stopping peek looper client CID=0000000000000003 server CID=400000d252143567 peer address=127.0.0.1:4987
I1224 00:17:11.602265  3696 FunctionLooper.cpp:88] stop: PeekLooper
I1224 00:17:11.602272  3696 QuicTransportBase.cpp:1233] Server stopping write looper because conn closed client CID=0000000000000003 server CID=400000d252143567 peer address=127.0.0.1:4987
I1224 00:17:11.602278  3696 FunctionLooper.cpp:88] stop: WriteLooper
E1224 00:17:11.602285  3696 EchoHandler.h:53] Socket error=Crypto error: missing_extension
I1224 00:17:11.602304  3696 QuicTransportFunctions.cpp:1063] Server sent close packetNum=12685034 in space=InitialSpace client CID=0000000000000003 server CID=400000d252143567 peer address=127.0.0.1:4987
I1224 00:17:11.602335  3696 LogQuicStats.h:144] server onWrite size=83
I1224 00:17:11.602346  3696 QuicTransportBase.cpp:852] Stopping read looper client CID=0000000000000003 server CID=400000d252143567 peer address=127.0.0.1:4987
I1224 00:17:11.602355  3696 FunctionLooper.cpp:88] stop: ReadLooper
I1224 00:17:11.602360  3696 QuicTransportBase.cpp:1196] Stopping peek looper client CID=0000000000000003 server CID=400000d252143567 peer address=127.0.0.1:4987
I1224 00:17:11.602367  3696 FunctionLooper.cpp:88] stop: PeekLooper
I1224 00:17:11.602373  3696 QuicTransportBase.cpp:1233] Server stopping write looper because conn closed client CID=0000000000000003 server CID=400000d252143567 peer address=127.0.0.1:4987
I1224 00:17:11.602380  3696 FunctionLooper.cpp:88] stop: WriteLooper
*** Aborted at 1640305031 (Unix time, try 'date -d @1640305031') ***
*** Signal 15 (SIGTERM) (0xe67) received by PID 3690 (pthread TID 0x7fe108bd4ec0) (linux TID 3690) (maybe from PID 3687, UID 0) (code: 0), stack trace: ***
(error retrieving stack trace)
