I1223 18:27:47.949240  9379 EventBase.cpp:308] EventBase(): Starting loop.
I1223 18:27:47.949482  9380 EventBase.cpp:308] EventBase(): Starting loop.
I1223 18:27:47.949600  9381 EventBase.cpp:308] EventBase(): Starting loop.
I1223 18:27:47.949723  9382 EventBase.cpp:308] EventBase(): Starting loop.
I1223 18:27:47.951323  9383 EventBase.cpp:308] EventBase(): Starting loop.
I1223 18:27:47.955071  9384 EventBase.cpp:308] EventBase(): Starting loop.
I1223 18:27:47.955273  9379 QuicServer.cpp:268] No valid takenover fd found for address=127.0.0.1:4443. binding on worker=0x560bb0695040 workerId=0 processId=0
I1223 18:27:47.955478  9380 QuicServer.cpp:268] No valid takenover fd found for address=127.0.0.1:4443. binding on worker=0x560bb0695680 workerId=1 processId=0
I1223 18:27:47.955634  9381 QuicServer.cpp:268] No valid takenover fd found for address=127.0.0.1:4443. binding on worker=0x560bb0695b30 workerId=2 processId=0
I1223 18:27:47.955785  9382 QuicServer.cpp:268] No valid takenover fd found for address=127.0.0.1:4443. binding on worker=0x560bb0696010 workerId=3 processId=0
I1223 18:27:47.955940  9383 QuicServer.cpp:268] No valid takenover fd found for address=127.0.0.1:4443. binding on worker=0x560bb06964f0 workerId=4 processId=0
I1223 18:27:47.956099  9384 QuicServer.cpp:268] No valid takenover fd found for address=127.0.0.1:4443. binding on worker=0x560bb06969f0 workerId=5 processId=0
I1223 18:27:47.956126  9384 QuicServer.cpp:295] Initialized all workers in the eventbase
I1223 18:27:47.956226  9376 EchoServer.h:90] Echo server started at: 127.0.0.1:4443
I1223 18:27:47.956277  9376 EventBase.cpp:308] EventBase(): Starting loop.
I1223 18:27:47.956319  9382 QuicServerWorker.cpp:134] Registered read on worker=0x560bb0696010, thread=140268154636032, processId=0
I1223 18:27:47.956331  9380 QuicServerWorker.cpp:134] Registered read on worker=0x560bb0695680, thread=140268171421440, processId=0
I1223 18:27:47.956368  9381 QuicServerWorker.cpp:134] Registered read on worker=0x560bb0695b30, thread=140268163028736, processId=0
I1223 18:27:47.956321  9379 QuicServerWorker.cpp:134] Registered read on worker=0x560bb0695040, thread=140268179814144, processId=0
I1223 18:27:47.956429  9383 QuicServerWorker.cpp:134] Registered read on worker=0x560bb06964f0, thread=140268146243328, processId=0
I1223 18:27:47.956454  9384 QuicServerWorker.cpp:134] Registered read on worker=0x560bb06969f0, thread=140268137850624, processId=0
I1223 18:27:53.682567  9382 QuicServerWorker.cpp:227] Worker=0x560bb0696010, Received data on thread=140268154636032, processId=0
I1223 18:27:53.682595  9382 LogQuicStats.h:24] server onPacketReceived
I1223 18:27:53.682603  9382 LogQuicStats.h:140] server onRead size=1232
I1223 18:27:53.682619  9382 LogQuicStats.h:76] server onClientInitialReceived, version: QUIC_DRAFT
I1223 18:27:53.682631  9382 QuicServerWorker.cpp:545] Creating new connection for client=127.0.0.1:4987, routingInfo=CID=0000000000000002, cidVersion=1, workerId=3, processId=0, hostId=0, threadId=140268154636032, 
I1223 18:27:53.682751  9382 LogQuicStats.h:118] server onStatelessReset
I1223 18:27:53.682781  9382 StateMachine-inl.h:41] Transition from Uninitialized to ExpectingClientHello
I1223 18:27:53.682852  9382 LogQuicStats.h:32] server onOutOfOrderPacketReceived
I1223 18:27:53.682862  9382 ServerStateMachine.cpp:952] Server received crypto data offset=0 len=389 currentReadOffset=0 client CID=0000000000000001 server CID=400000cc26b41771 peer address=127.0.0.1:4987
I1223 18:27:53.682878  9382 RecordLayer.cpp:82] Received handshake message ClientHello
I1223 18:27:53.682979  9382 ServerHandshake.cpp:167] ServerHandshake error fizz::FizzException: no psk modes
I1223 18:27:53.683069  9382 QuicTransportBase.cpp:1870] onNetworkData fizz::FizzException: no psk modes client CID=0000000000000001 server CID=400000cc26b41771 peer address=127.0.0.1:4987
I1223 18:27:53.683094  9382 QuicTransportBase.cpp:400] Stopping read looper due to immediate close client CID=0000000000000001 server CID=400000cc26b41771 peer address=127.0.0.1:4987
I1223 18:27:53.683104  9382 FunctionLooper.cpp:88] stop: ReadLooper
I1223 18:27:53.683118  9382 FunctionLooper.cpp:88] stop: PeekLooper
I1223 18:27:53.683125  9382 FunctionLooper.cpp:88] stop: WriteLooper
I1223 18:27:53.683140  9382 QuicTransportBase.cpp:2651] Clearing 0 peek callbacks
I1223 18:27:53.683147  9382 QuicTransportBase.cpp:852] Stopping read looper client CID=0000000000000001 server CID=400000cc26b41771 peer address=127.0.0.1:4987
I1223 18:27:53.683154  9382 FunctionLooper.cpp:88] stop: ReadLooper
I1223 18:27:53.683161  9382 QuicTransportBase.cpp:1196] Stopping peek looper client CID=0000000000000001 server CID=400000cc26b41771 peer address=127.0.0.1:4987
I1223 18:27:53.683169  9382 FunctionLooper.cpp:88] stop: PeekLooper
I1223 18:27:53.683176  9382 QuicTransportBase.cpp:1233] Server stopping write looper because conn closed client CID=0000000000000001 server CID=400000cc26b41771 peer address=127.0.0.1:4987
I1223 18:27:53.683183  9382 FunctionLooper.cpp:88] stop: WriteLooper
E1223 18:27:53.683192  9382 EchoHandler.h:53] Socket error=Crypto error: missing_extension
I1223 18:27:53.683214  9382 QuicTransportFunctions.cpp:1063] Server sent close packetNum=2980390 in space=InitialSpace client CID=0000000000000001 server CID=400000cc26b41771 peer address=127.0.0.1:4987
I1223 18:27:53.683245  9382 LogQuicStats.h:144] server onWrite size=82
I1223 18:27:53.683259  9382 QuicTransportBase.cpp:852] Stopping read looper client CID=0000000000000001 server CID=400000cc26b41771 peer address=127.0.0.1:4987
I1223 18:27:53.683266  9382 FunctionLooper.cpp:88] stop: ReadLooper
I1223 18:27:53.683274  9382 QuicTransportBase.cpp:1196] Stopping peek looper client CID=0000000000000001 server CID=400000cc26b41771 peer address=127.0.0.1:4987
I1223 18:27:53.683280  9382 FunctionLooper.cpp:88] stop: PeekLooper
I1223 18:27:53.683287  9382 QuicTransportBase.cpp:1233] Server stopping write looper because conn closed client CID=0000000000000001 server CID=400000cc26b41771 peer address=127.0.0.1:4987
I1223 18:27:53.683295  9382 FunctionLooper.cpp:88] stop: WriteLooper
*** Aborted at 1640284073 (Unix time, try 'date -d @1640284073') ***
*** Signal 15 (SIGTERM) (0x249d) received by PID 9376 (pthread TID 0x7f92be52dec0) (linux TID 9376) (maybe from PID 9373, UID 0) (code: 0), stack trace: ***
(error retrieving stack trace)
