I1224 00:17:00.363760  3656 EventBase.cpp:308] EventBase(): Starting loop.
I1224 00:17:00.363941  3657 EventBase.cpp:308] EventBase(): Starting loop.
I1224 00:17:00.366972  3658 EventBase.cpp:308] EventBase(): Starting loop.
I1224 00:17:00.367147  3659 EventBase.cpp:308] EventBase(): Starting loop.
I1224 00:17:00.371424  3660 EventBase.cpp:308] EventBase(): Starting loop.
I1224 00:17:00.375253  3661 EventBase.cpp:308] EventBase(): Starting loop.
I1224 00:17:00.375409  3656 QuicServer.cpp:268] No valid takenover fd found for address=127.0.0.1:4443. binding on worker=0x55ec24417ec0 workerId=0 processId=0
I1224 00:17:00.375614  3657 QuicServer.cpp:268] No valid takenover fd found for address=127.0.0.1:4443. binding on worker=0x55ec24418500 workerId=1 processId=0
I1224 00:17:00.375720  3658 QuicServer.cpp:268] No valid takenover fd found for address=127.0.0.1:4443. binding on worker=0x55ec24418940 workerId=2 processId=0
I1224 00:17:00.375835  3659 QuicServer.cpp:268] No valid takenover fd found for address=127.0.0.1:4443. binding on worker=0x55ec24418e20 workerId=3 processId=0
I1224 00:17:00.375942  3660 QuicServer.cpp:268] No valid takenover fd found for address=127.0.0.1:4443. binding on worker=0x55ec24419300 workerId=4 processId=0
I1224 00:17:00.376042  3661 QuicServer.cpp:268] No valid takenover fd found for address=127.0.0.1:4443. binding on worker=0x55ec24419800 workerId=5 processId=0
I1224 00:17:00.376086  3661 QuicServer.cpp:295] Initialized all workers in the eventbase
I1224 00:17:00.376189  3653 EchoServer.h:90] Echo server started at: 127.0.0.1:4443
I1224 00:17:00.376233  3653 EventBase.cpp:308] EventBase(): Starting loop.
I1224 00:17:00.376271  3656 QuicServerWorker.cpp:134] Registered read on worker=0x55ec24417ec0, thread=140570315450112, processId=0
I1224 00:17:00.376279  3659 QuicServerWorker.cpp:134] Registered read on worker=0x55ec24418e20, thread=140570290272000, processId=0
I1224 00:17:00.376312  3660 QuicServerWorker.cpp:134] Registered read on worker=0x55ec24419300, thread=140570281879296, processId=0
I1224 00:17:00.376282  3657 QuicServerWorker.cpp:134] Registered read on worker=0x55ec24418500, thread=140570307057408, processId=0
I1224 00:17:00.376317  3661 QuicServerWorker.cpp:134] Registered read on worker=0x55ec24419800, thread=140570273486592, processId=0
I1224 00:17:00.376271  3658 QuicServerWorker.cpp:134] Registered read on worker=0x55ec24418940, thread=140570298664704, processId=0
I1224 00:17:05.744316  3659 QuicServerWorker.cpp:227] Worker=0x55ec24418e20, Received data on thread=140570290272000, processId=0
I1224 00:17:05.744345  3659 LogQuicStats.h:24] server onPacketReceived
I1224 00:17:05.744354  3659 LogQuicStats.h:140] server onRead size=1232
W1224 00:17:05.744374  3659 Types.cpp:447] toString has unhandled version type
I1224 00:17:05.744369  3659 LogQuicStats.h:76] server onClientInitialReceived, version: UNKNOWN
I1224 00:17:05.744390  3659 QuicServerWorker.cpp:208] Version negotiation sent to client=127.0.0.1:4987
I1224 00:17:05.744400  3659 LogQuicStats.h:144] server onWrite size=43
I1224 00:17:05.744406  3659 LogQuicStats.h:36] server onPacketProcessed
I1224 00:17:05.744411  3659 LogQuicStats.h:40] server onPacketSent
I1224 00:17:05.910364  3659 QuicServerWorker.cpp:227] Worker=0x55ec24418e20, Received data on thread=140570290272000, processId=0
I1224 00:17:05.910394  3659 LogQuicStats.h:24] server onPacketReceived
I1224 00:17:05.910403  3659 LogQuicStats.h:140] server onRead size=1232
I1224 00:17:05.910410  3659 LogQuicStats.h:76] server onClientInitialReceived, version: QUIC_DRAFT
I1224 00:17:05.910420  3659 QuicServerWorker.cpp:545] Creating new connection for client=127.0.0.1:4987, routingInfo=CID=0000000000000000, cidVersion=1, workerId=3, processId=0, hostId=0, threadId=140570290272000, 
I1224 00:17:05.910531  3659 LogQuicStats.h:118] server onStatelessReset
I1224 00:17:05.910560  3659 StateMachine-inl.h:41] Transition from Uninitialized to ExpectingClientHello
I1224 00:17:05.910630  3659 LogQuicStats.h:32] server onOutOfOrderPacketReceived
I1224 00:17:05.910640  3659 ServerStateMachine.cpp:952] Server received crypto data offset=0 len=389 currentReadOffset=0 client CID=0000000000000003 server CID=400000cbff53ab4d peer address=127.0.0.1:4987
I1224 00:17:05.910665  3659 RecordLayer.cpp:82] Received handshake message ClientHello
I1224 00:17:05.910771  3659 ServerHandshake.cpp:167] ServerHandshake error fizz::FizzException: no psk modes
I1224 00:17:05.910815  3659 QuicTransportBase.cpp:1870] onNetworkData fizz::FizzException: no psk modes client CID=0000000000000003 server CID=400000cbff53ab4d peer address=127.0.0.1:4987
I1224 00:17:05.910830  3659 QuicTransportBase.cpp:400] Stopping read looper due to immediate close client CID=0000000000000003 server CID=400000cbff53ab4d peer address=127.0.0.1:4987
I1224 00:17:05.910838  3659 FunctionLooper.cpp:88] stop: ReadLooper
I1224 00:17:05.910845  3659 FunctionLooper.cpp:88] stop: PeekLooper
I1224 00:17:05.910854  3659 FunctionLooper.cpp:88] stop: WriteLooper
I1224 00:17:05.910866  3659 QuicTransportBase.cpp:2651] Clearing 0 peek callbacks
I1224 00:17:05.910873  3659 QuicTransportBase.cpp:852] Stopping read looper client CID=0000000000000003 server CID=400000cbff53ab4d peer address=127.0.0.1:4987
I1224 00:17:05.910881  3659 FunctionLooper.cpp:88] stop: ReadLooper
I1224 00:17:05.910887  3659 QuicTransportBase.cpp:1196] Stopping peek looper client CID=0000000000000003 server CID=400000cbff53ab4d peer address=127.0.0.1:4987
I1224 00:17:05.910894  3659 FunctionLooper.cpp:88] stop: PeekLooper
I1224 00:17:05.910902  3659 QuicTransportBase.cpp:1233] Server stopping write looper because conn closed client CID=0000000000000003 server CID=400000cbff53ab4d peer address=127.0.0.1:4987
I1224 00:17:05.910908  3659 FunctionLooper.cpp:88] stop: WriteLooper
E1224 00:17:05.910915  3659 EchoHandler.h:53] Socket error=Crypto error: missing_extension
I1224 00:17:05.910935  3659 QuicTransportFunctions.cpp:1063] Server sent close packetNum=14237544 in space=InitialSpace client CID=0000000000000003 server CID=400000cbff53ab4d peer address=127.0.0.1:4987
I1224 00:17:05.911000  3659 LogQuicStats.h:144] server onWrite size=83
I1224 00:17:05.911018  3659 QuicTransportBase.cpp:852] Stopping read looper client CID=0000000000000003 server CID=400000cbff53ab4d peer address=127.0.0.1:4987
I1224 00:17:05.911027  3659 FunctionLooper.cpp:88] stop: ReadLooper
I1224 00:17:05.911034  3659 QuicTransportBase.cpp:1196] Stopping peek looper client CID=0000000000000003 server CID=400000cbff53ab4d peer address=127.0.0.1:4987
I1224 00:17:05.911041  3659 FunctionLooper.cpp:88] stop: PeekLooper
I1224 00:17:05.911047  3659 QuicTransportBase.cpp:1233] Server stopping write looper because conn closed client CID=0000000000000003 server CID=400000cbff53ab4d peer address=127.0.0.1:4987
I1224 00:17:05.911054  3659 FunctionLooper.cpp:88] stop: WriteLooper
*** Aborted at 1640305025 (Unix time, try 'date -d @1640305025') ***
*** Signal 15 (SIGTERM) (0xe42) received by PID 3653 (pthread TID 0x7fd91702cec0) (linux TID 3653) (maybe from PID 3650, UID 0) (code: 0), stack trace: ***
(error retrieving stack trace)
