I1224 00:16:26.228133  3434 EventBase.cpp:308] EventBase(): Starting loop.
I1224 00:16:26.228320  3435 EventBase.cpp:308] EventBase(): Starting loop.
I1224 00:16:26.231366  3436 EventBase.cpp:308] EventBase(): Starting loop.
I1224 00:16:26.235219  3437 EventBase.cpp:308] EventBase(): Starting loop.
I1224 00:16:26.236625  3438 EventBase.cpp:308] EventBase(): Starting loop.
I1224 00:16:26.236733  3439 EventBase.cpp:308] EventBase(): Starting loop.
I1224 00:16:26.236897  3434 QuicServer.cpp:268] No valid takenover fd found for address=127.0.0.1:4443. binding on worker=0x55d02cf17ec0 workerId=0 processId=0
I1224 00:16:26.237082  3435 QuicServer.cpp:268] No valid takenover fd found for address=127.0.0.1:4443. binding on worker=0x55d02cf18500 workerId=1 processId=0
I1224 00:16:26.237152  3436 QuicServer.cpp:268] No valid takenover fd found for address=127.0.0.1:4443. binding on worker=0x55d02cf18940 workerId=2 processId=0
I1224 00:16:26.237257  3437 QuicServer.cpp:268] No valid takenover fd found for address=127.0.0.1:4443. binding on worker=0x55d02cf18e20 workerId=3 processId=0
I1224 00:16:26.237370  3438 QuicServer.cpp:268] No valid takenover fd found for address=127.0.0.1:4443. binding on worker=0x55d02cf19300 workerId=4 processId=0
I1224 00:16:26.237493  3439 QuicServer.cpp:268] No valid takenover fd found for address=127.0.0.1:4443. binding on worker=0x55d02cf19800 workerId=5 processId=0
I1224 00:16:26.237519  3439 QuicServer.cpp:295] Initialized all workers in the eventbase
I1224 00:16:26.237578  3431 EchoServer.h:90] Echo server started at: 127.0.0.1:4443
I1224 00:16:26.237593  3431 EventBase.cpp:308] EventBase(): Starting loop.
I1224 00:16:26.237687  3436 QuicServerWorker.cpp:134] Registered read on worker=0x55d02cf18940, thread=140604957214464, processId=0
I1224 00:16:26.237691  3438 QuicServerWorker.cpp:134] Registered read on worker=0x55d02cf19300, thread=140604738627328, processId=0
I1224 00:16:26.237704  3435 QuicServerWorker.cpp:134] Registered read on worker=0x55d02cf18500, thread=140604965607168, processId=0
I1224 00:16:26.237694  3434 QuicServerWorker.cpp:134] Registered read on worker=0x55d02cf17ec0, thread=140604973999872, processId=0
I1224 00:16:26.237749  3437 QuicServerWorker.cpp:134] Registered read on worker=0x55d02cf18e20, thread=140604747020032, processId=0
I1224 00:16:26.237733  3439 QuicServerWorker.cpp:134] Registered read on worker=0x55d02cf19800, thread=140604730234624, processId=0
I1224 00:16:31.662153  3437 QuicServerWorker.cpp:227] Worker=0x55d02cf18e20, Received data on thread=140604747020032, processId=0
I1224 00:16:31.662181  3437 LogQuicStats.h:24] server onPacketReceived
I1224 00:16:31.662189  3437 LogQuicStats.h:140] server onRead size=1232
W1224 00:16:31.662209  3437 Types.cpp:447] toString has unhandled version type
I1224 00:16:31.662204  3437 LogQuicStats.h:76] server onClientInitialReceived, version: UNKNOWN
I1224 00:16:31.662225  3437 QuicServerWorker.cpp:208] Version negotiation sent to client=127.0.0.1:4987
I1224 00:16:31.662235  3437 LogQuicStats.h:144] server onWrite size=43
I1224 00:16:31.662241  3437 LogQuicStats.h:36] server onPacketProcessed
I1224 00:16:31.662247  3437 LogQuicStats.h:40] server onPacketSent
I1224 00:16:31.888608  3437 QuicServerWorker.cpp:227] Worker=0x55d02cf18e20, Received data on thread=140604747020032, processId=0
I1224 00:16:31.888638  3437 LogQuicStats.h:24] server onPacketReceived
I1224 00:16:31.888644  3437 LogQuicStats.h:140] server onRead size=1232
I1224 00:16:31.888653  3437 LogQuicStats.h:76] server onClientInitialReceived, version: QUIC_DRAFT
I1224 00:16:31.888662  3437 QuicServerWorker.cpp:545] Creating new connection for client=127.0.0.1:4987, routingInfo=CID=0000000000000000, cidVersion=1, workerId=3, processId=0, hostId=0, threadId=140604747020032, 
I1224 00:16:31.888770  3437 LogQuicStats.h:118] server onStatelessReset
I1224 00:16:31.888793  3437 StateMachine-inl.h:41] Transition from Uninitialized to ExpectingClientHello
I1224 00:16:31.888860  3437 LogQuicStats.h:32] server onOutOfOrderPacketReceived
I1224 00:16:31.888868  3437 ServerStateMachine.cpp:952] Server received crypto data offset=0 len=389 currentReadOffset=0 client CID=0000000000000003 server CID=400000c267bc0df8 peer address=127.0.0.1:4987
I1224 00:16:31.888890  3437 RecordLayer.cpp:82] Received handshake message ClientHello
I1224 00:16:31.888983  3437 ServerHandshake.cpp:167] ServerHandshake error fizz::FizzException: no psk modes
I1224 00:16:31.889024  3437 QuicTransportBase.cpp:1870] onNetworkData fizz::FizzException: no psk modes client CID=0000000000000003 server CID=400000c267bc0df8 peer address=127.0.0.1:4987
I1224 00:16:31.889037  3437 QuicTransportBase.cpp:400] Stopping read looper due to immediate close client CID=0000000000000003 server CID=400000c267bc0df8 peer address=127.0.0.1:4987
I1224 00:16:31.889045  3437 FunctionLooper.cpp:88] stop: ReadLooper
I1224 00:16:31.889051  3437 FunctionLooper.cpp:88] stop: PeekLooper
I1224 00:16:31.889056  3437 FunctionLooper.cpp:88] stop: WriteLooper
I1224 00:16:31.889067  3437 QuicTransportBase.cpp:2651] Clearing 0 peek callbacks
I1224 00:16:31.889075  3437 QuicTransportBase.cpp:852] Stopping read looper client CID=0000000000000003 server CID=400000c267bc0df8 peer address=127.0.0.1:4987
I1224 00:16:31.889081  3437 FunctionLooper.cpp:88] stop: ReadLooper
I1224 00:16:31.889086  3437 QuicTransportBase.cpp:1196] Stopping peek looper client CID=0000000000000003 server CID=400000c267bc0df8 peer address=127.0.0.1:4987
I1224 00:16:31.889093  3437 FunctionLooper.cpp:88] stop: PeekLooper
I1224 00:16:31.889099  3437 QuicTransportBase.cpp:1233] Server stopping write looper because conn closed client CID=0000000000000003 server CID=400000c267bc0df8 peer address=127.0.0.1:4987
I1224 00:16:31.889127  3437 FunctionLooper.cpp:88] stop: WriteLooper
E1224 00:16:31.889180  3437 EchoHandler.h:53] Socket error=Crypto error: missing_extension
I1224 00:16:31.889236  3437 QuicTransportFunctions.cpp:1063] Server sent close packetNum=15980153 in space=InitialSpace client CID=0000000000000003 server CID=400000c267bc0df8 peer address=127.0.0.1:4987
I1224 00:16:31.889259  3437 LogQuicStats.h:144] server onWrite size=83
I1224 00:16:31.889271  3437 QuicTransportBase.cpp:852] Stopping read looper client CID=0000000000000003 server CID=400000c267bc0df8 peer address=127.0.0.1:4987
I1224 00:16:31.889277  3437 FunctionLooper.cpp:88] stop: ReadLooper
I1224 00:16:31.889283  3437 QuicTransportBase.cpp:1196] Stopping peek looper client CID=0000000000000003 server CID=400000c267bc0df8 peer address=127.0.0.1:4987
I1224 00:16:31.889289  3437 FunctionLooper.cpp:88] stop: PeekLooper
I1224 00:16:31.889295  3437 QuicTransportBase.cpp:1233] Server stopping write looper because conn closed client CID=0000000000000003 server CID=400000c267bc0df8 peer address=127.0.0.1:4987
I1224 00:16:31.889302  3437 FunctionLooper.cpp:88] stop: WriteLooper
*** Aborted at 1640304991 (Unix time, try 'date -d @1640304991') ***
*** Signal 15 (SIGTERM) (0xd64) received by PID 3431 (pthread TID 0x7fe128d24ec0) (linux TID 3431) (maybe from PID 3428, UID 0) (code: 0), stack trace: ***
(error retrieving stack trace)
