I1224 00:16:14.918979  3360 EventBase.cpp:308] EventBase(): Starting loop.
I1224 00:16:14.923899  3361 EventBase.cpp:308] EventBase(): Starting loop.
I1224 00:16:14.927490  3362 EventBase.cpp:308] EventBase(): Starting loop.
I1224 00:16:14.928522  3363 EventBase.cpp:308] EventBase(): Starting loop.
I1224 00:16:14.928674  3364 EventBase.cpp:308] EventBase(): Starting loop.
I1224 00:16:14.928956  3365 EventBase.cpp:308] EventBase(): Starting loop.
I1224 00:16:14.929111  3360 QuicServer.cpp:268] No valid takenover fd found for address=127.0.0.1:4443. binding on worker=0x564a0bea2ec0 workerId=0 processId=0
I1224 00:16:14.929286  3361 QuicServer.cpp:268] No valid takenover fd found for address=127.0.0.1:4443. binding on worker=0x564a0bea3500 workerId=1 processId=0
I1224 00:16:14.929447  3362 QuicServer.cpp:268] No valid takenover fd found for address=127.0.0.1:4443. binding on worker=0x564a0bea3940 workerId=2 processId=0
I1224 00:16:14.929610  3363 QuicServer.cpp:268] No valid takenover fd found for address=127.0.0.1:4443. binding on worker=0x564a0bea3e20 workerId=3 processId=0
I1224 00:16:14.929771  3364 QuicServer.cpp:268] No valid takenover fd found for address=127.0.0.1:4443. binding on worker=0x564a0bea4300 workerId=4 processId=0
I1224 00:16:14.929930  3365 QuicServer.cpp:268] No valid takenover fd found for address=127.0.0.1:4443. binding on worker=0x564a0bea4800 workerId=5 processId=0
I1224 00:16:14.929980  3365 QuicServer.cpp:295] Initialized all workers in the eventbase
I1224 00:16:14.930073  3357 EchoServer.h:90] Echo server started at: 127.0.0.1:4443
I1224 00:16:14.930090  3357 EventBase.cpp:308] EventBase(): Starting loop.
I1224 00:16:14.930184  3361 QuicServerWorker.cpp:134] Registered read on worker=0x564a0bea3500, thread=139669486589696, processId=0
I1224 00:16:14.930222  3363 QuicServerWorker.cpp:134] Registered read on worker=0x564a0bea3e20, thread=139669469804288, processId=0
I1224 00:16:14.930186  3360 QuicServerWorker.cpp:134] Registered read on worker=0x564a0bea2ec0, thread=139669494982400, processId=0
I1224 00:16:14.930245  3364 QuicServerWorker.cpp:134] Registered read on worker=0x564a0bea4300, thread=139669461411584, processId=0
I1224 00:16:14.930199  3362 QuicServerWorker.cpp:134] Registered read on worker=0x564a0bea3940, thread=139669478196992, processId=0
I1224 00:16:14.930256  3365 QuicServerWorker.cpp:134] Registered read on worker=0x564a0bea4800, thread=139669115238144, processId=0
I1224 00:16:20.274147  3363 QuicServerWorker.cpp:227] Worker=0x564a0bea3e20, Received data on thread=139669469804288, processId=0
I1224 00:16:20.274178  3363 LogQuicStats.h:24] server onPacketReceived
I1224 00:16:20.274186  3363 LogQuicStats.h:140] server onRead size=1232
W1224 00:16:20.274207  3363 Types.cpp:447] toString has unhandled version type
I1224 00:16:20.274202  3363 LogQuicStats.h:76] server onClientInitialReceived, version: UNKNOWN
I1224 00:16:20.274219  3363 QuicServerWorker.cpp:208] Version negotiation sent to client=127.0.0.1:4987
I1224 00:16:20.274230  3363 LogQuicStats.h:144] server onWrite size=43
I1224 00:16:20.274235  3363 LogQuicStats.h:36] server onPacketProcessed
I1224 00:16:20.274242  3363 LogQuicStats.h:40] server onPacketSent
I1224 00:16:20.461639  3363 QuicServerWorker.cpp:227] Worker=0x564a0bea3e20, Received data on thread=139669469804288, processId=0
I1224 00:16:20.461668  3363 LogQuicStats.h:24] server onPacketReceived
I1224 00:16:20.461675  3363 LogQuicStats.h:140] server onRead size=1232
I1224 00:16:20.461683  3363 LogQuicStats.h:76] server onClientInitialReceived, version: QUIC_DRAFT
I1224 00:16:20.461694  3363 QuicServerWorker.cpp:545] Creating new connection for client=127.0.0.1:4987, routingInfo=CID=0000000000000000, cidVersion=1, workerId=3, processId=0, hostId=0, threadId=139669469804288, 
I1224 00:16:20.461807  3363 LogQuicStats.h:118] server onStatelessReset
I1224 00:16:20.461836  3363 StateMachine-inl.h:41] Transition from Uninitialized to ExpectingClientHello
I1224 00:16:20.461905  3363 LogQuicStats.h:32] server onOutOfOrderPacketReceived
I1224 00:16:20.461915  3363 ServerStateMachine.cpp:952] Server received crypto data offset=0 len=391 currentReadOffset=0 client CID=0000000000000003 server CID=400000cc8511db58 peer address=127.0.0.1:4987
I1224 00:16:20.461937  3363 RecordLayer.cpp:82] Received handshake message ClientHello
I1224 00:16:20.462054  3363 ServerHandshake.cpp:167] ServerHandshake error fizz::FizzException: no psk modes
I1224 00:16:20.462106  3363 QuicTransportBase.cpp:1870] onNetworkData fizz::FizzException: no psk modes client CID=0000000000000003 server CID=400000cc8511db58 peer address=127.0.0.1:4987
I1224 00:16:20.462122  3363 QuicTransportBase.cpp:400] Stopping read looper due to immediate close client CID=0000000000000003 server CID=400000cc8511db58 peer address=127.0.0.1:4987
I1224 00:16:20.462131  3363 FunctionLooper.cpp:88] stop: ReadLooper
I1224 00:16:20.462136  3363 FunctionLooper.cpp:88] stop: PeekLooper
I1224 00:16:20.462142  3363 FunctionLooper.cpp:88] stop: WriteLooper
I1224 00:16:20.462154  3363 QuicTransportBase.cpp:2651] Clearing 0 peek callbacks
I1224 00:16:20.462162  3363 QuicTransportBase.cpp:852] Stopping read looper client CID=0000000000000003 server CID=400000cc8511db58 peer address=127.0.0.1:4987
I1224 00:16:20.462168  3363 FunctionLooper.cpp:88] stop: ReadLooper
I1224 00:16:20.462174  3363 QuicTransportBase.cpp:1196] Stopping peek looper client CID=0000000000000003 server CID=400000cc8511db58 peer address=127.0.0.1:4987
I1224 00:16:20.462181  3363 FunctionLooper.cpp:88] stop: PeekLooper
I1224 00:16:20.462188  3363 QuicTransportBase.cpp:1233] Server stopping write looper because conn closed client CID=0000000000000003 server CID=400000cc8511db58 peer address=127.0.0.1:4987
I1224 00:16:20.462194  3363 FunctionLooper.cpp:88] stop: WriteLooper
E1224 00:16:20.462201  3363 EchoHandler.h:53] Socket error=Crypto error: missing_extension
I1224 00:16:20.462222  3363 QuicTransportFunctions.cpp:1063] Server sent close packetNum=11220792 in space=InitialSpace client CID=0000000000000003 server CID=400000cc8511db58 peer address=127.0.0.1:4987
I1224 00:16:20.462246  3363 LogQuicStats.h:144] server onWrite size=83
I1224 00:16:20.462257  3363 QuicTransportBase.cpp:852] Stopping read looper client CID=0000000000000003 server CID=400000cc8511db58 peer address=127.0.0.1:4987
I1224 00:16:20.462265  3363 FunctionLooper.cpp:88] stop: ReadLooper
I1224 00:16:20.462271  3363 QuicTransportBase.cpp:1196] Stopping peek looper client CID=0000000000000003 server CID=400000cc8511db58 peer address=127.0.0.1:4987
I1224 00:16:20.462278  3363 FunctionLooper.cpp:88] stop: PeekLooper
I1224 00:16:20.462285  3363 QuicTransportBase.cpp:1233] Server stopping write looper because conn closed client CID=0000000000000003 server CID=400000cc8511db58 peer address=127.0.0.1:4987
I1224 00:16:20.462291  3363 FunctionLooper.cpp:88] stop: WriteLooper
*** Aborted at 1640304980 (Unix time, try 'date -d @1640304980') ***
*** Signal 15 (SIGTERM) (0xd1a) received by PID 3357 (pthread TID 0x7f0759ed4ec0) (linux TID 3357) (maybe from PID 3354, UID 0) (code: 0), stack trace: ***
(error retrieving stack trace)
