I1224 00:17:39.976382  3915 EventBase.cpp:308] EventBase(): Starting loop.
I1224 00:17:39.979454  3916 EventBase.cpp:308] EventBase(): Starting loop.
I1224 00:17:39.983032  3917 EventBase.cpp:308] EventBase(): Starting loop.
I1224 00:17:39.987457  3918 EventBase.cpp:308] EventBase(): Starting loop.
I1224 00:17:39.987972  3919 EventBase.cpp:308] EventBase(): Starting loop.
I1224 00:17:39.991273  3920 EventBase.cpp:308] EventBase(): Starting loop.
I1224 00:17:39.991431  3915 QuicServer.cpp:268] No valid takenover fd found for address=127.0.0.1:4443. binding on worker=0x55ac7bb72ec0 workerId=0 processId=0
I1224 00:17:39.991619  3916 QuicServer.cpp:268] No valid takenover fd found for address=127.0.0.1:4443. binding on worker=0x55ac7bb73500 workerId=1 processId=0
I1224 00:17:39.991726  3917 QuicServer.cpp:268] No valid takenover fd found for address=127.0.0.1:4443. binding on worker=0x55ac7bb73940 workerId=2 processId=0
I1224 00:17:39.991833  3918 QuicServer.cpp:268] No valid takenover fd found for address=127.0.0.1:4443. binding on worker=0x55ac7bb73e20 workerId=3 processId=0
I1224 00:17:39.992003  3919 QuicServer.cpp:268] No valid takenover fd found for address=127.0.0.1:4443. binding on worker=0x55ac7bb74300 workerId=4 processId=0
I1224 00:17:39.992172  3920 QuicServer.cpp:268] No valid takenover fd found for address=127.0.0.1:4443. binding on worker=0x55ac7bb74800 workerId=5 processId=0
I1224 00:17:39.992202  3920 QuicServer.cpp:295] Initialized all workers in the eventbase
I1224 00:17:39.992305  3912 EchoServer.h:90] Echo server started at: 127.0.0.1:4443
I1224 00:17:39.992352  3912 EventBase.cpp:308] EventBase(): Starting loop.
I1224 00:17:39.992395  3917 QuicServerWorker.cpp:134] Registered read on worker=0x55ac7bb73940, thread=139667539883776, processId=0
I1224 00:17:39.992399  3916 QuicServerWorker.cpp:134] Registered read on worker=0x55ac7bb73500, thread=139667548276480, processId=0
I1224 00:17:39.992403  3918 QuicServerWorker.cpp:134] Registered read on worker=0x55ac7bb73e20, thread=139667531491072, processId=0
I1224 00:17:39.992491  3919 QuicServerWorker.cpp:134] Registered read on worker=0x55ac7bb74300, thread=139667523098368, processId=0
I1224 00:17:39.992396  3915 QuicServerWorker.cpp:134] Registered read on worker=0x55ac7bb72ec0, thread=139667556669184, processId=0
I1224 00:17:39.992522  3920 QuicServerWorker.cpp:134] Registered read on worker=0x55ac7bb74800, thread=139667514705664, processId=0
I1224 00:17:45.419009  3918 QuicServerWorker.cpp:227] Worker=0x55ac7bb73e20, Received data on thread=139667531491072, processId=0
I1224 00:17:45.419035  3918 LogQuicStats.h:24] server onPacketReceived
I1224 00:17:45.419046  3918 LogQuicStats.h:140] server onRead size=1232
W1224 00:17:45.419067  3918 Types.cpp:447] toString has unhandled version type
I1224 00:17:45.419062  3918 LogQuicStats.h:76] server onClientInitialReceived, version: UNKNOWN
I1224 00:17:45.419085  3918 QuicServerWorker.cpp:208] Version negotiation sent to client=127.0.0.1:4987
I1224 00:17:45.419093  3918 LogQuicStats.h:144] server onWrite size=43
I1224 00:17:45.419099  3918 LogQuicStats.h:36] server onPacketProcessed
I1224 00:17:45.419106  3918 LogQuicStats.h:40] server onPacketSent
I1224 00:17:45.607542  3918 QuicServerWorker.cpp:227] Worker=0x55ac7bb73e20, Received data on thread=139667531491072, processId=0
I1224 00:17:45.607565  3918 LogQuicStats.h:24] server onPacketReceived
I1224 00:17:45.607573  3918 LogQuicStats.h:140] server onRead size=1232
I1224 00:17:45.607580  3918 LogQuicStats.h:76] server onClientInitialReceived, version: QUIC_DRAFT
I1224 00:17:45.607590  3918 QuicServerWorker.cpp:545] Creating new connection for client=127.0.0.1:4987, routingInfo=CID=0000000000000000, cidVersion=1, workerId=3, processId=0, hostId=0, threadId=139667531491072, 
I1224 00:17:45.607700  3918 LogQuicStats.h:118] server onStatelessReset
I1224 00:17:45.607728  3918 StateMachine-inl.h:41] Transition from Uninitialized to ExpectingClientHello
I1224 00:17:45.607792  3918 LogQuicStats.h:32] server onOutOfOrderPacketReceived
I1224 00:17:45.607801  3918 ServerStateMachine.cpp:952] Server received crypto data offset=0 len=391 currentReadOffset=0 client CID=0000000000000003 server CID=400000d8e6cedf14 peer address=127.0.0.1:4987
I1224 00:17:45.607826  3918 RecordLayer.cpp:82] Received handshake message ClientHello
I1224 00:17:45.607945  3918 ServerHandshake.cpp:167] ServerHandshake error fizz::FizzException: no psk modes
I1224 00:17:45.608006  3918 QuicTransportBase.cpp:1870] onNetworkData fizz::FizzException: no psk modes client CID=0000000000000003 server CID=400000d8e6cedf14 peer address=127.0.0.1:4987
I1224 00:17:45.608024  3918 QuicTransportBase.cpp:400] Stopping read looper due to immediate close client CID=0000000000000003 server CID=400000d8e6cedf14 peer address=127.0.0.1:4987
I1224 00:17:45.608032  3918 FunctionLooper.cpp:88] stop: ReadLooper
I1224 00:17:45.608038  3918 FunctionLooper.cpp:88] stop: PeekLooper
I1224 00:17:45.608044  3918 FunctionLooper.cpp:88] stop: WriteLooper
I1224 00:17:45.608055  3918 QuicTransportBase.cpp:2651] Clearing 0 peek callbacks
I1224 00:17:45.608063  3918 QuicTransportBase.cpp:852] Stopping read looper client CID=0000000000000003 server CID=400000d8e6cedf14 peer address=127.0.0.1:4987
I1224 00:17:45.608069  3918 FunctionLooper.cpp:88] stop: ReadLooper
I1224 00:17:45.608075  3918 QuicTransportBase.cpp:1196] Stopping peek looper client CID=0000000000000003 server CID=400000d8e6cedf14 peer address=127.0.0.1:4987
I1224 00:17:45.608083  3918 FunctionLooper.cpp:88] stop: PeekLooper
I1224 00:17:45.608088  3918 QuicTransportBase.cpp:1233] Server stopping write looper because conn closed client CID=0000000000000003 server CID=400000d8e6cedf14 peer address=127.0.0.1:4987
I1224 00:17:45.608094  3918 FunctionLooper.cpp:88] stop: WriteLooper
E1224 00:17:45.608103  3918 EchoHandler.h:53] Socket error=Crypto error: missing_extension
I1224 00:17:45.608122  3918 QuicTransportFunctions.cpp:1063] Server sent close packetNum=6250946 in space=InitialSpace client CID=0000000000000003 server CID=400000d8e6cedf14 peer address=127.0.0.1:4987
I1224 00:17:45.608144  3918 LogQuicStats.h:144] server onWrite size=82
I1224 00:17:45.608155  3918 QuicTransportBase.cpp:852] Stopping read looper client CID=0000000000000003 server CID=400000d8e6cedf14 peer address=127.0.0.1:4987
I1224 00:17:45.608162  3918 FunctionLooper.cpp:88] stop: ReadLooper
I1224 00:17:45.608168  3918 QuicTransportBase.cpp:1196] Stopping peek looper client CID=0000000000000003 server CID=400000d8e6cedf14 peer address=127.0.0.1:4987
I1224 00:17:45.608175  3918 FunctionLooper.cpp:88] stop: PeekLooper
I1224 00:17:45.608180  3918 QuicTransportBase.cpp:1233] Server stopping write looper because conn closed client CID=0000000000000003 server CID=400000d8e6cedf14 peer address=127.0.0.1:4987
I1224 00:17:45.608186  3918 FunctionLooper.cpp:88] stop: WriteLooper
*** Aborted at 1640305065 (Unix time, try 'date -d @1640305065') ***
*** Signal 15 (SIGTERM) (0xf45) received by PID 3912 (pthread TID 0x7f06e664fec0) (linux TID 3912) (maybe from PID 3909, UID 0) (code: 0), stack trace: ***
(error retrieving stack trace)
