I1224 00:15:17.943104  2990 EventBase.cpp:308] EventBase(): Starting loop.
I1224 00:15:17.943295  2991 EventBase.cpp:308] EventBase(): Starting loop.
I1224 00:15:17.946915  2992 EventBase.cpp:308] EventBase(): Starting loop.
I1224 00:15:17.949324  2993 EventBase.cpp:308] EventBase(): Starting loop.
I1224 00:15:17.949452  2994 EventBase.cpp:308] EventBase(): Starting loop.
I1224 00:15:17.950871  2995 EventBase.cpp:308] EventBase(): Starting loop.
I1224 00:15:17.951089  2990 QuicServer.cpp:268] No valid takenover fd found for address=127.0.0.1:4443. binding on worker=0x5650664fcec0 workerId=0 processId=0
I1224 00:15:17.951293  2991 QuicServer.cpp:268] No valid takenover fd found for address=127.0.0.1:4443. binding on worker=0x5650664fd500 workerId=1 processId=0
I1224 00:15:17.951457  2992 QuicServer.cpp:268] No valid takenover fd found for address=127.0.0.1:4443. binding on worker=0x5650664fd940 workerId=2 processId=0
I1224 00:15:17.951570  2993 QuicServer.cpp:268] No valid takenover fd found for address=127.0.0.1:4443. binding on worker=0x5650664fde20 workerId=3 processId=0
I1224 00:15:17.951611  2994 QuicServer.cpp:268] No valid takenover fd found for address=127.0.0.1:4443. binding on worker=0x5650664fe300 workerId=4 processId=0
I1224 00:15:17.951715  2995 QuicServer.cpp:268] No valid takenover fd found for address=127.0.0.1:4443. binding on worker=0x5650664fe800 workerId=5 processId=0
I1224 00:15:17.951743  2995 QuicServer.cpp:295] Initialized all workers in the eventbase
I1224 00:15:17.951879  2994 QuicServerWorker.cpp:134] Registered read on worker=0x5650664fe300, thread=139989937538816, processId=0
I1224 00:15:17.951910  2990 QuicServerWorker.cpp:134] Registered read on worker=0x5650664fcec0, thread=139990043895552, processId=0
I1224 00:15:17.951920  2992 QuicServerWorker.cpp:134] Registered read on worker=0x5650664fd940, thread=139989954324224, processId=0
I1224 00:15:17.951926  2987 EchoServer.h:90] Echo server started at: 127.0.0.1:4443
I1224 00:15:17.951953  2995 QuicServerWorker.cpp:134] Registered read on worker=0x5650664fe800, thread=139989929146112, processId=0
I1224 00:15:17.951959  2987 EventBase.cpp:308] EventBase(): Starting loop.
I1224 00:15:17.951961  2991 QuicServerWorker.cpp:134] Registered read on worker=0x5650664fd500, thread=139989962716928, processId=0
I1224 00:15:17.951915  2993 QuicServerWorker.cpp:134] Registered read on worker=0x5650664fde20, thread=139989945931520, processId=0
I1224 00:15:23.312470  2993 QuicServerWorker.cpp:227] Worker=0x5650664fde20, Received data on thread=139989945931520, processId=0
I1224 00:15:23.312497  2993 LogQuicStats.h:24] server onPacketReceived
I1224 00:15:23.312505  2993 LogQuicStats.h:140] server onRead size=1232
W1224 00:15:23.312525  2993 Types.cpp:447] toString has unhandled version type
I1224 00:15:23.312520  2993 LogQuicStats.h:76] server onClientInitialReceived, version: UNKNOWN
I1224 00:15:23.312537  2993 QuicServerWorker.cpp:208] Version negotiation sent to client=127.0.0.1:4987
I1224 00:15:23.312547  2993 LogQuicStats.h:144] server onWrite size=43
I1224 00:15:23.312553  2993 LogQuicStats.h:36] server onPacketProcessed
I1224 00:15:23.312559  2993 LogQuicStats.h:40] server onPacketSent
I1224 00:15:23.596277  2993 QuicServerWorker.cpp:227] Worker=0x5650664fde20, Received data on thread=139989945931520, processId=0
I1224 00:15:23.596302  2993 LogQuicStats.h:24] server onPacketReceived
I1224 00:15:23.596309  2993 LogQuicStats.h:140] server onRead size=1232
I1224 00:15:23.596318  2993 LogQuicStats.h:76] server onClientInitialReceived, version: QUIC_DRAFT
I1224 00:15:23.596328  2993 QuicServerWorker.cpp:545] Creating new connection for client=127.0.0.1:4987, routingInfo=CID=0000000000000000, cidVersion=1, workerId=3, processId=0, hostId=0, threadId=139989945931520, 
I1224 00:15:23.596429  2993 LogQuicStats.h:118] server onStatelessReset
I1224 00:15:23.596458  2993 StateMachine-inl.h:41] Transition from Uninitialized to ExpectingClientHello
I1224 00:15:23.596524  2993 LogQuicStats.h:32] server onOutOfOrderPacketReceived
I1224 00:15:23.596532  2993 ServerStateMachine.cpp:952] Server received crypto data offset=0 len=389 currentReadOffset=0 client CID=0000000000000003 server CID=400000dfd9f23f21 peer address=127.0.0.1:4987
I1224 00:15:23.596560  2993 RecordLayer.cpp:82] Received handshake message ClientHello
I1224 00:15:23.596704  2993 ServerHandshake.cpp:167] ServerHandshake error fizz::FizzException: no psk modes
I1224 00:15:23.596753  2993 QuicTransportBase.cpp:1870] onNetworkData fizz::FizzException: no psk modes client CID=0000000000000003 server CID=400000dfd9f23f21 peer address=127.0.0.1:4987
I1224 00:15:23.596769  2993 QuicTransportBase.cpp:400] Stopping read looper due to immediate close client CID=0000000000000003 server CID=400000dfd9f23f21 peer address=127.0.0.1:4987
I1224 00:15:23.596776  2993 FunctionLooper.cpp:88] stop: ReadLooper
I1224 00:15:23.596782  2993 FunctionLooper.cpp:88] stop: PeekLooper
I1224 00:15:23.596788  2993 FunctionLooper.cpp:88] stop: WriteLooper
I1224 00:15:23.596799  2993 QuicTransportBase.cpp:2651] Clearing 0 peek callbacks
I1224 00:15:23.596807  2993 QuicTransportBase.cpp:852] Stopping read looper client CID=0000000000000003 server CID=400000dfd9f23f21 peer address=127.0.0.1:4987
I1224 00:15:23.596812  2993 FunctionLooper.cpp:88] stop: ReadLooper
I1224 00:15:23.596818  2993 QuicTransportBase.cpp:1196] Stopping peek looper client CID=0000000000000003 server CID=400000dfd9f23f21 peer address=127.0.0.1:4987
I1224 00:15:23.596825  2993 FunctionLooper.cpp:88] stop: PeekLooper
I1224 00:15:23.596830  2993 QuicTransportBase.cpp:1233] Server stopping write looper because conn closed client CID=0000000000000003 server CID=400000dfd9f23f21 peer address=127.0.0.1:4987
I1224 00:15:23.596837  2993 FunctionLooper.cpp:88] stop: WriteLooper
E1224 00:15:23.596844  2993 EchoHandler.h:53] Socket error=Crypto error: missing_extension
I1224 00:15:23.596865  2993 QuicTransportFunctions.cpp:1063] Server sent close packetNum=14261593 in space=InitialSpace client CID=0000000000000003 server CID=400000dfd9f23f21 peer address=127.0.0.1:4987
I1224 00:15:23.596887  2993 LogQuicStats.h:144] server onWrite size=83
I1224 00:15:23.596897  2993 QuicTransportBase.cpp:852] Stopping read looper client CID=0000000000000003 server CID=400000dfd9f23f21 peer address=127.0.0.1:4987
I1224 00:15:23.596905  2993 FunctionLooper.cpp:88] stop: ReadLooper
I1224 00:15:23.596911  2993 QuicTransportBase.cpp:1196] Stopping peek looper client CID=0000000000000003 server CID=400000dfd9f23f21 peer address=127.0.0.1:4987
I1224 00:15:23.596917  2993 FunctionLooper.cpp:88] stop: PeekLooper
I1224 00:15:23.596923  2993 QuicTransportBase.cpp:1233] Server stopping write looper because conn closed client CID=0000000000000003 server CID=400000dfd9f23f21 peer address=127.0.0.1:4987
I1224 00:15:23.596930  2993 FunctionLooper.cpp:88] stop: WriteLooper
*** Aborted at 1640304923 (Unix time, try 'date -d @1640304923') ***
*** Signal 15 (SIGTERM) (0xba8) received by PID 2987 (pthread TID 0x7f51fc218ec0) (linux TID 2987) (maybe from PID 2984, UID 0) (code: 0), stack trace: ***
(error retrieving stack trace)
