I1223 18:29:53.840572 10193 EventBase.cpp:308] EventBase(): Starting loop.
I1223 18:29:53.840752 10194 EventBase.cpp:308] EventBase(): Starting loop.
I1223 18:29:53.840884 10195 EventBase.cpp:308] EventBase(): Starting loop.
I1223 18:29:53.841003 10196 EventBase.cpp:308] EventBase(): Starting loop.
I1223 18:29:53.841128 10197 EventBase.cpp:308] EventBase(): Starting loop.
I1223 18:29:53.841245 10198 EventBase.cpp:308] EventBase(): Starting loop.
I1223 18:29:53.841383 10193 QuicServer.cpp:268] No valid takenover fd found for address=127.0.0.1:4443. binding on worker=0x560f0ad12040 workerId=0 processId=0
I1223 18:29:53.841571 10194 QuicServer.cpp:268] No valid takenover fd found for address=127.0.0.1:4443. binding on worker=0x560f0ad12680 workerId=1 processId=0
I1223 18:29:53.841730 10195 QuicServer.cpp:268] No valid takenover fd found for address=127.0.0.1:4443. binding on worker=0x560f0ad12b30 workerId=2 processId=0
I1223 18:29:53.841890 10196 QuicServer.cpp:268] No valid takenover fd found for address=127.0.0.1:4443. binding on worker=0x560f0ad13010 workerId=3 processId=0
I1223 18:29:53.842044 10197 QuicServer.cpp:268] No valid takenover fd found for address=127.0.0.1:4443. binding on worker=0x560f0ad134f0 workerId=4 processId=0
I1223 18:29:53.842159 10198 QuicServer.cpp:268] No valid takenover fd found for address=127.0.0.1:4443. binding on worker=0x560f0ad139f0 workerId=5 processId=0
I1223 18:29:53.842180 10198 QuicServer.cpp:295] Initialized all workers in the eventbase
I1223 18:29:53.842278 10190 EchoServer.h:90] Echo server started at: 127.0.0.1:4443
I1223 18:29:53.842324 10190 EventBase.cpp:308] EventBase(): Starting loop.
I1223 18:29:53.842370 10197 QuicServerWorker.cpp:134] Registered read on worker=0x560f0ad134f0, thread=139903902947072, processId=0
I1223 18:29:53.842389 10195 QuicServerWorker.cpp:134] Registered read on worker=0x560f0ad12b30, thread=139903919732480, processId=0
I1223 18:29:53.842370 10193 QuicServerWorker.cpp:134] Registered read on worker=0x560f0ad12040, thread=139903936517888, processId=0
I1223 18:29:53.842381 10194 QuicServerWorker.cpp:134] Registered read on worker=0x560f0ad12680, thread=139903928125184, processId=0
I1223 18:29:53.842454 10196 QuicServerWorker.cpp:134] Registered read on worker=0x560f0ad13010, thread=139903911339776, processId=0
I1223 18:29:53.842432 10198 QuicServerWorker.cpp:134] Registered read on worker=0x560f0ad139f0, thread=139903894554368, processId=0
I1223 18:29:59.565928 10196 QuicServerWorker.cpp:227] Worker=0x560f0ad13010, Received data on thread=139903911339776, processId=0
I1223 18:29:59.565959 10196 LogQuicStats.h:24] server onPacketReceived
I1223 18:29:59.565968 10196 LogQuicStats.h:140] server onRead size=1232
I1223 18:29:59.565984 10196 LogQuicStats.h:76] server onClientInitialReceived, version: QUIC_DRAFT
I1223 18:29:59.565994 10196 QuicServerWorker.cpp:545] Creating new connection for client=127.0.0.1:4987, routingInfo=CID=0000000000000002, cidVersion=1, workerId=3, processId=0, hostId=0, threadId=139903911339776, 
I1223 18:29:59.566123 10196 LogQuicStats.h:118] server onStatelessReset
I1223 18:29:59.566152 10196 StateMachine-inl.h:41] Transition from Uninitialized to ExpectingClientHello
I1223 18:29:59.566221 10196 LogQuicStats.h:32] server onOutOfOrderPacketReceived
I1223 18:29:59.566246 10196 ServerStateMachine.cpp:952] Server received crypto data offset=0 len=391 currentReadOffset=0 client CID=0000000000000001 server CID=400000c9f5c2cd8c peer address=127.0.0.1:4987
I1223 18:29:59.566272 10196 RecordLayer.cpp:82] Received handshake message ClientHello
I1223 18:29:59.566375 10196 ServerHandshake.cpp:167] ServerHandshake error fizz::FizzException: no psk modes
I1223 18:29:59.566421 10196 QuicTransportBase.cpp:1870] onNetworkData fizz::FizzException: no psk modes client CID=0000000000000001 server CID=400000c9f5c2cd8c peer address=127.0.0.1:4987
I1223 18:29:59.566437 10196 QuicTransportBase.cpp:400] Stopping read looper due to immediate close client CID=0000000000000001 server CID=400000c9f5c2cd8c peer address=127.0.0.1:4987
I1223 18:29:59.566445 10196 FunctionLooper.cpp:88] stop: ReadLooper
I1223 18:29:59.566463 10196 FunctionLooper.cpp:88] stop: PeekLooper
I1223 18:29:59.566470 10196 FunctionLooper.cpp:88] stop: WriteLooper
I1223 18:29:59.566478 10196 QuicTransportBase.cpp:2651] Clearing 0 peek callbacks
I1223 18:29:59.566485 10196 QuicTransportBase.cpp:852] Stopping read looper client CID=0000000000000001 server CID=400000c9f5c2cd8c peer address=127.0.0.1:4987
I1223 18:29:59.566493 10196 FunctionLooper.cpp:88] stop: ReadLooper
I1223 18:29:59.566499 10196 QuicTransportBase.cpp:1196] Stopping peek looper client CID=0000000000000001 server CID=400000c9f5c2cd8c peer address=127.0.0.1:4987
I1223 18:29:59.566506 10196 FunctionLooper.cpp:88] stop: PeekLooper
I1223 18:29:59.566512 10196 QuicTransportBase.cpp:1233] Server stopping write looper because conn closed client CID=0000000000000001 server CID=400000c9f5c2cd8c peer address=127.0.0.1:4987
I1223 18:29:59.566519 10196 FunctionLooper.cpp:88] stop: WriteLooper
E1223 18:29:59.566527 10196 EchoHandler.h:53] Socket error=Crypto error: missing_extension
I1223 18:29:59.566550 10196 QuicTransportFunctions.cpp:1063] Server sent close packetNum=3402487 in space=InitialSpace client CID=0000000000000001 server CID=400000c9f5c2cd8c peer address=127.0.0.1:4987
I1223 18:29:59.566576 10196 LogQuicStats.h:144] server onWrite size=82
I1223 18:29:59.566587 10196 QuicTransportBase.cpp:852] Stopping read looper client CID=0000000000000001 server CID=400000c9f5c2cd8c peer address=127.0.0.1:4987
I1223 18:29:59.566596 10196 FunctionLooper.cpp:88] stop: ReadLooper
I1223 18:29:59.566601 10196 QuicTransportBase.cpp:1196] Stopping peek looper client CID=0000000000000001 server CID=400000c9f5c2cd8c peer address=127.0.0.1:4987
I1223 18:29:59.566608 10196 FunctionLooper.cpp:88] stop: PeekLooper
I1223 18:29:59.566615 10196 QuicTransportBase.cpp:1233] Server stopping write looper because conn closed client CID=0000000000000001 server CID=400000c9f5c2cd8c peer address=127.0.0.1:4987
I1223 18:29:59.566622 10196 FunctionLooper.cpp:88] stop: WriteLooper
*** Aborted at 1640284199 (Unix time, try 'date -d @1640284199') ***
*** Signal 15 (SIGTERM) (0x27cb) received by PID 10190 (pthread TID 0x7f3defbb3ec0) (linux TID 10190) (maybe from PID 10187, UID 0) (code: 0), stack trace: ***
(error retrieving stack trace)
