I1223 18:30:39.713210 10489 EventBase.cpp:308] EventBase(): Starting loop.
I1223 18:30:39.714908 10490 EventBase.cpp:308] EventBase(): Starting loop.
I1223 18:30:39.715571 10491 EventBase.cpp:308] EventBase(): Starting loop.
I1223 18:30:39.727298 10492 EventBase.cpp:308] EventBase(): Starting loop.
I1223 18:30:39.731528 10493 EventBase.cpp:308] EventBase(): Starting loop.
I1223 18:30:39.731757 10494 EventBase.cpp:308] EventBase(): Starting loop.
I1223 18:30:39.731848 10489 QuicServer.cpp:268] No valid takenover fd found for address=127.0.0.1:4443. binding on worker=0x5651258ea040 workerId=0 processId=0
I1223 18:30:39.732115 10490 QuicServer.cpp:268] No valid takenover fd found for address=127.0.0.1:4443. binding on worker=0x5651258ea680 workerId=1 processId=0
I1223 18:30:39.732280 10491 QuicServer.cpp:268] No valid takenover fd found for address=127.0.0.1:4443. binding on worker=0x5651258eab30 workerId=2 processId=0
I1223 18:30:39.732447 10492 QuicServer.cpp:268] No valid takenover fd found for address=127.0.0.1:4443. binding on worker=0x5651258eb010 workerId=3 processId=0
I1223 18:30:39.732622 10493 QuicServer.cpp:268] No valid takenover fd found for address=127.0.0.1:4443. binding on worker=0x5651258eb4f0 workerId=4 processId=0
I1223 18:30:39.732789 10494 QuicServer.cpp:268] No valid takenover fd found for address=127.0.0.1:4443. binding on worker=0x5651258eb9f0 workerId=5 processId=0
I1223 18:30:39.732817 10494 QuicServer.cpp:295] Initialized all workers in the eventbase
I1223 18:30:39.732926 10486 EchoServer.h:90] Echo server started at: 127.0.0.1:4443
I1223 18:30:39.732980 10486 EventBase.cpp:308] EventBase(): Starting loop.
I1223 18:30:39.733022 10489 QuicServerWorker.cpp:134] Registered read on worker=0x5651258ea040, thread=140494366234368, processId=0
I1223 18:30:39.733032 10490 QuicServerWorker.cpp:134] Registered read on worker=0x5651258ea680, thread=140494285829888, processId=0
I1223 18:30:39.733053 10491 QuicServerWorker.cpp:134] Registered read on worker=0x5651258eab30, thread=140494277437184, processId=0
I1223 18:30:39.733024 10492 QuicServerWorker.cpp:134] Registered read on worker=0x5651258eb010, thread=140494269044480, processId=0
I1223 18:30:39.733108 10493 QuicServerWorker.cpp:134] Registered read on worker=0x5651258eb4f0, thread=140494260651776, processId=0
I1223 18:30:39.733125 10494 QuicServerWorker.cpp:134] Registered read on worker=0x5651258eb9f0, thread=140494252259072, processId=0
I1223 18:30:45.370364 10492 QuicServerWorker.cpp:227] Worker=0x5651258eb010, Received data on thread=140494269044480, processId=0
I1223 18:30:45.370394 10492 LogQuicStats.h:24] server onPacketReceived
I1223 18:30:45.370402 10492 LogQuicStats.h:140] server onRead size=1232
I1223 18:30:45.370419 10492 LogQuicStats.h:76] server onClientInitialReceived, version: QUIC_DRAFT
I1223 18:30:45.370430 10492 QuicServerWorker.cpp:545] Creating new connection for client=127.0.0.1:4987, routingInfo=CID=0000000000000002, cidVersion=1, workerId=3, processId=0, hostId=0, threadId=140494269044480, 
I1223 18:30:45.370546 10492 LogQuicStats.h:118] server onStatelessReset
I1223 18:30:45.370576 10492 StateMachine-inl.h:41] Transition from Uninitialized to ExpectingClientHello
I1223 18:30:45.370648 10492 LogQuicStats.h:32] server onOutOfOrderPacketReceived
I1223 18:30:45.370658 10492 ServerStateMachine.cpp:952] Server received crypto data offset=0 len=389 currentReadOffset=0 client CID=0000000000000001 server CID=400000d4ec9a75c0 peer address=127.0.0.1:4987
I1223 18:30:45.370680 10492 RecordLayer.cpp:82] Received handshake message ClientHello
I1223 18:30:45.370788 10492 ServerHandshake.cpp:167] ServerHandshake error fizz::FizzException: no psk modes
I1223 18:30:45.370834 10492 QuicTransportBase.cpp:1870] onNetworkData fizz::FizzException: no psk modes client CID=0000000000000001 server CID=400000d4ec9a75c0 peer address=127.0.0.1:4987
I1223 18:30:45.370851 10492 QuicTransportBase.cpp:400] Stopping read looper due to immediate close client CID=0000000000000001 server CID=400000d4ec9a75c0 peer address=127.0.0.1:4987
I1223 18:30:45.370859 10492 FunctionLooper.cpp:88] stop: ReadLooper
I1223 18:30:45.370875 10492 FunctionLooper.cpp:88] stop: PeekLooper
I1223 18:30:45.370882 10492 FunctionLooper.cpp:88] stop: WriteLooper
I1223 18:30:45.370890 10492 QuicTransportBase.cpp:2651] Clearing 0 peek callbacks
I1223 18:30:45.370898 10492 QuicTransportBase.cpp:852] Stopping read looper client CID=0000000000000001 server CID=400000d4ec9a75c0 peer address=127.0.0.1:4987
I1223 18:30:45.370905 10492 FunctionLooper.cpp:88] stop: ReadLooper
I1223 18:30:45.370913 10492 QuicTransportBase.cpp:1196] Stopping peek looper client CID=0000000000000001 server CID=400000d4ec9a75c0 peer address=127.0.0.1:4987
I1223 18:30:45.370919 10492 FunctionLooper.cpp:88] stop: PeekLooper
I1223 18:30:45.370926 10492 QuicTransportBase.cpp:1233] Server stopping write looper because conn closed client CID=0000000000000001 server CID=400000d4ec9a75c0 peer address=127.0.0.1:4987
I1223 18:30:45.370934 10492 FunctionLooper.cpp:88] stop: WriteLooper
E1223 18:30:45.370941 10492 EchoHandler.h:53] Socket error=Crypto error: missing_extension
I1223 18:30:45.370980 10492 QuicTransportFunctions.cpp:1063] Server sent close packetNum=8054150 in space=InitialSpace client CID=0000000000000001 server CID=400000d4ec9a75c0 peer address=127.0.0.1:4987
I1223 18:30:45.371002 10492 LogQuicStats.h:144] server onWrite size=82
I1223 18:30:45.371013 10492 QuicTransportBase.cpp:852] Stopping read looper client CID=0000000000000001 server CID=400000d4ec9a75c0 peer address=127.0.0.1:4987
I1223 18:30:45.371021 10492 FunctionLooper.cpp:88] stop: ReadLooper
I1223 18:30:45.371028 10492 QuicTransportBase.cpp:1196] Stopping peek looper client CID=0000000000000001 server CID=400000d4ec9a75c0 peer address=127.0.0.1:4987
I1223 18:30:45.371035 10492 FunctionLooper.cpp:88] stop: PeekLooper
I1223 18:30:45.371042 10492 QuicTransportBase.cpp:1233] Server stopping write looper because conn closed client CID=0000000000000001 server CID=400000d4ec9a75c0 peer address=127.0.0.1:4987
I1223 18:30:45.371049 10492 FunctionLooper.cpp:88] stop: WriteLooper
*** Aborted at 1640284245 (Unix time, try 'date -d @1640284245') ***
*** Signal 15 (SIGTERM) (0x28f3) received by PID 10486 (pthread TID 0x7fc76815bec0) (linux TID 10486) (maybe from PID 10483, UID 0) (code: 0), stack trace: ***
(error retrieving stack trace)
