I1224 00:19:38.972682  4692 EventBase.cpp:308] EventBase(): Starting loop.
I1224 00:19:38.980356  4693 EventBase.cpp:308] EventBase(): Starting loop.
I1224 00:19:38.980537  4694 EventBase.cpp:308] EventBase(): Starting loop.
I1224 00:19:38.983338  4695 EventBase.cpp:308] EventBase(): Starting loop.
I1224 00:19:38.987686  4696 EventBase.cpp:308] EventBase(): Starting loop.
I1224 00:19:38.991096  4697 EventBase.cpp:308] EventBase(): Starting loop.
I1224 00:19:38.991271  4692 QuicServer.cpp:268] No valid takenover fd found for address=127.0.0.1:4443. binding on worker=0x55e6d6db9ec0 workerId=0 processId=0
I1224 00:19:38.991456  4693 QuicServer.cpp:268] No valid takenover fd found for address=127.0.0.1:4443. binding on worker=0x55e6d6dba500 workerId=1 processId=0
I1224 00:19:38.991657  4694 QuicServer.cpp:268] No valid takenover fd found for address=127.0.0.1:4443. binding on worker=0x55e6d6dba940 workerId=2 processId=0
I1224 00:19:38.991863  4695 QuicServer.cpp:268] No valid takenover fd found for address=127.0.0.1:4443. binding on worker=0x55e6d6dbae20 workerId=3 processId=0
I1224 00:19:38.992045  4696 QuicServer.cpp:268] No valid takenover fd found for address=127.0.0.1:4443. binding on worker=0x55e6d6dbb300 workerId=4 processId=0
I1224 00:19:38.992206  4697 QuicServer.cpp:268] No valid takenover fd found for address=127.0.0.1:4443. binding on worker=0x55e6d6dbb800 workerId=5 processId=0
I1224 00:19:38.992235  4697 QuicServer.cpp:295] Initialized all workers in the eventbase
I1224 00:19:38.992350  4689 EchoServer.h:90] Echo server started at: 127.0.0.1:4443
I1224 00:19:38.992399  4689 EventBase.cpp:308] EventBase(): Starting loop.
I1224 00:19:38.992460  4692 QuicServerWorker.cpp:134] Registered read on worker=0x55e6d6db9ec0, thread=140443631625984, processId=0
I1224 00:19:38.992466  4693 QuicServerWorker.cpp:134] Registered read on worker=0x55e6d6dba500, thread=140443551528704, processId=0
I1224 00:19:38.992466  4694 QuicServerWorker.cpp:134] Registered read on worker=0x55e6d6dba940, thread=140443543136000, processId=0
I1224 00:19:38.992463  4695 QuicServerWorker.cpp:134] Registered read on worker=0x55e6d6dbae20, thread=140443534743296, processId=0
I1224 00:19:38.992528  4697 QuicServerWorker.cpp:134] Registered read on worker=0x55e6d6dbb800, thread=140443517957888, processId=0
I1224 00:19:38.992556  4696 QuicServerWorker.cpp:134] Registered read on worker=0x55e6d6dbb300, thread=140443526350592, processId=0
I1224 00:19:44.382863  4695 QuicServerWorker.cpp:227] Worker=0x55e6d6dbae20, Received data on thread=140443534743296, processId=0
I1224 00:19:44.382892  4695 LogQuicStats.h:24] server onPacketReceived
I1224 00:19:44.382899  4695 LogQuicStats.h:140] server onRead size=1232
W1224 00:19:44.382920  4695 Types.cpp:447] toString has unhandled version type
I1224 00:19:44.382915  4695 LogQuicStats.h:76] server onClientInitialReceived, version: UNKNOWN
I1224 00:19:44.382937  4695 QuicServerWorker.cpp:208] Version negotiation sent to client=127.0.0.1:4987
I1224 00:19:44.382946  4695 LogQuicStats.h:144] server onWrite size=43
I1224 00:19:44.382952  4695 LogQuicStats.h:36] server onPacketProcessed
I1224 00:19:44.382958  4695 LogQuicStats.h:40] server onPacketSent
I1224 00:19:44.614938  4695 QuicServerWorker.cpp:227] Worker=0x55e6d6dbae20, Received data on thread=140443534743296, processId=0
I1224 00:19:44.614967  4695 LogQuicStats.h:24] server onPacketReceived
I1224 00:19:44.614975  4695 LogQuicStats.h:140] server onRead size=1232
I1224 00:19:44.614982  4695 LogQuicStats.h:76] server onClientInitialReceived, version: QUIC_DRAFT
I1224 00:19:44.614993  4695 QuicServerWorker.cpp:545] Creating new connection for client=127.0.0.1:4987, routingInfo=CID=0000000000000000, cidVersion=1, workerId=3, processId=0, hostId=0, threadId=140443534743296, 
I1224 00:19:44.615108  4695 LogQuicStats.h:118] server onStatelessReset
I1224 00:19:44.615135  4695 StateMachine-inl.h:41] Transition from Uninitialized to ExpectingClientHello
I1224 00:19:44.615200  4695 LogQuicStats.h:32] server onOutOfOrderPacketReceived
I1224 00:19:44.615209  4695 ServerStateMachine.cpp:952] Server received crypto data offset=0 len=389 currentReadOffset=0 client CID=0000000000000003 server CID=400000c5330a8e6b peer address=127.0.0.1:4987
I1224 00:19:44.615231  4695 RecordLayer.cpp:82] Received handshake message ClientHello
I1224 00:19:44.615327  4695 ServerHandshake.cpp:167] ServerHandshake error fizz::FizzException: no psk modes
I1224 00:19:44.615370  4695 QuicTransportBase.cpp:1870] onNetworkData fizz::FizzException: no psk modes client CID=0000000000000003 server CID=400000c5330a8e6b peer address=127.0.0.1:4987
I1224 00:19:44.615384  4695 QuicTransportBase.cpp:400] Stopping read looper due to immediate close client CID=0000000000000003 server CID=400000c5330a8e6b peer address=127.0.0.1:4987
I1224 00:19:44.615392  4695 FunctionLooper.cpp:88] stop: ReadLooper
I1224 00:19:44.615398  4695 FunctionLooper.cpp:88] stop: PeekLooper
I1224 00:19:44.615404  4695 FunctionLooper.cpp:88] stop: WriteLooper
I1224 00:19:44.615432  4695 QuicTransportBase.cpp:2651] Clearing 0 peek callbacks
I1224 00:19:44.615444  4695 QuicTransportBase.cpp:852] Stopping read looper client CID=0000000000000003 server CID=400000c5330a8e6b peer address=127.0.0.1:4987
I1224 00:19:44.615453  4695 FunctionLooper.cpp:88] stop: ReadLooper
I1224 00:19:44.615458  4695 QuicTransportBase.cpp:1196] Stopping peek looper client CID=0000000000000003 server CID=400000c5330a8e6b peer address=127.0.0.1:4987
I1224 00:19:44.615464  4695 FunctionLooper.cpp:88] stop: PeekLooper
I1224 00:19:44.615470  4695 QuicTransportBase.cpp:1233] Server stopping write looper because conn closed client CID=0000000000000003 server CID=400000c5330a8e6b peer address=127.0.0.1:4987
I1224 00:19:44.615478  4695 FunctionLooper.cpp:88] stop: WriteLooper
E1224 00:19:44.615484  4695 EchoHandler.h:53] Socket error=Crypto error: missing_extension
I1224 00:19:44.615506  4695 QuicTransportFunctions.cpp:1063] Server sent close packetNum=3384098 in space=InitialSpace client CID=0000000000000003 server CID=400000c5330a8e6b peer address=127.0.0.1:4987
I1224 00:19:44.615530  4695 LogQuicStats.h:144] server onWrite size=82
I1224 00:19:44.615541  4695 QuicTransportBase.cpp:852] Stopping read looper client CID=0000000000000003 server CID=400000c5330a8e6b peer address=127.0.0.1:4987
I1224 00:19:44.615548  4695 FunctionLooper.cpp:88] stop: ReadLooper
I1224 00:19:44.615554  4695 QuicTransportBase.cpp:1196] Stopping peek looper client CID=0000000000000003 server CID=400000c5330a8e6b peer address=127.0.0.1:4987
I1224 00:19:44.615561  4695 FunctionLooper.cpp:88] stop: PeekLooper
I1224 00:19:44.615566  4695 QuicTransportBase.cpp:1233] Server stopping write looper because conn closed client CID=0000000000000003 server CID=400000c5330a8e6b peer address=127.0.0.1:4987
I1224 00:19:44.615573  4695 FunctionLooper.cpp:88] stop: WriteLooper
*** Aborted at 1640305184 (Unix time, try 'date -d @1640305184') ***
*** Signal 15 (SIGTERM) (0x124e) received by PID 4689 (pthread TID 0x7fbb98110ec0) (linux TID 4689) (maybe from PID 4686, UID 0) (code: 0), stack trace: ***
(error retrieving stack trace)
