I1223 18:27:36.259277  9305 EventBase.cpp:308] EventBase(): Starting loop.
I1223 18:27:36.263643  9306 EventBase.cpp:308] EventBase(): Starting loop.
I1223 18:27:36.265341  9307 EventBase.cpp:308] EventBase(): Starting loop.
I1223 18:27:36.265523  9308 EventBase.cpp:308] EventBase(): Starting loop.
I1223 18:27:36.265671  9309 EventBase.cpp:308] EventBase(): Starting loop.
I1223 18:27:36.265789  9310 EventBase.cpp:308] EventBase(): Starting loop.
I1223 18:27:36.265916  9305 QuicServer.cpp:268] No valid takenover fd found for address=127.0.0.1:4443. binding on worker=0x5583fa0b4040 workerId=0 processId=0
I1223 18:27:36.266093  9306 QuicServer.cpp:268] No valid takenover fd found for address=127.0.0.1:4443. binding on worker=0x5583fa0b4680 workerId=1 processId=0
I1223 18:27:36.266263  9307 QuicServer.cpp:268] No valid takenover fd found for address=127.0.0.1:4443. binding on worker=0x5583fa0b4b30 workerId=2 processId=0
I1223 18:27:36.266420  9308 QuicServer.cpp:268] No valid takenover fd found for address=127.0.0.1:4443. binding on worker=0x5583fa0b5010 workerId=3 processId=0
I1223 18:27:36.266585  9309 QuicServer.cpp:268] No valid takenover fd found for address=127.0.0.1:4443. binding on worker=0x5583fa0b54f0 workerId=4 processId=0
I1223 18:27:36.266746  9310 QuicServer.cpp:268] No valid takenover fd found for address=127.0.0.1:4443. binding on worker=0x5583fa0b59f0 workerId=5 processId=0
I1223 18:27:36.266773  9310 QuicServer.cpp:295] Initialized all workers in the eventbase
I1223 18:27:36.266927  9302 EchoServer.h:90] Echo server started at: 127.0.0.1:4443
I1223 18:27:36.266966  9302 EventBase.cpp:308] EventBase(): Starting loop.
I1223 18:27:36.267009  9307 QuicServerWorker.cpp:134] Registered read on worker=0x5583fa0b4b30, thread=140347804522240, processId=0
I1223 18:27:36.267009  9308 QuicServerWorker.cpp:134] Registered read on worker=0x5583fa0b5010, thread=140347796129536, processId=0
I1223 18:27:36.267103  9305 QuicServerWorker.cpp:134] Registered read on worker=0x5583fa0b4040, thread=140347821307648, processId=0
I1223 18:27:36.267148  9306 QuicServerWorker.cpp:134] Registered read on worker=0x5583fa0b4680, thread=140347812914944, processId=0
I1223 18:27:36.267164  9310 QuicServerWorker.cpp:134] Registered read on worker=0x5583fa0b59f0, thread=140347577460480, processId=0
I1223 18:27:36.267191  9309 QuicServerWorker.cpp:134] Registered read on worker=0x5583fa0b54f0, thread=140347585853184, processId=0
I1223 18:27:41.926064  9308 QuicServerWorker.cpp:227] Worker=0x5583fa0b5010, Received data on thread=140347796129536, processId=0
I1223 18:27:41.926095  9308 LogQuicStats.h:24] server onPacketReceived
I1223 18:27:41.926116  9308 LogQuicStats.h:140] server onRead size=1232
I1223 18:27:41.926133  9308 LogQuicStats.h:76] server onClientInitialReceived, version: QUIC_DRAFT
I1223 18:27:41.926144  9308 QuicServerWorker.cpp:545] Creating new connection for client=127.0.0.1:4987, routingInfo=CID=0000000000000002, cidVersion=1, workerId=3, processId=0, hostId=0, threadId=140347796129536, 
I1223 18:27:41.926249  9308 LogQuicStats.h:118] server onStatelessReset
I1223 18:27:41.926278  9308 StateMachine-inl.h:41] Transition from Uninitialized to ExpectingClientHello
I1223 18:27:41.926347  9308 LogQuicStats.h:32] server onOutOfOrderPacketReceived
I1223 18:27:41.926355  9308 ServerStateMachine.cpp:952] Server received crypto data offset=0 len=391 currentReadOffset=0 client CID=0000000000000001 server CID=400000c9ce620b12 peer address=127.0.0.1:4987
I1223 18:27:41.926371  9308 RecordLayer.cpp:82] Received handshake message ClientHello
I1223 18:27:41.926523  9308 ServerHandshake.cpp:167] ServerHandshake error fizz::FizzException: no psk modes
I1223 18:27:41.926576  9308 QuicTransportBase.cpp:1870] onNetworkData fizz::FizzException: no psk modes client CID=0000000000000001 server CID=400000c9ce620b12 peer address=127.0.0.1:4987
I1223 18:27:41.926592  9308 QuicTransportBase.cpp:400] Stopping read looper due to immediate close client CID=0000000000000001 server CID=400000c9ce620b12 peer address=127.0.0.1:4987
I1223 18:27:41.926601  9308 FunctionLooper.cpp:88] stop: ReadLooper
I1223 18:27:41.926620  9308 FunctionLooper.cpp:88] stop: PeekLooper
I1223 18:27:41.926625  9308 FunctionLooper.cpp:88] stop: WriteLooper
I1223 18:27:41.926637  9308 QuicTransportBase.cpp:2651] Clearing 0 peek callbacks
I1223 18:27:41.926645  9308 QuicTransportBase.cpp:852] Stopping read looper client CID=0000000000000001 server CID=400000c9ce620b12 peer address=127.0.0.1:4987
I1223 18:27:41.926652  9308 FunctionLooper.cpp:88] stop: ReadLooper
I1223 18:27:41.926658  9308 QuicTransportBase.cpp:1196] Stopping peek looper client CID=0000000000000001 server CID=400000c9ce620b12 peer address=127.0.0.1:4987
I1223 18:27:41.926666  9308 FunctionLooper.cpp:88] stop: PeekLooper
I1223 18:27:41.926671  9308 QuicTransportBase.cpp:1233] Server stopping write looper because conn closed client CID=0000000000000001 server CID=400000c9ce620b12 peer address=127.0.0.1:4987
I1223 18:27:41.926678  9308 FunctionLooper.cpp:88] stop: WriteLooper
E1223 18:27:41.926687  9308 EchoHandler.h:53] Socket error=Crypto error: missing_extension
I1223 18:27:41.926708  9308 QuicTransportFunctions.cpp:1063] Server sent close packetNum=845653 in space=InitialSpace client CID=0000000000000001 server CID=400000c9ce620b12 peer address=127.0.0.1:4987
I1223 18:27:41.926733  9308 LogQuicStats.h:144] server onWrite size=82
I1223 18:27:41.926743  9308 QuicTransportBase.cpp:852] Stopping read looper client CID=0000000000000001 server CID=400000c9ce620b12 peer address=127.0.0.1:4987
I1223 18:27:41.926751  9308 FunctionLooper.cpp:88] stop: ReadLooper
I1223 18:27:41.926757  9308 QuicTransportBase.cpp:1196] Stopping peek looper client CID=0000000000000001 server CID=400000c9ce620b12 peer address=127.0.0.1:4987
I1223 18:27:41.926764  9308 FunctionLooper.cpp:88] stop: PeekLooper
I1223 18:27:41.926770  9308 QuicTransportBase.cpp:1233] Server stopping write looper because conn closed client CID=0000000000000001 server CID=400000c9ce620b12 peer address=127.0.0.1:4987
I1223 18:27:41.926777  9308 FunctionLooper.cpp:88] stop: WriteLooper
*** Aborted at 1640284061 (Unix time, try 'date -d @1640284061') ***
*** Signal 15 (SIGTERM) (0x2453) received by PID 9302 (pthread TID 0x7fa549539ec0) (linux TID 9302) (maybe from PID 9299, UID 0) (code: 0), stack trace: ***
(error retrieving stack trace)
