I1223 18:30:16.831526 10341 EventBase.cpp:308] EventBase(): Starting loop.
I1223 18:30:16.835247 10342 EventBase.cpp:308] EventBase(): Starting loop.
I1223 18:30:16.835413 10343 EventBase.cpp:308] EventBase(): Starting loop.
I1223 18:30:16.839764 10344 EventBase.cpp:308] EventBase(): Starting loop.
I1223 18:30:16.839908 10345 EventBase.cpp:308] EventBase(): Starting loop.
I1223 18:30:16.840035 10346 EventBase.cpp:308] EventBase(): Starting loop.
I1223 18:30:16.840162 10341 QuicServer.cpp:268] No valid takenover fd found for address=127.0.0.1:4443. binding on worker=0x55d195d88040 workerId=0 processId=0
I1223 18:30:16.840359 10342 QuicServer.cpp:268] No valid takenover fd found for address=127.0.0.1:4443. binding on worker=0x55d195d88680 workerId=1 processId=0
I1223 18:30:16.840524 10343 QuicServer.cpp:268] No valid takenover fd found for address=127.0.0.1:4443. binding on worker=0x55d195d88b30 workerId=2 processId=0
I1223 18:30:16.840682 10344 QuicServer.cpp:268] No valid takenover fd found for address=127.0.0.1:4443. binding on worker=0x55d195d89010 workerId=3 processId=0
I1223 18:30:16.842947 10345 QuicServer.cpp:268] No valid takenover fd found for address=127.0.0.1:4443. binding on worker=0x55d195d894f0 workerId=4 processId=0
I1223 18:30:16.843071 10346 QuicServer.cpp:268] No valid takenover fd found for address=127.0.0.1:4443. binding on worker=0x55d195d899f0 workerId=5 processId=0
I1223 18:30:16.843104 10346 QuicServer.cpp:295] Initialized all workers in the eventbase
I1223 18:30:16.843212 10338 EchoServer.h:90] Echo server started at: 127.0.0.1:4443
I1223 18:30:16.843262 10338 EventBase.cpp:308] EventBase(): Starting loop.
I1223 18:30:16.843274 10343 QuicServerWorker.cpp:134] Registered read on worker=0x55d195d88b30, thread=140664599734016, processId=0
I1223 18:30:16.843289 10344 QuicServerWorker.cpp:134] Registered read on worker=0x55d195d89010, thread=140664591341312, processId=0
I1223 18:30:16.843299 10341 QuicServerWorker.cpp:134] Registered read on worker=0x55d195d88040, thread=140664685901568, processId=0
I1223 18:30:16.843309 10342 QuicServerWorker.cpp:134] Registered read on worker=0x55d195d88680, thread=140664608126720, processId=0
I1223 18:30:16.843331 10345 QuicServerWorker.cpp:134] Registered read on worker=0x55d195d894f0, thread=140664582948608, processId=0
I1223 18:30:16.843425 10346 QuicServerWorker.cpp:134] Registered read on worker=0x55d195d899f0, thread=140664574555904, processId=0
I1223 18:30:22.547578 10344 QuicServerWorker.cpp:227] Worker=0x55d195d89010, Received data on thread=140664591341312, processId=0
I1223 18:30:22.547608 10344 LogQuicStats.h:24] server onPacketReceived
I1223 18:30:22.547616 10344 LogQuicStats.h:140] server onRead size=1232
I1223 18:30:22.547632 10344 LogQuicStats.h:76] server onClientInitialReceived, version: QUIC_DRAFT
I1223 18:30:22.547643 10344 QuicServerWorker.cpp:545] Creating new connection for client=127.0.0.1:4987, routingInfo=CID=0000000000000002, cidVersion=1, workerId=3, processId=0, hostId=0, threadId=140664591341312, 
I1223 18:30:22.547749 10344 LogQuicStats.h:118] server onStatelessReset
I1223 18:30:22.547780 10344 StateMachine-inl.h:41] Transition from Uninitialized to ExpectingClientHello
I1223 18:30:22.547852 10344 LogQuicStats.h:32] server onOutOfOrderPacketReceived
I1223 18:30:22.547860 10344 ServerStateMachine.cpp:952] Server received crypto data offset=0 len=391 currentReadOffset=0 client CID=0000000000000001 server CID=400000ca14b9afd6 peer address=127.0.0.1:4987
I1223 18:30:22.547881 10344 RecordLayer.cpp:82] Received handshake message ClientHello
I1223 18:30:22.547992 10344 ServerHandshake.cpp:167] ServerHandshake error fizz::FizzException: no psk modes
I1223 18:30:22.548055 10344 QuicTransportBase.cpp:1870] onNetworkData fizz::FizzException: no psk modes client CID=0000000000000001 server CID=400000ca14b9afd6 peer address=127.0.0.1:4987
I1223 18:30:22.548070 10344 QuicTransportBase.cpp:400] Stopping read looper due to immediate close client CID=0000000000000001 server CID=400000ca14b9afd6 peer address=127.0.0.1:4987
I1223 18:30:22.548079 10344 FunctionLooper.cpp:88] stop: ReadLooper
I1223 18:30:22.548094 10344 FunctionLooper.cpp:88] stop: PeekLooper
I1223 18:30:22.548101 10344 FunctionLooper.cpp:88] stop: WriteLooper
I1223 18:30:22.548113 10344 QuicTransportBase.cpp:2651] Clearing 0 peek callbacks
I1223 18:30:22.548120 10344 QuicTransportBase.cpp:852] Stopping read looper client CID=0000000000000001 server CID=400000ca14b9afd6 peer address=127.0.0.1:4987
I1223 18:30:22.548128 10344 FunctionLooper.cpp:88] stop: ReadLooper
I1223 18:30:22.548135 10344 QuicTransportBase.cpp:1196] Stopping peek looper client CID=0000000000000001 server CID=400000ca14b9afd6 peer address=127.0.0.1:4987
I1223 18:30:22.548141 10344 FunctionLooper.cpp:88] stop: PeekLooper
I1223 18:30:22.548148 10344 QuicTransportBase.cpp:1233] Server stopping write looper because conn closed client CID=0000000000000001 server CID=400000ca14b9afd6 peer address=127.0.0.1:4987
I1223 18:30:22.548156 10344 FunctionLooper.cpp:88] stop: WriteLooper
E1223 18:30:22.548163 10344 EchoHandler.h:53] Socket error=Crypto error: missing_extension
I1223 18:30:22.548183 10344 QuicTransportFunctions.cpp:1063] Server sent close packetNum=14398828 in space=InitialSpace client CID=0000000000000001 server CID=400000ca14b9afd6 peer address=127.0.0.1:4987
I1223 18:30:22.548208 10344 LogQuicStats.h:144] server onWrite size=83
I1223 18:30:22.548219 10344 QuicTransportBase.cpp:852] Stopping read looper client CID=0000000000000001 server CID=400000ca14b9afd6 peer address=127.0.0.1:4987
I1223 18:30:22.548228 10344 FunctionLooper.cpp:88] stop: ReadLooper
I1223 18:30:22.548234 10344 QuicTransportBase.cpp:1196] Stopping peek looper client CID=0000000000000001 server CID=400000ca14b9afd6 peer address=127.0.0.1:4987
I1223 18:30:22.548241 10344 FunctionLooper.cpp:88] stop: PeekLooper
I1223 18:30:22.548247 10344 QuicTransportBase.cpp:1233] Server stopping write looper because conn closed client CID=0000000000000001 server CID=400000ca14b9afd6 peer address=127.0.0.1:4987
I1223 18:30:22.548254 10344 FunctionLooper.cpp:88] stop: WriteLooper
*** Aborted at 1640284222 (Unix time, try 'date -d @1640284222') ***
*** Signal 15 (SIGTERM) (0x285f) received by PID 10338 (pthread TID 0x7fef0fed9ec0) (linux TID 10338) (maybe from PID 10335, UID 0) (code: 0), stack trace: ***
(error retrieving stack trace)
