I1224 00:18:36.667035  4285 EventBase.cpp:308] EventBase(): Starting loop.
I1224 00:18:36.667244  4286 EventBase.cpp:308] EventBase(): Starting loop.
I1224 00:18:36.667414  4287 EventBase.cpp:308] EventBase(): Starting loop.
I1224 00:18:36.670881  4288 EventBase.cpp:308] EventBase(): Starting loop.
I1224 00:18:36.678934  4289 EventBase.cpp:308] EventBase(): Starting loop.
I1224 00:18:36.683028  4290 EventBase.cpp:308] EventBase(): Starting loop.
I1224 00:18:36.683192  4285 QuicServer.cpp:268] No valid takenover fd found for address=127.0.0.1:4443. binding on worker=0x55d8d9bffec0 workerId=0 processId=0
I1224 00:18:36.683391  4286 QuicServer.cpp:268] No valid takenover fd found for address=127.0.0.1:4443. binding on worker=0x55d8d9c00500 workerId=1 processId=0
I1224 00:18:36.683552  4287 QuicServer.cpp:268] No valid takenover fd found for address=127.0.0.1:4443. binding on worker=0x55d8d9c00940 workerId=2 processId=0
I1224 00:18:36.683715  4288 QuicServer.cpp:268] No valid takenover fd found for address=127.0.0.1:4443. binding on worker=0x55d8d9c00e20 workerId=3 processId=0
I1224 00:18:36.683838  4289 QuicServer.cpp:268] No valid takenover fd found for address=127.0.0.1:4443. binding on worker=0x55d8d9c01300 workerId=4 processId=0
I1224 00:18:36.684000  4290 QuicServer.cpp:268] No valid takenover fd found for address=127.0.0.1:4443. binding on worker=0x55d8d9c01800 workerId=5 processId=0
I1224 00:18:36.684027  4290 QuicServer.cpp:295] Initialized all workers in the eventbase
I1224 00:18:36.684127  4282 EchoServer.h:90] Echo server started at: 127.0.0.1:4443
I1224 00:18:36.684178  4282 EventBase.cpp:308] EventBase(): Starting loop.
I1224 00:18:36.684221  4286 QuicServerWorker.cpp:134] Registered read on worker=0x55d8d9c00500, thread=140542872647424, processId=0
I1224 00:18:36.684229  4288 QuicServerWorker.cpp:134] Registered read on worker=0x55d8d9c00e20, thread=140542855862016, processId=0
I1224 00:18:36.684223  4285 QuicServerWorker.cpp:134] Registered read on worker=0x55d8d9bffec0, thread=140542954350336, processId=0
I1224 00:18:36.684283  4289 QuicServerWorker.cpp:134] Registered read on worker=0x55d8d9c01300, thread=140542847469312, processId=0
I1224 00:18:36.684309  4290 QuicServerWorker.cpp:134] Registered read on worker=0x55d8d9c01800, thread=140542839076608, processId=0
I1224 00:18:36.684226  4287 QuicServerWorker.cpp:134] Registered read on worker=0x55d8d9c00940, thread=140542864254720, processId=0
I1224 00:18:42.035312  4288 QuicServerWorker.cpp:227] Worker=0x55d8d9c00e20, Received data on thread=140542855862016, processId=0
I1224 00:18:42.035341  4288 LogQuicStats.h:24] server onPacketReceived
I1224 00:18:42.035347  4288 LogQuicStats.h:140] server onRead size=1232
W1224 00:18:42.035367  4288 Types.cpp:447] toString has unhandled version type
I1224 00:18:42.035362  4288 LogQuicStats.h:76] server onClientInitialReceived, version: UNKNOWN
I1224 00:18:42.035383  4288 QuicServerWorker.cpp:208] Version negotiation sent to client=127.0.0.1:4987
I1224 00:18:42.035392  4288 LogQuicStats.h:144] server onWrite size=43
I1224 00:18:42.035398  4288 LogQuicStats.h:36] server onPacketProcessed
I1224 00:18:42.035404  4288 LogQuicStats.h:40] server onPacketSent
I1224 00:18:42.268934  4288 QuicServerWorker.cpp:227] Worker=0x55d8d9c00e20, Received data on thread=140542855862016, processId=0
I1224 00:18:42.268963  4288 LogQuicStats.h:24] server onPacketReceived
I1224 00:18:42.268970  4288 LogQuicStats.h:140] server onRead size=1232
I1224 00:18:42.268977  4288 LogQuicStats.h:76] server onClientInitialReceived, version: QUIC_DRAFT
I1224 00:18:42.268987  4288 QuicServerWorker.cpp:545] Creating new connection for client=127.0.0.1:4987, routingInfo=CID=0000000000000000, cidVersion=1, workerId=3, processId=0, hostId=0, threadId=140542855862016, 
I1224 00:18:42.269122  4288 LogQuicStats.h:118] server onStatelessReset
I1224 00:18:42.269167  4288 StateMachine-inl.h:41] Transition from Uninitialized to ExpectingClientHello
I1224 00:18:42.269232  4288 LogQuicStats.h:32] server onOutOfOrderPacketReceived
I1224 00:18:42.269240  4288 ServerStateMachine.cpp:952] Server received crypto data offset=0 len=389 currentReadOffset=0 client CID=0000000000000003 server CID=400000d37a7caa14 peer address=127.0.0.1:4987
I1224 00:18:42.269261  4288 RecordLayer.cpp:82] Received handshake message ClientHello
I1224 00:18:42.269366  4288 ServerHandshake.cpp:167] ServerHandshake error fizz::FizzException: no psk modes
I1224 00:18:42.269407  4288 QuicTransportBase.cpp:1870] onNetworkData fizz::FizzException: no psk modes client CID=0000000000000003 server CID=400000d37a7caa14 peer address=127.0.0.1:4987
I1224 00:18:42.269420  4288 QuicTransportBase.cpp:400] Stopping read looper due to immediate close client CID=0000000000000003 server CID=400000d37a7caa14 peer address=127.0.0.1:4987
I1224 00:18:42.269428  4288 FunctionLooper.cpp:88] stop: ReadLooper
I1224 00:18:42.269433  4288 FunctionLooper.cpp:88] stop: PeekLooper
I1224 00:18:42.269439  4288 FunctionLooper.cpp:88] stop: WriteLooper
I1224 00:18:42.269446  4288 QuicTransportBase.cpp:2651] Clearing 0 peek callbacks
I1224 00:18:42.269452  4288 QuicTransportBase.cpp:852] Stopping read looper client CID=0000000000000003 server CID=400000d37a7caa14 peer address=127.0.0.1:4987
I1224 00:18:42.269459  4288 FunctionLooper.cpp:88] stop: ReadLooper
I1224 00:18:42.269465  4288 QuicTransportBase.cpp:1196] Stopping peek looper client CID=0000000000000003 server CID=400000d37a7caa14 peer address=127.0.0.1:4987
I1224 00:18:42.269471  4288 FunctionLooper.cpp:88] stop: PeekLooper
I1224 00:18:42.269477  4288 QuicTransportBase.cpp:1233] Server stopping write looper because conn closed client CID=0000000000000003 server CID=400000d37a7caa14 peer address=127.0.0.1:4987
I1224 00:18:42.269484  4288 FunctionLooper.cpp:88] stop: WriteLooper
E1224 00:18:42.269490  4288 EchoHandler.h:53] Socket error=Crypto error: missing_extension
I1224 00:18:42.269531  4288 QuicTransportFunctions.cpp:1063] Server sent close packetNum=1563844 in space=InitialSpace client CID=0000000000000003 server CID=400000d37a7caa14 peer address=127.0.0.1:4987
I1224 00:18:42.269560  4288 LogQuicStats.h:144] server onWrite size=82
I1224 00:18:42.269572  4288 QuicTransportBase.cpp:852] Stopping read looper client CID=0000000000000003 server CID=400000d37a7caa14 peer address=127.0.0.1:4987
I1224 00:18:42.269579  4288 FunctionLooper.cpp:88] stop: ReadLooper
I1224 00:18:42.269585  4288 QuicTransportBase.cpp:1196] Stopping peek looper client CID=0000000000000003 server CID=400000d37a7caa14 peer address=127.0.0.1:4987
I1224 00:18:42.269591  4288 FunctionLooper.cpp:88] stop: PeekLooper
I1224 00:18:42.269598  4288 QuicTransportBase.cpp:1233] Server stopping write looper because conn closed client CID=0000000000000003 server CID=400000d37a7caa14 peer address=127.0.0.1:4987
I1224 00:18:42.269603  4288 FunctionLooper.cpp:88] stop: WriteLooper
*** Aborted at 1640305122 (Unix time, try 'date -d @1640305122') ***
*** Signal 15 (SIGTERM) (0x10b7) received by PID 4282 (pthread TID 0x7fd2b8298ec0) (linux TID 4282) (maybe from PID 4279, UID 0) (code: 0), stack trace: ***
(error retrieving stack trace)
