I1224 00:23:42.795385  6283 EventBase.cpp:308] EventBase(): Starting loop.
I1224 00:23:42.795584  6284 EventBase.cpp:308] EventBase(): Starting loop.
I1224 00:23:42.795684  6285 EventBase.cpp:308] EventBase(): Starting loop.
I1224 00:23:42.795814  6286 EventBase.cpp:308] EventBase(): Starting loop.
I1224 00:23:42.799299  6287 EventBase.cpp:308] EventBase(): Starting loop.
I1224 00:23:42.802872  6288 EventBase.cpp:308] EventBase(): Starting loop.
I1224 00:23:42.803017  6283 QuicServer.cpp:268] No valid takenover fd found for address=127.0.0.1:4443. binding on worker=0x55bfbd21fec0 workerId=0 processId=0
I1224 00:23:42.803212  6284 QuicServer.cpp:268] No valid takenover fd found for address=127.0.0.1:4443. binding on worker=0x55bfbd220500 workerId=1 processId=0
I1224 00:23:42.803330  6285 QuicServer.cpp:268] No valid takenover fd found for address=127.0.0.1:4443. binding on worker=0x55bfbd220940 workerId=2 processId=0
I1224 00:23:42.803488  6286 QuicServer.cpp:268] No valid takenover fd found for address=127.0.0.1:4443. binding on worker=0x55bfbd220e20 workerId=3 processId=0
I1224 00:23:42.803612  6287 QuicServer.cpp:268] No valid takenover fd found for address=127.0.0.1:4443. binding on worker=0x55bfbd221300 workerId=4 processId=0
I1224 00:23:42.803764  6288 QuicServer.cpp:268] No valid takenover fd found for address=127.0.0.1:4443. binding on worker=0x55bfbd221800 workerId=5 processId=0
I1224 00:23:42.803792  6288 QuicServer.cpp:295] Initialized all workers in the eventbase
I1224 00:23:42.803889  6280 EchoServer.h:90] Echo server started at: 127.0.0.1:4443
I1224 00:23:42.803972  6287 QuicServerWorker.cpp:134] Registered read on worker=0x55bfbd221300, thread=140058976044800, processId=0
I1224 00:23:42.803977  6283 QuicServerWorker.cpp:134] Registered read on worker=0x55bfbd21fec0, thread=140059009615616, processId=0
I1224 00:23:42.803997  6286 QuicServerWorker.cpp:134] Registered read on worker=0x55bfbd220e20, thread=140058984437504, processId=0
I1224 00:23:42.804018  6285 QuicServerWorker.cpp:134] Registered read on worker=0x55bfbd220940, thread=140058992830208, processId=0
I1224 00:23:42.803978  6280 EventBase.cpp:308] EventBase(): Starting loop.
I1224 00:23:42.804113  6284 QuicServerWorker.cpp:134] Registered read on worker=0x55bfbd220500, thread=140059001222912, processId=0
I1224 00:23:42.804064  6288 QuicServerWorker.cpp:134] Registered read on worker=0x55bfbd221800, thread=140058967652096, processId=0
I1224 00:23:48.266647  6286 QuicServerWorker.cpp:227] Worker=0x55bfbd220e20, Received data on thread=140058984437504, processId=0
I1224 00:23:48.266672  6286 LogQuicStats.h:24] server onPacketReceived
I1224 00:23:48.266678  6286 LogQuicStats.h:140] server onRead size=1232
W1224 00:23:48.266698  6286 Types.cpp:447] toString has unhandled version type
I1224 00:23:48.266693  6286 LogQuicStats.h:76] server onClientInitialReceived, version: UNKNOWN
I1224 00:23:48.266716  6286 QuicServerWorker.cpp:208] Version negotiation sent to client=127.0.0.1:4987
I1224 00:23:48.266723  6286 LogQuicStats.h:144] server onWrite size=43
I1224 00:23:48.266729  6286 LogQuicStats.h:36] server onPacketProcessed
I1224 00:23:48.266736  6286 LogQuicStats.h:40] server onPacketSent
I1224 00:23:48.423496  6286 QuicServerWorker.cpp:227] Worker=0x55bfbd220e20, Received data on thread=140058984437504, processId=0
I1224 00:23:48.423521  6286 LogQuicStats.h:24] server onPacketReceived
I1224 00:23:48.423527  6286 LogQuicStats.h:140] server onRead size=1232
I1224 00:23:48.423534  6286 LogQuicStats.h:76] server onClientInitialReceived, version: QUIC_DRAFT
I1224 00:23:48.423544  6286 QuicServerWorker.cpp:545] Creating new connection for client=127.0.0.1:4987, routingInfo=CID=0000000000000000, cidVersion=1, workerId=3, processId=0, hostId=0, threadId=140058984437504, 
I1224 00:23:48.423655  6286 LogQuicStats.h:118] server onStatelessReset
I1224 00:23:48.423681  6286 StateMachine-inl.h:41] Transition from Uninitialized to ExpectingClientHello
I1224 00:23:48.423744  6286 LogQuicStats.h:32] server onOutOfOrderPacketReceived
I1224 00:23:48.423753  6286 ServerStateMachine.cpp:952] Server received crypto data offset=0 len=389 currentReadOffset=0 client CID=0000000000000003 server CID=400000d073fb5e9a peer address=127.0.0.1:4987
I1224 00:23:48.423774  6286 RecordLayer.cpp:82] Received handshake message ClientHello
I1224 00:23:48.423887  6286 ServerHandshake.cpp:167] ServerHandshake error fizz::FizzException: no psk modes
I1224 00:23:48.423934  6286 QuicTransportBase.cpp:1870] onNetworkData fizz::FizzException: no psk modes client CID=0000000000000003 server CID=400000d073fb5e9a peer address=127.0.0.1:4987
I1224 00:23:48.424261  6286 QuicTransportBase.cpp:400] Stopping read looper due to immediate close client CID=0000000000000003 server CID=400000d073fb5e9a peer address=127.0.0.1:4987
I1224 00:23:48.424271  6286 FunctionLooper.cpp:88] stop: ReadLooper
I1224 00:23:48.424278  6286 FunctionLooper.cpp:88] stop: PeekLooper
I1224 00:23:48.424283  6286 FunctionLooper.cpp:88] stop: WriteLooper
I1224 00:23:48.424290  6286 QuicTransportBase.cpp:2651] Clearing 0 peek callbacks
I1224 00:23:48.424296  6286 QuicTransportBase.cpp:852] Stopping read looper client CID=0000000000000003 server CID=400000d073fb5e9a peer address=127.0.0.1:4987
I1224 00:23:48.424304  6286 FunctionLooper.cpp:88] stop: ReadLooper
I1224 00:23:48.424309  6286 QuicTransportBase.cpp:1196] Stopping peek looper client CID=0000000000000003 server CID=400000d073fb5e9a peer address=127.0.0.1:4987
I1224 00:23:48.424316  6286 FunctionLooper.cpp:88] stop: PeekLooper
I1224 00:23:48.424322  6286 QuicTransportBase.cpp:1233] Server stopping write looper because conn closed client CID=0000000000000003 server CID=400000d073fb5e9a peer address=127.0.0.1:4987
I1224 00:23:48.424329  6286 FunctionLooper.cpp:88] stop: WriteLooper
E1224 00:23:48.424335  6286 EchoHandler.h:53] Socket error=Crypto error: missing_extension
I1224 00:23:48.424357  6286 QuicTransportFunctions.cpp:1063] Server sent close packetNum=495076 in space=InitialSpace client CID=0000000000000003 server CID=400000d073fb5e9a peer address=127.0.0.1:4987
I1224 00:23:48.424379  6286 LogQuicStats.h:144] server onWrite size=82
I1224 00:23:48.424391  6286 QuicTransportBase.cpp:852] Stopping read looper client CID=0000000000000003 server CID=400000d073fb5e9a peer address=127.0.0.1:4987
I1224 00:23:48.424397  6286 FunctionLooper.cpp:88] stop: ReadLooper
I1224 00:23:48.424403  6286 QuicTransportBase.cpp:1196] Stopping peek looper client CID=0000000000000003 server CID=400000d073fb5e9a peer address=127.0.0.1:4987
I1224 00:23:48.424409  6286 FunctionLooper.cpp:88] stop: PeekLooper
I1224 00:23:48.424415  6286 QuicTransportBase.cpp:1233] Server stopping write looper because conn closed client CID=0000000000000003 server CID=400000d073fb5e9a peer address=127.0.0.1:4987
I1224 00:23:48.424422  6286 FunctionLooper.cpp:88] stop: WriteLooper
*** Aborted at 1640305428 (Unix time, try 'date -d @1640305428') ***
*** Signal 15 (SIGTERM) (0x1885) received by PID 6280 (pthread TID 0x7f620aceeec0) (linux TID 6280) (maybe from PID 6277, UID 0) (code: 0), stack trace: ***
(error retrieving stack trace)
