I1224 00:19:16.368721  4544 EventBase.cpp:308] EventBase(): Starting loop.
I1224 00:19:16.368902  4545 EventBase.cpp:308] EventBase(): Starting loop.
I1224 00:19:16.371537  4546 EventBase.cpp:308] EventBase(): Starting loop.
I1224 00:19:16.371718  4547 EventBase.cpp:308] EventBase(): Starting loop.
I1224 00:19:16.375119  4548 EventBase.cpp:308] EventBase(): Starting loop.
I1224 00:19:16.379405  4549 EventBase.cpp:308] EventBase(): Starting loop.
I1224 00:19:16.379565  4544 QuicServer.cpp:268] No valid takenover fd found for address=127.0.0.1:4443. binding on worker=0x5606f9b5cec0 workerId=0 processId=0
I1224 00:19:16.379763  4545 QuicServer.cpp:268] No valid takenover fd found for address=127.0.0.1:4443. binding on worker=0x5606f9b5d500 workerId=1 processId=0
I1224 00:19:16.379923  4546 QuicServer.cpp:268] No valid takenover fd found for address=127.0.0.1:4443. binding on worker=0x5606f9b5d940 workerId=2 processId=0
I1224 00:19:16.380086  4547 QuicServer.cpp:268] No valid takenover fd found for address=127.0.0.1:4443. binding on worker=0x5606f9b5de20 workerId=3 processId=0
I1224 00:19:16.380256  4548 QuicServer.cpp:268] No valid takenover fd found for address=127.0.0.1:4443. binding on worker=0x5606f9b5e300 workerId=4 processId=0
I1224 00:19:16.380414  4549 QuicServer.cpp:268] No valid takenover fd found for address=127.0.0.1:4443. binding on worker=0x5606f9b5e800 workerId=5 processId=0
I1224 00:19:16.380442  4549 QuicServer.cpp:295] Initialized all workers in the eventbase
I1224 00:19:16.380539  4541 EchoServer.h:90] Echo server started at: 127.0.0.1:4443
I1224 00:19:16.380556  4541 EventBase.cpp:308] EventBase(): Starting loop.
I1224 00:19:16.380606  4544 QuicServerWorker.cpp:134] Registered read on worker=0x5606f9b5cec0, thread=140314645202688, processId=0
I1224 00:19:16.380628  4545 QuicServerWorker.cpp:134] Registered read on worker=0x5606f9b5d500, thread=140314568292096, processId=0
I1224 00:19:16.380653  4547 QuicServerWorker.cpp:134] Registered read on worker=0x5606f9b5de20, thread=140314551506688, processId=0
I1224 00:19:16.380631  4546 QuicServerWorker.cpp:134] Registered read on worker=0x5606f9b5d940, thread=140314559899392, processId=0
I1224 00:19:16.380672  4549 QuicServerWorker.cpp:134] Registered read on worker=0x5606f9b5e800, thread=140314534721280, processId=0
I1224 00:19:16.380698  4548 QuicServerWorker.cpp:134] Registered read on worker=0x5606f9b5e300, thread=140314543113984, processId=0
I1224 00:19:21.802175  4547 QuicServerWorker.cpp:227] Worker=0x5606f9b5de20, Received data on thread=140314551506688, processId=0
I1224 00:19:21.802204  4547 LogQuicStats.h:24] server onPacketReceived
I1224 00:19:21.802212  4547 LogQuicStats.h:140] server onRead size=1232
W1224 00:19:21.802232  4547 Types.cpp:447] toString has unhandled version type
I1224 00:19:21.802227  4547 LogQuicStats.h:76] server onClientInitialReceived, version: UNKNOWN
I1224 00:19:21.802249  4547 QuicServerWorker.cpp:208] Version negotiation sent to client=127.0.0.1:4987
I1224 00:19:21.802259  4547 LogQuicStats.h:144] server onWrite size=43
I1224 00:19:21.802266  4547 LogQuicStats.h:36] server onPacketProcessed
I1224 00:19:21.802273  4547 LogQuicStats.h:40] server onPacketSent
I1224 00:19:22.008157  4547 QuicServerWorker.cpp:227] Worker=0x5606f9b5de20, Received data on thread=140314551506688, processId=0
I1224 00:19:22.008186  4547 LogQuicStats.h:24] server onPacketReceived
I1224 00:19:22.008193  4547 LogQuicStats.h:140] server onRead size=1232
I1224 00:19:22.008201  4547 LogQuicStats.h:76] server onClientInitialReceived, version: QUIC_DRAFT
I1224 00:19:22.008211  4547 QuicServerWorker.cpp:545] Creating new connection for client=127.0.0.1:4987, routingInfo=CID=0000000000000000, cidVersion=1, workerId=3, processId=0, hostId=0, threadId=140314551506688, 
I1224 00:19:22.008319  4547 LogQuicStats.h:118] server onStatelessReset
I1224 00:19:22.008349  4547 StateMachine-inl.h:41] Transition from Uninitialized to ExpectingClientHello
I1224 00:19:22.008412  4547 LogQuicStats.h:32] server onOutOfOrderPacketReceived
I1224 00:19:22.008421  4547 ServerStateMachine.cpp:952] Server received crypto data offset=0 len=391 currentReadOffset=0 client CID=0000000000000003 server CID=400000d81e7c2439 peer address=127.0.0.1:4987
I1224 00:19:22.008447  4547 RecordLayer.cpp:82] Received handshake message ClientHello
I1224 00:19:22.008545  4547 ServerHandshake.cpp:167] ServerHandshake error fizz::FizzException: no psk modes
I1224 00:19:22.008586  4547 QuicTransportBase.cpp:1870] onNetworkData fizz::FizzException: no psk modes client CID=0000000000000003 server CID=400000d81e7c2439 peer address=127.0.0.1:4987
I1224 00:19:22.008599  4547 QuicTransportBase.cpp:400] Stopping read looper due to immediate close client CID=0000000000000003 server CID=400000d81e7c2439 peer address=127.0.0.1:4987
I1224 00:19:22.008607  4547 FunctionLooper.cpp:88] stop: ReadLooper
I1224 00:19:22.008613  4547 FunctionLooper.cpp:88] stop: PeekLooper
I1224 00:19:22.008620  4547 FunctionLooper.cpp:88] stop: WriteLooper
I1224 00:19:22.008626  4547 QuicTransportBase.cpp:2651] Clearing 0 peek callbacks
I1224 00:19:22.008632  4547 QuicTransportBase.cpp:852] Stopping read looper client CID=0000000000000003 server CID=400000d81e7c2439 peer address=127.0.0.1:4987
I1224 00:19:22.008639  4547 FunctionLooper.cpp:88] stop: ReadLooper
I1224 00:19:22.008646  4547 QuicTransportBase.cpp:1196] Stopping peek looper client CID=0000000000000003 server CID=400000d81e7c2439 peer address=127.0.0.1:4987
I1224 00:19:22.008651  4547 FunctionLooper.cpp:88] stop: PeekLooper
I1224 00:19:22.008657  4547 QuicTransportBase.cpp:1233] Server stopping write looper because conn closed client CID=0000000000000003 server CID=400000d81e7c2439 peer address=127.0.0.1:4987
I1224 00:19:22.008664  4547 FunctionLooper.cpp:88] stop: WriteLooper
E1224 00:19:22.008690  4547 EchoHandler.h:53] Socket error=Crypto error: missing_extension
I1224 00:19:22.008718  4547 QuicTransportFunctions.cpp:1063] Server sent close packetNum=13791472 in space=InitialSpace client CID=0000000000000003 server CID=400000d81e7c2439 peer address=127.0.0.1:4987
I1224 00:19:22.008741  4547 LogQuicStats.h:144] server onWrite size=83
I1224 00:19:22.008752  4547 QuicTransportBase.cpp:852] Stopping read looper client CID=0000000000000003 server CID=400000d81e7c2439 peer address=127.0.0.1:4987
I1224 00:19:22.008760  4547 FunctionLooper.cpp:88] stop: ReadLooper
I1224 00:19:22.008766  4547 QuicTransportBase.cpp:1196] Stopping peek looper client CID=0000000000000003 server CID=400000d81e7c2439 peer address=127.0.0.1:4987
I1224 00:19:22.008772  4547 FunctionLooper.cpp:88] stop: PeekLooper
I1224 00:19:22.008778  4547 QuicTransportBase.cpp:1233] Server stopping write looper because conn closed client CID=0000000000000003 server CID=400000d81e7c2439 peer address=127.0.0.1:4987
I1224 00:19:22.008785  4547 FunctionLooper.cpp:88] stop: WriteLooper
*** Aborted at 1640305162 (Unix time, try 'date -d @1640305162') ***
*** Signal 15 (SIGTERM) (0x11ba) received by PID 4541 (pthread TID 0x7f9d8fe06ec0) (linux TID 4541) (maybe from PID 4538, UID 0) (code: 0), stack trace: ***
(error retrieving stack trace)
