I1224 00:24:16.678035  6505 EventBase.cpp:308] EventBase(): Starting loop.
I1224 00:24:16.678234  6506 EventBase.cpp:308] EventBase(): Starting loop.
I1224 00:24:16.678408  6507 EventBase.cpp:308] EventBase(): Starting loop.
I1224 00:24:16.678544  6508 EventBase.cpp:308] EventBase(): Starting loop.
I1224 00:24:16.678625  6509 EventBase.cpp:308] EventBase(): Starting loop.
I1224 00:24:16.678959  6510 EventBase.cpp:308] EventBase(): Starting loop.
I1224 00:24:16.679164  6505 QuicServer.cpp:268] No valid takenover fd found for address=127.0.0.1:4443. binding on worker=0x55a2175caec0 workerId=0 processId=0
I1224 00:24:16.679378  6506 QuicServer.cpp:268] No valid takenover fd found for address=127.0.0.1:4443. binding on worker=0x55a2175cb500 workerId=1 processId=0
I1224 00:24:16.679536  6507 QuicServer.cpp:268] No valid takenover fd found for address=127.0.0.1:4443. binding on worker=0x55a2175cb940 workerId=2 processId=0
I1224 00:24:16.679702  6508 QuicServer.cpp:268] No valid takenover fd found for address=127.0.0.1:4443. binding on worker=0x55a2175cbe20 workerId=3 processId=0
I1224 00:24:16.679888  6509 QuicServer.cpp:268] No valid takenover fd found for address=127.0.0.1:4443. binding on worker=0x55a2175cc300 workerId=4 processId=0
I1224 00:24:16.680047  6510 QuicServer.cpp:268] No valid takenover fd found for address=127.0.0.1:4443. binding on worker=0x55a2175cc800 workerId=5 processId=0
I1224 00:24:16.680075  6510 QuicServer.cpp:295] Initialized all workers in the eventbase
I1224 00:24:16.680212  6502 EchoServer.h:90] Echo server started at: 127.0.0.1:4443
I1224 00:24:16.680235  6502 EventBase.cpp:308] EventBase(): Starting loop.
I1224 00:24:16.680266  6505 QuicServerWorker.cpp:134] Registered read on worker=0x55a2175caec0, thread=140707658864384, processId=0
I1224 00:24:16.680276  6507 QuicServerWorker.cpp:134] Registered read on worker=0x55a2175cb940, thread=140707642078976, processId=0
I1224 00:24:16.680297  6510 QuicServerWorker.cpp:134] Registered read on worker=0x55a2175cc800, thread=140707415189248, processId=0
I1224 00:24:16.680307  6506 QuicServerWorker.cpp:134] Registered read on worker=0x55a2175cb500, thread=140707650471680, processId=0
I1224 00:24:16.680317  6508 QuicServerWorker.cpp:134] Registered read on worker=0x55a2175cbe20, thread=140707633686272, processId=0
I1224 00:24:16.680382  6509 QuicServerWorker.cpp:134] Registered read on worker=0x55a2175cc300, thread=140707423581952, processId=0
I1224 00:24:22.078797  6508 QuicServerWorker.cpp:227] Worker=0x55a2175cbe20, Received data on thread=140707633686272, processId=0
I1224 00:24:22.078824  6508 LogQuicStats.h:24] server onPacketReceived
I1224 00:24:22.078831  6508 LogQuicStats.h:140] server onRead size=1232
W1224 00:24:22.078852  6508 Types.cpp:447] toString has unhandled version type
I1224 00:24:22.078846  6508 LogQuicStats.h:76] server onClientInitialReceived, version: UNKNOWN
I1224 00:24:22.078867  6508 QuicServerWorker.cpp:208] Version negotiation sent to client=127.0.0.1:4987
I1224 00:24:22.078876  6508 LogQuicStats.h:144] server onWrite size=43
I1224 00:24:22.078882  6508 LogQuicStats.h:36] server onPacketProcessed
I1224 00:24:22.078888  6508 LogQuicStats.h:40] server onPacketSent
I1224 00:24:22.262728  6508 QuicServerWorker.cpp:227] Worker=0x55a2175cbe20, Received data on thread=140707633686272, processId=0
I1224 00:24:22.262771  6508 LogQuicStats.h:24] server onPacketReceived
I1224 00:24:22.262780  6508 LogQuicStats.h:140] server onRead size=1232
I1224 00:24:22.262789  6508 LogQuicStats.h:76] server onClientInitialReceived, version: QUIC_DRAFT
I1224 00:24:22.262823  6508 QuicServerWorker.cpp:545] Creating new connection for client=127.0.0.1:4987, routingInfo=CID=0000000000000000, cidVersion=1, workerId=3, processId=0, hostId=0, threadId=140707633686272, 
I1224 00:24:22.262943  6508 LogQuicStats.h:118] server onStatelessReset
I1224 00:24:22.262970  6508 StateMachine-inl.h:41] Transition from Uninitialized to ExpectingClientHello
I1224 00:24:22.263033  6508 LogQuicStats.h:32] server onOutOfOrderPacketReceived
I1224 00:24:22.263042  6508 ServerStateMachine.cpp:952] Server received crypto data offset=0 len=389 currentReadOffset=0 client CID=0000000000000003 server CID=400000d43cbfe609 peer address=127.0.0.1:4987
I1224 00:24:22.263062  6508 RecordLayer.cpp:82] Received handshake message ClientHello
I1224 00:24:22.263159  6508 ServerHandshake.cpp:167] ServerHandshake error fizz::FizzException: no psk modes
I1224 00:24:22.263204  6508 QuicTransportBase.cpp:1870] onNetworkData fizz::FizzException: no psk modes client CID=0000000000000003 server CID=400000d43cbfe609 peer address=127.0.0.1:4987
I1224 00:24:22.263217  6508 QuicTransportBase.cpp:400] Stopping read looper due to immediate close client CID=0000000000000003 server CID=400000d43cbfe609 peer address=127.0.0.1:4987
I1224 00:24:22.263226  6508 FunctionLooper.cpp:88] stop: ReadLooper
I1224 00:24:22.263231  6508 FunctionLooper.cpp:88] stop: PeekLooper
I1224 00:24:22.263236  6508 FunctionLooper.cpp:88] stop: WriteLooper
I1224 00:24:22.263243  6508 QuicTransportBase.cpp:2651] Clearing 0 peek callbacks
I1224 00:24:22.263250  6508 QuicTransportBase.cpp:852] Stopping read looper client CID=0000000000000003 server CID=400000d43cbfe609 peer address=127.0.0.1:4987
I1224 00:24:22.263257  6508 FunctionLooper.cpp:88] stop: ReadLooper
I1224 00:24:22.263262  6508 QuicTransportBase.cpp:1196] Stopping peek looper client CID=0000000000000003 server CID=400000d43cbfe609 peer address=127.0.0.1:4987
I1224 00:24:22.263268  6508 FunctionLooper.cpp:88] stop: PeekLooper
I1224 00:24:22.263274  6508 QuicTransportBase.cpp:1233] Server stopping write looper because conn closed client CID=0000000000000003 server CID=400000d43cbfe609 peer address=127.0.0.1:4987
I1224 00:24:22.263281  6508 FunctionLooper.cpp:88] stop: WriteLooper
E1224 00:24:22.263288  6508 EchoHandler.h:53] Socket error=Crypto error: missing_extension
I1224 00:24:22.263307  6508 QuicTransportFunctions.cpp:1063] Server sent close packetNum=13157728 in space=InitialSpace client CID=0000000000000003 server CID=400000d43cbfe609 peer address=127.0.0.1:4987
I1224 00:24:22.263337  6508 LogQuicStats.h:144] server onWrite size=83
I1224 00:24:22.263348  6508 QuicTransportBase.cpp:852] Stopping read looper client CID=0000000000000003 server CID=400000d43cbfe609 peer address=127.0.0.1:4987
I1224 00:24:22.263355  6508 FunctionLooper.cpp:88] stop: ReadLooper
I1224 00:24:22.263361  6508 QuicTransportBase.cpp:1196] Stopping peek looper client CID=0000000000000003 server CID=400000d43cbfe609 peer address=127.0.0.1:4987
I1224 00:24:22.263367  6508 FunctionLooper.cpp:88] stop: PeekLooper
I1224 00:24:22.263373  6508 QuicTransportBase.cpp:1233] Server stopping write looper because conn closed client CID=0000000000000003 server CID=400000d43cbfe609 peer address=127.0.0.1:4987
I1224 00:24:22.263381  6508 FunctionLooper.cpp:88] stop: WriteLooper
*** Aborted at 1640305462 (Unix time, try 'date -d @1640305462') ***
*** Signal 15 (SIGTERM) (0x1963) received by PID 6502 (pthread TID 0x7ff91150fec0) (linux TID 6502) (maybe from PID 6499, UID 0) (code: 0), stack trace: ***
(error retrieving stack trace)
