I1224 00:20:01.728636  4839 EventBase.cpp:308] EventBase(): Starting loop.
I1224 00:20:01.733738  4841 EventBase.cpp:308] EventBase(): Starting loop.
I1224 00:20:01.734448  4842 EventBase.cpp:308] EventBase(): Starting loop.
I1224 00:20:01.735214  4843 EventBase.cpp:308] EventBase(): Starting loop.
I1224 00:20:01.739403  4844 EventBase.cpp:308] EventBase(): Starting loop.
I1224 00:20:01.739939  4845 EventBase.cpp:308] EventBase(): Starting loop.
I1224 00:20:01.740108  4839 QuicServer.cpp:268] No valid takenover fd found for address=127.0.0.1:4443. binding on worker=0x55cd448a5ec0 workerId=0 processId=0
I1224 00:20:01.740298  4841 QuicServer.cpp:268] No valid takenover fd found for address=127.0.0.1:4443. binding on worker=0x55cd448a6500 workerId=1 processId=0
I1224 00:20:01.740429  4842 QuicServer.cpp:268] No valid takenover fd found for address=127.0.0.1:4443. binding on worker=0x55cd448a6940 workerId=2 processId=0
I1224 00:20:01.740494  4843 QuicServer.cpp:268] No valid takenover fd found for address=127.0.0.1:4443. binding on worker=0x55cd448a6e20 workerId=3 processId=0
I1224 00:20:01.740538  4844 QuicServer.cpp:268] No valid takenover fd found for address=127.0.0.1:4443. binding on worker=0x55cd448a7300 workerId=4 processId=0
I1224 00:20:01.740629  4845 QuicServer.cpp:268] No valid takenover fd found for address=127.0.0.1:4443. binding on worker=0x55cd448a7800 workerId=5 processId=0
I1224 00:20:01.740659  4845 QuicServer.cpp:295] Initialized all workers in the eventbase
I1224 00:20:01.740778  4843 QuicServerWorker.cpp:134] Registered read on worker=0x55cd448a6e20, thread=140195152328448, processId=0
I1224 00:20:01.740831  4837 EchoServer.h:90] Echo server started at: 127.0.0.1:4443
I1224 00:20:01.740856  4837 EventBase.cpp:308] EventBase(): Starting loop.
I1224 00:20:01.740834  4839 QuicServerWorker.cpp:134] Registered read on worker=0x55cd448a5ec0, thread=140195177506560, processId=0
I1224 00:20:01.740885  4845 QuicServerWorker.cpp:134] Registered read on worker=0x55cd448a7800, thread=140195135543040, processId=0
I1224 00:20:01.740831  4841 QuicServerWorker.cpp:134] Registered read on worker=0x55cd448a6500, thread=140195169113856, processId=0
I1224 00:20:01.740916  4844 QuicServerWorker.cpp:134] Registered read on worker=0x55cd448a7300, thread=140195143935744, processId=0
I1224 00:20:01.740958  4842 QuicServerWorker.cpp:134] Registered read on worker=0x55cd448a6940, thread=140195160721152, processId=0
I1224 00:20:07.172191  4843 QuicServerWorker.cpp:227] Worker=0x55cd448a6e20, Received data on thread=140195152328448, processId=0
I1224 00:20:07.172220  4843 LogQuicStats.h:24] server onPacketReceived
I1224 00:20:07.172227  4843 LogQuicStats.h:140] server onRead size=1232
W1224 00:20:07.172255  4843 Types.cpp:447] toString has unhandled version type
I1224 00:20:07.172246  4843 LogQuicStats.h:76] server onClientInitialReceived, version: UNKNOWN
I1224 00:20:07.172272  4843 QuicServerWorker.cpp:208] Version negotiation sent to client=127.0.0.1:4987
I1224 00:20:07.172281  4843 LogQuicStats.h:144] server onWrite size=43
I1224 00:20:07.172288  4843 LogQuicStats.h:36] server onPacketProcessed
I1224 00:20:07.172294  4843 LogQuicStats.h:40] server onPacketSent
I1224 00:20:07.429268  4843 QuicServerWorker.cpp:227] Worker=0x55cd448a6e20, Received data on thread=140195152328448, processId=0
I1224 00:20:07.429298  4843 LogQuicStats.h:24] server onPacketReceived
I1224 00:20:07.429306  4843 LogQuicStats.h:140] server onRead size=1232
I1224 00:20:07.429313  4843 LogQuicStats.h:76] server onClientInitialReceived, version: QUIC_DRAFT
I1224 00:20:07.429323  4843 QuicServerWorker.cpp:545] Creating new connection for client=127.0.0.1:4987, routingInfo=CID=0000000000000000, cidVersion=1, workerId=3, processId=0, hostId=0, threadId=140195152328448, 
I1224 00:20:07.429437  4843 LogQuicStats.h:118] server onStatelessReset
I1224 00:20:07.429466  4843 StateMachine-inl.h:41] Transition from Uninitialized to ExpectingClientHello
I1224 00:20:07.429533  4843 LogQuicStats.h:32] server onOutOfOrderPacketReceived
I1224 00:20:07.429543  4843 ServerStateMachine.cpp:952] Server received crypto data offset=0 len=391 currentReadOffset=0 client CID=0000000000000003 server CID=400000c646b9f9a2 peer address=127.0.0.1:4987
I1224 00:20:07.429564  4843 RecordLayer.cpp:82] Received handshake message ClientHello
I1224 00:20:07.429664  4843 ServerHandshake.cpp:167] ServerHandshake error fizz::FizzException: no psk modes
I1224 00:20:07.429709  4843 QuicTransportBase.cpp:1870] onNetworkData fizz::FizzException: no psk modes client CID=0000000000000003 server CID=400000c646b9f9a2 peer address=127.0.0.1:4987
I1224 00:20:07.429723  4843 QuicTransportBase.cpp:400] Stopping read looper due to immediate close client CID=0000000000000003 server CID=400000c646b9f9a2 peer address=127.0.0.1:4987
I1224 00:20:07.429756  4843 FunctionLooper.cpp:88] stop: ReadLooper
I1224 00:20:07.429764  4843 FunctionLooper.cpp:88] stop: PeekLooper
I1224 00:20:07.429770  4843 FunctionLooper.cpp:88] stop: WriteLooper
I1224 00:20:07.429777  4843 QuicTransportBase.cpp:2651] Clearing 0 peek callbacks
I1224 00:20:07.429785  4843 QuicTransportBase.cpp:852] Stopping read looper client CID=0000000000000003 server CID=400000c646b9f9a2 peer address=127.0.0.1:4987
I1224 00:20:07.429791  4843 FunctionLooper.cpp:88] stop: ReadLooper
I1224 00:20:07.429797  4843 QuicTransportBase.cpp:1196] Stopping peek looper client CID=0000000000000003 server CID=400000c646b9f9a2 peer address=127.0.0.1:4987
I1224 00:20:07.429805  4843 FunctionLooper.cpp:88] stop: PeekLooper
I1224 00:20:07.429811  4843 QuicTransportBase.cpp:1233] Server stopping write looper because conn closed client CID=0000000000000003 server CID=400000c646b9f9a2 peer address=127.0.0.1:4987
I1224 00:20:07.429817  4843 FunctionLooper.cpp:88] stop: WriteLooper
E1224 00:20:07.429824  4843 EchoHandler.h:53] Socket error=Crypto error: missing_extension
I1224 00:20:07.429847  4843 QuicTransportFunctions.cpp:1063] Server sent close packetNum=15795788 in space=InitialSpace client CID=0000000000000003 server CID=400000c646b9f9a2 peer address=127.0.0.1:4987
I1224 00:20:07.429870  4843 LogQuicStats.h:144] server onWrite size=83
I1224 00:20:07.429881  4843 QuicTransportBase.cpp:852] Stopping read looper client CID=0000000000000003 server CID=400000c646b9f9a2 peer address=127.0.0.1:4987
I1224 00:20:07.429889  4843 FunctionLooper.cpp:88] stop: ReadLooper
I1224 00:20:07.429895  4843 QuicTransportBase.cpp:1196] Stopping peek looper client CID=0000000000000003 server CID=400000c646b9f9a2 peer address=127.0.0.1:4987
I1224 00:20:07.429903  4843 FunctionLooper.cpp:88] stop: PeekLooper
I1224 00:20:07.429908  4843 QuicTransportBase.cpp:1233] Server stopping write looper because conn closed client CID=0000000000000003 server CID=400000c646b9f9a2 peer address=127.0.0.1:4987
I1224 00:20:07.429914  4843 FunctionLooper.cpp:88] stop: WriteLooper
*** Aborted at 1640305207 (Unix time, try 'date -d @1640305207') ***
*** Signal 15 (SIGTERM) (0x12e2) received by PID 4837 (pthread TID 0x7f81bf0c0ec0) (linux TID 4837) (maybe from PID 4834, UID 0) (code: 0), stack trace: ***
(error retrieving stack trace)
