I1224 00:15:52.175709  3212 EventBase.cpp:308] EventBase(): Starting loop.
I1224 00:15:52.176261  3213 EventBase.cpp:308] EventBase(): Starting loop.
I1224 00:15:52.188388  3214 EventBase.cpp:308] EventBase(): Starting loop.
I1224 00:15:52.189020  3215 EventBase.cpp:308] EventBase(): Starting loop.
I1224 00:15:52.190299  3216 EventBase.cpp:308] EventBase(): Starting loop.
I1224 00:15:52.190946  3217 EventBase.cpp:308] EventBase(): Starting loop.
I1224 00:15:52.191079  3212 QuicServer.cpp:268] No valid takenover fd found for address=127.0.0.1:4443. binding on worker=0x556f57d3dec0 workerId=0 processId=0
I1224 00:15:52.191145  3213 QuicServer.cpp:268] No valid takenover fd found for address=127.0.0.1:4443. binding on worker=0x556f57d3e500 workerId=1 processId=0
I1224 00:15:52.191327  3214 QuicServer.cpp:268] No valid takenover fd found for address=127.0.0.1:4443. binding on worker=0x556f57d3e940 workerId=2 processId=0
I1224 00:15:52.191435  3215 QuicServer.cpp:268] No valid takenover fd found for address=127.0.0.1:4443. binding on worker=0x556f57d3ee20 workerId=3 processId=0
I1224 00:15:52.191478  3216 QuicServer.cpp:268] No valid takenover fd found for address=127.0.0.1:4443. binding on worker=0x556f57d3f300 workerId=4 processId=0
I1224 00:15:52.191570  3217 QuicServer.cpp:268] No valid takenover fd found for address=127.0.0.1:4443. binding on worker=0x556f57d3f800 workerId=5 processId=0
I1224 00:15:52.191598  3217 QuicServer.cpp:295] Initialized all workers in the eventbase
I1224 00:15:52.191735  3212 QuicServerWorker.cpp:134] Registered read on worker=0x556f57d3dec0, thread=140563825071872, processId=0
I1224 00:15:52.191820  3213 QuicServerWorker.cpp:134] Registered read on worker=0x556f57d3e500, thread=140563743504128, processId=0
I1224 00:15:52.191820  3215 QuicServerWorker.cpp:134] Registered read on worker=0x556f57d3ee20, thread=140563726718720, processId=0
I1224 00:15:52.191830  3214 QuicServerWorker.cpp:134] Registered read on worker=0x556f57d3e940, thread=140563735111424, processId=0
I1224 00:15:52.191903  3216 QuicServerWorker.cpp:134] Registered read on worker=0x556f57d3f300, thread=140563718326016, processId=0
I1224 00:15:52.191924  3209 EchoServer.h:90] Echo server started at: 127.0.0.1:4443
I1224 00:15:52.191934  3209 EventBase.cpp:308] EventBase(): Starting loop.
I1224 00:15:52.192013  3217 QuicServerWorker.cpp:134] Registered read on worker=0x556f57d3f800, thread=140563709933312, processId=0
I1224 00:15:57.603235  3215 QuicServerWorker.cpp:227] Worker=0x556f57d3ee20, Received data on thread=140563726718720, processId=0
I1224 00:15:57.603264  3215 LogQuicStats.h:24] server onPacketReceived
I1224 00:15:57.603272  3215 LogQuicStats.h:140] server onRead size=1232
W1224 00:15:57.603297  3215 Types.cpp:447] toString has unhandled version type
I1224 00:15:57.603287  3215 LogQuicStats.h:76] server onClientInitialReceived, version: UNKNOWN
I1224 00:15:57.603314  3215 QuicServerWorker.cpp:208] Version negotiation sent to client=127.0.0.1:4987
I1224 00:15:57.603324  3215 LogQuicStats.h:144] server onWrite size=43
I1224 00:15:57.603332  3215 LogQuicStats.h:36] server onPacketProcessed
I1224 00:15:57.603338  3215 LogQuicStats.h:40] server onPacketSent
I1224 00:15:57.807512  3215 QuicServerWorker.cpp:227] Worker=0x556f57d3ee20, Received data on thread=140563726718720, processId=0
I1224 00:15:57.807541  3215 LogQuicStats.h:24] server onPacketReceived
I1224 00:15:57.807549  3215 LogQuicStats.h:140] server onRead size=1232
I1224 00:15:57.807556  3215 LogQuicStats.h:76] server onClientInitialReceived, version: QUIC_DRAFT
I1224 00:15:57.807567  3215 QuicServerWorker.cpp:545] Creating new connection for client=127.0.0.1:4987, routingInfo=CID=0000000000000000, cidVersion=1, workerId=3, processId=0, hostId=0, threadId=140563726718720, 
I1224 00:15:57.807700  3215 LogQuicStats.h:118] server onStatelessReset
I1224 00:15:57.807729  3215 StateMachine-inl.h:41] Transition from Uninitialized to ExpectingClientHello
I1224 00:15:57.807796  3215 LogQuicStats.h:32] server onOutOfOrderPacketReceived
I1224 00:15:57.807806  3215 ServerStateMachine.cpp:952] Server received crypto data offset=0 len=391 currentReadOffset=0 client CID=0000000000000003 server CID=400000c457a70691 peer address=127.0.0.1:4987
I1224 00:15:57.807828  3215 RecordLayer.cpp:82] Received handshake message ClientHello
I1224 00:15:57.807927  3215 ServerHandshake.cpp:167] ServerHandshake error fizz::FizzException: no psk modes
I1224 00:15:57.807974  3215 QuicTransportBase.cpp:1870] onNetworkData fizz::FizzException: no psk modes client CID=0000000000000003 server CID=400000c457a70691 peer address=127.0.0.1:4987
I1224 00:15:57.807989  3215 QuicTransportBase.cpp:400] Stopping read looper due to immediate close client CID=0000000000000003 server CID=400000c457a70691 peer address=127.0.0.1:4987
I1224 00:15:57.807997  3215 FunctionLooper.cpp:88] stop: ReadLooper
I1224 00:15:57.808003  3215 FunctionLooper.cpp:88] stop: PeekLooper
I1224 00:15:57.808009  3215 FunctionLooper.cpp:88] stop: WriteLooper
I1224 00:15:57.808017  3215 QuicTransportBase.cpp:2651] Clearing 0 peek callbacks
I1224 00:15:57.808023  3215 QuicTransportBase.cpp:852] Stopping read looper client CID=0000000000000003 server CID=400000c457a70691 peer address=127.0.0.1:4987
I1224 00:15:57.808030  3215 FunctionLooper.cpp:88] stop: ReadLooper
I1224 00:15:57.808037  3215 QuicTransportBase.cpp:1196] Stopping peek looper client CID=0000000000000003 server CID=400000c457a70691 peer address=127.0.0.1:4987
I1224 00:15:57.808043  3215 FunctionLooper.cpp:88] stop: PeekLooper
I1224 00:15:57.808049  3215 QuicTransportBase.cpp:1233] Server stopping write looper because conn closed client CID=0000000000000003 server CID=400000c457a70691 peer address=127.0.0.1:4987
I1224 00:15:57.808056  3215 FunctionLooper.cpp:88] stop: WriteLooper
E1224 00:15:57.808063  3215 EchoHandler.h:53] Socket error=Crypto error: missing_extension
I1224 00:15:57.808084  3215 QuicTransportFunctions.cpp:1063] Server sent close packetNum=7894286 in space=InitialSpace client CID=0000000000000003 server CID=400000c457a70691 peer address=127.0.0.1:4987
I1224 00:15:57.808116  3215 LogQuicStats.h:144] server onWrite size=82
I1224 00:15:57.808127  3215 QuicTransportBase.cpp:852] Stopping read looper client CID=0000000000000003 server CID=400000c457a70691 peer address=127.0.0.1:4987
I1224 00:15:57.808135  3215 FunctionLooper.cpp:88] stop: ReadLooper
I1224 00:15:57.808141  3215 QuicTransportBase.cpp:1196] Stopping peek looper client CID=0000000000000003 server CID=400000c457a70691 peer address=127.0.0.1:4987
I1224 00:15:57.808148  3215 FunctionLooper.cpp:88] stop: PeekLooper
I1224 00:15:57.808154  3215 QuicTransportBase.cpp:1233] Server stopping write looper because conn closed client CID=0000000000000003 server CID=400000c457a70691 peer address=127.0.0.1:4987
I1224 00:15:57.808161  3215 FunctionLooper.cpp:88] stop: WriteLooper
*** Aborted at 1640304957 (Unix time, try 'date -d @1640304957') ***
*** Signal 15 (SIGTERM) (0xc86) received by PID 3209 (pthread TID 0x7fd794277ec0) (linux TID 3209) (maybe from PID 3206, UID 0) (code: 0), stack trace: ***
(error retrieving stack trace)
