I1223 18:32:39.271445 11266 EventBase.cpp:308] EventBase(): Starting loop.
I1223 18:32:39.271701 11267 EventBase.cpp:308] EventBase(): Starting loop.
I1223 18:32:39.271843 11268 EventBase.cpp:308] EventBase(): Starting loop.
I1223 18:32:39.275310 11269 EventBase.cpp:308] EventBase(): Starting loop.
I1223 18:32:39.275467 11270 EventBase.cpp:308] EventBase(): Starting loop.
I1223 18:32:39.275602 11271 EventBase.cpp:308] EventBase(): Starting loop.
I1223 18:32:39.275722 11266 QuicServer.cpp:268] No valid takenover fd found for address=127.0.0.1:4443. binding on worker=0x55626ebc9040 workerId=0 processId=0
I1223 18:32:39.275892 11267 QuicServer.cpp:268] No valid takenover fd found for address=127.0.0.1:4443. binding on worker=0x55626ebc9680 workerId=1 processId=0
I1223 18:32:39.276051 11268 QuicServer.cpp:268] No valid takenover fd found for address=127.0.0.1:4443. binding on worker=0x55626ebc9b30 workerId=2 processId=0
I1223 18:32:39.276207 11269 QuicServer.cpp:268] No valid takenover fd found for address=127.0.0.1:4443. binding on worker=0x55626ebca010 workerId=3 processId=0
I1223 18:32:39.276365 11270 QuicServer.cpp:268] No valid takenover fd found for address=127.0.0.1:4443. binding on worker=0x55626ebca4f0 workerId=4 processId=0
I1223 18:32:39.276522 11271 QuicServer.cpp:268] No valid takenover fd found for address=127.0.0.1:4443. binding on worker=0x55626ebca9f0 workerId=5 processId=0
I1223 18:32:39.276566 11271 QuicServer.cpp:295] Initialized all workers in the eventbase
I1223 18:32:39.276667 11263 EchoServer.h:90] Echo server started at: 127.0.0.1:4443
I1223 18:32:39.276715 11263 EventBase.cpp:308] EventBase(): Starting loop.
I1223 18:32:39.276760 11266 QuicServerWorker.cpp:134] Registered read on worker=0x55626ebc9040, thread=140369617270528, processId=0
I1223 18:32:39.276773 11268 QuicServerWorker.cpp:134] Registered read on worker=0x55626ebc9b30, thread=140369530451712, processId=0
I1223 18:32:39.276762 11267 QuicServerWorker.cpp:134] Registered read on worker=0x55626ebc9680, thread=140369608877824, processId=0
I1223 18:32:39.276798 11270 QuicServerWorker.cpp:134] Registered read on worker=0x55626ebca4f0, thread=140369513666304, processId=0
I1223 18:32:39.276839 11269 QuicServerWorker.cpp:134] Registered read on worker=0x55626ebca010, thread=140369522059008, processId=0
I1223 18:32:39.276887 11271 QuicServerWorker.cpp:134] Registered read on worker=0x55626ebca9f0, thread=140369505273600, processId=0
I1223 18:32:44.893543 11269 QuicServerWorker.cpp:227] Worker=0x55626ebca010, Received data on thread=140369522059008, processId=0
I1223 18:32:44.893574 11269 LogQuicStats.h:24] server onPacketReceived
I1223 18:32:44.893582 11269 LogQuicStats.h:140] server onRead size=1232
I1223 18:32:44.893599 11269 LogQuicStats.h:76] server onClientInitialReceived, version: QUIC_DRAFT
I1223 18:32:44.893610 11269 QuicServerWorker.cpp:545] Creating new connection for client=127.0.0.1:4987, routingInfo=CID=0000000000000002, cidVersion=1, workerId=3, processId=0, hostId=0, threadId=140369522059008, 
I1223 18:32:44.893756 11269 LogQuicStats.h:118] server onStatelessReset
I1223 18:32:44.893787 11269 StateMachine-inl.h:41] Transition from Uninitialized to ExpectingClientHello
I1223 18:32:44.893858 11269 LogQuicStats.h:32] server onOutOfOrderPacketReceived
I1223 18:32:44.893867 11269 ServerStateMachine.cpp:952] Server received crypto data offset=0 len=391 currentReadOffset=0 client CID=0000000000000001 server CID=400000dde6c83f96 peer address=127.0.0.1:4987
I1223 18:32:44.893884 11269 RecordLayer.cpp:82] Received handshake message ClientHello
I1223 18:32:44.893996 11269 ServerHandshake.cpp:167] ServerHandshake error fizz::FizzException: no psk modes
I1223 18:32:44.894043 11269 QuicTransportBase.cpp:1870] onNetworkData fizz::FizzException: no psk modes client CID=0000000000000001 server CID=400000dde6c83f96 peer address=127.0.0.1:4987
I1223 18:32:44.894058 11269 QuicTransportBase.cpp:400] Stopping read looper due to immediate close client CID=0000000000000001 server CID=400000dde6c83f96 peer address=127.0.0.1:4987
I1223 18:32:44.894068 11269 FunctionLooper.cpp:88] stop: ReadLooper
I1223 18:32:44.894083 11269 FunctionLooper.cpp:88] stop: PeekLooper
I1223 18:32:44.894090 11269 FunctionLooper.cpp:88] stop: WriteLooper
I1223 18:32:44.894102 11269 QuicTransportBase.cpp:2651] Clearing 0 peek callbacks
I1223 18:32:44.894110 11269 QuicTransportBase.cpp:852] Stopping read looper client CID=0000000000000001 server CID=400000dde6c83f96 peer address=127.0.0.1:4987
I1223 18:32:44.894141 11269 FunctionLooper.cpp:88] stop: ReadLooper
I1223 18:32:44.894151 11269 QuicTransportBase.cpp:1196] Stopping peek looper client CID=0000000000000001 server CID=400000dde6c83f96 peer address=127.0.0.1:4987
I1223 18:32:44.894160 11269 FunctionLooper.cpp:88] stop: PeekLooper
I1223 18:32:44.894166 11269 QuicTransportBase.cpp:1233] Server stopping write looper because conn closed client CID=0000000000000001 server CID=400000dde6c83f96 peer address=127.0.0.1:4987
I1223 18:32:44.894173 11269 FunctionLooper.cpp:88] stop: WriteLooper
E1223 18:32:44.894182 11269 EchoHandler.h:53] Socket error=Crypto error: missing_extension
I1223 18:32:44.894209 11269 QuicTransportFunctions.cpp:1063] Server sent close packetNum=12630558 in space=InitialSpace client CID=0000000000000001 server CID=400000dde6c83f96 peer address=127.0.0.1:4987
I1223 18:32:44.894238 11269 LogQuicStats.h:144] server onWrite size=83
I1223 18:32:44.894250 11269 QuicTransportBase.cpp:852] Stopping read looper client CID=0000000000000001 server CID=400000dde6c83f96 peer address=127.0.0.1:4987
I1223 18:32:44.894258 11269 FunctionLooper.cpp:88] stop: ReadLooper
I1223 18:32:44.894265 11269 QuicTransportBase.cpp:1196] Stopping peek looper client CID=0000000000000001 server CID=400000dde6c83f96 peer address=127.0.0.1:4987
I1223 18:32:44.894273 11269 FunctionLooper.cpp:88] stop: PeekLooper
I1223 18:32:44.894279 11269 QuicTransportBase.cpp:1233] Server stopping write looper because conn closed client CID=0000000000000001 server CID=400000dde6c83f96 peer address=127.0.0.1:4987
I1223 18:32:44.894285 11269 FunctionLooper.cpp:88] stop: WriteLooper
*** Aborted at 1640284364 (Unix time, try 'date -d @1640284364') ***
*** Signal 15 (SIGTERM) (0x2bfc) received by PID 11263 (pthread TID 0x7faa5c779ec0) (linux TID 11263) (maybe from PID 11260, UID 0) (code: 0), stack trace: ***
(error retrieving stack trace)
