I1224 00:21:09.846295  5284 EventBase.cpp:308] EventBase(): Starting loop.
I1224 00:21:09.846570  5285 EventBase.cpp:308] EventBase(): Starting loop.
I1224 00:21:09.847201  5286 EventBase.cpp:308] EventBase(): Starting loop.
I1224 00:21:09.851109  5287 EventBase.cpp:308] EventBase(): Starting loop.
I1224 00:21:09.855522  5288 EventBase.cpp:308] EventBase(): Starting loop.
I1224 00:21:09.855664  5289 EventBase.cpp:308] EventBase(): Starting loop.
I1224 00:21:09.855774  5284 QuicServer.cpp:268] No valid takenover fd found for address=127.0.0.1:4443. binding on worker=0x55e894ba6ec0 workerId=0 processId=0
I1224 00:21:09.855937  5285 QuicServer.cpp:268] No valid takenover fd found for address=127.0.0.1:4443. binding on worker=0x55e894ba7500 workerId=1 processId=0
I1224 00:21:09.856050  5286 QuicServer.cpp:268] No valid takenover fd found for address=127.0.0.1:4443. binding on worker=0x55e894ba7940 workerId=2 processId=0
I1224 00:21:09.856108  5287 QuicServer.cpp:268] No valid takenover fd found for address=127.0.0.1:4443. binding on worker=0x55e894ba7e20 workerId=3 processId=0
I1224 00:21:09.856173  5288 QuicServer.cpp:268] No valid takenover fd found for address=127.0.0.1:4443. binding on worker=0x55e894ba8300 workerId=4 processId=0
I1224 00:21:09.856268  5289 QuicServer.cpp:268] No valid takenover fd found for address=127.0.0.1:4443. binding on worker=0x55e894ba8800 workerId=5 processId=0
I1224 00:21:09.856292  5289 QuicServer.cpp:295] Initialized all workers in the eventbase
I1224 00:21:09.856405  5281 EchoServer.h:90] Echo server started at: 127.0.0.1:4443
I1224 00:21:09.856421  5281 EventBase.cpp:308] EventBase(): Starting loop.
I1224 00:21:09.856447  5284 QuicServerWorker.cpp:134] Registered read on worker=0x55e894ba6ec0, thread=140064999462656, processId=0
I1224 00:21:09.856451  5288 QuicServerWorker.cpp:134] Registered read on worker=0x55e894ba8300, thread=140064898139904, processId=0
I1224 00:21:09.856458  5287 QuicServerWorker.cpp:134] Registered read on worker=0x55e894ba7e20, thread=140064906532608, processId=0
I1224 00:21:09.856551  5285 QuicServerWorker.cpp:134] Registered read on worker=0x55e894ba7500, thread=140064923318016, processId=0
I1224 00:21:09.856635  5286 QuicServerWorker.cpp:134] Registered read on worker=0x55e894ba7940, thread=140064914925312, processId=0
I1224 00:21:09.856659  5289 QuicServerWorker.cpp:134] Registered read on worker=0x55e894ba8800, thread=140064889747200, processId=0
I1224 00:21:15.280380  5287 QuicServerWorker.cpp:227] Worker=0x55e894ba7e20, Received data on thread=140064906532608, processId=0
I1224 00:21:15.280408  5287 LogQuicStats.h:24] server onPacketReceived
I1224 00:21:15.280416  5287 LogQuicStats.h:140] server onRead size=1232
W1224 00:21:15.280437  5287 Types.cpp:447] toString has unhandled version type
I1224 00:21:15.280431  5287 LogQuicStats.h:76] server onClientInitialReceived, version: UNKNOWN
I1224 00:21:15.280453  5287 QuicServerWorker.cpp:208] Version negotiation sent to client=127.0.0.1:4987
I1224 00:21:15.280462  5287 LogQuicStats.h:144] server onWrite size=43
I1224 00:21:15.280468  5287 LogQuicStats.h:36] server onPacketProcessed
I1224 00:21:15.280474  5287 LogQuicStats.h:40] server onPacketSent
I1224 00:21:15.448479  5287 QuicServerWorker.cpp:227] Worker=0x55e894ba7e20, Received data on thread=140064906532608, processId=0
I1224 00:21:15.448508  5287 LogQuicStats.h:24] server onPacketReceived
I1224 00:21:15.448514  5287 LogQuicStats.h:140] server onRead size=1232
I1224 00:21:15.448523  5287 LogQuicStats.h:76] server onClientInitialReceived, version: QUIC_DRAFT
I1224 00:21:15.448532  5287 QuicServerWorker.cpp:545] Creating new connection for client=127.0.0.1:4987, routingInfo=CID=0000000000000000, cidVersion=1, workerId=3, processId=0, hostId=0, threadId=140064906532608, 
I1224 00:21:15.448678  5287 LogQuicStats.h:118] server onStatelessReset
I1224 00:21:15.448706  5287 StateMachine-inl.h:41] Transition from Uninitialized to ExpectingClientHello
I1224 00:21:15.448773  5287 LogQuicStats.h:32] server onOutOfOrderPacketReceived
I1224 00:21:15.448782  5287 ServerStateMachine.cpp:952] Server received crypto data offset=0 len=391 currentReadOffset=0 client CID=0000000000000003 server CID=400000c81af116bb peer address=127.0.0.1:4987
I1224 00:21:15.448804  5287 RecordLayer.cpp:82] Received handshake message ClientHello
I1224 00:21:15.448901  5287 ServerHandshake.cpp:167] ServerHandshake error fizz::FizzException: no psk modes
I1224 00:21:15.448944  5287 QuicTransportBase.cpp:1870] onNetworkData fizz::FizzException: no psk modes client CID=0000000000000003 server CID=400000c81af116bb peer address=127.0.0.1:4987
I1224 00:21:15.448958  5287 QuicTransportBase.cpp:400] Stopping read looper due to immediate close client CID=0000000000000003 server CID=400000c81af116bb peer address=127.0.0.1:4987
I1224 00:21:15.448997  5287 FunctionLooper.cpp:88] stop: ReadLooper
I1224 00:21:15.449005  5287 FunctionLooper.cpp:88] stop: PeekLooper
I1224 00:21:15.449012  5287 FunctionLooper.cpp:88] stop: WriteLooper
I1224 00:21:15.449018  5287 QuicTransportBase.cpp:2651] Clearing 0 peek callbacks
I1224 00:21:15.449024  5287 QuicTransportBase.cpp:852] Stopping read looper client CID=0000000000000003 server CID=400000c81af116bb peer address=127.0.0.1:4987
I1224 00:21:15.449033  5287 FunctionLooper.cpp:88] stop: ReadLooper
I1224 00:21:15.449039  5287 QuicTransportBase.cpp:1196] Stopping peek looper client CID=0000000000000003 server CID=400000c81af116bb peer address=127.0.0.1:4987
I1224 00:21:15.449045  5287 FunctionLooper.cpp:88] stop: PeekLooper
I1224 00:21:15.449051  5287 QuicTransportBase.cpp:1233] Server stopping write looper because conn closed client CID=0000000000000003 server CID=400000c81af116bb peer address=127.0.0.1:4987
I1224 00:21:15.449059  5287 FunctionLooper.cpp:88] stop: WriteLooper
E1224 00:21:15.449065  5287 EchoHandler.h:53] Socket error=Crypto error: missing_extension
I1224 00:21:15.449087  5287 QuicTransportFunctions.cpp:1063] Server sent close packetNum=9775873 in space=InitialSpace client CID=0000000000000003 server CID=400000c81af116bb peer address=127.0.0.1:4987
I1224 00:21:15.449112  5287 LogQuicStats.h:144] server onWrite size=83
I1224 00:21:15.449122  5287 QuicTransportBase.cpp:852] Stopping read looper client CID=0000000000000003 server CID=400000c81af116bb peer address=127.0.0.1:4987
I1224 00:21:15.449131  5287 FunctionLooper.cpp:88] stop: ReadLooper
I1224 00:21:15.449136  5287 QuicTransportBase.cpp:1196] Stopping peek looper client CID=0000000000000003 server CID=400000c81af116bb peer address=127.0.0.1:4987
I1224 00:21:15.449143  5287 FunctionLooper.cpp:88] stop: PeekLooper
I1224 00:21:15.449148  5287 QuicTransportBase.cpp:1233] Server stopping write looper because conn closed client CID=0000000000000003 server CID=400000c81af116bb peer address=127.0.0.1:4987
I1224 00:21:15.449155  5287 FunctionLooper.cpp:88] stop: WriteLooper
*** Aborted at 1640305275 (Unix time, try 'date -d @1640305275') ***
*** Signal 15 (SIGTERM) (0x149e) received by PID 5281 (pthread TID 0x7f636fd4bec0) (linux TID 5281) (maybe from PID 5278, UID 0) (code: 0), stack trace: ***
(error retrieving stack trace)
