I1224 00:18:59.342813  4433 EventBase.cpp:308] EventBase(): Starting loop.
I1224 00:18:59.346946  4434 EventBase.cpp:308] EventBase(): Starting loop.
I1224 00:18:59.347123  4435 EventBase.cpp:308] EventBase(): Starting loop.
I1224 00:18:59.347239  4436 EventBase.cpp:308] EventBase(): Starting loop.
I1224 00:18:59.347332  4437 EventBase.cpp:308] EventBase(): Starting loop.
I1224 00:18:59.351058  4438 EventBase.cpp:308] EventBase(): Starting loop.
I1224 00:18:59.351258  4433 QuicServer.cpp:268] No valid takenover fd found for address=127.0.0.1:4443. binding on worker=0x561ab2248ec0 workerId=0 processId=0
I1224 00:18:59.351437  4434 QuicServer.cpp:268] No valid takenover fd found for address=127.0.0.1:4443. binding on worker=0x561ab2249500 workerId=1 processId=0
I1224 00:18:59.351483  4435 QuicServer.cpp:268] No valid takenover fd found for address=127.0.0.1:4443. binding on worker=0x561ab2249940 workerId=2 processId=0
I1224 00:18:59.351622  4436 QuicServer.cpp:268] No valid takenover fd found for address=127.0.0.1:4443. binding on worker=0x561ab2249e20 workerId=3 processId=0
I1224 00:18:59.351754  4437 QuicServer.cpp:268] No valid takenover fd found for address=127.0.0.1:4443. binding on worker=0x561ab224a300 workerId=4 processId=0
I1224 00:18:59.351867  4438 QuicServer.cpp:268] No valid takenover fd found for address=127.0.0.1:4443. binding on worker=0x561ab224a800 workerId=5 processId=0
I1224 00:18:59.351909  4438 QuicServer.cpp:295] Initialized all workers in the eventbase
I1224 00:18:59.352098  4430 EchoServer.h:90] Echo server started at: 127.0.0.1:4443
I1224 00:18:59.352116  4430 EventBase.cpp:308] EventBase(): Starting loop.
I1224 00:18:59.352150  4433 QuicServerWorker.cpp:134] Registered read on worker=0x561ab2248ec0, thread=139933201843968, processId=0
I1224 00:18:59.352175  4435 QuicServerWorker.cpp:134] Registered read on worker=0x561ab2249940, thread=139933113116416, processId=0
I1224 00:18:59.352211  4437 QuicServerWorker.cpp:134] Registered read on worker=0x561ab224a300, thread=139933096331008, processId=0
I1224 00:18:59.352216  4434 QuicServerWorker.cpp:134] Registered read on worker=0x561ab2249500, thread=139933121509120, processId=0
I1224 00:18:59.352154  4438 QuicServerWorker.cpp:134] Registered read on worker=0x561ab224a800, thread=139933087938304, processId=0
I1224 00:18:59.352268  4436 QuicServerWorker.cpp:134] Registered read on worker=0x561ab2249e20, thread=139933104723712, processId=0
I1224 00:19:04.750869  4436 QuicServerWorker.cpp:227] Worker=0x561ab2249e20, Received data on thread=139933104723712, processId=0
I1224 00:19:04.750893  4436 LogQuicStats.h:24] server onPacketReceived
I1224 00:19:04.750900  4436 LogQuicStats.h:140] server onRead size=1232
W1224 00:19:04.750919  4436 Types.cpp:447] toString has unhandled version type
I1224 00:19:04.750914  4436 LogQuicStats.h:76] server onClientInitialReceived, version: UNKNOWN
I1224 00:19:04.750936  4436 QuicServerWorker.cpp:208] Version negotiation sent to client=127.0.0.1:4987
I1224 00:19:04.750946  4436 LogQuicStats.h:144] server onWrite size=43
I1224 00:19:04.750952  4436 LogQuicStats.h:36] server onPacketProcessed
I1224 00:19:04.750957  4436 LogQuicStats.h:40] server onPacketSent
I1224 00:19:04.941138  4436 QuicServerWorker.cpp:227] Worker=0x561ab2249e20, Received data on thread=139933104723712, processId=0
I1224 00:19:04.941161  4436 LogQuicStats.h:24] server onPacketReceived
I1224 00:19:04.941169  4436 LogQuicStats.h:140] server onRead size=1232
I1224 00:19:04.941175  4436 LogQuicStats.h:76] server onClientInitialReceived, version: QUIC_DRAFT
I1224 00:19:04.941186  4436 QuicServerWorker.cpp:545] Creating new connection for client=127.0.0.1:4987, routingInfo=CID=0000000000000000, cidVersion=1, workerId=3, processId=0, hostId=0, threadId=139933104723712, 
I1224 00:19:04.941298  4436 LogQuicStats.h:118] server onStatelessReset
I1224 00:19:04.941345  4436 StateMachine-inl.h:41] Transition from Uninitialized to ExpectingClientHello
I1224 00:19:04.941414  4436 LogQuicStats.h:32] server onOutOfOrderPacketReceived
I1224 00:19:04.941423  4436 ServerStateMachine.cpp:952] Server received crypto data offset=0 len=391 currentReadOffset=0 client CID=0000000000000003 server CID=400000dd8d65d666 peer address=127.0.0.1:4987
I1224 00:19:04.941448  4436 RecordLayer.cpp:82] Received handshake message ClientHello
I1224 00:19:04.941548  4436 ServerHandshake.cpp:167] ServerHandshake error fizz::FizzException: no psk modes
I1224 00:19:04.941591  4436 QuicTransportBase.cpp:1870] onNetworkData fizz::FizzException: no psk modes client CID=0000000000000003 server CID=400000dd8d65d666 peer address=127.0.0.1:4987
I1224 00:19:04.941604  4436 QuicTransportBase.cpp:400] Stopping read looper due to immediate close client CID=0000000000000003 server CID=400000dd8d65d666 peer address=127.0.0.1:4987
I1224 00:19:04.941612  4436 FunctionLooper.cpp:88] stop: ReadLooper
I1224 00:19:04.941618  4436 FunctionLooper.cpp:88] stop: PeekLooper
I1224 00:19:04.941624  4436 FunctionLooper.cpp:88] stop: WriteLooper
I1224 00:19:04.941632  4436 QuicTransportBase.cpp:2651] Clearing 0 peek callbacks
I1224 00:19:04.941638  4436 QuicTransportBase.cpp:852] Stopping read looper client CID=0000000000000003 server CID=400000dd8d65d666 peer address=127.0.0.1:4987
I1224 00:19:04.941645  4436 FunctionLooper.cpp:88] stop: ReadLooper
I1224 00:19:04.941651  4436 QuicTransportBase.cpp:1196] Stopping peek looper client CID=0000000000000003 server CID=400000dd8d65d666 peer address=127.0.0.1:4987
I1224 00:19:04.941658  4436 FunctionLooper.cpp:88] stop: PeekLooper
I1224 00:19:04.941664  4436 QuicTransportBase.cpp:1233] Server stopping write looper because conn closed client CID=0000000000000003 server CID=400000dd8d65d666 peer address=127.0.0.1:4987
I1224 00:19:04.941671  4436 FunctionLooper.cpp:88] stop: WriteLooper
E1224 00:19:04.941679  4436 EchoHandler.h:53] Socket error=Crypto error: missing_extension
I1224 00:19:04.941697  4436 QuicTransportFunctions.cpp:1063] Server sent close packetNum=9060089 in space=InitialSpace client CID=0000000000000003 server CID=400000dd8d65d666 peer address=127.0.0.1:4987
I1224 00:19:04.941720  4436 LogQuicStats.h:144] server onWrite size=83
I1224 00:19:04.941731  4436 QuicTransportBase.cpp:852] Stopping read looper client CID=0000000000000003 server CID=400000dd8d65d666 peer address=127.0.0.1:4987
I1224 00:19:04.941740  4436 FunctionLooper.cpp:88] stop: ReadLooper
I1224 00:19:04.941745  4436 QuicTransportBase.cpp:1196] Stopping peek looper client CID=0000000000000003 server CID=400000dd8d65d666 peer address=127.0.0.1:4987
I1224 00:19:04.941751  4436 FunctionLooper.cpp:88] stop: PeekLooper
I1224 00:19:04.941757  4436 QuicTransportBase.cpp:1233] Server stopping write looper because conn closed client CID=0000000000000003 server CID=400000dd8d65d666 peer address=127.0.0.1:4987
I1224 00:19:04.941764  4436 FunctionLooper.cpp:88] stop: WriteLooper
*** Aborted at 1640305144 (Unix time, try 'date -d @1640305144') ***
*** Signal 15 (SIGTERM) (0x114b) received by PID 4430 (pthread TID 0x7f44c014aec0) (linux TID 4430) (maybe from PID 4427, UID 0) (code: 0), stack trace: ***
(error retrieving stack trace)
