I1224 00:21:38.143308  5469 EventBase.cpp:308] EventBase(): Starting loop.
I1224 00:21:38.147459  5470 EventBase.cpp:308] EventBase(): Starting loop.
I1224 00:21:38.148568  5471 EventBase.cpp:308] EventBase(): Starting loop.
I1224 00:21:38.148752  5472 EventBase.cpp:308] EventBase(): Starting loop.
I1224 00:21:38.148864  5473 EventBase.cpp:308] EventBase(): Starting loop.
I1224 00:21:38.151091  5474 EventBase.cpp:308] EventBase(): Starting loop.
I1224 00:21:38.151258  5469 QuicServer.cpp:268] No valid takenover fd found for address=127.0.0.1:4443. binding on worker=0x55c73e30aec0 workerId=0 processId=0
I1224 00:21:38.151460  5470 QuicServer.cpp:268] No valid takenover fd found for address=127.0.0.1:4443. binding on worker=0x55c73e30b500 workerId=1 processId=0
I1224 00:21:38.151621  5471 QuicServer.cpp:268] No valid takenover fd found for address=127.0.0.1:4443. binding on worker=0x55c73e30b940 workerId=2 processId=0
I1224 00:21:38.151782  5472 QuicServer.cpp:268] No valid takenover fd found for address=127.0.0.1:4443. binding on worker=0x55c73e30be20 workerId=3 processId=0
I1224 00:21:38.151912  5473 QuicServer.cpp:268] No valid takenover fd found for address=127.0.0.1:4443. binding on worker=0x55c73e30c300 workerId=4 processId=0
I1224 00:21:38.152068  5474 QuicServer.cpp:268] No valid takenover fd found for address=127.0.0.1:4443. binding on worker=0x55c73e30c800 workerId=5 processId=0
I1224 00:21:38.152096  5474 QuicServer.cpp:295] Initialized all workers in the eventbase
I1224 00:21:38.152196  5466 EchoServer.h:90] Echo server started at: 127.0.0.1:4443
I1224 00:21:38.152245  5466 EventBase.cpp:308] EventBase(): Starting loop.
I1224 00:21:38.152292  5470 QuicServerWorker.cpp:134] Registered read on worker=0x55c73e30b500, thread=140109724346112, processId=0
I1224 00:21:38.152287  5472 QuicServerWorker.cpp:134] Registered read on worker=0x55c73e30be20, thread=140109707560704, processId=0
I1224 00:21:38.152287  5469 QuicServerWorker.cpp:134] Registered read on worker=0x55c73e30aec0, thread=140109732738816, processId=0
I1224 00:21:38.152369  5474 QuicServerWorker.cpp:134] Registered read on worker=0x55c73e30c800, thread=140109349385984, processId=0
I1224 00:21:38.152390  5473 QuicServerWorker.cpp:134] Registered read on worker=0x55c73e30c300, thread=140109699168000, processId=0
I1224 00:21:38.152390  5471 QuicServerWorker.cpp:134] Registered read on worker=0x55c73e30b940, thread=140109715953408, processId=0
I1224 00:21:43.504268  5472 QuicServerWorker.cpp:227] Worker=0x55c73e30be20, Received data on thread=140109707560704, processId=0
I1224 00:21:43.504297  5472 LogQuicStats.h:24] server onPacketReceived
I1224 00:21:43.504303  5472 LogQuicStats.h:140] server onRead size=1232
W1224 00:21:43.504323  5472 Types.cpp:447] toString has unhandled version type
I1224 00:21:43.504318  5472 LogQuicStats.h:76] server onClientInitialReceived, version: UNKNOWN
I1224 00:21:43.504339  5472 QuicServerWorker.cpp:208] Version negotiation sent to client=127.0.0.1:4987
I1224 00:21:43.504349  5472 LogQuicStats.h:144] server onWrite size=43
I1224 00:21:43.504355  5472 LogQuicStats.h:36] server onPacketProcessed
I1224 00:21:43.504360  5472 LogQuicStats.h:40] server onPacketSent
I1224 00:21:43.653751  5472 QuicServerWorker.cpp:227] Worker=0x55c73e30be20, Received data on thread=140109707560704, processId=0
I1224 00:21:43.653779  5472 LogQuicStats.h:24] server onPacketReceived
I1224 00:21:43.653785  5472 LogQuicStats.h:140] server onRead size=1232
I1224 00:21:43.653793  5472 LogQuicStats.h:76] server onClientInitialReceived, version: QUIC_DRAFT
I1224 00:21:43.653803  5472 QuicServerWorker.cpp:545] Creating new connection for client=127.0.0.1:4987, routingInfo=CID=0000000000000000, cidVersion=1, workerId=3, processId=0, hostId=0, threadId=140109707560704, 
I1224 00:21:43.653913  5472 LogQuicStats.h:118] server onStatelessReset
I1224 00:21:43.653940  5472 StateMachine-inl.h:41] Transition from Uninitialized to ExpectingClientHello
I1224 00:21:43.654006  5472 LogQuicStats.h:32] server onOutOfOrderPacketReceived
I1224 00:21:43.654014  5472 ServerStateMachine.cpp:952] Server received crypto data offset=0 len=391 currentReadOffset=0 client CID=0000000000000003 server CID=400000dfe3ad49a9 peer address=127.0.0.1:4987
I1224 00:21:43.654036  5472 RecordLayer.cpp:82] Received handshake message ClientHello
I1224 00:21:43.654127  5472 ServerHandshake.cpp:167] ServerHandshake error fizz::FizzException: no psk modes
I1224 00:21:43.654168  5472 QuicTransportBase.cpp:1870] onNetworkData fizz::FizzException: no psk modes client CID=0000000000000003 server CID=400000dfe3ad49a9 peer address=127.0.0.1:4987
I1224 00:21:43.654182  5472 QuicTransportBase.cpp:400] Stopping read looper due to immediate close client CID=0000000000000003 server CID=400000dfe3ad49a9 peer address=127.0.0.1:4987
I1224 00:21:43.654191  5472 FunctionLooper.cpp:88] stop: ReadLooper
I1224 00:21:43.654196  5472 FunctionLooper.cpp:88] stop: PeekLooper
I1224 00:21:43.654201  5472 FunctionLooper.cpp:88] stop: WriteLooper
I1224 00:21:43.654232  5472 QuicTransportBase.cpp:2651] Clearing 0 peek callbacks
I1224 00:21:43.654240  5472 QuicTransportBase.cpp:852] Stopping read looper client CID=0000000000000003 server CID=400000dfe3ad49a9 peer address=127.0.0.1:4987
I1224 00:21:43.654248  5472 FunctionLooper.cpp:88] stop: ReadLooper
I1224 00:21:43.654254  5472 QuicTransportBase.cpp:1196] Stopping peek looper client CID=0000000000000003 server CID=400000dfe3ad49a9 peer address=127.0.0.1:4987
I1224 00:21:43.654260  5472 FunctionLooper.cpp:88] stop: PeekLooper
I1224 00:21:43.654266  5472 QuicTransportBase.cpp:1233] Server stopping write looper because conn closed client CID=0000000000000003 server CID=400000dfe3ad49a9 peer address=127.0.0.1:4987
I1224 00:21:43.654273  5472 FunctionLooper.cpp:88] stop: WriteLooper
E1224 00:21:43.654280  5472 EchoHandler.h:53] Socket error=Crypto error: missing_extension
I1224 00:21:43.654302  5472 QuicTransportFunctions.cpp:1063] Server sent close packetNum=5204349 in space=InitialSpace client CID=0000000000000003 server CID=400000dfe3ad49a9 peer address=127.0.0.1:4987
I1224 00:21:43.654326  5472 LogQuicStats.h:144] server onWrite size=82
I1224 00:21:43.654337  5472 QuicTransportBase.cpp:852] Stopping read looper client CID=0000000000000003 server CID=400000dfe3ad49a9 peer address=127.0.0.1:4987
I1224 00:21:43.654345  5472 FunctionLooper.cpp:88] stop: ReadLooper
I1224 00:21:43.654350  5472 QuicTransportBase.cpp:1196] Stopping peek looper client CID=0000000000000003 server CID=400000dfe3ad49a9 peer address=127.0.0.1:4987
I1224 00:21:43.654356  5472 FunctionLooper.cpp:88] stop: PeekLooper
I1224 00:21:43.654362  5472 QuicTransportBase.cpp:1233] Server stopping write looper because conn closed client CID=0000000000000003 server CID=400000dfe3ad49a9 peer address=127.0.0.1:4987
I1224 00:21:43.654368  5472 FunctionLooper.cpp:88] stop: WriteLooper
*** Aborted at 1640305303 (Unix time, try 'date -d @1640305303') ***
*** Signal 15 (SIGTERM) (0x1557) received by PID 5466 (pthread TID 0x7f6dda245ec0) (linux TID 5466) (maybe from PID 5463, UID 0) (code: 0), stack trace: ***
(error retrieving stack trace)
