I1224 00:23:25.804244  6172 EventBase.cpp:308] EventBase(): Starting loop.
I1224 00:23:25.804448  6173 EventBase.cpp:308] EventBase(): Starting loop.
I1224 00:23:25.804584  6174 EventBase.cpp:308] EventBase(): Starting loop.
I1224 00:23:25.806897  6175 EventBase.cpp:308] EventBase(): Starting loop.
I1224 00:23:25.808514  6176 EventBase.cpp:308] EventBase(): Starting loop.
I1224 00:23:25.811751  6177 EventBase.cpp:308] EventBase(): Starting loop.
I1224 00:23:25.811903  6172 QuicServer.cpp:268] No valid takenover fd found for address=127.0.0.1:4443. binding on worker=0x55f85e873ec0 workerId=0 processId=0
I1224 00:23:25.812115  6173 QuicServer.cpp:268] No valid takenover fd found for address=127.0.0.1:4443. binding on worker=0x55f85e874500 workerId=1 processId=0
I1224 00:23:25.812280  6174 QuicServer.cpp:268] No valid takenover fd found for address=127.0.0.1:4443. binding on worker=0x55f85e874940 workerId=2 processId=0
I1224 00:23:25.812471  6175 QuicServer.cpp:268] No valid takenover fd found for address=127.0.0.1:4443. binding on worker=0x55f85e874e20 workerId=3 processId=0
I1224 00:23:25.812635  6176 QuicServer.cpp:268] No valid takenover fd found for address=127.0.0.1:4443. binding on worker=0x55f85e875300 workerId=4 processId=0
I1224 00:23:25.812798  6177 QuicServer.cpp:268] No valid takenover fd found for address=127.0.0.1:4443. binding on worker=0x55f85e875800 workerId=5 processId=0
I1224 00:23:25.812826  6177 QuicServer.cpp:295] Initialized all workers in the eventbase
I1224 00:23:25.812928  6169 EchoServer.h:90] Echo server started at: 127.0.0.1:4443
I1224 00:23:25.812975  6169 EventBase.cpp:308] EventBase(): Starting loop.
I1224 00:23:25.813024  6172 QuicServerWorker.cpp:134] Registered read on worker=0x55f85e873ec0, thread=140614587463424, processId=0
I1224 00:23:25.813050  6173 QuicServerWorker.cpp:134] Registered read on worker=0x55f85e874500, thread=140614579070720, processId=0
I1224 00:23:25.813050  6175 QuicServerWorker.cpp:134] Registered read on worker=0x55f85e874e20, thread=140614562285312, processId=0
I1224 00:23:25.813112  6176 QuicServerWorker.cpp:134] Registered read on worker=0x55f85e875300, thread=140614553892608, processId=0
I1224 00:23:25.813130  6174 QuicServerWorker.cpp:134] Registered read on worker=0x55f85e874940, thread=140614570678016, processId=0
I1224 00:23:25.813148  6177 QuicServerWorker.cpp:134] Registered read on worker=0x55f85e875800, thread=140614209369856, processId=0
I1224 00:23:31.172955  6175 QuicServerWorker.cpp:227] Worker=0x55f85e874e20, Received data on thread=140614562285312, processId=0
I1224 00:23:31.172981  6175 LogQuicStats.h:24] server onPacketReceived
I1224 00:23:31.172988  6175 LogQuicStats.h:140] server onRead size=1232
W1224 00:23:31.173008  6175 Types.cpp:447] toString has unhandled version type
I1224 00:23:31.173003  6175 LogQuicStats.h:76] server onClientInitialReceived, version: UNKNOWN
I1224 00:23:31.173048  6175 QuicServerWorker.cpp:208] Version negotiation sent to client=127.0.0.1:4987
I1224 00:23:31.173058  6175 LogQuicStats.h:144] server onWrite size=43
I1224 00:23:31.173064  6175 LogQuicStats.h:36] server onPacketProcessed
I1224 00:23:31.173070  6175 LogQuicStats.h:40] server onPacketSent
I1224 00:23:31.325273  6175 QuicServerWorker.cpp:227] Worker=0x55f85e874e20, Received data on thread=140614562285312, processId=0
I1224 00:23:31.325301  6175 LogQuicStats.h:24] server onPacketReceived
I1224 00:23:31.325309  6175 LogQuicStats.h:140] server onRead size=1232
I1224 00:23:31.325316  6175 LogQuicStats.h:76] server onClientInitialReceived, version: QUIC_DRAFT
I1224 00:23:31.325325  6175 QuicServerWorker.cpp:545] Creating new connection for client=127.0.0.1:4987, routingInfo=CID=0000000000000000, cidVersion=1, workerId=3, processId=0, hostId=0, threadId=140614562285312, 
I1224 00:23:31.325435  6175 LogQuicStats.h:118] server onStatelessReset
I1224 00:23:31.325459  6175 StateMachine-inl.h:41] Transition from Uninitialized to ExpectingClientHello
I1224 00:23:31.325521  6175 LogQuicStats.h:32] server onOutOfOrderPacketReceived
I1224 00:23:31.325529  6175 ServerStateMachine.cpp:952] Server received crypto data offset=0 len=389 currentReadOffset=0 client CID=0000000000000003 server CID=400000db50447cc4 peer address=127.0.0.1:4987
I1224 00:23:31.325551  6175 RecordLayer.cpp:82] Received handshake message ClientHello
I1224 00:23:31.325646  6175 ServerHandshake.cpp:167] ServerHandshake error fizz::FizzException: no psk modes
I1224 00:23:31.325687  6175 QuicTransportBase.cpp:1870] onNetworkData fizz::FizzException: no psk modes client CID=0000000000000003 server CID=400000db50447cc4 peer address=127.0.0.1:4987
I1224 00:23:31.325700  6175 QuicTransportBase.cpp:400] Stopping read looper due to immediate close client CID=0000000000000003 server CID=400000db50447cc4 peer address=127.0.0.1:4987
I1224 00:23:31.325724  6175 FunctionLooper.cpp:88] stop: ReadLooper
I1224 00:23:31.325747  6175 FunctionLooper.cpp:88] stop: PeekLooper
I1224 00:23:31.325757  6175 FunctionLooper.cpp:88] stop: WriteLooper
I1224 00:23:31.325804  6175 QuicTransportBase.cpp:2651] Clearing 0 peek callbacks
I1224 00:23:31.325829  6175 QuicTransportBase.cpp:852] Stopping read looper client CID=0000000000000003 server CID=400000db50447cc4 peer address=127.0.0.1:4987
I1224 00:23:31.325860  6175 FunctionLooper.cpp:88] stop: ReadLooper
I1224 00:23:31.325882  6175 QuicTransportBase.cpp:1196] Stopping peek looper client CID=0000000000000003 server CID=400000db50447cc4 peer address=127.0.0.1:4987
I1224 00:23:31.325915  6175 FunctionLooper.cpp:88] stop: PeekLooper
I1224 00:23:31.325927  6175 QuicTransportBase.cpp:1233] Server stopping write looper because conn closed client CID=0000000000000003 server CID=400000db50447cc4 peer address=127.0.0.1:4987
I1224 00:23:31.325959  6175 FunctionLooper.cpp:88] stop: WriteLooper
E1224 00:23:31.325992  6175 EchoHandler.h:53] Socket error=Crypto error: missing_extension
I1224 00:23:31.326041  6175 QuicTransportFunctions.cpp:1063] Server sent close packetNum=4501930 in space=InitialSpace client CID=0000000000000003 server CID=400000db50447cc4 peer address=127.0.0.1:4987
I1224 00:23:31.326118  6175 LogQuicStats.h:144] server onWrite size=82
I1224 00:23:31.326161  6175 QuicTransportBase.cpp:852] Stopping read looper client CID=0000000000000003 server CID=400000db50447cc4 peer address=127.0.0.1:4987
I1224 00:23:31.326185  6175 FunctionLooper.cpp:88] stop: ReadLooper
I1224 00:23:31.326193  6175 QuicTransportBase.cpp:1196] Stopping peek looper client CID=0000000000000003 server CID=400000db50447cc4 peer address=127.0.0.1:4987
I1224 00:23:31.326215  6175 FunctionLooper.cpp:88] stop: PeekLooper
I1224 00:23:31.326237  6175 QuicTransportBase.cpp:1233] Server stopping write looper because conn closed client CID=0000000000000003 server CID=400000db50447cc4 peer address=127.0.0.1:4987
I1224 00:23:31.326270  6175 FunctionLooper.cpp:88] stop: WriteLooper
*** Aborted at 1640305411 (Unix time, try 'date -d @1640305411') ***
*** Signal 15 (SIGTERM) (0x1816) received by PID 6169 (pthread TID 0x7fe365d41ec0) (linux TID 6169) (maybe from PID 6166, UID 0) (code: 0), stack trace: ***
(error retrieving stack trace)
