I1223 18:36:26.948693 12746 EventBase.cpp:308] EventBase(): Starting loop.
I1223 18:36:26.950938 12747 EventBase.cpp:308] EventBase(): Starting loop.
I1223 18:36:26.954937 12748 EventBase.cpp:308] EventBase(): Starting loop.
I1223 18:36:26.959405 12749 EventBase.cpp:308] EventBase(): Starting loop.
I1223 18:36:26.959637 12750 EventBase.cpp:308] EventBase(): Starting loop.
I1223 18:36:26.963182 12751 EventBase.cpp:308] EventBase(): Starting loop.
I1223 18:36:26.963829 12746 QuicServer.cpp:268] No valid takenover fd found for address=127.0.0.1:4443. binding on worker=0x55d35871a040 workerId=0 processId=0
I1223 18:36:26.964123 12747 QuicServer.cpp:268] No valid takenover fd found for address=127.0.0.1:4443. binding on worker=0x55d35871a680 workerId=1 processId=0
I1223 18:36:26.964236 12748 QuicServer.cpp:268] No valid takenover fd found for address=127.0.0.1:4443. binding on worker=0x55d35871ab30 workerId=2 processId=0
I1223 18:36:26.964416 12749 QuicServer.cpp:268] No valid takenover fd found for address=127.0.0.1:4443. binding on worker=0x55d35871b010 workerId=3 processId=0
I1223 18:36:26.964597 12750 QuicServer.cpp:268] No valid takenover fd found for address=127.0.0.1:4443. binding on worker=0x55d35871b4f0 workerId=4 processId=0
I1223 18:36:26.964706 12751 QuicServer.cpp:268] No valid takenover fd found for address=127.0.0.1:4443. binding on worker=0x55d35871b9f0 workerId=5 processId=0
I1223 18:36:26.964735 12751 QuicServer.cpp:295] Initialized all workers in the eventbase
I1223 18:36:26.964848 12748 QuicServerWorker.cpp:134] Registered read on worker=0x55d35871ab30, thread=140578083157760, processId=0
I1223 18:36:26.964856 12746 QuicServerWorker.cpp:134] Registered read on worker=0x55d35871a040, thread=140578099943168, processId=0
I1223 18:36:26.964865 12747 QuicServerWorker.cpp:134] Registered read on worker=0x55d35871a680, thread=140578091550464, processId=0
I1223 18:36:26.964957 12751 QuicServerWorker.cpp:134] Registered read on worker=0x55d35871b9f0, thread=140578057979648, processId=0
I1223 18:36:26.964874 12743 EchoServer.h:90] Echo server started at: 127.0.0.1:4443
I1223 18:36:26.964980 12743 EventBase.cpp:308] EventBase(): Starting loop.
I1223 18:36:26.965018 12749 QuicServerWorker.cpp:134] Registered read on worker=0x55d35871b010, thread=140578074765056, processId=0
I1223 18:36:26.966543 12750 QuicServerWorker.cpp:134] Registered read on worker=0x55d35871b4f0, thread=140578066372352, processId=0
I1223 18:36:32.499485 12749 QuicServerWorker.cpp:227] Worker=0x55d35871b010, Received data on thread=140578074765056, processId=0
I1223 18:36:32.499512 12749 LogQuicStats.h:24] server onPacketReceived
I1223 18:36:32.499518 12749 LogQuicStats.h:140] server onRead size=1232
I1223 18:36:32.499533 12749 LogQuicStats.h:76] server onClientInitialReceived, version: QUIC_DRAFT
I1223 18:36:32.499544 12749 QuicServerWorker.cpp:545] Creating new connection for client=127.0.0.1:4987, routingInfo=CID=0000000000000002, cidVersion=1, workerId=3, processId=0, hostId=0, threadId=140578074765056, 
I1223 18:36:32.499646 12749 LogQuicStats.h:118] server onStatelessReset
I1223 18:36:32.499673 12749 StateMachine-inl.h:41] Transition from Uninitialized to ExpectingClientHello
I1223 18:36:32.499737 12749 LogQuicStats.h:32] server onOutOfOrderPacketReceived
I1223 18:36:32.499747 12749 ServerStateMachine.cpp:952] Server received crypto data offset=0 len=389 currentReadOffset=0 client CID=0000000000000001 server CID=400000db16f5f2b6 peer address=127.0.0.1:4987
I1223 18:36:32.499765 12749 RecordLayer.cpp:82] Received handshake message ClientHello
I1223 18:36:32.499866 12749 ServerHandshake.cpp:167] ServerHandshake error fizz::FizzException: no psk modes
I1223 18:36:32.499910 12749 QuicTransportBase.cpp:1870] onNetworkData fizz::FizzException: no psk modes client CID=0000000000000001 server CID=400000db16f5f2b6 peer address=127.0.0.1:4987
I1223 18:36:32.499923 12749 QuicTransportBase.cpp:400] Stopping read looper due to immediate close client CID=0000000000000001 server CID=400000db16f5f2b6 peer address=127.0.0.1:4987
I1223 18:36:32.499930 12749 FunctionLooper.cpp:88] stop: ReadLooper
I1223 18:36:32.499944 12749 FunctionLooper.cpp:88] stop: PeekLooper
I1223 18:36:32.499951 12749 FunctionLooper.cpp:88] stop: WriteLooper
I1223 18:36:32.499962 12749 QuicTransportBase.cpp:2651] Clearing 0 peek callbacks
I1223 18:36:32.499969 12749 QuicTransportBase.cpp:852] Stopping read looper client CID=0000000000000001 server CID=400000db16f5f2b6 peer address=127.0.0.1:4987
I1223 18:36:32.499997 12749 FunctionLooper.cpp:88] stop: ReadLooper
I1223 18:36:32.500005 12749 QuicTransportBase.cpp:1196] Stopping peek looper client CID=0000000000000001 server CID=400000db16f5f2b6 peer address=127.0.0.1:4987
I1223 18:36:32.500013 12749 FunctionLooper.cpp:88] stop: PeekLooper
I1223 18:36:32.500020 12749 QuicTransportBase.cpp:1233] Server stopping write looper because conn closed client CID=0000000000000001 server CID=400000db16f5f2b6 peer address=127.0.0.1:4987
I1223 18:36:32.500026 12749 FunctionLooper.cpp:88] stop: WriteLooper
E1223 18:36:32.500033 12749 EchoHandler.h:53] Socket error=Crypto error: missing_extension
I1223 18:36:32.500056 12749 QuicTransportFunctions.cpp:1063] Server sent close packetNum=16498442 in space=InitialSpace client CID=0000000000000001 server CID=400000db16f5f2b6 peer address=127.0.0.1:4987
I1223 18:36:32.500080 12749 LogQuicStats.h:144] server onWrite size=83
I1223 18:36:32.500092 12749 QuicTransportBase.cpp:852] Stopping read looper client CID=0000000000000001 server CID=400000db16f5f2b6 peer address=127.0.0.1:4987
I1223 18:36:32.500098 12749 FunctionLooper.cpp:88] stop: ReadLooper
I1223 18:36:32.500104 12749 QuicTransportBase.cpp:1196] Stopping peek looper client CID=0000000000000001 server CID=400000db16f5f2b6 peer address=127.0.0.1:4987
I1223 18:36:32.500111 12749 FunctionLooper.cpp:88] stop: PeekLooper
I1223 18:36:32.500116 12749 QuicTransportBase.cpp:1233] Server stopping write looper because conn closed client CID=0000000000000001 server CID=400000db16f5f2b6 peer address=127.0.0.1:4987
I1223 18:36:32.500123 12749 FunctionLooper.cpp:88] stop: WriteLooper
*** Aborted at 1640284592 (Unix time, try 'date -d @1640284592') ***
*** Signal 15 (SIGTERM) (0x31c4) received by PID 12743 (pthread TID 0x7fdae700bec0) (linux TID 12743) (maybe from PID 12740, UID 0) (code: 0), stack trace: ***
(error retrieving stack trace)
