I1223 18:34:56.083899 12154 EventBase.cpp:308] EventBase(): Starting loop.
I1223 18:34:56.087118 12155 EventBase.cpp:308] EventBase(): Starting loop.
I1223 18:34:56.087285 12156 EventBase.cpp:308] EventBase(): Starting loop.
I1223 18:34:56.090831 12157 EventBase.cpp:308] EventBase(): Starting loop.
I1223 18:34:56.091591 12158 EventBase.cpp:308] EventBase(): Starting loop.
I1223 18:34:56.091753 12159 EventBase.cpp:308] EventBase(): Starting loop.
I1223 18:34:56.091881 12154 QuicServer.cpp:268] No valid takenover fd found for address=127.0.0.1:4443. binding on worker=0x55dddc746040 workerId=0 processId=0
I1223 18:34:56.103294 12155 QuicServer.cpp:268] No valid takenover fd found for address=127.0.0.1:4443. binding on worker=0x55dddc746680 workerId=1 processId=0
I1223 18:34:56.103454 12156 QuicServer.cpp:268] No valid takenover fd found for address=127.0.0.1:4443. binding on worker=0x55dddc746b30 workerId=2 processId=0
I1223 18:34:56.103579 12157 QuicServer.cpp:268] No valid takenover fd found for address=127.0.0.1:4443. binding on worker=0x55dddc747010 workerId=3 processId=0
I1223 18:34:56.103760 12158 QuicServer.cpp:268] No valid takenover fd found for address=127.0.0.1:4443. binding on worker=0x55dddc7474f0 workerId=4 processId=0
I1223 18:34:56.103950 12159 QuicServer.cpp:268] No valid takenover fd found for address=127.0.0.1:4443. binding on worker=0x55dddc7479f0 workerId=5 processId=0
I1223 18:34:56.103981 12159 QuicServer.cpp:295] Initialized all workers in the eventbase
I1223 18:34:56.104100 12151 EchoServer.h:90] Echo server started at: 127.0.0.1:4443
I1223 18:34:56.104120 12151 EventBase.cpp:308] EventBase(): Starting loop.
I1223 18:34:56.104140 12155 QuicServerWorker.cpp:134] Registered read on worker=0x55dddc746680, thread=140490359482112, processId=0
I1223 18:34:56.104164 12156 QuicServerWorker.cpp:134] Registered read on worker=0x55dddc746b30, thread=140490351089408, processId=0
I1223 18:34:56.104168 12154 QuicServerWorker.cpp:134] Registered read on worker=0x55dddc746040, thread=140490367874816, processId=0
I1223 18:34:56.104182 12158 QuicServerWorker.cpp:134] Registered read on worker=0x55dddc7474f0, thread=140490125080320, processId=0
I1223 18:34:56.104205 12157 QuicServerWorker.cpp:134] Registered read on worker=0x55dddc747010, thread=140490342696704, processId=0
I1223 18:34:56.104226 12159 QuicServerWorker.cpp:134] Registered read on worker=0x55dddc7479f0, thread=140490116687616, processId=0
I1223 18:35:01.751438 12157 QuicServerWorker.cpp:227] Worker=0x55dddc747010, Received data on thread=140490342696704, processId=0
I1223 18:35:01.751468 12157 LogQuicStats.h:24] server onPacketReceived
I1223 18:35:01.751475 12157 LogQuicStats.h:140] server onRead size=1232
I1223 18:35:01.751492 12157 LogQuicStats.h:76] server onClientInitialReceived, version: QUIC_DRAFT
I1223 18:35:01.751502 12157 QuicServerWorker.cpp:545] Creating new connection for client=127.0.0.1:4987, routingInfo=CID=0000000000000002, cidVersion=1, workerId=3, processId=0, hostId=0, threadId=140490342696704, 
I1223 18:35:01.751607 12157 LogQuicStats.h:118] server onStatelessReset
I1223 18:35:01.751636 12157 StateMachine-inl.h:41] Transition from Uninitialized to ExpectingClientHello
I1223 18:35:01.751703 12157 LogQuicStats.h:32] server onOutOfOrderPacketReceived
I1223 18:35:01.751713 12157 ServerStateMachine.cpp:952] Server received crypto data offset=0 len=391 currentReadOffset=0 client CID=0000000000000001 server CID=400000db69612dc7 peer address=127.0.0.1:4987
I1223 18:35:01.751727 12157 RecordLayer.cpp:82] Received handshake message ClientHello
I1223 18:35:01.751857 12157 ServerHandshake.cpp:167] ServerHandshake error fizz::FizzException: no psk modes
I1223 18:35:01.751901 12157 QuicTransportBase.cpp:1870] onNetworkData fizz::FizzException: no psk modes client CID=0000000000000001 server CID=400000db69612dc7 peer address=127.0.0.1:4987
I1223 18:35:01.751917 12157 QuicTransportBase.cpp:400] Stopping read looper due to immediate close client CID=0000000000000001 server CID=400000db69612dc7 peer address=127.0.0.1:4987
I1223 18:35:01.751925 12157 FunctionLooper.cpp:88] stop: ReadLooper
I1223 18:35:01.751945 12157 FunctionLooper.cpp:88] stop: PeekLooper
I1223 18:35:01.751951 12157 FunctionLooper.cpp:88] stop: WriteLooper
I1223 18:35:01.751963 12157 QuicTransportBase.cpp:2651] Clearing 0 peek callbacks
I1223 18:35:01.751971 12157 QuicTransportBase.cpp:852] Stopping read looper client CID=0000000000000001 server CID=400000db69612dc7 peer address=127.0.0.1:4987
I1223 18:35:01.751978 12157 FunctionLooper.cpp:88] stop: ReadLooper
I1223 18:35:01.751984 12157 QuicTransportBase.cpp:1196] Stopping peek looper client CID=0000000000000001 server CID=400000db69612dc7 peer address=127.0.0.1:4987
I1223 18:35:01.751991 12157 FunctionLooper.cpp:88] stop: PeekLooper
I1223 18:35:01.751997 12157 QuicTransportBase.cpp:1233] Server stopping write looper because conn closed client CID=0000000000000001 server CID=400000db69612dc7 peer address=127.0.0.1:4987
I1223 18:35:01.752005 12157 FunctionLooper.cpp:88] stop: WriteLooper
E1223 18:35:01.752012 12157 EchoHandler.h:53] Socket error=Crypto error: missing_extension
I1223 18:35:01.752034 12157 QuicTransportFunctions.cpp:1063] Server sent close packetNum=13607362 in space=InitialSpace client CID=0000000000000001 server CID=400000db69612dc7 peer address=127.0.0.1:4987
I1223 18:35:01.752060 12157 LogQuicStats.h:144] server onWrite size=83
I1223 18:35:01.752070 12157 QuicTransportBase.cpp:852] Stopping read looper client CID=0000000000000001 server CID=400000db69612dc7 peer address=127.0.0.1:4987
I1223 18:35:01.752079 12157 FunctionLooper.cpp:88] stop: ReadLooper
I1223 18:35:01.752084 12157 QuicTransportBase.cpp:1196] Stopping peek looper client CID=0000000000000001 server CID=400000db69612dc7 peer address=127.0.0.1:4987
I1223 18:35:01.752091 12157 FunctionLooper.cpp:88] stop: PeekLooper
I1223 18:35:01.752097 12157 QuicTransportBase.cpp:1233] Server stopping write looper because conn closed client CID=0000000000000001 server CID=400000db69612dc7 peer address=127.0.0.1:4987
I1223 18:35:01.752104 12157 FunctionLooper.cpp:88] stop: WriteLooper
*** Aborted at 1640284501 (Unix time, try 'date -d @1640284501') ***
*** Signal 15 (SIGTERM) (0x2f74) received by PID 12151 (pthread TID 0x7fc679c39ec0) (linux TID 12151) (maybe from PID 12148, UID 0) (code: 0), stack trace: ***
(error retrieving stack trace)
