I1223 18:31:42.449846 10896 EventBase.cpp:308] EventBase(): Starting loop.
I1223 18:31:42.450026 10897 EventBase.cpp:308] EventBase(): Starting loop.
I1223 18:31:42.451249 10898 EventBase.cpp:308] EventBase(): Starting loop.
I1223 18:31:42.451395 10899 EventBase.cpp:308] EventBase(): Starting loop.
I1223 18:31:42.455363 10900 EventBase.cpp:308] EventBase(): Starting loop.
I1223 18:31:42.455730 10901 EventBase.cpp:308] EventBase(): Starting loop.
I1223 18:31:42.455848 10896 QuicServer.cpp:268] No valid takenover fd found for address=127.0.0.1:4443. binding on worker=0x56023eb41040 workerId=0 processId=0
I1223 18:31:42.456025 10897 QuicServer.cpp:268] No valid takenover fd found for address=127.0.0.1:4443. binding on worker=0x56023eb41680 workerId=1 processId=0
I1223 18:31:42.456178 10898 QuicServer.cpp:268] No valid takenover fd found for address=127.0.0.1:4443. binding on worker=0x56023eb41b30 workerId=2 processId=0
I1223 18:31:42.456342 10899 QuicServer.cpp:268] No valid takenover fd found for address=127.0.0.1:4443. binding on worker=0x56023eb42010 workerId=3 processId=0
I1223 18:31:42.456434 10900 QuicServer.cpp:268] No valid takenover fd found for address=127.0.0.1:4443. binding on worker=0x56023eb424f0 workerId=4 processId=0
I1223 18:31:42.456584 10901 QuicServer.cpp:268] No valid takenover fd found for address=127.0.0.1:4443. binding on worker=0x56023eb429f0 workerId=5 processId=0
I1223 18:31:42.456611 10901 QuicServer.cpp:295] Initialized all workers in the eventbase
I1223 18:31:42.456702 10893 EchoServer.h:90] Echo server started at: 127.0.0.1:4443
I1223 18:31:42.456718 10893 EventBase.cpp:308] EventBase(): Starting loop.
I1223 18:31:42.456771 10896 QuicServerWorker.cpp:134] Registered read on worker=0x56023eb41040, thread=140655938594560, processId=0
I1223 18:31:42.456792 10897 QuicServerWorker.cpp:134] Registered read on worker=0x56023eb41680, thread=140655930201856, processId=0
I1223 18:31:42.456799 10898 QuicServerWorker.cpp:134] Registered read on worker=0x56023eb41b30, thread=140655921809152, processId=0
I1223 18:31:42.456838 10901 QuicServerWorker.cpp:134] Registered read on worker=0x56023eb429f0, thread=140655896631040, processId=0
I1223 18:31:42.456871 10900 QuicServerWorker.cpp:134] Registered read on worker=0x56023eb424f0, thread=140655905023744, processId=0
I1223 18:31:42.456897 10899 QuicServerWorker.cpp:134] Registered read on worker=0x56023eb42010, thread=140655913416448, processId=0
I1223 18:31:47.991848 10899 QuicServerWorker.cpp:227] Worker=0x56023eb42010, Received data on thread=140655913416448, processId=0
I1223 18:31:47.991879 10899 LogQuicStats.h:24] server onPacketReceived
I1223 18:31:47.991906 10899 LogQuicStats.h:140] server onRead size=1232
I1223 18:31:47.991925 10899 LogQuicStats.h:76] server onClientInitialReceived, version: QUIC_DRAFT
I1223 18:31:47.991936 10899 QuicServerWorker.cpp:545] Creating new connection for client=127.0.0.1:4987, routingInfo=CID=0000000000000002, cidVersion=1, workerId=3, processId=0, hostId=0, threadId=140655913416448, 
I1223 18:31:47.992053 10899 LogQuicStats.h:118] server onStatelessReset
I1223 18:31:47.992082 10899 StateMachine-inl.h:41] Transition from Uninitialized to ExpectingClientHello
I1223 18:31:47.992151 10899 LogQuicStats.h:32] server onOutOfOrderPacketReceived
I1223 18:31:47.992161 10899 ServerStateMachine.cpp:952] Server received crypto data offset=0 len=391 currentReadOffset=0 client CID=0000000000000001 server CID=400000c8e9ffd745 peer address=127.0.0.1:4987
I1223 18:31:47.992177 10899 RecordLayer.cpp:82] Received handshake message ClientHello
I1223 18:31:47.992272 10899 ServerHandshake.cpp:167] ServerHandshake error fizz::FizzException: no psk modes
I1223 18:31:47.992318 10899 QuicTransportBase.cpp:1870] onNetworkData fizz::FizzException: no psk modes client CID=0000000000000001 server CID=400000c8e9ffd745 peer address=127.0.0.1:4987
I1223 18:31:47.992333 10899 QuicTransportBase.cpp:400] Stopping read looper due to immediate close client CID=0000000000000001 server CID=400000c8e9ffd745 peer address=127.0.0.1:4987
I1223 18:31:47.992341 10899 FunctionLooper.cpp:88] stop: ReadLooper
I1223 18:31:47.992354 10899 FunctionLooper.cpp:88] stop: PeekLooper
I1223 18:31:47.992362 10899 FunctionLooper.cpp:88] stop: WriteLooper
I1223 18:31:47.992372 10899 QuicTransportBase.cpp:2651] Clearing 0 peek callbacks
I1223 18:31:47.992379 10899 QuicTransportBase.cpp:852] Stopping read looper client CID=0000000000000001 server CID=400000c8e9ffd745 peer address=127.0.0.1:4987
I1223 18:31:47.992386 10899 FunctionLooper.cpp:88] stop: ReadLooper
I1223 18:31:47.992393 10899 QuicTransportBase.cpp:1196] Stopping peek looper client CID=0000000000000001 server CID=400000c8e9ffd745 peer address=127.0.0.1:4987
I1223 18:31:47.992400 10899 FunctionLooper.cpp:88] stop: PeekLooper
I1223 18:31:47.992406 10899 QuicTransportBase.cpp:1233] Server stopping write looper because conn closed client CID=0000000000000001 server CID=400000c8e9ffd745 peer address=127.0.0.1:4987
I1223 18:31:47.992413 10899 FunctionLooper.cpp:88] stop: WriteLooper
E1223 18:31:47.992420 10899 EchoHandler.h:53] Socket error=Crypto error: missing_extension
I1223 18:31:47.992441 10899 QuicTransportFunctions.cpp:1063] Server sent close packetNum=13127082 in space=InitialSpace client CID=0000000000000001 server CID=400000c8e9ffd745 peer address=127.0.0.1:4987
I1223 18:31:47.992468 10899 LogQuicStats.h:144] server onWrite size=83
I1223 18:31:47.992480 10899 QuicTransportBase.cpp:852] Stopping read looper client CID=0000000000000001 server CID=400000c8e9ffd745 peer address=127.0.0.1:4987
I1223 18:31:47.992486 10899 FunctionLooper.cpp:88] stop: ReadLooper
I1223 18:31:47.992492 10899 QuicTransportBase.cpp:1196] Stopping peek looper client CID=0000000000000001 server CID=400000c8e9ffd745 peer address=127.0.0.1:4987
I1223 18:31:47.992499 10899 FunctionLooper.cpp:88] stop: PeekLooper
I1223 18:31:47.992506 10899 QuicTransportBase.cpp:1233] Server stopping write looper because conn closed client CID=0000000000000001 server CID=400000c8e9ffd745 peer address=127.0.0.1:4987
I1223 18:31:47.992512 10899 FunctionLooper.cpp:88] stop: WriteLooper
*** Aborted at 1640284308 (Unix time, try 'date -d @1640284308') ***
*** Signal 15 (SIGTERM) (0x2a8a) received by PID 10893 (pthread TID 0x7fed068c4ec0) (linux TID 10893) (maybe from PID 10890, UID 0) (code: 0), stack trace: ***
(error retrieving stack trace)
