I1224 00:15:57.877727  3249 EventBase.cpp:308] EventBase(): Starting loop.
I1224 00:15:57.879272  3250 EventBase.cpp:308] EventBase(): Starting loop.
I1224 00:15:57.879927  3251 EventBase.cpp:308] EventBase(): Starting loop.
I1224 00:15:57.880082  3252 EventBase.cpp:308] EventBase(): Starting loop.
I1224 00:15:57.880203  3253 EventBase.cpp:308] EventBase(): Starting loop.
I1224 00:15:57.896714  3254 EventBase.cpp:308] EventBase(): Starting loop.
I1224 00:15:57.896947  3249 QuicServer.cpp:268] No valid takenover fd found for address=127.0.0.1:4443. binding on worker=0x5625708d0ec0 workerId=0 processId=0
I1224 00:15:57.897131  3250 QuicServer.cpp:268] No valid takenover fd found for address=127.0.0.1:4443. binding on worker=0x5625708d1500 workerId=1 processId=0
I1224 00:15:57.897298  3251 QuicServer.cpp:268] No valid takenover fd found for address=127.0.0.1:4443. binding on worker=0x5625708d1940 workerId=2 processId=0
I1224 00:15:57.897424  3252 QuicServer.cpp:268] No valid takenover fd found for address=127.0.0.1:4443. binding on worker=0x5625708d1e20 workerId=3 processId=0
I1224 00:15:57.897590  3253 QuicServer.cpp:268] No valid takenover fd found for address=127.0.0.1:4443. binding on worker=0x5625708d2300 workerId=4 processId=0
I1224 00:15:57.897753  3254 QuicServer.cpp:268] No valid takenover fd found for address=127.0.0.1:4443. binding on worker=0x5625708d2800 workerId=5 processId=0
I1224 00:15:57.897781  3254 QuicServer.cpp:295] Initialized all workers in the eventbase
I1224 00:15:57.897886  3246 EchoServer.h:90] Echo server started at: 127.0.0.1:4443
I1224 00:15:57.897903  3246 EventBase.cpp:308] EventBase(): Starting loop.
I1224 00:15:57.897923  3252 QuicServerWorker.cpp:134] Registered read on worker=0x5625708d1e20, thread=139927081711360, processId=0
I1224 00:15:57.897944  3249 QuicServerWorker.cpp:134] Registered read on worker=0x5625708d0ec0, thread=139927313778432, processId=0
I1224 00:15:57.897974  3250 QuicServerWorker.cpp:134] Registered read on worker=0x5625708d1500, thread=139927305385728, processId=0
I1224 00:15:57.897974  3251 QuicServerWorker.cpp:134] Registered read on worker=0x5625708d1940, thread=139927296993024, processId=0
I1224 00:15:57.898042  3253 QuicServerWorker.cpp:134] Registered read on worker=0x5625708d2300, thread=139927073318656, processId=0
I1224 00:15:57.898087  3254 QuicServerWorker.cpp:134] Registered read on worker=0x5625708d2800, thread=139927064925952, processId=0
I1224 00:16:03.277853  3252 QuicServerWorker.cpp:227] Worker=0x5625708d1e20, Received data on thread=139927081711360, processId=0
I1224 00:16:03.277885  3252 LogQuicStats.h:24] server onPacketReceived
I1224 00:16:03.277892  3252 LogQuicStats.h:140] server onRead size=1232
W1224 00:16:03.277912  3252 Types.cpp:447] toString has unhandled version type
I1224 00:16:03.277907  3252 LogQuicStats.h:76] server onClientInitialReceived, version: UNKNOWN
I1224 00:16:03.277930  3252 QuicServerWorker.cpp:208] Version negotiation sent to client=127.0.0.1:4987
I1224 00:16:03.277940  3252 LogQuicStats.h:144] server onWrite size=43
I1224 00:16:03.277946  3252 LogQuicStats.h:36] server onPacketProcessed
I1224 00:16:03.277952  3252 LogQuicStats.h:40] server onPacketSent
I1224 00:16:03.471379  3252 QuicServerWorker.cpp:227] Worker=0x5625708d1e20, Received data on thread=139927081711360, processId=0
I1224 00:16:03.471408  3252 LogQuicStats.h:24] server onPacketReceived
I1224 00:16:03.471416  3252 LogQuicStats.h:140] server onRead size=1232
I1224 00:16:03.471423  3252 LogQuicStats.h:76] server onClientInitialReceived, version: QUIC_DRAFT
I1224 00:16:03.471434  3252 QuicServerWorker.cpp:545] Creating new connection for client=127.0.0.1:4987, routingInfo=CID=0000000000000000, cidVersion=1, workerId=3, processId=0, hostId=0, threadId=139927081711360, 
I1224 00:16:03.471539  3252 LogQuicStats.h:118] server onStatelessReset
I1224 00:16:03.471568  3252 StateMachine-inl.h:41] Transition from Uninitialized to ExpectingClientHello
I1224 00:16:03.471634  3252 LogQuicStats.h:32] server onOutOfOrderPacketReceived
I1224 00:16:03.471642  3252 ServerStateMachine.cpp:952] Server received crypto data offset=0 len=389 currentReadOffset=0 client CID=0000000000000003 server CID=400000c219fbfd2d peer address=127.0.0.1:4987
I1224 00:16:03.471673  3252 RecordLayer.cpp:82] Received handshake message ClientHello
I1224 00:16:03.471769  3252 ServerHandshake.cpp:167] ServerHandshake error fizz::FizzException: no psk modes
I1224 00:16:03.471812  3252 QuicTransportBase.cpp:1870] onNetworkData fizz::FizzException: no psk modes client CID=0000000000000003 server CID=400000c219fbfd2d peer address=127.0.0.1:4987
I1224 00:16:03.471825  3252 QuicTransportBase.cpp:400] Stopping read looper due to immediate close client CID=0000000000000003 server CID=400000c219fbfd2d peer address=127.0.0.1:4987
I1224 00:16:03.471832  3252 FunctionLooper.cpp:88] stop: ReadLooper
I1224 00:16:03.471838  3252 FunctionLooper.cpp:88] stop: PeekLooper
I1224 00:16:03.471844  3252 FunctionLooper.cpp:88] stop: WriteLooper
I1224 00:16:03.471855  3252 QuicTransportBase.cpp:2651] Clearing 0 peek callbacks
I1224 00:16:03.471863  3252 QuicTransportBase.cpp:852] Stopping read looper client CID=0000000000000003 server CID=400000c219fbfd2d peer address=127.0.0.1:4987
I1224 00:16:03.471868  3252 FunctionLooper.cpp:88] stop: ReadLooper
I1224 00:16:03.471874  3252 QuicTransportBase.cpp:1196] Stopping peek looper client CID=0000000000000003 server CID=400000c219fbfd2d peer address=127.0.0.1:4987
I1224 00:16:03.471881  3252 FunctionLooper.cpp:88] stop: PeekLooper
I1224 00:16:03.471887  3252 QuicTransportBase.cpp:1233] Server stopping write looper because conn closed client CID=0000000000000003 server CID=400000c219fbfd2d peer address=127.0.0.1:4987
I1224 00:16:03.471894  3252 FunctionLooper.cpp:88] stop: WriteLooper
E1224 00:16:03.471900  3252 EchoHandler.h:53] Socket error=Crypto error: missing_extension
I1224 00:16:03.471920  3252 QuicTransportFunctions.cpp:1063] Server sent close packetNum=5380904 in space=InitialSpace client CID=0000000000000003 server CID=400000c219fbfd2d peer address=127.0.0.1:4987
I1224 00:16:03.471942  3252 LogQuicStats.h:144] server onWrite size=82
I1224 00:16:03.471952  3252 QuicTransportBase.cpp:852] Stopping read looper client CID=0000000000000003 server CID=400000c219fbfd2d peer address=127.0.0.1:4987
I1224 00:16:03.471961  3252 FunctionLooper.cpp:88] stop: ReadLooper
I1224 00:16:03.471983  3252 QuicTransportBase.cpp:1196] Stopping peek looper client CID=0000000000000003 server CID=400000c219fbfd2d peer address=127.0.0.1:4987
I1224 00:16:03.471994  3252 FunctionLooper.cpp:88] stop: PeekLooper
I1224 00:16:03.472000  3252 QuicTransportBase.cpp:1233] Server stopping write looper because conn closed client CID=0000000000000003 server CID=400000c219fbfd2d peer address=127.0.0.1:4987
I1224 00:16:03.472007  3252 FunctionLooper.cpp:88] stop: WriteLooper
*** Aborted at 1640304963 (Unix time, try 'date -d @1640304963') ***
*** Signal 15 (SIGTERM) (0xcab) received by PID 3246 (pthread TID 0x7f43611feec0) (linux TID 3246) (maybe from PID 3243, UID 0) (code: 0), stack trace: ***
(error retrieving stack trace)
