I1224 00:22:29.048133  5802 EventBase.cpp:308] EventBase(): Starting loop.
I1224 00:22:29.048420  5803 EventBase.cpp:308] EventBase(): Starting loop.
I1224 00:22:29.048555  5804 EventBase.cpp:308] EventBase(): Starting loop.
I1224 00:22:29.048738  5805 EventBase.cpp:308] EventBase(): Starting loop.
I1224 00:22:29.048866  5806 EventBase.cpp:308] EventBase(): Starting loop.
I1224 00:22:29.050943  5807 EventBase.cpp:308] EventBase(): Starting loop.
I1224 00:22:29.051084  5802 QuicServer.cpp:268] No valid takenover fd found for address=127.0.0.1:4443. binding on worker=0x55f977da4ec0 workerId=0 processId=0
I1224 00:22:29.051270  5803 QuicServer.cpp:268] No valid takenover fd found for address=127.0.0.1:4443. binding on worker=0x55f977da5500 workerId=1 processId=0
I1224 00:22:29.051445  5804 QuicServer.cpp:268] No valid takenover fd found for address=127.0.0.1:4443. binding on worker=0x55f977da5940 workerId=2 processId=0
I1224 00:22:29.051606  5805 QuicServer.cpp:268] No valid takenover fd found for address=127.0.0.1:4443. binding on worker=0x55f977da5e20 workerId=3 processId=0
I1224 00:22:29.051764  5806 QuicServer.cpp:268] No valid takenover fd found for address=127.0.0.1:4443. binding on worker=0x55f977da6300 workerId=4 processId=0
I1224 00:22:29.051925  5807 QuicServer.cpp:268] No valid takenover fd found for address=127.0.0.1:4443. binding on worker=0x55f977da6800 workerId=5 processId=0
I1224 00:22:29.051954  5807 QuicServer.cpp:295] Initialized all workers in the eventbase
I1224 00:22:29.052052  5799 EchoServer.h:90] Echo server started at: 127.0.0.1:4443
I1224 00:22:29.052098  5799 EventBase.cpp:308] EventBase(): Starting loop.
I1224 00:22:29.052145  5806 QuicServerWorker.cpp:134] Registered read on worker=0x55f977da6300, thread=140543898056448, processId=0
I1224 00:22:29.052142  5802 QuicServerWorker.cpp:134] Registered read on worker=0x55f977da4ec0, thread=140543931627264, processId=0
I1224 00:22:29.052203  5803 QuicServerWorker.cpp:134] Registered read on worker=0x55f977da5500, thread=140543923234560, processId=0
I1224 00:22:29.052217  5805 QuicServerWorker.cpp:134] Registered read on worker=0x55f977da5e20, thread=140543906449152, processId=0
I1224 00:22:29.052222  5807 QuicServerWorker.cpp:134] Registered read on worker=0x55f977da6800, thread=140543889663744, processId=0
I1224 00:22:29.052142  5804 QuicServerWorker.cpp:134] Registered read on worker=0x55f977da5940, thread=140543914841856, processId=0
I1224 00:22:34.342061  5805 QuicServerWorker.cpp:227] Worker=0x55f977da5e20, Received data on thread=140543906449152, processId=0
I1224 00:22:34.342090  5805 LogQuicStats.h:24] server onPacketReceived
I1224 00:22:34.342097  5805 LogQuicStats.h:140] server onRead size=1232
W1224 00:22:34.342118  5805 Types.cpp:447] toString has unhandled version type
I1224 00:22:34.342113  5805 LogQuicStats.h:76] server onClientInitialReceived, version: UNKNOWN
I1224 00:22:34.342187  5805 QuicServerWorker.cpp:208] Version negotiation sent to client=127.0.0.1:4987
I1224 00:22:34.342213  5805 LogQuicStats.h:144] server onWrite size=43
I1224 00:22:34.342221  5805 LogQuicStats.h:36] server onPacketProcessed
I1224 00:22:34.342226  5805 LogQuicStats.h:40] server onPacketSent
I1224 00:22:34.532855  5805 QuicServerWorker.cpp:227] Worker=0x55f977da5e20, Received data on thread=140543906449152, processId=0
I1224 00:22:34.532883  5805 LogQuicStats.h:24] server onPacketReceived
I1224 00:22:34.532891  5805 LogQuicStats.h:140] server onRead size=1232
I1224 00:22:34.532898  5805 LogQuicStats.h:76] server onClientInitialReceived, version: QUIC_DRAFT
I1224 00:22:34.532908  5805 QuicServerWorker.cpp:545] Creating new connection for client=127.0.0.1:4987, routingInfo=CID=0000000000000000, cidVersion=1, workerId=3, processId=0, hostId=0, threadId=140543906449152, 
I1224 00:22:34.533169  5805 LogQuicStats.h:118] server onStatelessReset
I1224 00:22:34.533217  5805 StateMachine-inl.h:41] Transition from Uninitialized to ExpectingClientHello
I1224 00:22:34.533279  5805 LogQuicStats.h:32] server onOutOfOrderPacketReceived
I1224 00:22:34.533288  5805 ServerStateMachine.cpp:952] Server received crypto data offset=0 len=391 currentReadOffset=0 client CID=0000000000000003 server CID=400000c22ddeadb9 peer address=127.0.0.1:4987
I1224 00:22:34.533313  5805 RecordLayer.cpp:82] Received handshake message ClientHello
I1224 00:22:34.533416  5805 ServerHandshake.cpp:167] ServerHandshake error fizz::FizzException: no psk modes
I1224 00:22:34.533457  5805 QuicTransportBase.cpp:1870] onNetworkData fizz::FizzException: no psk modes client CID=0000000000000003 server CID=400000c22ddeadb9 peer address=127.0.0.1:4987
I1224 00:22:34.533470  5805 QuicTransportBase.cpp:400] Stopping read looper due to immediate close client CID=0000000000000003 server CID=400000c22ddeadb9 peer address=127.0.0.1:4987
I1224 00:22:34.533478  5805 FunctionLooper.cpp:88] stop: ReadLooper
I1224 00:22:34.533484  5805 FunctionLooper.cpp:88] stop: PeekLooper
I1224 00:22:34.533489  5805 FunctionLooper.cpp:88] stop: WriteLooper
I1224 00:22:34.533500  5805 QuicTransportBase.cpp:2651] Clearing 0 peek callbacks
I1224 00:22:34.533507  5805 QuicTransportBase.cpp:852] Stopping read looper client CID=0000000000000003 server CID=400000c22ddeadb9 peer address=127.0.0.1:4987
I1224 00:22:34.533514  5805 FunctionLooper.cpp:88] stop: ReadLooper
I1224 00:22:34.533519  5805 QuicTransportBase.cpp:1196] Stopping peek looper client CID=0000000000000003 server CID=400000c22ddeadb9 peer address=127.0.0.1:4987
I1224 00:22:34.533526  5805 FunctionLooper.cpp:88] stop: PeekLooper
I1224 00:22:34.533532  5805 QuicTransportBase.cpp:1233] Server stopping write looper because conn closed client CID=0000000000000003 server CID=400000c22ddeadb9 peer address=127.0.0.1:4987
I1224 00:22:34.533538  5805 FunctionLooper.cpp:88] stop: WriteLooper
E1224 00:22:34.533545  5805 EchoHandler.h:53] Socket error=Crypto error: missing_extension
I1224 00:22:34.533565  5805 QuicTransportFunctions.cpp:1063] Server sent close packetNum=464468 in space=InitialSpace client CID=0000000000000003 server CID=400000c22ddeadb9 peer address=127.0.0.1:4987
I1224 00:22:34.533587  5805 LogQuicStats.h:144] server onWrite size=82
I1224 00:22:34.533597  5805 QuicTransportBase.cpp:852] Stopping read looper client CID=0000000000000003 server CID=400000c22ddeadb9 peer address=127.0.0.1:4987
I1224 00:22:34.533604  5805 FunctionLooper.cpp:88] stop: ReadLooper
I1224 00:22:34.533610  5805 QuicTransportBase.cpp:1196] Stopping peek looper client CID=0000000000000003 server CID=400000c22ddeadb9 peer address=127.0.0.1:4987
I1224 00:22:34.533617  5805 FunctionLooper.cpp:88] stop: PeekLooper
I1224 00:22:34.533622  5805 QuicTransportBase.cpp:1233] Server stopping write looper because conn closed client CID=0000000000000003 server CID=400000c22ddeadb9 peer address=127.0.0.1:4987
I1224 00:22:34.533629  5805 FunctionLooper.cpp:88] stop: WriteLooper
*** Aborted at 1640305354 (Unix time, try 'date -d @1640305354') ***
*** Signal 15 (SIGTERM) (0x16a4) received by PID 5799 (pthread TID 0x7fd2f2699ec0) (linux TID 5799) (maybe from PID 5796, UID 0) (code: 0), stack trace: ***
(error retrieving stack trace)
