I1223 18:34:27.569825 11969 EventBase.cpp:308] EventBase(): Starting loop.
I1223 18:34:27.571120 11970 EventBase.cpp:308] EventBase(): Starting loop.
I1223 18:34:27.575047 11971 EventBase.cpp:308] EventBase(): Starting loop.
I1223 18:34:27.579190 11972 EventBase.cpp:308] EventBase(): Starting loop.
I1223 18:34:27.579380 11973 EventBase.cpp:308] EventBase(): Starting loop.
I1223 18:34:27.583345 11974 EventBase.cpp:308] EventBase(): Starting loop.
I1223 18:34:27.583550 11969 QuicServer.cpp:268] No valid takenover fd found for address=127.0.0.1:4443. binding on worker=0x55aa781d7040 workerId=0 processId=0
I1223 18:34:27.583782 11970 QuicServer.cpp:268] No valid takenover fd found for address=127.0.0.1:4443. binding on worker=0x55aa781d7680 workerId=1 processId=0
I1223 18:34:27.583957 11971 QuicServer.cpp:268] No valid takenover fd found for address=127.0.0.1:4443. binding on worker=0x55aa781d7b30 workerId=2 processId=0
I1223 18:34:27.584702 11972 QuicServer.cpp:268] No valid takenover fd found for address=127.0.0.1:4443. binding on worker=0x55aa781d8010 workerId=3 processId=0
I1223 18:34:27.584798 11973 QuicServer.cpp:268] No valid takenover fd found for address=127.0.0.1:4443. binding on worker=0x55aa781d84f0 workerId=4 processId=0
I1223 18:34:27.584936 11974 QuicServer.cpp:268] No valid takenover fd found for address=127.0.0.1:4443. binding on worker=0x55aa781d89f0 workerId=5 processId=0
I1223 18:34:27.584962 11974 QuicServer.cpp:295] Initialized all workers in the eventbase
I1223 18:34:27.585052 11969 QuicServerWorker.cpp:134] Registered read on worker=0x55aa781d7040, thread=139963742410496, processId=0
I1223 18:34:27.585099 11971 QuicServerWorker.cpp:134] Registered read on worker=0x55aa781d7b30, thread=139963656042240, processId=0
I1223 18:34:27.585140 11966 EchoServer.h:90] Echo server started at: 127.0.0.1:4443
I1223 18:34:27.585152 11970 QuicServerWorker.cpp:134] Registered read on worker=0x55aa781d7680, thread=139963734017792, processId=0
I1223 18:34:27.585193 11972 QuicServerWorker.cpp:134] Registered read on worker=0x55aa781d8010, thread=139963647649536, processId=0
I1223 18:34:27.585153 11966 EventBase.cpp:308] EventBase(): Starting loop.
I1223 18:34:27.585242 11974 QuicServerWorker.cpp:134] Registered read on worker=0x55aa781d89f0, thread=139963630864128, processId=0
I1223 18:34:27.585199 11973 QuicServerWorker.cpp:134] Registered read on worker=0x55aa781d84f0, thread=139963639256832, processId=0
I1223 18:34:33.273710 11972 QuicServerWorker.cpp:227] Worker=0x55aa781d8010, Received data on thread=139963647649536, processId=0
I1223 18:34:33.273737 11972 LogQuicStats.h:24] server onPacketReceived
I1223 18:34:33.273744 11972 LogQuicStats.h:140] server onRead size=1232
I1223 18:34:33.273761 11972 LogQuicStats.h:76] server onClientInitialReceived, version: QUIC_DRAFT
I1223 18:34:33.273772 11972 QuicServerWorker.cpp:545] Creating new connection for client=127.0.0.1:4987, routingInfo=CID=0000000000000002, cidVersion=1, workerId=3, processId=0, hostId=0, threadId=139963647649536, 
I1223 18:34:33.273890 11972 LogQuicStats.h:118] server onStatelessReset
I1223 18:34:33.273917 11972 StateMachine-inl.h:41] Transition from Uninitialized to ExpectingClientHello
I1223 18:34:33.273983 11972 LogQuicStats.h:32] server onOutOfOrderPacketReceived
I1223 18:34:33.273990 11972 ServerStateMachine.cpp:952] Server received crypto data offset=0 len=391 currentReadOffset=0 client CID=0000000000000001 server CID=400000da6348ab30 peer address=127.0.0.1:4987
I1223 18:34:33.274009 11972 RecordLayer.cpp:82] Received handshake message ClientHello
I1223 18:34:33.274108 11972 ServerHandshake.cpp:167] ServerHandshake error fizz::FizzException: no psk modes
I1223 18:34:33.274150 11972 QuicTransportBase.cpp:1870] onNetworkData fizz::FizzException: no psk modes client CID=0000000000000001 server CID=400000da6348ab30 peer address=127.0.0.1:4987
I1223 18:34:33.274164 11972 QuicTransportBase.cpp:400] Stopping read looper due to immediate close client CID=0000000000000001 server CID=400000da6348ab30 peer address=127.0.0.1:4987
I1223 18:34:33.274173 11972 FunctionLooper.cpp:88] stop: ReadLooper
I1223 18:34:33.274188 11972 FunctionLooper.cpp:88] stop: PeekLooper
I1223 18:34:33.274194 11972 FunctionLooper.cpp:88] stop: WriteLooper
I1223 18:34:33.274200 11972 QuicTransportBase.cpp:2651] Clearing 0 peek callbacks
I1223 18:34:33.274235 11972 QuicTransportBase.cpp:852] Stopping read looper client CID=0000000000000001 server CID=400000da6348ab30 peer address=127.0.0.1:4987
I1223 18:34:33.274258 11972 FunctionLooper.cpp:88] stop: ReadLooper
I1223 18:34:33.274266 11972 QuicTransportBase.cpp:1196] Stopping peek looper client CID=0000000000000001 server CID=400000da6348ab30 peer address=127.0.0.1:4987
I1223 18:34:33.274271 11972 FunctionLooper.cpp:88] stop: PeekLooper
I1223 18:34:33.274277 11972 QuicTransportBase.cpp:1233] Server stopping write looper because conn closed client CID=0000000000000001 server CID=400000da6348ab30 peer address=127.0.0.1:4987
I1223 18:34:33.274284 11972 FunctionLooper.cpp:88] stop: WriteLooper
E1223 18:34:33.274291 11972 EchoHandler.h:53] Socket error=Crypto error: missing_extension
I1223 18:34:33.274314 11972 QuicTransportFunctions.cpp:1063] Server sent close packetNum=12831710 in space=InitialSpace client CID=0000000000000001 server CID=400000da6348ab30 peer address=127.0.0.1:4987
I1223 18:34:33.274345 11972 LogQuicStats.h:144] server onWrite size=83
I1223 18:34:33.274356 11972 QuicTransportBase.cpp:852] Stopping read looper client CID=0000000000000001 server CID=400000da6348ab30 peer address=127.0.0.1:4987
I1223 18:34:33.274364 11972 FunctionLooper.cpp:88] stop: ReadLooper
I1223 18:34:33.274370 11972 QuicTransportBase.cpp:1196] Stopping peek looper client CID=0000000000000001 server CID=400000da6348ab30 peer address=127.0.0.1:4987
I1223 18:34:33.274376 11972 FunctionLooper.cpp:88] stop: PeekLooper
I1223 18:34:33.274382 11972 QuicTransportBase.cpp:1233] Server stopping write looper because conn closed client CID=0000000000000001 server CID=400000da6348ab30 peer address=127.0.0.1:4987
I1223 18:34:33.274389 11972 FunctionLooper.cpp:88] stop: WriteLooper
*** Aborted at 1640284473 (Unix time, try 'date -d @1640284473') ***
*** Signal 15 (SIGTERM) (0x2ebb) received by PID 11966 (pthread TID 0x7f4bdc70bec0) (linux TID 11966) (maybe from PID 11963, UID 0) (code: 0), stack trace: ***
(error retrieving stack trace)
