I1223 18:30:05.371111 10267 EventBase.cpp:308] EventBase(): Starting loop.
I1223 18:30:05.371273 10268 EventBase.cpp:308] EventBase(): Starting loop.
I1223 18:30:05.371407 10269 EventBase.cpp:308] EventBase(): Starting loop.
I1223 18:30:05.374296 10270 EventBase.cpp:308] EventBase(): Starting loop.
I1223 18:30:05.374457 10271 EventBase.cpp:308] EventBase(): Starting loop.
I1223 18:30:05.374612 10272 EventBase.cpp:308] EventBase(): Starting loop.
I1223 18:30:05.374749 10267 QuicServer.cpp:268] No valid takenover fd found for address=127.0.0.1:4443. binding on worker=0x564e5316d040 workerId=0 processId=0
I1223 18:30:05.374956 10268 QuicServer.cpp:268] No valid takenover fd found for address=127.0.0.1:4443. binding on worker=0x564e5316d680 workerId=1 processId=0
I1223 18:30:05.375130 10269 QuicServer.cpp:268] No valid takenover fd found for address=127.0.0.1:4443. binding on worker=0x564e5316db30 workerId=2 processId=0
I1223 18:30:05.375296 10270 QuicServer.cpp:268] No valid takenover fd found for address=127.0.0.1:4443. binding on worker=0x564e5316e010 workerId=3 processId=0
I1223 18:30:05.375455 10271 QuicServer.cpp:268] No valid takenover fd found for address=127.0.0.1:4443. binding on worker=0x564e5316e4f0 workerId=4 processId=0
I1223 18:30:05.375617 10272 QuicServer.cpp:268] No valid takenover fd found for address=127.0.0.1:4443. binding on worker=0x564e5316e9f0 workerId=5 processId=0
I1223 18:30:05.375644 10272 QuicServer.cpp:295] Initialized all workers in the eventbase
I1223 18:30:05.375746 10264 EchoServer.h:90] Echo server started at: 127.0.0.1:4443
I1223 18:30:05.375766 10264 EventBase.cpp:308] EventBase(): Starting loop.
I1223 18:30:05.375777 10268 QuicServerWorker.cpp:134] Registered read on worker=0x564e5316d680, thread=140674926397184, processId=0
I1223 18:30:05.375811 10271 QuicServerWorker.cpp:134] Registered read on worker=0x564e5316e4f0, thread=140674901219072, processId=0
I1223 18:30:05.375820 10269 QuicServerWorker.cpp:134] Registered read on worker=0x564e5316db30, thread=140674918004480, processId=0
I1223 18:30:05.375880 10272 QuicServerWorker.cpp:134] Registered read on worker=0x564e5316e9f0, thread=140674892826368, processId=0
I1223 18:30:05.375885 10270 QuicServerWorker.cpp:134] Registered read on worker=0x564e5316e010, thread=140674909611776, processId=0
I1223 18:30:05.387243 10267 QuicServerWorker.cpp:134] Registered read on worker=0x564e5316d040, thread=140674934789888, processId=0
I1223 18:30:11.003070 10270 QuicServerWorker.cpp:227] Worker=0x564e5316e010, Received data on thread=140674909611776, processId=0
I1223 18:30:11.003098 10270 LogQuicStats.h:24] server onPacketReceived
I1223 18:30:11.003106 10270 LogQuicStats.h:140] server onRead size=1232
I1223 18:30:11.003121 10270 LogQuicStats.h:76] server onClientInitialReceived, version: QUIC_DRAFT
I1223 18:30:11.003131 10270 QuicServerWorker.cpp:545] Creating new connection for client=127.0.0.1:4987, routingInfo=CID=0000000000000002, cidVersion=1, workerId=3, processId=0, hostId=0, threadId=140674909611776, 
I1223 18:30:11.003240 10270 LogQuicStats.h:118] server onStatelessReset
I1223 18:30:11.003268 10270 StateMachine-inl.h:41] Transition from Uninitialized to ExpectingClientHello
I1223 18:30:11.003334 10270 LogQuicStats.h:32] server onOutOfOrderPacketReceived
I1223 18:30:11.003343 10270 ServerStateMachine.cpp:952] Server received crypto data offset=0 len=391 currentReadOffset=0 client CID=0000000000000001 server CID=400000de6b438cc6 peer address=127.0.0.1:4987
I1223 18:30:11.003358 10270 RecordLayer.cpp:82] Received handshake message ClientHello
I1223 18:30:11.003451 10270 ServerHandshake.cpp:167] ServerHandshake error fizz::FizzException: no psk modes
I1223 18:30:11.003494 10270 QuicTransportBase.cpp:1870] onNetworkData fizz::FizzException: no psk modes client CID=0000000000000001 server CID=400000de6b438cc6 peer address=127.0.0.1:4987
I1223 18:30:11.003507 10270 QuicTransportBase.cpp:400] Stopping read looper due to immediate close client CID=0000000000000001 server CID=400000de6b438cc6 peer address=127.0.0.1:4987
I1223 18:30:11.003515 10270 FunctionLooper.cpp:88] stop: ReadLooper
I1223 18:30:11.003532 10270 FunctionLooper.cpp:88] stop: PeekLooper
I1223 18:30:11.003540 10270 FunctionLooper.cpp:88] stop: WriteLooper
I1223 18:30:11.003546 10270 QuicTransportBase.cpp:2651] Clearing 0 peek callbacks
I1223 18:30:11.003552 10270 QuicTransportBase.cpp:852] Stopping read looper client CID=0000000000000001 server CID=400000de6b438cc6 peer address=127.0.0.1:4987
I1223 18:30:11.003559 10270 FunctionLooper.cpp:88] stop: ReadLooper
I1223 18:30:11.003566 10270 QuicTransportBase.cpp:1196] Stopping peek looper client CID=0000000000000001 server CID=400000de6b438cc6 peer address=127.0.0.1:4987
I1223 18:30:11.003572 10270 FunctionLooper.cpp:88] stop: PeekLooper
I1223 18:30:11.003578 10270 QuicTransportBase.cpp:1233] Server stopping write looper because conn closed client CID=0000000000000001 server CID=400000de6b438cc6 peer address=127.0.0.1:4987
I1223 18:30:11.003585 10270 FunctionLooper.cpp:88] stop: WriteLooper
E1223 18:30:11.003592 10270 EchoHandler.h:53] Socket error=Crypto error: missing_extension
I1223 18:30:11.003612 10270 QuicTransportFunctions.cpp:1063] Server sent close packetNum=7426799 in space=InitialSpace client CID=0000000000000001 server CID=400000de6b438cc6 peer address=127.0.0.1:4987
I1223 18:30:11.003643 10270 LogQuicStats.h:144] server onWrite size=82
I1223 18:30:11.003654 10270 QuicTransportBase.cpp:852] Stopping read looper client CID=0000000000000001 server CID=400000de6b438cc6 peer address=127.0.0.1:4987
I1223 18:30:11.003661 10270 FunctionLooper.cpp:88] stop: ReadLooper
I1223 18:30:11.003667 10270 QuicTransportBase.cpp:1196] Stopping peek looper client CID=0000000000000001 server CID=400000de6b438cc6 peer address=127.0.0.1:4987
I1223 18:30:11.003674 10270 FunctionLooper.cpp:88] stop: PeekLooper
I1223 18:30:11.003680 10270 QuicTransportBase.cpp:1233] Server stopping write looper because conn closed client CID=0000000000000001 server CID=400000de6b438cc6 peer address=127.0.0.1:4987
I1223 18:30:11.003687 10270 FunctionLooper.cpp:88] stop: WriteLooper
*** Aborted at 1640284211 (Unix time, try 'date -d @1640284211') ***
*** Signal 15 (SIGTERM) (0x2815) received by PID 10264 (pthread TID 0x7ff172cf3ec0) (linux TID 10264) (maybe from PID 10261, UID 0) (code: 0), stack trace: ***
(error retrieving stack trace)
