I1224 00:15:35.053318  3101 EventBase.cpp:308] EventBase(): Starting loop.
I1224 00:15:35.053508  3102 EventBase.cpp:308] EventBase(): Starting loop.
I1224 00:15:35.055248  3103 EventBase.cpp:308] EventBase(): Starting loop.
I1224 00:15:35.055646  3104 EventBase.cpp:308] EventBase(): Starting loop.
I1224 00:15:35.055861  3105 EventBase.cpp:308] EventBase(): Starting loop.
I1224 00:15:35.055987  3106 EventBase.cpp:308] EventBase(): Starting loop.
I1224 00:15:35.056120  3101 QuicServer.cpp:268] No valid takenover fd found for address=127.0.0.1:4443. binding on worker=0x564bb79d1ec0 workerId=0 processId=0
I1224 00:15:35.056282  3102 QuicServer.cpp:268] No valid takenover fd found for address=127.0.0.1:4443. binding on worker=0x564bb79d2500 workerId=1 processId=0
I1224 00:15:35.056432  3103 QuicServer.cpp:268] No valid takenover fd found for address=127.0.0.1:4443. binding on worker=0x564bb79d2940 workerId=2 processId=0
I1224 00:15:35.056588  3104 QuicServer.cpp:268] No valid takenover fd found for address=127.0.0.1:4443. binding on worker=0x564bb79d2e20 workerId=3 processId=0
I1224 00:15:35.056746  3105 QuicServer.cpp:268] No valid takenover fd found for address=127.0.0.1:4443. binding on worker=0x564bb79d3300 workerId=4 processId=0
I1224 00:15:35.056895  3106 QuicServer.cpp:268] No valid takenover fd found for address=127.0.0.1:4443. binding on worker=0x564bb79d3800 workerId=5 processId=0
I1224 00:15:35.056922  3106 QuicServer.cpp:295] Initialized all workers in the eventbase
I1224 00:15:35.057013  3098 EchoServer.h:90] Echo server started at: 127.0.0.1:4443
I1224 00:15:35.057029  3098 EventBase.cpp:308] EventBase(): Starting loop.
I1224 00:15:35.057104  3101 QuicServerWorker.cpp:134] Registered read on worker=0x564bb79d1ec0, thread=139676151301888, processId=0
I1224 00:15:35.057106  3105 QuicServerWorker.cpp:134] Registered read on worker=0x564bb79d3300, thread=139676117731072, processId=0
I1224 00:15:35.057109  3102 QuicServerWorker.cpp:134] Registered read on worker=0x564bb79d2500, thread=139676142909184, processId=0
I1224 00:15:35.057169  3104 QuicServerWorker.cpp:134] Registered read on worker=0x564bb79d2e20, thread=139676126123776, processId=0
I1224 00:15:35.057170  3103 QuicServerWorker.cpp:134] Registered read on worker=0x564bb79d2940, thread=139676134516480, processId=0
I1224 00:15:35.057194  3106 QuicServerWorker.cpp:134] Registered read on worker=0x564bb79d3800, thread=139676109338368, processId=0
I1224 00:15:40.480779  3104 QuicServerWorker.cpp:227] Worker=0x564bb79d2e20, Received data on thread=139676126123776, processId=0
I1224 00:15:40.480808  3104 LogQuicStats.h:24] server onPacketReceived
I1224 00:15:40.480815  3104 LogQuicStats.h:140] server onRead size=1232
W1224 00:15:40.480835  3104 Types.cpp:447] toString has unhandled version type
I1224 00:15:40.480830  3104 LogQuicStats.h:76] server onClientInitialReceived, version: UNKNOWN
I1224 00:15:40.480851  3104 QuicServerWorker.cpp:208] Version negotiation sent to client=127.0.0.1:4987
I1224 00:15:40.480860  3104 LogQuicStats.h:144] server onWrite size=43
I1224 00:15:40.480866  3104 LogQuicStats.h:36] server onPacketProcessed
I1224 00:15:40.480872  3104 LogQuicStats.h:40] server onPacketSent
I1224 00:15:40.682204  3104 QuicServerWorker.cpp:227] Worker=0x564bb79d2e20, Received data on thread=139676126123776, processId=0
I1224 00:15:40.682232  3104 LogQuicStats.h:24] server onPacketReceived
I1224 00:15:40.682240  3104 LogQuicStats.h:140] server onRead size=1232
I1224 00:15:40.682246  3104 LogQuicStats.h:76] server onClientInitialReceived, version: QUIC_DRAFT
I1224 00:15:40.682255  3104 QuicServerWorker.cpp:545] Creating new connection for client=127.0.0.1:4987, routingInfo=CID=0000000000000000, cidVersion=1, workerId=3, processId=0, hostId=0, threadId=139676126123776, 
I1224 00:15:40.682366  3104 LogQuicStats.h:118] server onStatelessReset
I1224 00:15:40.682394  3104 StateMachine-inl.h:41] Transition from Uninitialized to ExpectingClientHello
I1224 00:15:40.682459  3104 LogQuicStats.h:32] server onOutOfOrderPacketReceived
I1224 00:15:40.682468  3104 ServerStateMachine.cpp:952] Server received crypto data offset=0 len=389 currentReadOffset=0 client CID=0000000000000003 server CID=400000da444fe880 peer address=127.0.0.1:4987
I1224 00:15:40.682489  3104 RecordLayer.cpp:82] Received handshake message ClientHello
I1224 00:15:40.682593  3104 ServerHandshake.cpp:167] ServerHandshake error fizz::FizzException: no psk modes
I1224 00:15:40.682638  3104 QuicTransportBase.cpp:1870] onNetworkData fizz::FizzException: no psk modes client CID=0000000000000003 server CID=400000da444fe880 peer address=127.0.0.1:4987
I1224 00:15:40.682652  3104 QuicTransportBase.cpp:400] Stopping read looper due to immediate close client CID=0000000000000003 server CID=400000da444fe880 peer address=127.0.0.1:4987
I1224 00:15:40.682684  3104 FunctionLooper.cpp:88] stop: ReadLooper
I1224 00:15:40.682691  3104 FunctionLooper.cpp:88] stop: PeekLooper
I1224 00:15:40.682698  3104 FunctionLooper.cpp:88] stop: WriteLooper
I1224 00:15:40.682704  3104 QuicTransportBase.cpp:2651] Clearing 0 peek callbacks
I1224 00:15:40.682711  3104 QuicTransportBase.cpp:852] Stopping read looper client CID=0000000000000003 server CID=400000da444fe880 peer address=127.0.0.1:4987
I1224 00:15:40.682718  3104 FunctionLooper.cpp:88] stop: ReadLooper
I1224 00:15:40.682724  3104 QuicTransportBase.cpp:1196] Stopping peek looper client CID=0000000000000003 server CID=400000da444fe880 peer address=127.0.0.1:4987
I1224 00:15:40.682730  3104 FunctionLooper.cpp:88] stop: PeekLooper
I1224 00:15:40.682736  3104 QuicTransportBase.cpp:1233] Server stopping write looper because conn closed client CID=0000000000000003 server CID=400000da444fe880 peer address=127.0.0.1:4987
I1224 00:15:40.682744  3104 FunctionLooper.cpp:88] stop: WriteLooper
E1224 00:15:40.682750  3104 EchoHandler.h:53] Socket error=Crypto error: missing_extension
I1224 00:15:40.682771  3104 QuicTransportFunctions.cpp:1063] Server sent close packetNum=16039554 in space=InitialSpace client CID=0000000000000003 server CID=400000da444fe880 peer address=127.0.0.1:4987
I1224 00:15:40.682794  3104 LogQuicStats.h:144] server onWrite size=83
I1224 00:15:40.682806  3104 QuicTransportBase.cpp:852] Stopping read looper client CID=0000000000000003 server CID=400000da444fe880 peer address=127.0.0.1:4987
I1224 00:15:40.682812  3104 FunctionLooper.cpp:88] stop: ReadLooper
I1224 00:15:40.682818  3104 QuicTransportBase.cpp:1196] Stopping peek looper client CID=0000000000000003 server CID=400000da444fe880 peer address=127.0.0.1:4987
I1224 00:15:40.682826  3104 FunctionLooper.cpp:88] stop: PeekLooper
I1224 00:15:40.682830  3104 QuicTransportBase.cpp:1233] Server stopping write looper because conn closed client CID=0000000000000003 server CID=400000da444fe880 peer address=127.0.0.1:4987
I1224 00:15:40.682837  3104 FunctionLooper.cpp:88] stop: WriteLooper
*** Aborted at 1640304940 (Unix time, try 'date -d @1640304940') ***
*** Signal 15 (SIGTERM) (0xc17) received by PID 3098 (pthread TID 0x7f08e6acaec0) (linux TID 3098) (maybe from PID 3095, UID 0) (code: 0), stack trace: ***
(error retrieving stack trace)
