I1224 00:23:02.993399  6024 EventBase.cpp:308] EventBase(): Starting loop.
I1224 00:23:02.993775  6025 EventBase.cpp:308] EventBase(): Starting loop.
I1224 00:23:02.994488  6026 EventBase.cpp:308] EventBase(): Starting loop.
I1224 00:23:02.994632  6027 EventBase.cpp:308] EventBase(): Starting loop.
I1224 00:23:02.994725  6028 EventBase.cpp:308] EventBase(): Starting loop.
I1224 00:23:02.994930  6029 EventBase.cpp:308] EventBase(): Starting loop.
I1224 00:23:02.995765  6024 QuicServer.cpp:268] No valid takenover fd found for address=127.0.0.1:4443. binding on worker=0x55bde7a3dec0 workerId=0 processId=0
I1224 00:23:02.995942  6025 QuicServer.cpp:268] No valid takenover fd found for address=127.0.0.1:4443. binding on worker=0x55bde7a3e500 workerId=1 processId=0
I1224 00:23:02.996098  6026 QuicServer.cpp:268] No valid takenover fd found for address=127.0.0.1:4443. binding on worker=0x55bde7a3e940 workerId=2 processId=0
I1224 00:23:02.997686  6027 QuicServer.cpp:268] No valid takenover fd found for address=127.0.0.1:4443. binding on worker=0x55bde7a3ee20 workerId=3 processId=0
I1224 00:23:03.007021  6028 QuicServer.cpp:268] No valid takenover fd found for address=127.0.0.1:4443. binding on worker=0x55bde7a3f300 workerId=4 processId=0
I1224 00:23:03.007256  6029 QuicServer.cpp:268] No valid takenover fd found for address=127.0.0.1:4443. binding on worker=0x55bde7a3f800 workerId=5 processId=0
I1224 00:23:03.007289  6029 QuicServer.cpp:295] Initialized all workers in the eventbase
I1224 00:23:03.007401  6021 EchoServer.h:90] Echo server started at: 127.0.0.1:4443
I1224 00:23:03.007450  6021 EventBase.cpp:308] EventBase(): Starting loop.
I1224 00:23:03.007493  6026 QuicServerWorker.cpp:134] Registered read on worker=0x55bde7a3e940, thread=139965989598976, processId=0
I1224 00:23:03.007510  6025 QuicServerWorker.cpp:134] Registered read on worker=0x55bde7a3e500, thread=139965997991680, processId=0
I1224 00:23:03.007499  6027 QuicServerWorker.cpp:134] Registered read on worker=0x55bde7a3ee20, thread=139965981206272, processId=0
I1224 00:23:03.007496  6024 QuicServerWorker.cpp:134] Registered read on worker=0x55bde7a3dec0, thread=139966006384384, processId=0
I1224 00:23:03.007539  6029 QuicServerWorker.cpp:134] Registered read on worker=0x55bde7a3f800, thread=139965964420864, processId=0
I1224 00:23:03.007701  6028 QuicServerWorker.cpp:134] Registered read on worker=0x55bde7a3f300, thread=139965972813568, processId=0
I1224 00:23:08.433612  6027 QuicServerWorker.cpp:227] Worker=0x55bde7a3ee20, Received data on thread=139965981206272, processId=0
I1224 00:23:08.433640  6027 LogQuicStats.h:24] server onPacketReceived
I1224 00:23:08.433647  6027 LogQuicStats.h:140] server onRead size=1232
W1224 00:23:08.433667  6027 Types.cpp:447] toString has unhandled version type
I1224 00:23:08.433662  6027 LogQuicStats.h:76] server onClientInitialReceived, version: UNKNOWN
I1224 00:23:08.433683  6027 QuicServerWorker.cpp:208] Version negotiation sent to client=127.0.0.1:4987
I1224 00:23:08.433692  6027 LogQuicStats.h:144] server onWrite size=43
I1224 00:23:08.433698  6027 LogQuicStats.h:36] server onPacketProcessed
I1224 00:23:08.433704  6027 LogQuicStats.h:40] server onPacketSent
I1224 00:23:08.684844  6027 QuicServerWorker.cpp:227] Worker=0x55bde7a3ee20, Received data on thread=139965981206272, processId=0
I1224 00:23:08.684871  6027 LogQuicStats.h:24] server onPacketReceived
I1224 00:23:08.684878  6027 LogQuicStats.h:140] server onRead size=1232
I1224 00:23:08.684886  6027 LogQuicStats.h:76] server onClientInitialReceived, version: QUIC_DRAFT
I1224 00:23:08.684896  6027 QuicServerWorker.cpp:545] Creating new connection for client=127.0.0.1:4987, routingInfo=CID=0000000000000000, cidVersion=1, workerId=3, processId=0, hostId=0, threadId=139965981206272, 
I1224 00:23:08.685014  6027 LogQuicStats.h:118] server onStatelessReset
I1224 00:23:08.685040  6027 StateMachine-inl.h:41] Transition from Uninitialized to ExpectingClientHello
I1224 00:23:08.685122  6027 LogQuicStats.h:32] server onOutOfOrderPacketReceived
I1224 00:23:08.685134  6027 ServerStateMachine.cpp:952] Server received crypto data offset=0 len=389 currentReadOffset=0 client CID=0000000000000003 server CID=400000c7281707b2 peer address=127.0.0.1:4987
I1224 00:23:08.685200  6027 RecordLayer.cpp:82] Received handshake message ClientHello
I1224 00:23:08.685297  6027 ServerHandshake.cpp:167] ServerHandshake error fizz::FizzException: no psk modes
I1224 00:23:08.685338  6027 QuicTransportBase.cpp:1870] onNetworkData fizz::FizzException: no psk modes client CID=0000000000000003 server CID=400000c7281707b2 peer address=127.0.0.1:4987
I1224 00:23:08.685353  6027 QuicTransportBase.cpp:400] Stopping read looper due to immediate close client CID=0000000000000003 server CID=400000c7281707b2 peer address=127.0.0.1:4987
I1224 00:23:08.685359  6027 FunctionLooper.cpp:88] stop: ReadLooper
I1224 00:23:08.685365  6027 FunctionLooper.cpp:88] stop: PeekLooper
I1224 00:23:08.685371  6027 FunctionLooper.cpp:88] stop: WriteLooper
I1224 00:23:08.685379  6027 QuicTransportBase.cpp:2651] Clearing 0 peek callbacks
I1224 00:23:08.685385  6027 QuicTransportBase.cpp:852] Stopping read looper client CID=0000000000000003 server CID=400000c7281707b2 peer address=127.0.0.1:4987
I1224 00:23:08.685391  6027 FunctionLooper.cpp:88] stop: ReadLooper
I1224 00:23:08.685397  6027 QuicTransportBase.cpp:1196] Stopping peek looper client CID=0000000000000003 server CID=400000c7281707b2 peer address=127.0.0.1:4987
I1224 00:23:08.685405  6027 FunctionLooper.cpp:88] stop: PeekLooper
I1224 00:23:08.685410  6027 QuicTransportBase.cpp:1233] Server stopping write looper because conn closed client CID=0000000000000003 server CID=400000c7281707b2 peer address=127.0.0.1:4987
I1224 00:23:08.685416  6027 FunctionLooper.cpp:88] stop: WriteLooper
E1224 00:23:08.685425  6027 EchoHandler.h:53] Socket error=Crypto error: missing_extension
I1224 00:23:08.685444  6027 QuicTransportFunctions.cpp:1063] Server sent close packetNum=5213518 in space=InitialSpace client CID=0000000000000003 server CID=400000c7281707b2 peer address=127.0.0.1:4987
I1224 00:23:08.685468  6027 LogQuicStats.h:144] server onWrite size=82
I1224 00:23:08.685479  6027 QuicTransportBase.cpp:852] Stopping read looper client CID=0000000000000003 server CID=400000c7281707b2 peer address=127.0.0.1:4987
I1224 00:23:08.685487  6027 FunctionLooper.cpp:88] stop: ReadLooper
I1224 00:23:08.685492  6027 QuicTransportBase.cpp:1196] Stopping peek looper client CID=0000000000000003 server CID=400000c7281707b2 peer address=127.0.0.1:4987
I1224 00:23:08.685499  6027 FunctionLooper.cpp:88] stop: PeekLooper
I1224 00:23:08.685504  6027 QuicTransportBase.cpp:1233] Server stopping write looper because conn closed client CID=0000000000000003 server CID=400000c7281707b2 peer address=127.0.0.1:4987
I1224 00:23:08.685511  6027 FunctionLooper.cpp:88] stop: WriteLooper
*** Aborted at 1640305388 (Unix time, try 'date -d @1640305388') ***
*** Signal 15 (SIGTERM) (0x1782) received by PID 6021 (pthread TID 0x7f4c63623ec0) (linux TID 6021) (maybe from PID 6018, UID 0) (code: 0), stack trace: ***
(error retrieving stack trace)
