I1224 00:22:46.025808  5913 EventBase.cpp:308] EventBase(): Starting loop.
I1224 00:22:46.025993  5914 EventBase.cpp:308] EventBase(): Starting loop.
I1224 00:22:46.026147  5915 EventBase.cpp:308] EventBase(): Starting loop.
I1224 00:22:46.032230  5916 EventBase.cpp:308] EventBase(): Starting loop.
I1224 00:22:46.034922  5917 EventBase.cpp:308] EventBase(): Starting loop.
I1224 00:22:46.035377  5918 EventBase.cpp:308] EventBase(): Starting loop.
I1224 00:22:46.035537  5913 QuicServer.cpp:268] No valid takenover fd found for address=127.0.0.1:4443. binding on worker=0x56417f741ec0 workerId=0 processId=0
I1224 00:22:46.035739  5914 QuicServer.cpp:268] No valid takenover fd found for address=127.0.0.1:4443. binding on worker=0x56417f742500 workerId=1 processId=0
I1224 00:22:46.035899  5915 QuicServer.cpp:268] No valid takenover fd found for address=127.0.0.1:4443. binding on worker=0x56417f742940 workerId=2 processId=0
I1224 00:22:46.036011  5916 QuicServer.cpp:268] No valid takenover fd found for address=127.0.0.1:4443. binding on worker=0x56417f742e20 workerId=3 processId=0
I1224 00:22:46.036114  5917 QuicServer.cpp:268] No valid takenover fd found for address=127.0.0.1:4443. binding on worker=0x56417f743300 workerId=4 processId=0
I1224 00:22:46.036273  5918 QuicServer.cpp:268] No valid takenover fd found for address=127.0.0.1:4443. binding on worker=0x56417f743800 workerId=5 processId=0
I1224 00:22:46.036303  5918 QuicServer.cpp:295] Initialized all workers in the eventbase
I1224 00:22:46.036404  5910 EchoServer.h:90] Echo server started at: 127.0.0.1:4443
I1224 00:22:46.036470  5910 EventBase.cpp:308] EventBase(): Starting loop.
I1224 00:22:46.036504  5914 QuicServerWorker.cpp:134] Registered read on worker=0x56417f742500, thread=140682266838784, processId=0
I1224 00:22:46.036512  5913 QuicServerWorker.cpp:134] Registered read on worker=0x56417f741ec0, thread=140682275231488, processId=0
I1224 00:22:46.036528  5916 QuicServerWorker.cpp:134] Registered read on worker=0x56417f742e20, thread=140682182256384, processId=0
I1224 00:22:46.036514  5917 QuicServerWorker.cpp:134] Registered read on worker=0x56417f743300, thread=140682173863680, processId=0
I1224 00:22:46.036506  5915 QuicServerWorker.cpp:134] Registered read on worker=0x56417f742940, thread=140682190649088, processId=0
I1224 00:22:46.036581  5918 QuicServerWorker.cpp:134] Registered read on worker=0x56417f743800, thread=140682165470976, processId=0
I1224 00:22:51.430119  5916 QuicServerWorker.cpp:227] Worker=0x56417f742e20, Received data on thread=140682182256384, processId=0
I1224 00:22:51.430147  5916 LogQuicStats.h:24] server onPacketReceived
I1224 00:22:51.430155  5916 LogQuicStats.h:140] server onRead size=1232
W1224 00:22:51.430176  5916 Types.cpp:447] toString has unhandled version type
I1224 00:22:51.430169  5916 LogQuicStats.h:76] server onClientInitialReceived, version: UNKNOWN
I1224 00:22:51.430191  5916 QuicServerWorker.cpp:208] Version negotiation sent to client=127.0.0.1:4987
I1224 00:22:51.430199  5916 LogQuicStats.h:144] server onWrite size=43
I1224 00:22:51.430207  5916 LogQuicStats.h:36] server onPacketProcessed
I1224 00:22:51.430212  5916 LogQuicStats.h:40] server onPacketSent
I1224 00:22:51.614418  5916 QuicServerWorker.cpp:227] Worker=0x56417f742e20, Received data on thread=140682182256384, processId=0
I1224 00:22:51.614445  5916 LogQuicStats.h:24] server onPacketReceived
I1224 00:22:51.614452  5916 LogQuicStats.h:140] server onRead size=1232
I1224 00:22:51.614459  5916 LogQuicStats.h:76] server onClientInitialReceived, version: QUIC_DRAFT
I1224 00:22:51.614470  5916 QuicServerWorker.cpp:545] Creating new connection for client=127.0.0.1:4987, routingInfo=CID=0000000000000000, cidVersion=1, workerId=3, processId=0, hostId=0, threadId=140682182256384, 
I1224 00:22:51.614583  5916 LogQuicStats.h:118] server onStatelessReset
I1224 00:22:51.614610  5916 StateMachine-inl.h:41] Transition from Uninitialized to ExpectingClientHello
I1224 00:22:51.614674  5916 LogQuicStats.h:32] server onOutOfOrderPacketReceived
I1224 00:22:51.614682  5916 ServerStateMachine.cpp:952] Server received crypto data offset=0 len=391 currentReadOffset=0 client CID=0000000000000003 server CID=400000d17f46d7f4 peer address=127.0.0.1:4987
I1224 00:22:51.614704  5916 RecordLayer.cpp:82] Received handshake message ClientHello
I1224 00:22:51.614799  5916 ServerHandshake.cpp:167] ServerHandshake error fizz::FizzException: no psk modes
I1224 00:22:51.614843  5916 QuicTransportBase.cpp:1870] onNetworkData fizz::FizzException: no psk modes client CID=0000000000000003 server CID=400000d17f46d7f4 peer address=127.0.0.1:4987
I1224 00:22:51.614858  5916 QuicTransportBase.cpp:400] Stopping read looper due to immediate close client CID=0000000000000003 server CID=400000d17f46d7f4 peer address=127.0.0.1:4987
I1224 00:22:51.614866  5916 FunctionLooper.cpp:88] stop: ReadLooper
I1224 00:22:51.614874  5916 FunctionLooper.cpp:88] stop: PeekLooper
I1224 00:22:51.614881  5916 FunctionLooper.cpp:88] stop: WriteLooper
I1224 00:22:51.614888  5916 QuicTransportBase.cpp:2651] Clearing 0 peek callbacks
I1224 00:22:51.614895  5916 QuicTransportBase.cpp:852] Stopping read looper client CID=0000000000000003 server CID=400000d17f46d7f4 peer address=127.0.0.1:4987
I1224 00:22:51.614902  5916 FunctionLooper.cpp:88] stop: ReadLooper
I1224 00:22:51.614908  5916 QuicTransportBase.cpp:1196] Stopping peek looper client CID=0000000000000003 server CID=400000d17f46d7f4 peer address=127.0.0.1:4987
I1224 00:22:51.614915  5916 FunctionLooper.cpp:88] stop: PeekLooper
I1224 00:22:51.614921  5916 QuicTransportBase.cpp:1233] Server stopping write looper because conn closed client CID=0000000000000003 server CID=400000d17f46d7f4 peer address=127.0.0.1:4987
I1224 00:22:51.614928  5916 FunctionLooper.cpp:88] stop: WriteLooper
E1224 00:22:51.614934  5916 EchoHandler.h:53] Socket error=Crypto error: missing_extension
I1224 00:22:51.614955  5916 QuicTransportFunctions.cpp:1063] Server sent close packetNum=3818318 in space=InitialSpace client CID=0000000000000003 server CID=400000d17f46d7f4 peer address=127.0.0.1:4987
I1224 00:22:51.614977  5916 LogQuicStats.h:144] server onWrite size=82
I1224 00:22:51.614987  5916 QuicTransportBase.cpp:852] Stopping read looper client CID=0000000000000003 server CID=400000d17f46d7f4 peer address=127.0.0.1:4987
I1224 00:22:51.614995  5916 FunctionLooper.cpp:88] stop: ReadLooper
I1224 00:22:51.615000  5916 QuicTransportBase.cpp:1196] Stopping peek looper client CID=0000000000000003 server CID=400000d17f46d7f4 peer address=127.0.0.1:4987
I1224 00:22:51.615007  5916 FunctionLooper.cpp:88] stop: PeekLooper
I1224 00:22:51.615012  5916 QuicTransportBase.cpp:1233] Server stopping write looper because conn closed client CID=0000000000000003 server CID=400000d17f46d7f4 peer address=127.0.0.1:4987
I1224 00:22:51.615020  5916 FunctionLooper.cpp:88] stop: WriteLooper
*** Aborted at 1640305371 (Unix time, try 'date -d @1640305371') ***
*** Signal 15 (SIGTERM) (0x1713) received by PID 5910 (pthread TID 0x7ff328557ec0) (linux TID 5910) (maybe from PID 5907, UID 0) (code: 0), stack trace: ***
(error retrieving stack trace)
