I1223 18:35:58.480553 12561 EventBase.cpp:308] EventBase(): Starting loop.
I1223 18:35:58.485704 12562 EventBase.cpp:308] EventBase(): Starting loop.
I1223 18:35:58.485951 12563 EventBase.cpp:308] EventBase(): Starting loop.
I1223 18:35:58.486078 12564 EventBase.cpp:308] EventBase(): Starting loop.
I1223 18:35:58.486202 12565 EventBase.cpp:308] EventBase(): Starting loop.
I1223 18:35:58.486665 12566 EventBase.cpp:308] EventBase(): Starting loop.
I1223 18:35:58.486994 12561 QuicServer.cpp:268] No valid takenover fd found for address=127.0.0.1:4443. binding on worker=0x55d603530040 workerId=0 processId=0
I1223 18:35:58.487162 12562 QuicServer.cpp:268] No valid takenover fd found for address=127.0.0.1:4443. binding on worker=0x55d603530680 workerId=1 processId=0
I1223 18:35:58.487318 12563 QuicServer.cpp:268] No valid takenover fd found for address=127.0.0.1:4443. binding on worker=0x55d603530b30 workerId=2 processId=0
I1223 18:35:58.487478 12564 QuicServer.cpp:268] No valid takenover fd found for address=127.0.0.1:4443. binding on worker=0x55d603531010 workerId=3 processId=0
I1223 18:35:58.487639 12565 QuicServer.cpp:268] No valid takenover fd found for address=127.0.0.1:4443. binding on worker=0x55d6035314f0 workerId=4 processId=0
I1223 18:35:58.487798 12566 QuicServer.cpp:268] No valid takenover fd found for address=127.0.0.1:4443. binding on worker=0x55d6035319f0 workerId=5 processId=0
I1223 18:35:58.487825 12566 QuicServer.cpp:295] Initialized all workers in the eventbase
I1223 18:35:58.487926 12558 EchoServer.h:90] Echo server started at: 127.0.0.1:4443
I1223 18:35:58.487968 12558 EventBase.cpp:308] EventBase(): Starting loop.
I1223 18:35:58.488014 12561 QuicServerWorker.cpp:134] Registered read on worker=0x55d603530040, thread=140546463921920, processId=0
I1223 18:35:58.488029 12564 QuicServerWorker.cpp:134] Registered read on worker=0x55d603531010, thread=140546438743808, processId=0
I1223 18:35:58.488018 12563 QuicServerWorker.cpp:134] Registered read on worker=0x55d603530b30, thread=140546447136512, processId=0
I1223 18:35:58.488049 12565 QuicServerWorker.cpp:134] Registered read on worker=0x55d6035314f0, thread=140546228090624, processId=0
I1223 18:35:58.488057 12566 QuicServerWorker.cpp:134] Registered read on worker=0x55d6035319f0, thread=140546219697920, processId=0
I1223 18:35:58.488106 12562 QuicServerWorker.cpp:134] Registered read on worker=0x55d603530680, thread=140546455529216, processId=0
I1223 18:36:03.991659 12564 QuicServerWorker.cpp:227] Worker=0x55d603531010, Received data on thread=140546438743808, processId=0
I1223 18:36:03.991694 12564 LogQuicStats.h:24] server onPacketReceived
I1223 18:36:03.991701 12564 LogQuicStats.h:140] server onRead size=1232
I1223 18:36:03.991740 12564 LogQuicStats.h:76] server onClientInitialReceived, version: QUIC_DRAFT
I1223 18:36:03.991753 12564 QuicServerWorker.cpp:545] Creating new connection for client=127.0.0.1:4987, routingInfo=CID=0000000000000002, cidVersion=1, workerId=3, processId=0, hostId=0, threadId=140546438743808, 
I1223 18:36:03.991863 12564 LogQuicStats.h:118] server onStatelessReset
I1223 18:36:03.991890 12564 StateMachine-inl.h:41] Transition from Uninitialized to ExpectingClientHello
I1223 18:36:03.991955 12564 LogQuicStats.h:32] server onOutOfOrderPacketReceived
I1223 18:36:03.991963 12564 ServerStateMachine.cpp:952] Server received crypto data offset=0 len=391 currentReadOffset=0 client CID=0000000000000001 server CID=400000db64c4ce40 peer address=127.0.0.1:4987
I1223 18:36:03.991977 12564 RecordLayer.cpp:82] Received handshake message ClientHello
I1223 18:36:03.992070 12564 ServerHandshake.cpp:167] ServerHandshake error fizz::FizzException: no psk modes
I1223 18:36:03.992115 12564 QuicTransportBase.cpp:1870] onNetworkData fizz::FizzException: no psk modes client CID=0000000000000001 server CID=400000db64c4ce40 peer address=127.0.0.1:4987
I1223 18:36:03.992128 12564 QuicTransportBase.cpp:400] Stopping read looper due to immediate close client CID=0000000000000001 server CID=400000db64c4ce40 peer address=127.0.0.1:4987
I1223 18:36:03.992136 12564 FunctionLooper.cpp:88] stop: ReadLooper
I1223 18:36:03.992149 12564 FunctionLooper.cpp:88] stop: PeekLooper
I1223 18:36:03.992156 12564 FunctionLooper.cpp:88] stop: WriteLooper
I1223 18:36:03.992163 12564 QuicTransportBase.cpp:2651] Clearing 0 peek callbacks
I1223 18:36:03.992169 12564 QuicTransportBase.cpp:852] Stopping read looper client CID=0000000000000001 server CID=400000db64c4ce40 peer address=127.0.0.1:4987
I1223 18:36:03.992177 12564 FunctionLooper.cpp:88] stop: ReadLooper
I1223 18:36:03.992182 12564 QuicTransportBase.cpp:1196] Stopping peek looper client CID=0000000000000001 server CID=400000db64c4ce40 peer address=127.0.0.1:4987
I1223 18:36:03.992189 12564 FunctionLooper.cpp:88] stop: PeekLooper
I1223 18:36:03.992195 12564 QuicTransportBase.cpp:1233] Server stopping write looper because conn closed client CID=0000000000000001 server CID=400000db64c4ce40 peer address=127.0.0.1:4987
I1223 18:36:03.992202 12564 FunctionLooper.cpp:88] stop: WriteLooper
E1223 18:36:03.992208 12564 EchoHandler.h:53] Socket error=Crypto error: missing_extension
I1223 18:36:03.992229 12564 QuicTransportFunctions.cpp:1063] Server sent close packetNum=6771188 in space=InitialSpace client CID=0000000000000001 server CID=400000db64c4ce40 peer address=127.0.0.1:4987
I1223 18:36:03.992254 12564 LogQuicStats.h:144] server onWrite size=82
I1223 18:36:03.992264 12564 QuicTransportBase.cpp:852] Stopping read looper client CID=0000000000000001 server CID=400000db64c4ce40 peer address=127.0.0.1:4987
I1223 18:36:03.992272 12564 FunctionLooper.cpp:88] stop: ReadLooper
I1223 18:36:03.992278 12564 QuicTransportBase.cpp:1196] Stopping peek looper client CID=0000000000000001 server CID=400000db64c4ce40 peer address=127.0.0.1:4987
I1223 18:36:03.992285 12564 FunctionLooper.cpp:88] stop: PeekLooper
I1223 18:36:03.992290 12564 QuicTransportBase.cpp:1233] Server stopping write looper because conn closed client CID=0000000000000001 server CID=400000db64c4ce40 peer address=127.0.0.1:4987
I1223 18:36:03.992297 12564 FunctionLooper.cpp:88] stop: WriteLooper
*** Aborted at 1640284564 (Unix time, try 'date -d @1640284564') ***
*** Signal 15 (SIGTERM) (0x310b) received by PID 12558 (pthread TID 0x7fd389595ec0) (linux TID 12558) (maybe from PID 12555, UID 0) (code: 0), stack trace: ***
(error retrieving stack trace)
