I1224 00:16:31.972832  3471 EventBase.cpp:308] EventBase(): Starting loop.
I1224 00:16:31.978174  3472 EventBase.cpp:308] EventBase(): Starting loop.
I1224 00:16:31.979035  3473 EventBase.cpp:308] EventBase(): Starting loop.
I1224 00:16:31.979697  3474 EventBase.cpp:308] EventBase(): Starting loop.
I1224 00:16:31.983024  3475 EventBase.cpp:308] EventBase(): Starting loop.
I1224 00:16:31.986855  3476 EventBase.cpp:308] EventBase(): Starting loop.
I1224 00:16:31.987000  3471 QuicServer.cpp:268] No valid takenover fd found for address=127.0.0.1:4443. binding on worker=0x564cb51bcec0 workerId=0 processId=0
I1224 00:16:31.987210  3472 QuicServer.cpp:268] No valid takenover fd found for address=127.0.0.1:4443. binding on worker=0x564cb51bd500 workerId=1 processId=0
I1224 00:16:31.987371  3473 QuicServer.cpp:268] No valid takenover fd found for address=127.0.0.1:4443. binding on worker=0x564cb51bd940 workerId=2 processId=0
I1224 00:16:31.987534  3474 QuicServer.cpp:268] No valid takenover fd found for address=127.0.0.1:4443. binding on worker=0x564cb51bde20 workerId=3 processId=0
I1224 00:16:31.987695  3475 QuicServer.cpp:268] No valid takenover fd found for address=127.0.0.1:4443. binding on worker=0x564cb51be300 workerId=4 processId=0
I1224 00:16:31.987833  3476 QuicServer.cpp:268] No valid takenover fd found for address=127.0.0.1:4443. binding on worker=0x564cb51be800 workerId=5 processId=0
I1224 00:16:31.987875  3476 QuicServer.cpp:295] Initialized all workers in the eventbase
I1224 00:16:31.987982  3468 EchoServer.h:90] Echo server started at: 127.0.0.1:4443
I1224 00:16:31.988030  3468 EventBase.cpp:308] EventBase(): Starting loop.
I1224 00:16:31.988037  3471 QuicServerWorker.cpp:134] Registered read on worker=0x564cb51bcec0, thread=139872208410368, processId=0
I1224 00:16:31.988070  3472 QuicServerWorker.cpp:134] Registered read on worker=0x564cb51bd500, thread=139872200017664, processId=0
I1224 00:16:31.988078  3475 QuicServerWorker.cpp:134] Registered read on worker=0x564cb51be300, thread=139872102766336, processId=0
I1224 00:16:31.988127  3473 QuicServerWorker.cpp:134] Registered read on worker=0x564cb51bd940, thread=139872119551744, processId=0
I1224 00:16:31.988137  3476 QuicServerWorker.cpp:134] Registered read on worker=0x564cb51be800, thread=139872094373632, processId=0
I1224 00:16:31.988080  3474 QuicServerWorker.cpp:134] Registered read on worker=0x564cb51bde20, thread=139872111159040, processId=0
I1224 00:16:37.387055  3474 QuicServerWorker.cpp:227] Worker=0x564cb51bde20, Received data on thread=139872111159040, processId=0
I1224 00:16:37.387087  3474 LogQuicStats.h:24] server onPacketReceived
I1224 00:16:37.387095  3474 LogQuicStats.h:140] server onRead size=1232
W1224 00:16:37.387116  3474 Types.cpp:447] toString has unhandled version type
I1224 00:16:37.387111  3474 LogQuicStats.h:76] server onClientInitialReceived, version: UNKNOWN
I1224 00:16:37.387133  3474 QuicServerWorker.cpp:208] Version negotiation sent to client=127.0.0.1:4987
I1224 00:16:37.387143  3474 LogQuicStats.h:144] server onWrite size=43
I1224 00:16:37.387151  3474 LogQuicStats.h:36] server onPacketProcessed
I1224 00:16:37.387156  3474 LogQuicStats.h:40] server onPacketSent
I1224 00:16:37.595417  3474 QuicServerWorker.cpp:227] Worker=0x564cb51bde20, Received data on thread=139872111159040, processId=0
I1224 00:16:37.595448  3474 LogQuicStats.h:24] server onPacketReceived
I1224 00:16:37.595455  3474 LogQuicStats.h:140] server onRead size=1232
I1224 00:16:37.595463  3474 LogQuicStats.h:76] server onClientInitialReceived, version: QUIC_DRAFT
I1224 00:16:37.595474  3474 QuicServerWorker.cpp:545] Creating new connection for client=127.0.0.1:4987, routingInfo=CID=0000000000000000, cidVersion=1, workerId=3, processId=0, hostId=0, threadId=139872111159040, 
I1224 00:16:37.595602  3474 LogQuicStats.h:118] server onStatelessReset
I1224 00:16:37.595630  3474 StateMachine-inl.h:41] Transition from Uninitialized to ExpectingClientHello
I1224 00:16:37.595695  3474 LogQuicStats.h:32] server onOutOfOrderPacketReceived
I1224 00:16:37.595705  3474 ServerStateMachine.cpp:952] Server received crypto data offset=0 len=391 currentReadOffset=0 client CID=0000000000000003 server CID=400000dda1b9afa1 peer address=127.0.0.1:4987
I1224 00:16:37.595726  3474 RecordLayer.cpp:82] Received handshake message ClientHello
I1224 00:16:37.595827  3474 ServerHandshake.cpp:167] ServerHandshake error fizz::FizzException: no psk modes
I1224 00:16:37.595898  3474 QuicTransportBase.cpp:1870] onNetworkData fizz::FizzException: no psk modes client CID=0000000000000003 server CID=400000dda1b9afa1 peer address=127.0.0.1:4987
I1224 00:16:37.595914  3474 QuicTransportBase.cpp:400] Stopping read looper due to immediate close client CID=0000000000000003 server CID=400000dda1b9afa1 peer address=127.0.0.1:4987
I1224 00:16:37.595922  3474 FunctionLooper.cpp:88] stop: ReadLooper
I1224 00:16:37.595928  3474 FunctionLooper.cpp:88] stop: PeekLooper
I1224 00:16:37.595934  3474 FunctionLooper.cpp:88] stop: WriteLooper
I1224 00:16:37.595942  3474 QuicTransportBase.cpp:2651] Clearing 0 peek callbacks
I1224 00:16:37.595948  3474 QuicTransportBase.cpp:852] Stopping read looper client CID=0000000000000003 server CID=400000dda1b9afa1 peer address=127.0.0.1:4987
I1224 00:16:37.595955  3474 FunctionLooper.cpp:88] stop: ReadLooper
I1224 00:16:37.595961  3474 QuicTransportBase.cpp:1196] Stopping peek looper client CID=0000000000000003 server CID=400000dda1b9afa1 peer address=127.0.0.1:4987
I1224 00:16:37.595968  3474 FunctionLooper.cpp:88] stop: PeekLooper
I1224 00:16:37.595974  3474 QuicTransportBase.cpp:1233] Server stopping write looper because conn closed client CID=0000000000000003 server CID=400000dda1b9afa1 peer address=127.0.0.1:4987
I1224 00:16:37.595981  3474 FunctionLooper.cpp:88] stop: WriteLooper
E1224 00:16:37.595988  3474 EchoHandler.h:53] Socket error=Crypto error: missing_extension
I1224 00:16:37.596009  3474 QuicTransportFunctions.cpp:1063] Server sent close packetNum=12692516 in space=InitialSpace client CID=0000000000000003 server CID=400000dda1b9afa1 peer address=127.0.0.1:4987
I1224 00:16:37.596033  3474 LogQuicStats.h:144] server onWrite size=83
I1224 00:16:37.596043  3474 QuicTransportBase.cpp:852] Stopping read looper client CID=0000000000000003 server CID=400000dda1b9afa1 peer address=127.0.0.1:4987
I1224 00:16:37.596051  3474 FunctionLooper.cpp:88] stop: ReadLooper
I1224 00:16:37.596057  3474 QuicTransportBase.cpp:1196] Stopping peek looper client CID=0000000000000003 server CID=400000dda1b9afa1 peer address=127.0.0.1:4987
I1224 00:16:37.596065  3474 FunctionLooper.cpp:88] stop: PeekLooper
I1224 00:16:37.596071  3474 QuicTransportBase.cpp:1233] Server stopping write looper because conn closed client CID=0000000000000003 server CID=400000dda1b9afa1 peer address=127.0.0.1:4987
I1224 00:16:37.596077  3474 FunctionLooper.cpp:88] stop: WriteLooper
*** Aborted at 1640304997 (Unix time, try 'date -d @1640304997') ***
*** Signal 15 (SIGTERM) (0xd89) received by PID 3468 (pthread TID 0x7f368c96bec0) (linux TID 3468) (maybe from PID 3465, UID 0) (code: 0), stack trace: ***
(error retrieving stack trace)
