I1223 18:27:59.520375  9453 EventBase.cpp:308] EventBase(): Starting loop.
I1223 18:27:59.527328  9454 EventBase.cpp:308] EventBase(): Starting loop.
I1223 18:27:59.533463  9455 EventBase.cpp:308] EventBase(): Starting loop.
I1223 18:27:59.533666  9456 EventBase.cpp:308] EventBase(): Starting loop.
I1223 18:27:59.533815  9457 EventBase.cpp:308] EventBase(): Starting loop.
I1223 18:27:59.535215  9458 EventBase.cpp:308] EventBase(): Starting loop.
I1223 18:27:59.535339  9453 QuicServer.cpp:268] No valid takenover fd found for address=127.0.0.1:4443. binding on worker=0x5596364f2040 workerId=0 processId=0
I1223 18:27:59.535542  9454 QuicServer.cpp:268] No valid takenover fd found for address=127.0.0.1:4443. binding on worker=0x5596364f2680 workerId=1 processId=0
I1223 18:27:59.535717  9455 QuicServer.cpp:268] No valid takenover fd found for address=127.0.0.1:4443. binding on worker=0x5596364f2b30 workerId=2 processId=0
I1223 18:27:59.535888  9456 QuicServer.cpp:268] No valid takenover fd found for address=127.0.0.1:4443. binding on worker=0x5596364f3010 workerId=3 processId=0
I1223 18:27:59.536084  9457 QuicServer.cpp:268] No valid takenover fd found for address=127.0.0.1:4443. binding on worker=0x5596364f34f0 workerId=4 processId=0
I1223 18:27:59.536273  9458 QuicServer.cpp:268] No valid takenover fd found for address=127.0.0.1:4443. binding on worker=0x5596364f39f0 workerId=5 processId=0
I1223 18:27:59.536304  9458 QuicServer.cpp:295] Initialized all workers in the eventbase
I1223 18:27:59.536419  9450 EchoServer.h:90] Echo server started at: 127.0.0.1:4443
I1223 18:27:59.536439  9450 EventBase.cpp:308] EventBase(): Starting loop.
I1223 18:27:59.536499  9453 QuicServerWorker.cpp:134] Registered read on worker=0x5596364f2040, thread=139770280826624, processId=0
I1223 18:27:59.536517  9457 QuicServerWorker.cpp:134] Registered read on worker=0x5596364f34f0, thread=139770038576896, processId=0
I1223 18:27:59.536525  9454 QuicServerWorker.cpp:134] Registered read on worker=0x5596364f2680, thread=139770272433920, processId=0
I1223 18:27:59.536546  9456 QuicServerWorker.cpp:134] Registered read on worker=0x5596364f3010, thread=139770046969600, processId=0
I1223 18:27:59.536586  9455 QuicServerWorker.cpp:134] Registered read on worker=0x5596364f2b30, thread=139770264041216, processId=0
I1223 18:27:59.536617  9458 QuicServerWorker.cpp:134] Registered read on worker=0x5596364f39f0, thread=139770030184192, processId=0
I1223 18:28:05.085172  9456 QuicServerWorker.cpp:227] Worker=0x5596364f3010, Received data on thread=139770046969600, processId=0
I1223 18:28:05.085201  9456 LogQuicStats.h:24] server onPacketReceived
I1223 18:28:05.085209  9456 LogQuicStats.h:140] server onRead size=1232
I1223 18:28:05.085224  9456 LogQuicStats.h:76] server onClientInitialReceived, version: QUIC_DRAFT
I1223 18:28:05.085234  9456 QuicServerWorker.cpp:545] Creating new connection for client=127.0.0.1:4987, routingInfo=CID=0000000000000002, cidVersion=1, workerId=3, processId=0, hostId=0, threadId=139770046969600, 
I1223 18:28:05.085348  9456 LogQuicStats.h:118] server onStatelessReset
I1223 18:28:05.085377  9456 StateMachine-inl.h:41] Transition from Uninitialized to ExpectingClientHello
I1223 18:28:05.085444  9456 LogQuicStats.h:32] server onOutOfOrderPacketReceived
I1223 18:28:05.085453  9456 ServerStateMachine.cpp:952] Server received crypto data offset=0 len=391 currentReadOffset=0 client CID=0000000000000001 server CID=400000cbb379ab42 peer address=127.0.0.1:4987
I1223 18:28:05.085469  9456 RecordLayer.cpp:82] Received handshake message ClientHello
I1223 18:28:05.085570  9456 ServerHandshake.cpp:167] ServerHandshake error fizz::FizzException: no psk modes
I1223 18:28:05.085618  9456 QuicTransportBase.cpp:1870] onNetworkData fizz::FizzException: no psk modes client CID=0000000000000001 server CID=400000cbb379ab42 peer address=127.0.0.1:4987
I1223 18:28:05.085631  9456 QuicTransportBase.cpp:400] Stopping read looper due to immediate close client CID=0000000000000001 server CID=400000cbb379ab42 peer address=127.0.0.1:4987
I1223 18:28:05.085639  9456 FunctionLooper.cpp:88] stop: ReadLooper
I1223 18:28:05.085652  9456 FunctionLooper.cpp:88] stop: PeekLooper
I1223 18:28:05.085659  9456 FunctionLooper.cpp:88] stop: WriteLooper
I1223 18:28:05.085666  9456 QuicTransportBase.cpp:2651] Clearing 0 peek callbacks
I1223 18:28:05.085672  9456 QuicTransportBase.cpp:852] Stopping read looper client CID=0000000000000001 server CID=400000cbb379ab42 peer address=127.0.0.1:4987
I1223 18:28:05.085680  9456 FunctionLooper.cpp:88] stop: ReadLooper
I1223 18:28:05.085686  9456 QuicTransportBase.cpp:1196] Stopping peek looper client CID=0000000000000001 server CID=400000cbb379ab42 peer address=127.0.0.1:4987
I1223 18:28:05.085692  9456 FunctionLooper.cpp:88] stop: PeekLooper
I1223 18:28:05.085700  9456 QuicTransportBase.cpp:1233] Server stopping write looper because conn closed client CID=0000000000000001 server CID=400000cbb379ab42 peer address=127.0.0.1:4987
I1223 18:28:05.085705  9456 FunctionLooper.cpp:88] stop: WriteLooper
E1223 18:28:05.085713  9456 EchoHandler.h:53] Socket error=Crypto error: missing_extension
I1223 18:28:05.085733  9456 QuicTransportFunctions.cpp:1063] Server sent close packetNum=14871002 in space=InitialSpace client CID=0000000000000001 server CID=400000cbb379ab42 peer address=127.0.0.1:4987
I1223 18:28:05.085757  9456 LogQuicStats.h:144] server onWrite size=83
I1223 18:28:05.085768  9456 QuicTransportBase.cpp:852] Stopping read looper client CID=0000000000000001 server CID=400000cbb379ab42 peer address=127.0.0.1:4987
I1223 18:28:05.085777  9456 FunctionLooper.cpp:88] stop: ReadLooper
I1223 18:28:05.085783  9456 QuicTransportBase.cpp:1196] Stopping peek looper client CID=0000000000000001 server CID=400000cbb379ab42 peer address=127.0.0.1:4987
I1223 18:28:05.085788  9456 FunctionLooper.cpp:88] stop: PeekLooper
I1223 18:28:05.085794  9456 QuicTransportBase.cpp:1233] Server stopping write looper because conn closed client CID=0000000000000001 server CID=400000cbb379ab42 peer address=127.0.0.1:4987
I1223 18:28:05.085801  9456 FunctionLooper.cpp:88] stop: WriteLooper
*** Aborted at 1640284085 (Unix time, try 'date -d @1640284085') ***
*** Signal 15 (SIGTERM) (0x24e7) received by PID 9450 (pthread TID 0x7f1ed13b3ec0) (linux TID 9450) (maybe from PID 9447, UID 0) (code: 0), stack trace: ***
(error retrieving stack trace)
