I1223 18:28:10.885141  9527 EventBase.cpp:308] EventBase(): Starting loop.
I1223 18:28:10.885345  9528 EventBase.cpp:308] EventBase(): Starting loop.
I1223 18:28:10.885491  9529 EventBase.cpp:308] EventBase(): Starting loop.
I1223 18:28:10.886965  9530 EventBase.cpp:308] EventBase(): Starting loop.
I1223 18:28:10.890858  9531 EventBase.cpp:308] EventBase(): Starting loop.
I1223 18:28:10.891397  9532 EventBase.cpp:308] EventBase(): Starting loop.
I1223 18:28:10.891528  9527 QuicServer.cpp:268] No valid takenover fd found for address=127.0.0.1:4443. binding on worker=0x55bdfed5d040 workerId=0 processId=0
I1223 18:28:10.891664  9528 QuicServer.cpp:268] No valid takenover fd found for address=127.0.0.1:4443. binding on worker=0x55bdfed5d680 workerId=1 processId=0
I1223 18:28:10.891772  9529 QuicServer.cpp:268] No valid takenover fd found for address=127.0.0.1:4443. binding on worker=0x55bdfed5db30 workerId=2 processId=0
I1223 18:28:10.891888  9530 QuicServer.cpp:268] No valid takenover fd found for address=127.0.0.1:4443. binding on worker=0x55bdfed5e010 workerId=3 processId=0
I1223 18:28:10.891999  9531 QuicServer.cpp:268] No valid takenover fd found for address=127.0.0.1:4443. binding on worker=0x55bdfed5e4f0 workerId=4 processId=0
I1223 18:28:10.892171  9532 QuicServer.cpp:268] No valid takenover fd found for address=127.0.0.1:4443. binding on worker=0x55bdfed5e9f0 workerId=5 processId=0
I1223 18:28:10.892204  9532 QuicServer.cpp:295] Initialized all workers in the eventbase
I1223 18:28:10.892320  9524 EchoServer.h:90] Echo server started at: 127.0.0.1:4443
I1223 18:28:10.892339  9524 EventBase.cpp:308] EventBase(): Starting loop.
I1223 18:28:10.892395  9528 QuicServerWorker.cpp:134] Registered read on worker=0x55bdfed5d680, thread=140368778045184, processId=0
I1223 18:28:10.892401  9529 QuicServerWorker.cpp:134] Registered read on worker=0x55bdfed5db30, thread=140368769652480, processId=0
I1223 18:28:10.892393  9527 QuicServerWorker.cpp:134] Registered read on worker=0x55bdfed5d040, thread=140368786437888, processId=0
I1223 18:28:10.892449  9531 QuicServerWorker.cpp:134] Registered read on worker=0x55bdfed5e4f0, thread=140368752867072, processId=0
I1223 18:28:10.892405  9532 QuicServerWorker.cpp:134] Registered read on worker=0x55bdfed5e9f0, thread=140368744474368, processId=0
I1223 18:28:10.892433  9530 QuicServerWorker.cpp:134] Registered read on worker=0x55bdfed5e010, thread=140368761259776, processId=0
I1223 18:28:16.460482  9530 QuicServerWorker.cpp:227] Worker=0x55bdfed5e010, Received data on thread=140368761259776, processId=0
I1223 18:28:16.460511  9530 LogQuicStats.h:24] server onPacketReceived
I1223 18:28:16.460518  9530 LogQuicStats.h:140] server onRead size=1232
I1223 18:28:16.460534  9530 LogQuicStats.h:76] server onClientInitialReceived, version: QUIC_DRAFT
I1223 18:28:16.460544  9530 QuicServerWorker.cpp:545] Creating new connection for client=127.0.0.1:4987, routingInfo=CID=0000000000000002, cidVersion=1, workerId=3, processId=0, hostId=0, threadId=140368761259776, 
I1223 18:28:16.460650  9530 LogQuicStats.h:118] server onStatelessReset
I1223 18:28:16.460675  9530 StateMachine-inl.h:41] Transition from Uninitialized to ExpectingClientHello
I1223 18:28:16.460741  9530 LogQuicStats.h:32] server onOutOfOrderPacketReceived
I1223 18:28:16.460748  9530 ServerStateMachine.cpp:952] Server received crypto data offset=0 len=391 currentReadOffset=0 client CID=0000000000000001 server CID=400000d882bcaae4 peer address=127.0.0.1:4987
I1223 18:28:16.460764  9530 RecordLayer.cpp:82] Received handshake message ClientHello
I1223 18:28:16.460862  9530 ServerHandshake.cpp:167] ServerHandshake error fizz::FizzException: no psk modes
I1223 18:28:16.460906  9530 QuicTransportBase.cpp:1870] onNetworkData fizz::FizzException: no psk modes client CID=0000000000000001 server CID=400000d882bcaae4 peer address=127.0.0.1:4987
I1223 18:28:16.460920  9530 QuicTransportBase.cpp:400] Stopping read looper due to immediate close client CID=0000000000000001 server CID=400000d882bcaae4 peer address=127.0.0.1:4987
I1223 18:28:16.460928  9530 FunctionLooper.cpp:88] stop: ReadLooper
I1223 18:28:16.460945  9530 FunctionLooper.cpp:88] stop: PeekLooper
I1223 18:28:16.460952  9530 FunctionLooper.cpp:88] stop: WriteLooper
I1223 18:28:16.460963  9530 QuicTransportBase.cpp:2651] Clearing 0 peek callbacks
I1223 18:28:16.460969  9530 QuicTransportBase.cpp:852] Stopping read looper client CID=0000000000000001 server CID=400000d882bcaae4 peer address=127.0.0.1:4987
I1223 18:28:16.460976  9530 FunctionLooper.cpp:88] stop: ReadLooper
I1223 18:28:16.460983  9530 QuicTransportBase.cpp:1196] Stopping peek looper client CID=0000000000000001 server CID=400000d882bcaae4 peer address=127.0.0.1:4987
I1223 18:28:16.460989  9530 FunctionLooper.cpp:88] stop: PeekLooper
I1223 18:28:16.460995  9530 QuicTransportBase.cpp:1233] Server stopping write looper because conn closed client CID=0000000000000001 server CID=400000d882bcaae4 peer address=127.0.0.1:4987
I1223 18:28:16.461002  9530 FunctionLooper.cpp:88] stop: WriteLooper
E1223 18:28:16.461009  9530 EchoHandler.h:53] Socket error=Crypto error: missing_extension
I1223 18:28:16.461030  9530 QuicTransportFunctions.cpp:1063] Server sent close packetNum=12297846 in space=InitialSpace client CID=0000000000000001 server CID=400000d882bcaae4 peer address=127.0.0.1:4987
I1223 18:28:16.461053  9530 LogQuicStats.h:144] server onWrite size=83
I1223 18:28:16.461064  9530 QuicTransportBase.cpp:852] Stopping read looper client CID=0000000000000001 server CID=400000d882bcaae4 peer address=127.0.0.1:4987
I1223 18:28:16.461071  9530 FunctionLooper.cpp:88] stop: ReadLooper
I1223 18:28:16.461077  9530 QuicTransportBase.cpp:1196] Stopping peek looper client CID=0000000000000001 server CID=400000d882bcaae4 peer address=127.0.0.1:4987
I1223 18:28:16.461084  9530 FunctionLooper.cpp:88] stop: PeekLooper
I1223 18:28:16.461091  9530 QuicTransportBase.cpp:1233] Server stopping write looper because conn closed client CID=0000000000000001 server CID=400000d882bcaae4 peer address=127.0.0.1:4987
I1223 18:28:16.461097  9530 FunctionLooper.cpp:88] stop: WriteLooper
*** Aborted at 1640284096 (Unix time, try 'date -d @1640284096') ***
*** Signal 15 (SIGTERM) (0x2531) received by PID 9524 (pthread TID 0x7faa2af21ec0) (linux TID 9524) (maybe from PID 9521, UID 0) (code: 0), stack trace: ***
(error retrieving stack trace)
