I1223 18:34:44.834009 12080 EventBase.cpp:308] EventBase(): Starting loop.
I1223 18:34:44.835023 12081 EventBase.cpp:308] EventBase(): Starting loop.
I1223 18:34:44.835177 12082 EventBase.cpp:308] EventBase(): Starting loop.
I1223 18:34:44.838892 12083 EventBase.cpp:308] EventBase(): Starting loop.
I1223 18:34:44.843854 12084 EventBase.cpp:308] EventBase(): Starting loop.
I1223 18:34:44.844003 12085 EventBase.cpp:308] EventBase(): Starting loop.
I1223 18:34:44.844144 12080 QuicServer.cpp:268] No valid takenover fd found for address=127.0.0.1:4443. binding on worker=0x556ae697a040 workerId=0 processId=0
I1223 18:34:44.844249 12081 QuicServer.cpp:268] No valid takenover fd found for address=127.0.0.1:4443. binding on worker=0x556ae697a680 workerId=1 processId=0
I1223 18:34:44.844399 12082 QuicServer.cpp:268] No valid takenover fd found for address=127.0.0.1:4443. binding on worker=0x556ae697ab30 workerId=2 processId=0
I1223 18:34:44.846915 12083 QuicServer.cpp:268] No valid takenover fd found for address=127.0.0.1:4443. binding on worker=0x556ae697b010 workerId=3 processId=0
I1223 18:34:44.849452 12084 QuicServer.cpp:268] No valid takenover fd found for address=127.0.0.1:4443. binding on worker=0x556ae697b4f0 workerId=4 processId=0
I1223 18:34:44.849576 12085 QuicServer.cpp:268] No valid takenover fd found for address=127.0.0.1:4443. binding on worker=0x556ae697b9f0 workerId=5 processId=0
I1223 18:34:44.849603 12085 QuicServer.cpp:295] Initialized all workers in the eventbase
I1223 18:34:44.849714 12077 EchoServer.h:90] Echo server started at: 127.0.0.1:4443
I1223 18:34:44.849763 12077 EventBase.cpp:308] EventBase(): Starting loop.
I1223 18:34:44.849815 12084 QuicServerWorker.cpp:134] Registered read on worker=0x556ae697b4f0, thread=140365717976832, processId=0
I1223 18:34:44.849815 12082 QuicServerWorker.cpp:134] Registered read on worker=0x556ae697ab30, thread=140365734762240, processId=0
I1223 18:34:44.849867 12085 QuicServerWorker.cpp:134] Registered read on worker=0x556ae697b9f0, thread=140365369702144, processId=0
I1223 18:34:44.849881 12081 QuicServerWorker.cpp:134] Registered read on worker=0x556ae697a680, thread=140365743154944, processId=0
I1223 18:34:44.849825 12083 QuicServerWorker.cpp:134] Registered read on worker=0x556ae697b010, thread=140365726369536, processId=0
I1223 18:34:44.849853 12080 QuicServerWorker.cpp:134] Registered read on worker=0x556ae697a040, thread=140365751547648, processId=0
I1223 18:34:50.395510 12083 QuicServerWorker.cpp:227] Worker=0x556ae697b010, Received data on thread=140365726369536, processId=0
I1223 18:34:50.395539 12083 LogQuicStats.h:24] server onPacketReceived
I1223 18:34:50.395546 12083 LogQuicStats.h:140] server onRead size=1232
I1223 18:34:50.395562 12083 LogQuicStats.h:76] server onClientInitialReceived, version: QUIC_DRAFT
I1223 18:34:50.395573 12083 QuicServerWorker.cpp:545] Creating new connection for client=127.0.0.1:4987, routingInfo=CID=0000000000000002, cidVersion=1, workerId=3, processId=0, hostId=0, threadId=140365726369536, 
I1223 18:34:50.395678 12083 LogQuicStats.h:118] server onStatelessReset
I1223 18:34:50.395705 12083 StateMachine-inl.h:41] Transition from Uninitialized to ExpectingClientHello
I1223 18:34:50.395773 12083 LogQuicStats.h:32] server onOutOfOrderPacketReceived
I1223 18:34:50.395781 12083 ServerStateMachine.cpp:952] Server received crypto data offset=0 len=391 currentReadOffset=0 client CID=0000000000000001 server CID=400000dd14db1dff peer address=127.0.0.1:4987
I1223 18:34:50.395814 12083 RecordLayer.cpp:82] Received handshake message ClientHello
I1223 18:34:50.395905 12083 ServerHandshake.cpp:167] ServerHandshake error fizz::FizzException: no psk modes
I1223 18:34:50.395951 12083 QuicTransportBase.cpp:1870] onNetworkData fizz::FizzException: no psk modes client CID=0000000000000001 server CID=400000dd14db1dff peer address=127.0.0.1:4987
I1223 18:34:50.395964 12083 QuicTransportBase.cpp:400] Stopping read looper due to immediate close client CID=0000000000000001 server CID=400000dd14db1dff peer address=127.0.0.1:4987
I1223 18:34:50.395972 12083 FunctionLooper.cpp:88] stop: ReadLooper
I1223 18:34:50.395987 12083 FunctionLooper.cpp:88] stop: PeekLooper
I1223 18:34:50.395993 12083 FunctionLooper.cpp:88] stop: WriteLooper
I1223 18:34:50.396004 12083 QuicTransportBase.cpp:2651] Clearing 0 peek callbacks
I1223 18:34:50.396011 12083 QuicTransportBase.cpp:852] Stopping read looper client CID=0000000000000001 server CID=400000dd14db1dff peer address=127.0.0.1:4987
I1223 18:34:50.396018 12083 FunctionLooper.cpp:88] stop: ReadLooper
I1223 18:34:50.396025 12083 QuicTransportBase.cpp:1196] Stopping peek looper client CID=0000000000000001 server CID=400000dd14db1dff peer address=127.0.0.1:4987
I1223 18:34:50.396031 12083 FunctionLooper.cpp:88] stop: PeekLooper
I1223 18:34:50.396037 12083 QuicTransportBase.cpp:1233] Server stopping write looper because conn closed client CID=0000000000000001 server CID=400000dd14db1dff peer address=127.0.0.1:4987
I1223 18:34:50.396066 12083 FunctionLooper.cpp:88] stop: WriteLooper
E1223 18:34:50.396075 12083 EchoHandler.h:53] Socket error=Crypto error: missing_extension
I1223 18:34:50.396097 12083 QuicTransportFunctions.cpp:1063] Server sent close packetNum=7630045 in space=InitialSpace client CID=0000000000000001 server CID=400000dd14db1dff peer address=127.0.0.1:4987
I1223 18:34:50.396126 12083 LogQuicStats.h:144] server onWrite size=82
I1223 18:34:50.396137 12083 QuicTransportBase.cpp:852] Stopping read looper client CID=0000000000000001 server CID=400000dd14db1dff peer address=127.0.0.1:4987
I1223 18:34:50.396144 12083 FunctionLooper.cpp:88] stop: ReadLooper
I1223 18:34:50.396150 12083 QuicTransportBase.cpp:1196] Stopping peek looper client CID=0000000000000001 server CID=400000dd14db1dff peer address=127.0.0.1:4987
I1223 18:34:50.396157 12083 FunctionLooper.cpp:88] stop: PeekLooper
I1223 18:34:50.396163 12083 QuicTransportBase.cpp:1233] Server stopping write looper because conn closed client CID=0000000000000001 server CID=400000dd14db1dff peer address=127.0.0.1:4987
I1223 18:34:50.396169 12083 FunctionLooper.cpp:88] stop: WriteLooper
*** Aborted at 1640284490 (Unix time, try 'date -d @1640284490') ***
*** Signal 15 (SIGTERM) (0x2f2a) received by PID 12077 (pthread TID 0x7fa9760d5ec0) (linux TID 12077) (maybe from PID 12074, UID 0) (code: 0), stack trace: ***
(error retrieving stack trace)
