I1223 18:34:50.460800 12117 EventBase.cpp:308] EventBase(): Starting loop.
I1223 18:34:50.460974 12118 EventBase.cpp:308] EventBase(): Starting loop.
I1223 18:34:50.463079 12119 EventBase.cpp:308] EventBase(): Starting loop.
I1223 18:34:50.464043 12120 EventBase.cpp:308] EventBase(): Starting loop.
I1223 18:34:50.464308 12121 EventBase.cpp:308] EventBase(): Starting loop.
I1223 18:34:50.464489 12122 EventBase.cpp:308] EventBase(): Starting loop.
I1223 18:34:50.464570 12117 QuicServer.cpp:268] No valid takenover fd found for address=127.0.0.1:4443. binding on worker=0x561a79761040 workerId=0 processId=0
I1223 18:34:50.464826 12118 QuicServer.cpp:268] No valid takenover fd found for address=127.0.0.1:4443. binding on worker=0x561a79761680 workerId=1 processId=0
I1223 18:34:50.464980 12119 QuicServer.cpp:268] No valid takenover fd found for address=127.0.0.1:4443. binding on worker=0x561a79761b30 workerId=2 processId=0
I1223 18:34:50.465143 12120 QuicServer.cpp:268] No valid takenover fd found for address=127.0.0.1:4443. binding on worker=0x561a79762010 workerId=3 processId=0
I1223 18:34:50.465313 12121 QuicServer.cpp:268] No valid takenover fd found for address=127.0.0.1:4443. binding on worker=0x561a797624f0 workerId=4 processId=0
I1223 18:34:50.465474 12122 QuicServer.cpp:268] No valid takenover fd found for address=127.0.0.1:4443. binding on worker=0x561a797629f0 workerId=5 processId=0
I1223 18:34:50.465502 12122 QuicServer.cpp:295] Initialized all workers in the eventbase
I1223 18:34:50.465601 12114 EchoServer.h:90] Echo server started at: 127.0.0.1:4443
I1223 18:34:50.465651 12114 EventBase.cpp:308] EventBase(): Starting loop.
I1223 18:34:50.465699 12117 QuicServerWorker.cpp:134] Registered read on worker=0x561a79761040, thread=139820492740352, processId=0
I1223 18:34:50.465718 12118 QuicServerWorker.cpp:134] Registered read on worker=0x561a79761680, thread=139820484347648, processId=0
I1223 18:34:50.465701 12121 QuicServerWorker.cpp:134] Registered read on worker=0x561a797624f0, thread=139820459169536, processId=0
I1223 18:34:50.465747 12122 QuicServerWorker.cpp:134] Registered read on worker=0x561a797629f0, thread=139820110182144, processId=0
I1223 18:34:50.465708 12120 QuicServerWorker.cpp:134] Registered read on worker=0x561a79762010, thread=139820467562240, processId=0
I1223 18:34:50.465735 12119 QuicServerWorker.cpp:134] Registered read on worker=0x561a79761b30, thread=139820475954944, processId=0
I1223 18:34:56.016044 12120 QuicServerWorker.cpp:227] Worker=0x561a79762010, Received data on thread=139820467562240, processId=0
I1223 18:34:56.016083 12120 LogQuicStats.h:24] server onPacketReceived
I1223 18:34:56.016091 12120 LogQuicStats.h:140] server onRead size=1232
I1223 18:34:56.016108 12120 LogQuicStats.h:76] server onClientInitialReceived, version: QUIC_DRAFT
I1223 18:34:56.016119 12120 QuicServerWorker.cpp:545] Creating new connection for client=127.0.0.1:4987, routingInfo=CID=0000000000000002, cidVersion=1, workerId=3, processId=0, hostId=0, threadId=139820467562240, 
I1223 18:34:56.016237 12120 LogQuicStats.h:118] server onStatelessReset
I1223 18:34:56.016266 12120 StateMachine-inl.h:41] Transition from Uninitialized to ExpectingClientHello
I1223 18:34:56.016335 12120 LogQuicStats.h:32] server onOutOfOrderPacketReceived
I1223 18:34:56.016343 12120 ServerStateMachine.cpp:952] Server received crypto data offset=0 len=391 currentReadOffset=0 client CID=0000000000000001 server CID=400000cd3f261793 peer address=127.0.0.1:4987
I1223 18:34:56.016360 12120 RecordLayer.cpp:82] Received handshake message ClientHello
I1223 18:34:56.016458 12120 ServerHandshake.cpp:167] ServerHandshake error fizz::FizzException: no psk modes
I1223 18:34:56.016503 12120 QuicTransportBase.cpp:1870] onNetworkData fizz::FizzException: no psk modes client CID=0000000000000001 server CID=400000cd3f261793 peer address=127.0.0.1:4987
I1223 18:34:56.016518 12120 QuicTransportBase.cpp:400] Stopping read looper due to immediate close client CID=0000000000000001 server CID=400000cd3f261793 peer address=127.0.0.1:4987
I1223 18:34:56.016527 12120 FunctionLooper.cpp:88] stop: ReadLooper
I1223 18:34:56.016541 12120 FunctionLooper.cpp:88] stop: PeekLooper
I1223 18:34:56.016546 12120 FunctionLooper.cpp:88] stop: WriteLooper
I1223 18:34:56.016559 12120 QuicTransportBase.cpp:2651] Clearing 0 peek callbacks
I1223 18:34:56.016566 12120 QuicTransportBase.cpp:852] Stopping read looper client CID=0000000000000001 server CID=400000cd3f261793 peer address=127.0.0.1:4987
I1223 18:34:56.016573 12120 FunctionLooper.cpp:88] stop: ReadLooper
I1223 18:34:56.016580 12120 QuicTransportBase.cpp:1196] Stopping peek looper client CID=0000000000000001 server CID=400000cd3f261793 peer address=127.0.0.1:4987
I1223 18:34:56.016587 12120 FunctionLooper.cpp:88] stop: PeekLooper
I1223 18:34:56.016593 12120 QuicTransportBase.cpp:1233] Server stopping write looper because conn closed client CID=0000000000000001 server CID=400000cd3f261793 peer address=127.0.0.1:4987
I1223 18:34:56.016600 12120 FunctionLooper.cpp:88] stop: WriteLooper
E1223 18:34:56.016607 12120 EchoHandler.h:53] Socket error=Crypto error: missing_extension
I1223 18:34:56.016667 12120 QuicTransportFunctions.cpp:1063] Server sent close packetNum=9199023 in space=InitialSpace client CID=0000000000000001 server CID=400000cd3f261793 peer address=127.0.0.1:4987
I1223 18:34:56.016705 12120 LogQuicStats.h:144] server onWrite size=83
I1223 18:34:56.016717 12120 QuicTransportBase.cpp:852] Stopping read looper client CID=0000000000000001 server CID=400000cd3f261793 peer address=127.0.0.1:4987
I1223 18:34:56.016726 12120 FunctionLooper.cpp:88] stop: ReadLooper
I1223 18:34:56.016732 12120 QuicTransportBase.cpp:1196] Stopping peek looper client CID=0000000000000001 server CID=400000cd3f261793 peer address=127.0.0.1:4987
I1223 18:34:56.016738 12120 FunctionLooper.cpp:88] stop: PeekLooper
I1223 18:34:56.016746 12120 QuicTransportBase.cpp:1233] Server stopping write looper because conn closed client CID=0000000000000001 server CID=400000cd3f261793 peer address=127.0.0.1:4987
I1223 18:34:56.016752 12120 FunctionLooper.cpp:88] stop: WriteLooper
*** Aborted at 1640284496 (Unix time, try 'date -d @1640284496') ***
*** Signal 15 (SIGTERM) (0x2f4f) received by PID 12114 (pthread TID 0x7f2a82183ec0) (linux TID 12114) (maybe from PID 12111, UID 0) (code: 0), stack trace: ***
(error retrieving stack trace)
