I1223 18:29:02.196919  9860 EventBase.cpp:308] EventBase(): Starting loop.
I1223 18:29:02.197089  9861 EventBase.cpp:308] EventBase(): Starting loop.
I1223 18:29:02.197222  9862 EventBase.cpp:308] EventBase(): Starting loop.
I1223 18:29:02.199512  9863 EventBase.cpp:308] EventBase(): Starting loop.
I1223 18:29:02.199659  9864 EventBase.cpp:308] EventBase(): Starting loop.
I1223 18:29:02.203526  9865 EventBase.cpp:308] EventBase(): Starting loop.
I1223 18:29:02.203761  9860 QuicServer.cpp:268] No valid takenover fd found for address=127.0.0.1:4443. binding on worker=0x5608500bf040 workerId=0 processId=0
I1223 18:29:02.204002  9861 QuicServer.cpp:268] No valid takenover fd found for address=127.0.0.1:4443. binding on worker=0x5608500bf680 workerId=1 processId=0
I1223 18:29:02.204092  9862 QuicServer.cpp:268] No valid takenover fd found for address=127.0.0.1:4443. binding on worker=0x5608500bfb30 workerId=2 processId=0
I1223 18:29:02.204200  9863 QuicServer.cpp:268] No valid takenover fd found for address=127.0.0.1:4443. binding on worker=0x5608500c0010 workerId=3 processId=0
I1223 18:29:02.206874  9864 QuicServer.cpp:268] No valid takenover fd found for address=127.0.0.1:4443. binding on worker=0x5608500c04f0 workerId=4 processId=0
I1223 18:29:02.210645  9865 QuicServer.cpp:268] No valid takenover fd found for address=127.0.0.1:4443. binding on worker=0x5608500c09f0 workerId=5 processId=0
I1223 18:29:02.210893  9865 QuicServer.cpp:295] Initialized all workers in the eventbase
I1223 18:29:02.211526  9857 EchoServer.h:90] Echo server started at: 127.0.0.1:4443
I1223 18:29:02.211544  9857 EventBase.cpp:308] EventBase(): Starting loop.
I1223 18:29:02.211570  9861 QuicServerWorker.cpp:134] Registered read on worker=0x5608500bf680, thread=139943223183104, processId=0
I1223 18:29:02.211588  9862 QuicServerWorker.cpp:134] Registered read on worker=0x5608500bfb30, thread=139943214790400, processId=0
I1223 18:29:02.211596  9863 QuicServerWorker.cpp:134] Registered read on worker=0x5608500c0010, thread=139943206397696, processId=0
I1223 18:29:02.211622  9864 QuicServerWorker.cpp:134] Registered read on worker=0x5608500c04f0, thread=139943198004992, processId=0
I1223 18:29:02.211652  9860 QuicServerWorker.cpp:134] Registered read on worker=0x5608500bf040, thread=139943231575808, processId=0
I1223 18:29:02.211654  9865 QuicServerWorker.cpp:134] Registered read on worker=0x5608500c09f0, thread=139942852294400, processId=0
I1223 18:29:07.788595  9863 QuicServerWorker.cpp:227] Worker=0x5608500c0010, Received data on thread=139943206397696, processId=0
I1223 18:29:07.788627  9863 LogQuicStats.h:24] server onPacketReceived
I1223 18:29:07.788635  9863 LogQuicStats.h:140] server onRead size=1232
I1223 18:29:07.788652  9863 LogQuicStats.h:76] server onClientInitialReceived, version: QUIC_DRAFT
I1223 18:29:07.788663  9863 QuicServerWorker.cpp:545] Creating new connection for client=127.0.0.1:4987, routingInfo=CID=0000000000000002, cidVersion=1, workerId=3, processId=0, hostId=0, threadId=139943206397696, 
I1223 18:29:07.788779  9863 LogQuicStats.h:118] server onStatelessReset
I1223 18:29:07.788810  9863 StateMachine-inl.h:41] Transition from Uninitialized to ExpectingClientHello
I1223 18:29:07.788880  9863 LogQuicStats.h:32] server onOutOfOrderPacketReceived
I1223 18:29:07.788890  9863 ServerStateMachine.cpp:952] Server received crypto data offset=0 len=391 currentReadOffset=0 client CID=0000000000000001 server CID=400000d5be2f2215 peer address=127.0.0.1:4987
I1223 18:29:07.788908  9863 RecordLayer.cpp:82] Received handshake message ClientHello
I1223 18:29:07.789007  9863 ServerHandshake.cpp:167] ServerHandshake error fizz::FizzException: no psk modes
I1223 18:29:07.789054  9863 QuicTransportBase.cpp:1870] onNetworkData fizz::FizzException: no psk modes client CID=0000000000000001 server CID=400000d5be2f2215 peer address=127.0.0.1:4987
I1223 18:29:07.789069  9863 QuicTransportBase.cpp:400] Stopping read looper due to immediate close client CID=0000000000000001 server CID=400000d5be2f2215 peer address=127.0.0.1:4987
I1223 18:29:07.789079  9863 FunctionLooper.cpp:88] stop: ReadLooper
I1223 18:29:07.789095  9863 FunctionLooper.cpp:88] stop: PeekLooper
I1223 18:29:07.789103  9863 FunctionLooper.cpp:88] stop: WriteLooper
I1223 18:29:07.789110  9863 QuicTransportBase.cpp:2651] Clearing 0 peek callbacks
I1223 18:29:07.789119  9863 QuicTransportBase.cpp:852] Stopping read looper client CID=0000000000000001 server CID=400000d5be2f2215 peer address=127.0.0.1:4987
I1223 18:29:07.789125  9863 FunctionLooper.cpp:88] stop: ReadLooper
I1223 18:29:07.789132  9863 QuicTransportBase.cpp:1196] Stopping peek looper client CID=0000000000000001 server CID=400000d5be2f2215 peer address=127.0.0.1:4987
I1223 18:29:07.789140  9863 FunctionLooper.cpp:88] stop: PeekLooper
I1223 18:29:07.789146  9863 QuicTransportBase.cpp:1233] Server stopping write looper because conn closed client CID=0000000000000001 server CID=400000d5be2f2215 peer address=127.0.0.1:4987
I1223 18:29:07.789155  9863 FunctionLooper.cpp:88] stop: WriteLooper
E1223 18:29:07.789161  9863 EchoHandler.h:53] Socket error=Crypto error: missing_extension
I1223 18:29:07.789184  9863 QuicTransportFunctions.cpp:1063] Server sent close packetNum=6719601 in space=InitialSpace client CID=0000000000000001 server CID=400000d5be2f2215 peer address=127.0.0.1:4987
I1223 18:29:07.789209  9863 LogQuicStats.h:144] server onWrite size=82
I1223 18:29:07.789222  9863 QuicTransportBase.cpp:852] Stopping read looper client CID=0000000000000001 server CID=400000d5be2f2215 peer address=127.0.0.1:4987
I1223 18:29:07.789229  9863 FunctionLooper.cpp:88] stop: ReadLooper
I1223 18:29:07.789263  9863 QuicTransportBase.cpp:1196] Stopping peek looper client CID=0000000000000001 server CID=400000d5be2f2215 peer address=127.0.0.1:4987
I1223 18:29:07.789274  9863 FunctionLooper.cpp:88] stop: PeekLooper
I1223 18:29:07.789280  9863 QuicTransportBase.cpp:1233] Server stopping write looper because conn closed client CID=0000000000000001 server CID=400000d5be2f2215 peer address=127.0.0.1:4987
I1223 18:29:07.789288  9863 FunctionLooper.cpp:88] stop: WriteLooper
*** Aborted at 1640284147 (Unix time, try 'date -d @1640284147') ***
*** Signal 15 (SIGTERM) (0x267e) received by PID 9857 (pthread TID 0x7f4715e63ec0) (linux TID 9857) (maybe from PID 9854, UID 0) (code: 0), stack trace: ***
(error retrieving stack trace)
