I1224 00:17:45.676769  3952 EventBase.cpp:308] EventBase(): Starting loop.
I1224 00:17:45.676959  3953 EventBase.cpp:308] EventBase(): Starting loop.
I1224 00:17:45.685348  3954 EventBase.cpp:308] EventBase(): Starting loop.
I1224 00:17:45.685537  3955 EventBase.cpp:308] EventBase(): Starting loop.
I1224 00:17:45.687135  3956 EventBase.cpp:308] EventBase(): Starting loop.
I1224 00:17:45.688416  3957 EventBase.cpp:308] EventBase(): Starting loop.
I1224 00:17:45.688556  3952 QuicServer.cpp:268] No valid takenover fd found for address=127.0.0.1:4443. binding on worker=0x55a4db4caec0 workerId=0 processId=0
I1224 00:17:45.688624  3953 QuicServer.cpp:268] No valid takenover fd found for address=127.0.0.1:4443. binding on worker=0x55a4db4cb500 workerId=1 processId=0
I1224 00:17:45.688803  3954 QuicServer.cpp:268] No valid takenover fd found for address=127.0.0.1:4443. binding on worker=0x55a4db4cb940 workerId=2 processId=0
I1224 00:17:45.689004  3955 QuicServer.cpp:268] No valid takenover fd found for address=127.0.0.1:4443. binding on worker=0x55a4db4cbe20 workerId=3 processId=0
I1224 00:17:45.689168  3956 QuicServer.cpp:268] No valid takenover fd found for address=127.0.0.1:4443. binding on worker=0x55a4db4cc300 workerId=4 processId=0
I1224 00:17:45.689327  3957 QuicServer.cpp:268] No valid takenover fd found for address=127.0.0.1:4443. binding on worker=0x55a4db4cc800 workerId=5 processId=0
I1224 00:17:45.689357  3957 QuicServer.cpp:295] Initialized all workers in the eventbase
I1224 00:17:45.689532  3952 QuicServerWorker.cpp:134] Registered read on worker=0x55a4db4caec0, thread=140421646714624, processId=0
I1224 00:17:45.689575  3949 EchoServer.h:90] Echo server started at: 127.0.0.1:4443
I1224 00:17:45.689587  3949 EventBase.cpp:308] EventBase(): Starting loop.
I1224 00:17:45.689633  3953 QuicServerWorker.cpp:134] Registered read on worker=0x55a4db4cb500, thread=140421638321920, processId=0
I1224 00:17:45.689635  3954 QuicServerWorker.cpp:134] Registered read on worker=0x55a4db4cb940, thread=140421629929216, processId=0
I1224 00:17:45.689680  3957 QuicServerWorker.cpp:134] Registered read on worker=0x55a4db4cc800, thread=140421397210880, processId=0
I1224 00:17:45.689731  3956 QuicServerWorker.cpp:134] Registered read on worker=0x55a4db4cc300, thread=140421405603584, processId=0
I1224 00:17:45.689639  3955 QuicServerWorker.cpp:134] Registered read on worker=0x55a4db4cbe20, thread=140421621536512, processId=0
I1224 00:17:51.008977  3955 QuicServerWorker.cpp:227] Worker=0x55a4db4cbe20, Received data on thread=140421621536512, processId=0
I1224 00:17:51.009028  3955 LogQuicStats.h:24] server onPacketReceived
I1224 00:17:51.009038  3955 LogQuicStats.h:140] server onRead size=1232
W1224 00:17:51.009061  3955 Types.cpp:447] toString has unhandled version type
I1224 00:17:51.009055  3955 LogQuicStats.h:76] server onClientInitialReceived, version: UNKNOWN
I1224 00:17:51.009078  3955 QuicServerWorker.cpp:208] Version negotiation sent to client=127.0.0.1:4987
I1224 00:17:51.009088  3955 LogQuicStats.h:144] server onWrite size=43
I1224 00:17:51.009093  3955 LogQuicStats.h:36] server onPacketProcessed
I1224 00:17:51.009099  3955 LogQuicStats.h:40] server onPacketSent
I1224 00:17:51.231575  3955 QuicServerWorker.cpp:227] Worker=0x55a4db4cbe20, Received data on thread=140421621536512, processId=0
I1224 00:17:51.231604  3955 LogQuicStats.h:24] server onPacketReceived
I1224 00:17:51.231612  3955 LogQuicStats.h:140] server onRead size=1232
I1224 00:17:51.231619  3955 LogQuicStats.h:76] server onClientInitialReceived, version: QUIC_DRAFT
I1224 00:17:51.231629  3955 QuicServerWorker.cpp:545] Creating new connection for client=127.0.0.1:4987, routingInfo=CID=0000000000000000, cidVersion=1, workerId=3, processId=0, hostId=0, threadId=140421621536512, 
I1224 00:17:51.231740  3955 LogQuicStats.h:118] server onStatelessReset
I1224 00:17:51.231767  3955 StateMachine-inl.h:41] Transition from Uninitialized to ExpectingClientHello
I1224 00:17:51.231832  3955 LogQuicStats.h:32] server onOutOfOrderPacketReceived
I1224 00:17:51.231840  3955 ServerStateMachine.cpp:952] Server received crypto data offset=0 len=389 currentReadOffset=0 client CID=0000000000000003 server CID=400000c7be3aedef peer address=127.0.0.1:4987
I1224 00:17:51.231863  3955 RecordLayer.cpp:82] Received handshake message ClientHello
I1224 00:17:51.231956  3955 ServerHandshake.cpp:167] ServerHandshake error fizz::FizzException: no psk modes
I1224 00:17:51.231997  3955 QuicTransportBase.cpp:1870] onNetworkData fizz::FizzException: no psk modes client CID=0000000000000003 server CID=400000c7be3aedef peer address=127.0.0.1:4987
I1224 00:17:51.232012  3955 QuicTransportBase.cpp:400] Stopping read looper due to immediate close client CID=0000000000000003 server CID=400000c7be3aedef peer address=127.0.0.1:4987
I1224 00:17:51.232018  3955 FunctionLooper.cpp:88] stop: ReadLooper
I1224 00:17:51.232024  3955 FunctionLooper.cpp:88] stop: PeekLooper
I1224 00:17:51.232030  3955 FunctionLooper.cpp:88] stop: WriteLooper
I1224 00:17:51.232043  3955 QuicTransportBase.cpp:2651] Clearing 0 peek callbacks
I1224 00:17:51.232048  3955 QuicTransportBase.cpp:852] Stopping read looper client CID=0000000000000003 server CID=400000c7be3aedef peer address=127.0.0.1:4987
I1224 00:17:51.232055  3955 FunctionLooper.cpp:88] stop: ReadLooper
I1224 00:17:51.232061  3955 QuicTransportBase.cpp:1196] Stopping peek looper client CID=0000000000000003 server CID=400000c7be3aedef peer address=127.0.0.1:4987
I1224 00:17:51.232069  3955 FunctionLooper.cpp:88] stop: PeekLooper
I1224 00:17:51.232074  3955 QuicTransportBase.cpp:1233] Server stopping write looper because conn closed client CID=0000000000000003 server CID=400000c7be3aedef peer address=127.0.0.1:4987
I1224 00:17:51.232080  3955 FunctionLooper.cpp:88] stop: WriteLooper
E1224 00:17:51.232087  3955 EchoHandler.h:53] Socket error=Crypto error: missing_extension
I1224 00:17:51.232107  3955 QuicTransportFunctions.cpp:1063] Server sent close packetNum=6720715 in space=InitialSpace client CID=0000000000000003 server CID=400000c7be3aedef peer address=127.0.0.1:4987
I1224 00:17:51.232131  3955 LogQuicStats.h:144] server onWrite size=82
I1224 00:17:51.232141  3955 QuicTransportBase.cpp:852] Stopping read looper client CID=0000000000000003 server CID=400000c7be3aedef peer address=127.0.0.1:4987
I1224 00:17:51.232148  3955 FunctionLooper.cpp:88] stop: ReadLooper
I1224 00:17:51.232154  3955 QuicTransportBase.cpp:1196] Stopping peek looper client CID=0000000000000003 server CID=400000c7be3aedef peer address=127.0.0.1:4987
I1224 00:17:51.232161  3955 FunctionLooper.cpp:88] stop: PeekLooper
I1224 00:17:51.232167  3955 QuicTransportBase.cpp:1233] Server stopping write looper because conn closed client CID=0000000000000003 server CID=400000c7be3aedef peer address=127.0.0.1:4987
I1224 00:17:51.232173  3955 FunctionLooper.cpp:88] stop: WriteLooper
*** Aborted at 1640305071 (Unix time, try 'date -d @1640305071') ***
*** Signal 15 (SIGTERM) (0xf6a) received by PID 3949 (pthread TID 0x7fb679a9eec0) (linux TID 3949) (maybe from PID 3946, UID 0) (code: 0), stack trace: ***
(error retrieving stack trace)
