I1223 18:34:16.121476 11895 EventBase.cpp:308] EventBase(): Starting loop.
I1223 18:34:16.121666 11896 EventBase.cpp:308] EventBase(): Starting loop.
I1223 18:34:16.121802 11897 EventBase.cpp:308] EventBase(): Starting loop.
I1223 18:34:16.123100 11898 EventBase.cpp:308] EventBase(): Starting loop.
I1223 18:34:16.127048 11899 EventBase.cpp:308] EventBase(): Starting loop.
I1223 18:34:16.131157 11900 EventBase.cpp:308] EventBase(): Starting loop.
I1223 18:34:16.131281 11895 QuicServer.cpp:268] No valid takenover fd found for address=127.0.0.1:4443. binding on worker=0x561e0b780040 workerId=0 processId=0
I1223 18:34:16.131469 11896 QuicServer.cpp:268] No valid takenover fd found for address=127.0.0.1:4443. binding on worker=0x561e0b780680 workerId=1 processId=0
I1223 18:34:16.131569 11897 QuicServer.cpp:268] No valid takenover fd found for address=127.0.0.1:4443. binding on worker=0x561e0b780b30 workerId=2 processId=0
I1223 18:34:16.131609 11898 QuicServer.cpp:268] No valid takenover fd found for address=127.0.0.1:4443. binding on worker=0x561e0b781010 workerId=3 processId=0
I1223 18:34:16.131637 11899 QuicServer.cpp:268] No valid takenover fd found for address=127.0.0.1:4443. binding on worker=0x561e0b7814f0 workerId=4 processId=0
I1223 18:34:16.131727 11900 QuicServer.cpp:268] No valid takenover fd found for address=127.0.0.1:4443. binding on worker=0x561e0b7819f0 workerId=5 processId=0
I1223 18:34:16.131754 11900 QuicServer.cpp:295] Initialized all workers in the eventbase
I1223 18:34:16.131916 11897 QuicServerWorker.cpp:134] Registered read on worker=0x561e0b780b30, thread=140353930450688, processId=0
I1223 18:34:16.131932 11896 QuicServerWorker.cpp:134] Registered read on worker=0x561e0b780680, thread=140353938843392, processId=0
I1223 18:34:16.131918 11895 QuicServerWorker.cpp:134] Registered read on worker=0x561e0b780040, thread=140353947236096, processId=0
I1223 18:34:16.131965 11898 QuicServerWorker.cpp:134] Registered read on worker=0x561e0b781010, thread=140353922057984, processId=0
I1223 18:34:16.131987 11892 EchoServer.h:90] Echo server started at: 127.0.0.1:4443
I1223 18:34:16.131997 11892 EventBase.cpp:308] EventBase(): Starting loop.
I1223 18:34:16.132026 11899 QuicServerWorker.cpp:134] Registered read on worker=0x561e0b7814f0, thread=140353913665280, processId=0
I1223 18:34:16.132071 11900 QuicServerWorker.cpp:134] Registered read on worker=0x561e0b7819f0, thread=140353905272576, processId=0
I1223 18:34:21.638936 11898 QuicServerWorker.cpp:227] Worker=0x561e0b781010, Received data on thread=140353922057984, processId=0
I1223 18:34:21.638962 11898 LogQuicStats.h:24] server onPacketReceived
I1223 18:34:21.638969 11898 LogQuicStats.h:140] server onRead size=1232
I1223 18:34:21.638985 11898 LogQuicStats.h:76] server onClientInitialReceived, version: QUIC_DRAFT
I1223 18:34:21.638996 11898 QuicServerWorker.cpp:545] Creating new connection for client=127.0.0.1:4987, routingInfo=CID=0000000000000002, cidVersion=1, workerId=3, processId=0, hostId=0, threadId=140353922057984, 
I1223 18:34:21.639101 11898 LogQuicStats.h:118] server onStatelessReset
I1223 18:34:21.639129 11898 StateMachine-inl.h:41] Transition from Uninitialized to ExpectingClientHello
I1223 18:34:21.639199 11898 LogQuicStats.h:32] server onOutOfOrderPacketReceived
I1223 18:34:21.639206 11898 ServerStateMachine.cpp:952] Server received crypto data offset=0 len=391 currentReadOffset=0 client CID=0000000000000001 server CID=400000d3fd1be4bc peer address=127.0.0.1:4987
I1223 18:34:21.639222 11898 RecordLayer.cpp:82] Received handshake message ClientHello
I1223 18:34:21.639320 11898 ServerHandshake.cpp:167] ServerHandshake error fizz::FizzException: no psk modes
I1223 18:34:21.639367 11898 QuicTransportBase.cpp:1870] onNetworkData fizz::FizzException: no psk modes client CID=0000000000000001 server CID=400000d3fd1be4bc peer address=127.0.0.1:4987
I1223 18:34:21.639381 11898 QuicTransportBase.cpp:400] Stopping read looper due to immediate close client CID=0000000000000001 server CID=400000d3fd1be4bc peer address=127.0.0.1:4987
I1223 18:34:21.639389 11898 FunctionLooper.cpp:88] stop: ReadLooper
I1223 18:34:21.639405 11898 FunctionLooper.cpp:88] stop: PeekLooper
I1223 18:34:21.639411 11898 FunctionLooper.cpp:88] stop: WriteLooper
I1223 18:34:21.639423 11898 QuicTransportBase.cpp:2651] Clearing 0 peek callbacks
I1223 18:34:21.639430 11898 QuicTransportBase.cpp:852] Stopping read looper client CID=0000000000000001 server CID=400000d3fd1be4bc peer address=127.0.0.1:4987
I1223 18:34:21.639437 11898 FunctionLooper.cpp:88] stop: ReadLooper
I1223 18:34:21.639444 11898 QuicTransportBase.cpp:1196] Stopping peek looper client CID=0000000000000001 server CID=400000d3fd1be4bc peer address=127.0.0.1:4987
I1223 18:34:21.639451 11898 FunctionLooper.cpp:88] stop: PeekLooper
I1223 18:34:21.639457 11898 QuicTransportBase.cpp:1233] Server stopping write looper because conn closed client CID=0000000000000001 server CID=400000d3fd1be4bc peer address=127.0.0.1:4987
I1223 18:34:21.639464 11898 FunctionLooper.cpp:88] stop: WriteLooper
E1223 18:34:21.639472 11898 EchoHandler.h:53] Socket error=Crypto error: missing_extension
I1223 18:34:21.639492 11898 QuicTransportFunctions.cpp:1063] Server sent close packetNum=15794900 in space=InitialSpace client CID=0000000000000001 server CID=400000d3fd1be4bc peer address=127.0.0.1:4987
I1223 18:34:21.639514 11898 LogQuicStats.h:144] server onWrite size=83
I1223 18:34:21.639524 11898 QuicTransportBase.cpp:852] Stopping read looper client CID=0000000000000001 server CID=400000d3fd1be4bc peer address=127.0.0.1:4987
I1223 18:34:21.639533 11898 FunctionLooper.cpp:88] stop: ReadLooper
I1223 18:34:21.639539 11898 QuicTransportBase.cpp:1196] Stopping peek looper client CID=0000000000000001 server CID=400000d3fd1be4bc peer address=127.0.0.1:4987
I1223 18:34:21.639545 11898 FunctionLooper.cpp:88] stop: PeekLooper
I1223 18:34:21.639551 11898 QuicTransportBase.cpp:1233] Server stopping write looper because conn closed client CID=0000000000000001 server CID=400000d3fd1be4bc peer address=127.0.0.1:4987
I1223 18:34:21.639559 11898 FunctionLooper.cpp:88] stop: WriteLooper
*** Aborted at 1640284461 (Unix time, try 'date -d @1640284461') ***
*** Signal 15 (SIGTERM) (0x2e71) received by PID 11892 (pthread TID 0x7fa6b675dec0) (linux TID 11892) (maybe from PID 11889, UID 0) (code: 0), stack trace: ***
(error retrieving stack trace)
