I1224 00:21:21.178314  5358 EventBase.cpp:308] EventBase(): Starting loop.
I1224 00:21:21.178505  5359 EventBase.cpp:308] EventBase(): Starting loop.
I1224 00:21:21.178957  5360 EventBase.cpp:308] EventBase(): Starting loop.
I1224 00:21:21.184324  5361 EventBase.cpp:308] EventBase(): Starting loop.
I1224 00:21:21.184753  5362 EventBase.cpp:308] EventBase(): Starting loop.
I1224 00:21:21.185786  5363 EventBase.cpp:308] EventBase(): Starting loop.
I1224 00:21:21.185943  5358 QuicServer.cpp:268] No valid takenover fd found for address=127.0.0.1:4443. binding on worker=0x5645d76d3ec0 workerId=0 processId=0
I1224 00:21:21.186123  5359 QuicServer.cpp:268] No valid takenover fd found for address=127.0.0.1:4443. binding on worker=0x5645d76d4500 workerId=1 processId=0
I1224 00:21:21.186286  5360 QuicServer.cpp:268] No valid takenover fd found for address=127.0.0.1:4443. binding on worker=0x5645d76d4940 workerId=2 processId=0
I1224 00:21:21.186451  5361 QuicServer.cpp:268] No valid takenover fd found for address=127.0.0.1:4443. binding on worker=0x5645d76d4e20 workerId=3 processId=0
I1224 00:21:21.186609  5362 QuicServer.cpp:268] No valid takenover fd found for address=127.0.0.1:4443. binding on worker=0x5645d76d5300 workerId=4 processId=0
I1224 00:21:21.186901  5363 QuicServer.cpp:268] No valid takenover fd found for address=127.0.0.1:4443. binding on worker=0x5645d76d5800 workerId=5 processId=0
I1224 00:21:21.186933  5363 QuicServer.cpp:295] Initialized all workers in the eventbase
I1224 00:21:21.187108  5355 EchoServer.h:90] Echo server started at: 127.0.0.1:4443
I1224 00:21:21.187152  5355 EventBase.cpp:308] EventBase(): Starting loop.
I1224 00:21:21.187170  5358 QuicServerWorker.cpp:134] Registered read on worker=0x5645d76d3ec0, thread=140576739022592, processId=0
I1224 00:21:21.187175  5359 QuicServerWorker.cpp:134] Registered read on worker=0x5645d76d4500, thread=140576730629888, processId=0
I1224 00:21:21.187202  5362 QuicServerWorker.cpp:134] Registered read on worker=0x5645d76d5300, thread=140576705451776, processId=0
I1224 00:21:21.187211  5361 QuicServerWorker.cpp:134] Registered read on worker=0x5645d76d4e20, thread=140576713844480, processId=0
I1224 00:21:21.187286  5363 QuicServerWorker.cpp:134] Registered read on worker=0x5645d76d5800, thread=140576359970560, processId=0
I1224 00:21:21.187254  5360 QuicServerWorker.cpp:134] Registered read on worker=0x5645d76d4940, thread=140576722237184, processId=0
I1224 00:21:26.556558  5361 QuicServerWorker.cpp:227] Worker=0x5645d76d4e20, Received data on thread=140576713844480, processId=0
I1224 00:21:26.556587  5361 LogQuicStats.h:24] server onPacketReceived
I1224 00:21:26.556594  5361 LogQuicStats.h:140] server onRead size=1232
W1224 00:21:26.556614  5361 Types.cpp:447] toString has unhandled version type
I1224 00:21:26.556608  5361 LogQuicStats.h:76] server onClientInitialReceived, version: UNKNOWN
I1224 00:21:26.556630  5361 QuicServerWorker.cpp:208] Version negotiation sent to client=127.0.0.1:4987
I1224 00:21:26.556640  5361 LogQuicStats.h:144] server onWrite size=43
I1224 00:21:26.556646  5361 LogQuicStats.h:36] server onPacketProcessed
I1224 00:21:26.556653  5361 LogQuicStats.h:40] server onPacketSent
I1224 00:21:26.751121  5361 QuicServerWorker.cpp:227] Worker=0x5645d76d4e20, Received data on thread=140576713844480, processId=0
I1224 00:21:26.751149  5361 LogQuicStats.h:24] server onPacketReceived
I1224 00:21:26.751156  5361 LogQuicStats.h:140] server onRead size=1232
I1224 00:21:26.751164  5361 LogQuicStats.h:76] server onClientInitialReceived, version: QUIC_DRAFT
I1224 00:21:26.751175  5361 QuicServerWorker.cpp:545] Creating new connection for client=127.0.0.1:4987, routingInfo=CID=0000000000000000, cidVersion=1, workerId=3, processId=0, hostId=0, threadId=140576713844480, 
I1224 00:21:26.751291  5361 LogQuicStats.h:118] server onStatelessReset
I1224 00:21:26.751318  5361 StateMachine-inl.h:41] Transition from Uninitialized to ExpectingClientHello
I1224 00:21:26.751387  5361 LogQuicStats.h:32] server onOutOfOrderPacketReceived
I1224 00:21:26.751396  5361 ServerStateMachine.cpp:952] Server received crypto data offset=0 len=391 currentReadOffset=0 client CID=0000000000000003 server CID=400000da2e72f5cb peer address=127.0.0.1:4987
I1224 00:21:26.751418  5361 RecordLayer.cpp:82] Received handshake message ClientHello
I1224 00:21:26.751523  5361 ServerHandshake.cpp:167] ServerHandshake error fizz::FizzException: no psk modes
I1224 00:21:26.751570  5361 QuicTransportBase.cpp:1870] onNetworkData fizz::FizzException: no psk modes client CID=0000000000000003 server CID=400000da2e72f5cb peer address=127.0.0.1:4987
I1224 00:21:26.751585  5361 QuicTransportBase.cpp:400] Stopping read looper due to immediate close client CID=0000000000000003 server CID=400000da2e72f5cb peer address=127.0.0.1:4987
I1224 00:21:26.751593  5361 FunctionLooper.cpp:88] stop: ReadLooper
I1224 00:21:26.751600  5361 FunctionLooper.cpp:88] stop: PeekLooper
I1224 00:21:26.751605  5361 FunctionLooper.cpp:88] stop: WriteLooper
I1224 00:21:26.751612  5361 QuicTransportBase.cpp:2651] Clearing 0 peek callbacks
I1224 00:21:26.751619  5361 QuicTransportBase.cpp:852] Stopping read looper client CID=0000000000000003 server CID=400000da2e72f5cb peer address=127.0.0.1:4987
I1224 00:21:26.751626  5361 FunctionLooper.cpp:88] stop: ReadLooper
I1224 00:21:26.751632  5361 QuicTransportBase.cpp:1196] Stopping peek looper client CID=0000000000000003 server CID=400000da2e72f5cb peer address=127.0.0.1:4987
I1224 00:21:26.751639  5361 FunctionLooper.cpp:88] stop: PeekLooper
I1224 00:21:26.751646  5361 QuicTransportBase.cpp:1233] Server stopping write looper because conn closed client CID=0000000000000003 server CID=400000da2e72f5cb peer address=127.0.0.1:4987
I1224 00:21:26.751652  5361 FunctionLooper.cpp:88] stop: WriteLooper
E1224 00:21:26.751659  5361 EchoHandler.h:53] Socket error=Crypto error: missing_extension
I1224 00:21:26.751679  5361 QuicTransportFunctions.cpp:1063] Server sent close packetNum=922720 in space=InitialSpace client CID=0000000000000003 server CID=400000da2e72f5cb peer address=127.0.0.1:4987
I1224 00:21:26.751713  5361 LogQuicStats.h:144] server onWrite size=82
I1224 00:21:26.751724  5361 QuicTransportBase.cpp:852] Stopping read looper client CID=0000000000000003 server CID=400000da2e72f5cb peer address=127.0.0.1:4987
I1224 00:21:26.751732  5361 FunctionLooper.cpp:88] stop: ReadLooper
I1224 00:21:26.751739  5361 QuicTransportBase.cpp:1196] Stopping peek looper client CID=0000000000000003 server CID=400000da2e72f5cb peer address=127.0.0.1:4987
I1224 00:21:26.751745  5361 FunctionLooper.cpp:88] stop: PeekLooper
I1224 00:21:26.751751  5361 QuicTransportBase.cpp:1233] Server stopping write looper because conn closed client CID=0000000000000003 server CID=400000da2e72f5cb peer address=127.0.0.1:4987
I1224 00:21:26.751758  5361 FunctionLooper.cpp:88] stop: WriteLooper
*** Aborted at 1640305286 (Unix time, try 'date -d @1640305286') ***
*** Signal 15 (SIGTERM) (0x14e8) received by PID 5355 (pthread TID 0x7fda95e2bec0) (linux TID 5355) (maybe from PID 5352, UID 0) (code: 0), stack trace: ***
(error retrieving stack trace)
