I1223 18:35:41.444510 12450 EventBase.cpp:308] EventBase(): Starting loop.
I1223 18:35:41.444685 12451 EventBase.cpp:308] EventBase(): Starting loop.
I1223 18:35:41.444860 12452 EventBase.cpp:308] EventBase(): Starting loop.
I1223 18:35:41.446735 12453 EventBase.cpp:308] EventBase(): Starting loop.
I1223 18:35:41.451273 12454 EventBase.cpp:308] EventBase(): Starting loop.
I1223 18:35:41.455225 12455 EventBase.cpp:308] EventBase(): Starting loop.
I1223 18:35:41.455507 12450 QuicServer.cpp:268] No valid takenover fd found for address=127.0.0.1:4443. binding on worker=0x5599dbcdf040 workerId=0 processId=0
I1223 18:35:41.455736 12451 QuicServer.cpp:268] No valid takenover fd found for address=127.0.0.1:4443. binding on worker=0x5599dbcdf680 workerId=1 processId=0
I1223 18:35:41.455895 12452 QuicServer.cpp:268] No valid takenover fd found for address=127.0.0.1:4443. binding on worker=0x5599dbcdfb30 workerId=2 processId=0
I1223 18:35:41.456076 12453 QuicServer.cpp:268] No valid takenover fd found for address=127.0.0.1:4443. binding on worker=0x5599dbce0010 workerId=3 processId=0
I1223 18:35:41.456236 12454 QuicServer.cpp:268] No valid takenover fd found for address=127.0.0.1:4443. binding on worker=0x5599dbce04f0 workerId=4 processId=0
I1223 18:35:41.456394 12455 QuicServer.cpp:268] No valid takenover fd found for address=127.0.0.1:4443. binding on worker=0x5599dbce09f0 workerId=5 processId=0
I1223 18:35:41.456423 12455 QuicServer.cpp:295] Initialized all workers in the eventbase
I1223 18:35:41.456523 12447 EchoServer.h:90] Echo server started at: 127.0.0.1:4443
I1223 18:35:41.456568 12447 EventBase.cpp:308] EventBase(): Starting loop.
I1223 18:35:41.456627 12452 QuicServerWorker.cpp:134] Registered read on worker=0x5599dbcdfb30, thread=140311532095232, processId=0
I1223 18:35:41.456676 12455 QuicServerWorker.cpp:134] Registered read on worker=0x5599dbce09f0, thread=140311506917120, processId=0
I1223 18:35:41.456722 12451 QuicServerWorker.cpp:134] Registered read on worker=0x5599dbcdf680, thread=140311540487936, processId=0
I1223 18:35:41.456724 12453 QuicServerWorker.cpp:134] Registered read on worker=0x5599dbce0010, thread=140311523702528, processId=0
I1223 18:35:41.456631 12454 QuicServerWorker.cpp:134] Registered read on worker=0x5599dbce04f0, thread=140311515309824, processId=0
I1223 18:35:41.459084 12450 QuicServerWorker.cpp:134] Registered read on worker=0x5599dbcdf040, thread=140311548880640, processId=0
I1223 18:35:46.961719 12453 QuicServerWorker.cpp:227] Worker=0x5599dbce0010, Received data on thread=140311523702528, processId=0
I1223 18:35:46.961745 12453 LogQuicStats.h:24] server onPacketReceived
I1223 18:35:46.961752 12453 LogQuicStats.h:140] server onRead size=1232
I1223 18:35:46.961767 12453 LogQuicStats.h:76] server onClientInitialReceived, version: QUIC_DRAFT
I1223 18:35:46.961777 12453 QuicServerWorker.cpp:545] Creating new connection for client=127.0.0.1:4987, routingInfo=CID=0000000000000002, cidVersion=1, workerId=3, processId=0, hostId=0, threadId=140311523702528, 
I1223 18:35:46.961906 12453 LogQuicStats.h:118] server onStatelessReset
I1223 18:35:46.961935 12453 StateMachine-inl.h:41] Transition from Uninitialized to ExpectingClientHello
I1223 18:35:46.962000 12453 LogQuicStats.h:32] server onOutOfOrderPacketReceived
I1223 18:35:46.962008 12453 ServerStateMachine.cpp:952] Server received crypto data offset=0 len=391 currentReadOffset=0 client CID=0000000000000001 server CID=400000d3e7cb1fe0 peer address=127.0.0.1:4987
I1223 18:35:46.962023 12453 RecordLayer.cpp:82] Received handshake message ClientHello
I1223 18:35:46.962116 12453 ServerHandshake.cpp:167] ServerHandshake error fizz::FizzException: no psk modes
I1223 18:35:46.962160 12453 QuicTransportBase.cpp:1870] onNetworkData fizz::FizzException: no psk modes client CID=0000000000000001 server CID=400000d3e7cb1fe0 peer address=127.0.0.1:4987
I1223 18:35:46.962173 12453 QuicTransportBase.cpp:400] Stopping read looper due to immediate close client CID=0000000000000001 server CID=400000d3e7cb1fe0 peer address=127.0.0.1:4987
I1223 18:35:46.962182 12453 FunctionLooper.cpp:88] stop: ReadLooper
I1223 18:35:46.962193 12453 FunctionLooper.cpp:88] stop: PeekLooper
I1223 18:35:46.962199 12453 FunctionLooper.cpp:88] stop: WriteLooper
I1223 18:35:46.962206 12453 QuicTransportBase.cpp:2651] Clearing 0 peek callbacks
I1223 18:35:46.962213 12453 QuicTransportBase.cpp:852] Stopping read looper client CID=0000000000000001 server CID=400000d3e7cb1fe0 peer address=127.0.0.1:4987
I1223 18:35:46.962218 12453 FunctionLooper.cpp:88] stop: ReadLooper
I1223 18:35:46.962224 12453 QuicTransportBase.cpp:1196] Stopping peek looper client CID=0000000000000001 server CID=400000d3e7cb1fe0 peer address=127.0.0.1:4987
I1223 18:35:46.962231 12453 FunctionLooper.cpp:88] stop: PeekLooper
I1223 18:35:46.962236 12453 QuicTransportBase.cpp:1233] Server stopping write looper because conn closed client CID=0000000000000001 server CID=400000d3e7cb1fe0 peer address=127.0.0.1:4987
I1223 18:35:46.962244 12453 FunctionLooper.cpp:88] stop: WriteLooper
E1223 18:35:46.962249 12453 EchoHandler.h:53] Socket error=Crypto error: missing_extension
I1223 18:35:46.962268 12453 QuicTransportFunctions.cpp:1063] Server sent close packetNum=1311624 in space=InitialSpace client CID=0000000000000001 server CID=400000d3e7cb1fe0 peer address=127.0.0.1:4987
I1223 18:35:46.962312 12453 LogQuicStats.h:144] server onWrite size=82
I1223 18:35:46.962327 12453 QuicTransportBase.cpp:852] Stopping read looper client CID=0000000000000001 server CID=400000d3e7cb1fe0 peer address=127.0.0.1:4987
I1223 18:35:46.962334 12453 FunctionLooper.cpp:88] stop: ReadLooper
I1223 18:35:46.962340 12453 QuicTransportBase.cpp:1196] Stopping peek looper client CID=0000000000000001 server CID=400000d3e7cb1fe0 peer address=127.0.0.1:4987
I1223 18:35:46.962347 12453 FunctionLooper.cpp:88] stop: PeekLooper
I1223 18:35:46.962352 12453 QuicTransportBase.cpp:1233] Server stopping write looper because conn closed client CID=0000000000000001 server CID=400000d3e7cb1fe0 peer address=127.0.0.1:4987
I1223 18:35:46.962359 12453 FunctionLooper.cpp:88] stop: WriteLooper
*** Aborted at 1640284546 (Unix time, try 'date -d @1640284546') ***
*** Signal 15 (SIGTERM) (0x309c) received by PID 12447 (pthread TID 0x7f9cd7524ec0) (linux TID 12447) (maybe from PID 12444, UID 0) (code: 0), stack trace: ***
(error retrieving stack trace)
