I1223 18:32:33.611053 11229 EventBase.cpp:308] EventBase(): Starting loop.
I1223 18:32:33.611212 11230 EventBase.cpp:308] EventBase(): Starting loop.
I1223 18:32:33.611361 11231 EventBase.cpp:308] EventBase(): Starting loop.
I1223 18:32:33.614972 11232 EventBase.cpp:308] EventBase(): Starting loop.
I1223 18:32:33.615134 11233 EventBase.cpp:308] EventBase(): Starting loop.
I1223 18:32:33.619470 11234 EventBase.cpp:308] EventBase(): Starting loop.
I1223 18:32:33.619611 11229 QuicServer.cpp:268] No valid takenover fd found for address=127.0.0.1:4443. binding on worker=0x56037852d040 workerId=0 processId=0
I1223 18:32:33.619761 11230 QuicServer.cpp:268] No valid takenover fd found for address=127.0.0.1:4443. binding on worker=0x56037852d680 workerId=1 processId=0
I1223 18:32:33.621958 11231 QuicServer.cpp:268] No valid takenover fd found for address=127.0.0.1:4443. binding on worker=0x56037852db30 workerId=2 processId=0
I1223 18:32:33.622093 11232 QuicServer.cpp:268] No valid takenover fd found for address=127.0.0.1:4443. binding on worker=0x56037852e010 workerId=3 processId=0
I1223 18:32:33.622224 11233 QuicServer.cpp:268] No valid takenover fd found for address=127.0.0.1:4443. binding on worker=0x56037852e4f0 workerId=4 processId=0
I1223 18:32:33.622290 11234 QuicServer.cpp:268] No valid takenover fd found for address=127.0.0.1:4443. binding on worker=0x56037852e9f0 workerId=5 processId=0
I1223 18:32:33.622315 11234 QuicServer.cpp:295] Initialized all workers in the eventbase
I1223 18:32:33.622418 11230 QuicServerWorker.cpp:134] Registered read on worker=0x56037852d680, thread=140148630140672, processId=0
I1223 18:32:33.622437 11226 EchoServer.h:90] Echo server started at: 127.0.0.1:4443
I1223 18:32:33.622447 11226 EventBase.cpp:308] EventBase(): Starting loop.
I1223 18:32:33.622449 11229 QuicServerWorker.cpp:134] Registered read on worker=0x56037852d040, thread=140148638533376, processId=0
I1223 18:32:33.622478 11234 QuicServerWorker.cpp:134] Registered read on worker=0x56037852e9f0, thread=140148389959424, processId=0
I1223 18:32:33.622457 11232 QuicServerWorker.cpp:134] Registered read on worker=0x56037852e010, thread=140148406744832, processId=0
I1223 18:32:33.622527 11231 QuicServerWorker.cpp:134] Registered read on worker=0x56037852db30, thread=140148621747968, processId=0
I1223 18:32:33.622550 11233 QuicServerWorker.cpp:134] Registered read on worker=0x56037852e4f0, thread=140148398352128, processId=0
I1223 18:32:39.205361 11232 QuicServerWorker.cpp:227] Worker=0x56037852e010, Received data on thread=140148406744832, processId=0
I1223 18:32:39.205391 11232 LogQuicStats.h:24] server onPacketReceived
I1223 18:32:39.205399 11232 LogQuicStats.h:140] server onRead size=1232
I1223 18:32:39.205415 11232 LogQuicStats.h:76] server onClientInitialReceived, version: QUIC_DRAFT
I1223 18:32:39.205426 11232 QuicServerWorker.cpp:545] Creating new connection for client=127.0.0.1:4987, routingInfo=CID=0000000000000002, cidVersion=1, workerId=3, processId=0, hostId=0, threadId=140148406744832, 
I1223 18:32:39.205534 11232 LogQuicStats.h:118] server onStatelessReset
I1223 18:32:39.205564 11232 StateMachine-inl.h:41] Transition from Uninitialized to ExpectingClientHello
I1223 18:32:39.205632 11232 LogQuicStats.h:32] server onOutOfOrderPacketReceived
I1223 18:32:39.205641 11232 ServerStateMachine.cpp:952] Server received crypto data offset=0 len=391 currentReadOffset=0 client CID=0000000000000001 server CID=400000d12b15f7be peer address=127.0.0.1:4987
I1223 18:32:39.205657 11232 RecordLayer.cpp:82] Received handshake message ClientHello
I1223 18:32:39.205760 11232 ServerHandshake.cpp:167] ServerHandshake error fizz::FizzException: no psk modes
I1223 18:32:39.205806 11232 QuicTransportBase.cpp:1870] onNetworkData fizz::FizzException: no psk modes client CID=0000000000000001 server CID=400000d12b15f7be peer address=127.0.0.1:4987
I1223 18:32:39.205819 11232 QuicTransportBase.cpp:400] Stopping read looper due to immediate close client CID=0000000000000001 server CID=400000d12b15f7be peer address=127.0.0.1:4987
I1223 18:32:39.205828 11232 FunctionLooper.cpp:88] stop: ReadLooper
I1223 18:32:39.205843 11232 FunctionLooper.cpp:88] stop: PeekLooper
I1223 18:32:39.205850 11232 FunctionLooper.cpp:88] stop: WriteLooper
I1223 18:32:39.205861 11232 QuicTransportBase.cpp:2651] Clearing 0 peek callbacks
I1223 18:32:39.205869 11232 QuicTransportBase.cpp:852] Stopping read looper client CID=0000000000000001 server CID=400000d12b15f7be peer address=127.0.0.1:4987
I1223 18:32:39.205897 11232 FunctionLooper.cpp:88] stop: ReadLooper
I1223 18:32:39.205906 11232 QuicTransportBase.cpp:1196] Stopping peek looper client CID=0000000000000001 server CID=400000d12b15f7be peer address=127.0.0.1:4987
I1223 18:32:39.205914 11232 FunctionLooper.cpp:88] stop: PeekLooper
I1223 18:32:39.205921 11232 QuicTransportBase.cpp:1233] Server stopping write looper because conn closed client CID=0000000000000001 server CID=400000d12b15f7be peer address=127.0.0.1:4987
I1223 18:32:39.205941 11232 FunctionLooper.cpp:88] stop: WriteLooper
E1223 18:32:39.205950 11232 EchoHandler.h:53] Socket error=Crypto error: missing_extension
I1223 18:32:39.205971 11232 QuicTransportFunctions.cpp:1063] Server sent close packetNum=1906055 in space=InitialSpace client CID=0000000000000001 server CID=400000d12b15f7be peer address=127.0.0.1:4987
I1223 18:32:39.206002 11232 LogQuicStats.h:144] server onWrite size=82
I1223 18:32:39.206014 11232 QuicTransportBase.cpp:852] Stopping read looper client CID=0000000000000001 server CID=400000d12b15f7be peer address=127.0.0.1:4987
I1223 18:32:39.206022 11232 FunctionLooper.cpp:88] stop: ReadLooper
I1223 18:32:39.206027 11232 QuicTransportBase.cpp:1196] Stopping peek looper client CID=0000000000000001 server CID=400000d12b15f7be peer address=127.0.0.1:4987
I1223 18:32:39.206034 11232 FunctionLooper.cpp:88] stop: PeekLooper
I1223 18:32:39.206040 11232 QuicTransportBase.cpp:1233] Server stopping write looper because conn closed client CID=0000000000000001 server CID=400000d12b15f7be peer address=127.0.0.1:4987
I1223 18:32:39.206048 11232 FunctionLooper.cpp:88] stop: WriteLooper
*** Aborted at 1640284359 (Unix time, try 'date -d @1640284359') ***
*** Signal 15 (SIGTERM) (0x2bd7) received by PID 11226 (pthread TID 0x7f76e91baec0) (linux TID 11226) (maybe from PID 11223, UID 0) (code: 0), stack trace: ***
(error retrieving stack trace)
