I1224 00:20:24.453665  4988 EventBase.cpp:308] EventBase(): Starting loop.
I1224 00:20:24.455451  4989 EventBase.cpp:308] EventBase(): Starting loop.
I1224 00:20:24.458894  4990 EventBase.cpp:308] EventBase(): Starting loop.
I1224 00:20:24.459043  4991 EventBase.cpp:308] EventBase(): Starting loop.
I1224 00:20:24.463232  4992 EventBase.cpp:308] EventBase(): Starting loop.
I1224 00:20:24.464737  4993 EventBase.cpp:308] EventBase(): Starting loop.
I1224 00:20:24.464896  4988 QuicServer.cpp:268] No valid takenover fd found for address=127.0.0.1:4443. binding on worker=0x55b39cbefec0 workerId=0 processId=0
I1224 00:20:24.465087  4989 QuicServer.cpp:268] No valid takenover fd found for address=127.0.0.1:4443. binding on worker=0x55b39cbf0500 workerId=1 processId=0
I1224 00:20:24.465250  4990 QuicServer.cpp:268] No valid takenover fd found for address=127.0.0.1:4443. binding on worker=0x55b39cbf0940 workerId=2 processId=0
I1224 00:20:24.465406  4991 QuicServer.cpp:268] No valid takenover fd found for address=127.0.0.1:4443. binding on worker=0x55b39cbf0e20 workerId=3 processId=0
I1224 00:20:24.465574  4992 QuicServer.cpp:268] No valid takenover fd found for address=127.0.0.1:4443. binding on worker=0x55b39cbf1300 workerId=4 processId=0
I1224 00:20:24.465737  4993 QuicServer.cpp:268] No valid takenover fd found for address=127.0.0.1:4443. binding on worker=0x55b39cbf1800 workerId=5 processId=0
I1224 00:20:24.465765  4993 QuicServer.cpp:295] Initialized all workers in the eventbase
I1224 00:20:24.465860  4985 EchoServer.h:90] Echo server started at: 127.0.0.1:4443
I1224 00:20:24.465876  4985 EventBase.cpp:308] EventBase(): Starting loop.
I1224 00:20:24.465961  4988 QuicServerWorker.cpp:134] Registered read on worker=0x55b39cbefec0, thread=140471354418944, processId=0
I1224 00:20:24.465965  4993 QuicServerWorker.cpp:134] Registered read on worker=0x55b39cbf1800, thread=140471242311424, processId=0
I1224 00:20:24.465967  4992 QuicServerWorker.cpp:134] Registered read on worker=0x55b39cbf1300, thread=140471250704128, processId=0
I1224 00:20:24.466028  4991 QuicServerWorker.cpp:134] Registered read on worker=0x55b39cbf0e20, thread=140471259096832, processId=0
I1224 00:20:24.466060  4989 QuicServerWorker.cpp:134] Registered read on worker=0x55b39cbf0500, thread=140471346026240, processId=0
I1224 00:20:24.465965  4990 QuicServerWorker.cpp:134] Registered read on worker=0x55b39cbf0940, thread=140471267489536, processId=0
I1224 00:20:29.838292  4991 QuicServerWorker.cpp:227] Worker=0x55b39cbf0e20, Received data on thread=140471259096832, processId=0
I1224 00:20:29.838320  4991 LogQuicStats.h:24] server onPacketReceived
I1224 00:20:29.838328  4991 LogQuicStats.h:140] server onRead size=1232
W1224 00:20:29.838349  4991 Types.cpp:447] toString has unhandled version type
I1224 00:20:29.838344  4991 LogQuicStats.h:76] server onClientInitialReceived, version: UNKNOWN
I1224 00:20:29.838363  4991 QuicServerWorker.cpp:208] Version negotiation sent to client=127.0.0.1:4987
I1224 00:20:29.838372  4991 LogQuicStats.h:144] server onWrite size=43
I1224 00:20:29.838378  4991 LogQuicStats.h:36] server onPacketProcessed
I1224 00:20:29.838385  4991 LogQuicStats.h:40] server onPacketSent
I1224 00:20:30.012038  4991 QuicServerWorker.cpp:227] Worker=0x55b39cbf0e20, Received data on thread=140471259096832, processId=0
I1224 00:20:30.012063  4991 LogQuicStats.h:24] server onPacketReceived
I1224 00:20:30.012071  4991 LogQuicStats.h:140] server onRead size=1232
I1224 00:20:30.012079  4991 LogQuicStats.h:76] server onClientInitialReceived, version: QUIC_DRAFT
I1224 00:20:30.012089  4991 QuicServerWorker.cpp:545] Creating new connection for client=127.0.0.1:4987, routingInfo=CID=0000000000000000, cidVersion=1, workerId=3, processId=0, hostId=0, threadId=140471259096832, 
I1224 00:20:30.012218  4991 LogQuicStats.h:118] server onStatelessReset
I1224 00:20:30.012246  4991 StateMachine-inl.h:41] Transition from Uninitialized to ExpectingClientHello
I1224 00:20:30.012312  4991 LogQuicStats.h:32] server onOutOfOrderPacketReceived
I1224 00:20:30.012321  4991 ServerStateMachine.cpp:952] Server received crypto data offset=0 len=389 currentReadOffset=0 client CID=0000000000000003 server CID=400000d0aeef5185 peer address=127.0.0.1:4987
I1224 00:20:30.012346  4991 RecordLayer.cpp:82] Received handshake message ClientHello
I1224 00:20:30.012436  4991 ServerHandshake.cpp:167] ServerHandshake error fizz::FizzException: no psk modes
I1224 00:20:30.012481  4991 QuicTransportBase.cpp:1870] onNetworkData fizz::FizzException: no psk modes client CID=0000000000000003 server CID=400000d0aeef5185 peer address=127.0.0.1:4987
I1224 00:20:30.012495  4991 QuicTransportBase.cpp:400] Stopping read looper due to immediate close client CID=0000000000000003 server CID=400000d0aeef5185 peer address=127.0.0.1:4987
I1224 00:20:30.012503  4991 FunctionLooper.cpp:88] stop: ReadLooper
I1224 00:20:30.012509  4991 FunctionLooper.cpp:88] stop: PeekLooper
I1224 00:20:30.012516  4991 FunctionLooper.cpp:88] stop: WriteLooper
I1224 00:20:30.012526  4991 QuicTransportBase.cpp:2651] Clearing 0 peek callbacks
I1224 00:20:30.012533  4991 QuicTransportBase.cpp:852] Stopping read looper client CID=0000000000000003 server CID=400000d0aeef5185 peer address=127.0.0.1:4987
I1224 00:20:30.012539  4991 FunctionLooper.cpp:88] stop: ReadLooper
I1224 00:20:30.012547  4991 QuicTransportBase.cpp:1196] Stopping peek looper client CID=0000000000000003 server CID=400000d0aeef5185 peer address=127.0.0.1:4987
I1224 00:20:30.012552  4991 FunctionLooper.cpp:88] stop: PeekLooper
I1224 00:20:30.012558  4991 QuicTransportBase.cpp:1233] Server stopping write looper because conn closed client CID=0000000000000003 server CID=400000d0aeef5185 peer address=127.0.0.1:4987
I1224 00:20:30.012565  4991 FunctionLooper.cpp:88] stop: WriteLooper
E1224 00:20:30.012573  4991 EchoHandler.h:53] Socket error=Crypto error: missing_extension
I1224 00:20:30.012591  4991 QuicTransportFunctions.cpp:1063] Server sent close packetNum=4072467 in space=InitialSpace client CID=0000000000000003 server CID=400000d0aeef5185 peer address=127.0.0.1:4987
I1224 00:20:30.012614  4991 LogQuicStats.h:144] server onWrite size=82
I1224 00:20:30.012624  4991 QuicTransportBase.cpp:852] Stopping read looper client CID=0000000000000003 server CID=400000d0aeef5185 peer address=127.0.0.1:4987
I1224 00:20:30.012631  4991 FunctionLooper.cpp:88] stop: ReadLooper
I1224 00:20:30.012637  4991 QuicTransportBase.cpp:1196] Stopping peek looper client CID=0000000000000003 server CID=400000d0aeef5185 peer address=127.0.0.1:4987
I1224 00:20:30.012643  4991 FunctionLooper.cpp:88] stop: PeekLooper
I1224 00:20:30.012650  4991 QuicTransportBase.cpp:1233] Server stopping write looper because conn closed client CID=0000000000000003 server CID=400000d0aeef5185 peer address=127.0.0.1:4987
I1224 00:20:30.012656  4991 FunctionLooper.cpp:88] stop: WriteLooper
*** Aborted at 1640305230 (Unix time, try 'date -d @1640305230') ***
*** Signal 15 (SIGTERM) (0x1376) received by PID 4985 (pthread TID 0x7fc20c794ec0) (linux TID 4985) (maybe from PID 4982, UID 0) (code: 0), stack trace: ***
(error retrieving stack trace)
