I1223 18:30:45.446501 10526 EventBase.cpp:308] EventBase(): Starting loop.
I1223 18:30:45.446691 10527 EventBase.cpp:308] EventBase(): Starting loop.
I1223 18:30:45.447248 10528 EventBase.cpp:308] EventBase(): Starting loop.
I1223 18:30:45.447386 10529 EventBase.cpp:308] EventBase(): Starting loop.
I1223 18:30:45.452395 10530 EventBase.cpp:308] EventBase(): Starting loop.
I1223 18:30:45.455065 10531 EventBase.cpp:308] EventBase(): Starting loop.
I1223 18:30:45.455389 10526 QuicServer.cpp:268] No valid takenover fd found for address=127.0.0.1:4443. binding on worker=0x5636ce4dd040 workerId=0 processId=0
I1223 18:30:45.455721 10527 QuicServer.cpp:268] No valid takenover fd found for address=127.0.0.1:4443. binding on worker=0x5636ce4dd680 workerId=1 processId=0
I1223 18:30:45.455904 10528 QuicServer.cpp:268] No valid takenover fd found for address=127.0.0.1:4443. binding on worker=0x5636ce4ddb30 workerId=2 processId=0
I1223 18:30:45.456085 10529 QuicServer.cpp:268] No valid takenover fd found for address=127.0.0.1:4443. binding on worker=0x5636ce4de010 workerId=3 processId=0
I1223 18:30:45.456248 10530 QuicServer.cpp:268] No valid takenover fd found for address=127.0.0.1:4443. binding on worker=0x5636ce4de4f0 workerId=4 processId=0
I1223 18:30:45.456404 10531 QuicServer.cpp:268] No valid takenover fd found for address=127.0.0.1:4443. binding on worker=0x5636ce4de9f0 workerId=5 processId=0
I1223 18:30:45.456434 10531 QuicServer.cpp:295] Initialized all workers in the eventbase
I1223 18:30:45.456538 10523 EchoServer.h:90] Echo server started at: 127.0.0.1:4443
I1223 18:30:45.456589 10523 EventBase.cpp:308] EventBase(): Starting loop.
I1223 18:30:45.456626 10526 QuicServerWorker.cpp:134] Registered read on worker=0x5636ce4dd040, thread=140388927252224, processId=0
I1223 18:30:45.456638 10529 QuicServerWorker.cpp:134] Registered read on worker=0x5636ce4de010, thread=140388902074112, processId=0
I1223 18:30:45.456630 10531 QuicServerWorker.cpp:134] Registered read on worker=0x5636ce4de9f0, thread=140388885288704, processId=0
I1223 18:30:45.456691 10530 QuicServerWorker.cpp:134] Registered read on worker=0x5636ce4de4f0, thread=140388893681408, processId=0
I1223 18:30:45.456679 10527 QuicServerWorker.cpp:134] Registered read on worker=0x5636ce4dd680, thread=140388918859520, processId=0
I1223 18:30:45.456753 10528 QuicServerWorker.cpp:134] Registered read on worker=0x5636ce4ddb30, thread=140388910466816, processId=0
I1223 18:30:51.065107 10529 QuicServerWorker.cpp:227] Worker=0x5636ce4de010, Received data on thread=140388902074112, processId=0
I1223 18:30:51.065147 10529 LogQuicStats.h:24] server onPacketReceived
I1223 18:30:51.065155 10529 LogQuicStats.h:140] server onRead size=1232
I1223 18:30:51.065171 10529 LogQuicStats.h:76] server onClientInitialReceived, version: QUIC_DRAFT
I1223 18:30:51.065182 10529 QuicServerWorker.cpp:545] Creating new connection for client=127.0.0.1:4987, routingInfo=CID=0000000000000002, cidVersion=1, workerId=3, processId=0, hostId=0, threadId=140388902074112, 
I1223 18:30:51.065287 10529 LogQuicStats.h:118] server onStatelessReset
I1223 18:30:51.065317 10529 StateMachine-inl.h:41] Transition from Uninitialized to ExpectingClientHello
I1223 18:30:51.065414 10529 LogQuicStats.h:32] server onOutOfOrderPacketReceived
I1223 18:30:51.065428 10529 ServerStateMachine.cpp:952] Server received crypto data offset=0 len=389 currentReadOffset=0 client CID=0000000000000001 server CID=400000c9af5e6638 peer address=127.0.0.1:4987
I1223 18:30:51.065451 10529 RecordLayer.cpp:82] Received handshake message ClientHello
I1223 18:30:51.065567 10529 ServerHandshake.cpp:167] ServerHandshake error fizz::FizzException: no psk modes
I1223 18:30:51.065618 10529 QuicTransportBase.cpp:1870] onNetworkData fizz::FizzException: no psk modes client CID=0000000000000001 server CID=400000c9af5e6638 peer address=127.0.0.1:4987
I1223 18:30:51.065632 10529 QuicTransportBase.cpp:400] Stopping read looper due to immediate close client CID=0000000000000001 server CID=400000c9af5e6638 peer address=127.0.0.1:4987
I1223 18:30:51.065641 10529 FunctionLooper.cpp:88] stop: ReadLooper
I1223 18:30:51.065656 10529 FunctionLooper.cpp:88] stop: PeekLooper
I1223 18:30:51.065663 10529 FunctionLooper.cpp:88] stop: WriteLooper
I1223 18:30:51.065675 10529 QuicTransportBase.cpp:2651] Clearing 0 peek callbacks
I1223 18:30:51.065682 10529 QuicTransportBase.cpp:852] Stopping read looper client CID=0000000000000001 server CID=400000c9af5e6638 peer address=127.0.0.1:4987
I1223 18:30:51.065690 10529 FunctionLooper.cpp:88] stop: ReadLooper
I1223 18:30:51.065696 10529 QuicTransportBase.cpp:1196] Stopping peek looper client CID=0000000000000001 server CID=400000c9af5e6638 peer address=127.0.0.1:4987
I1223 18:30:51.065703 10529 FunctionLooper.cpp:88] stop: PeekLooper
I1223 18:30:51.065711 10529 QuicTransportBase.cpp:1233] Server stopping write looper because conn closed client CID=0000000000000001 server CID=400000c9af5e6638 peer address=127.0.0.1:4987
I1223 18:30:51.065717 10529 FunctionLooper.cpp:88] stop: WriteLooper
E1223 18:30:51.065726 10529 EchoHandler.h:53] Socket error=Crypto error: missing_extension
I1223 18:30:51.065747 10529 QuicTransportFunctions.cpp:1063] Server sent close packetNum=935195 in space=InitialSpace client CID=0000000000000001 server CID=400000c9af5e6638 peer address=127.0.0.1:4987
I1223 18:30:51.065771 10529 LogQuicStats.h:144] server onWrite size=82
I1223 18:30:51.065783 10529 QuicTransportBase.cpp:852] Stopping read looper client CID=0000000000000001 server CID=400000c9af5e6638 peer address=127.0.0.1:4987
I1223 18:30:51.065791 10529 FunctionLooper.cpp:88] stop: ReadLooper
I1223 18:30:51.065798 10529 QuicTransportBase.cpp:1196] Stopping peek looper client CID=0000000000000001 server CID=400000c9af5e6638 peer address=127.0.0.1:4987
I1223 18:30:51.065804 10529 FunctionLooper.cpp:88] stop: PeekLooper
I1223 18:30:51.065811 10529 QuicTransportBase.cpp:1233] Server stopping write looper because conn closed client CID=0000000000000001 server CID=400000c9af5e6638 peer address=127.0.0.1:4987
I1223 18:30:51.065819 10529 FunctionLooper.cpp:88] stop: WriteLooper
*** Aborted at 1640284251 (Unix time, try 'date -d @1640284251') ***
*** Signal 15 (SIGTERM) (0x2918) received by PID 10523 (pthread TID 0x7faedb6e8ec0) (linux TID 10523) (maybe from PID 10520, UID 0) (code: 0), stack trace: ***
(error retrieving stack trace)
