I1224 00:20:07.522783  4876 EventBase.cpp:308] EventBase(): Starting loop.
I1224 00:20:07.523384  4877 EventBase.cpp:308] EventBase(): Starting loop.
I1224 00:20:07.523772  4878 EventBase.cpp:308] EventBase(): Starting loop.
I1224 00:20:07.524415  4879 EventBase.cpp:308] EventBase(): Starting loop.
I1224 00:20:07.528056  4881 EventBase.cpp:308] EventBase(): Starting loop.
I1224 00:20:07.532325  4882 EventBase.cpp:308] EventBase(): Starting loop.
I1224 00:20:07.532446  4876 QuicServer.cpp:268] No valid takenover fd found for address=127.0.0.1:4443. binding on worker=0x55fbb060aec0 workerId=0 processId=0
I1224 00:20:07.532620  4877 QuicServer.cpp:268] No valid takenover fd found for address=127.0.0.1:4443. binding on worker=0x55fbb060b500 workerId=1 processId=0
I1224 00:20:07.532685  4878 QuicServer.cpp:268] No valid takenover fd found for address=127.0.0.1:4443. binding on worker=0x55fbb060b940 workerId=2 processId=0
I1224 00:20:07.532806  4879 QuicServer.cpp:268] No valid takenover fd found for address=127.0.0.1:4443. binding on worker=0x55fbb060be20 workerId=3 processId=0
I1224 00:20:07.532938  4881 QuicServer.cpp:268] No valid takenover fd found for address=127.0.0.1:4443. binding on worker=0x55fbb060c300 workerId=4 processId=0
I1224 00:20:07.533051  4882 QuicServer.cpp:268] No valid takenover fd found for address=127.0.0.1:4443. binding on worker=0x55fbb060c800 workerId=5 processId=0
I1224 00:20:07.533080  4882 QuicServer.cpp:295] Initialized all workers in the eventbase
I1224 00:20:07.533182  4874 EchoServer.h:90] Echo server started at: 127.0.0.1:4443
I1224 00:20:07.533197  4874 EventBase.cpp:308] EventBase(): Starting loop.
I1224 00:20:07.533252  4878 QuicServerWorker.cpp:134] Registered read on worker=0x55fbb060b940, thread=140579819988736, processId=0
I1224 00:20:07.533277  4876 QuicServerWorker.cpp:134] Registered read on worker=0x55fbb060aec0, thread=140579836774144, processId=0
I1224 00:20:07.533288  4877 QuicServerWorker.cpp:134] Registered read on worker=0x55fbb060b500, thread=140579828381440, processId=0
I1224 00:20:07.533298  4879 QuicServerWorker.cpp:134] Registered read on worker=0x55fbb060be20, thread=140579811596032, processId=0
I1224 00:20:07.533288  4882 QuicServerWorker.cpp:134] Registered read on worker=0x55fbb060c800, thread=140579794810624, processId=0
I1224 00:20:07.533344  4881 QuicServerWorker.cpp:134] Registered read on worker=0x55fbb060c300, thread=140579803203328, processId=0
I1224 00:20:12.926375  4879 QuicServerWorker.cpp:227] Worker=0x55fbb060be20, Received data on thread=140579811596032, processId=0
I1224 00:20:12.926403  4879 LogQuicStats.h:24] server onPacketReceived
I1224 00:20:12.926410  4879 LogQuicStats.h:140] server onRead size=1232
W1224 00:20:12.926429  4879 Types.cpp:447] toString has unhandled version type
I1224 00:20:12.926424  4879 LogQuicStats.h:76] server onClientInitialReceived, version: UNKNOWN
I1224 00:20:12.926446  4879 QuicServerWorker.cpp:208] Version negotiation sent to client=127.0.0.1:4987
I1224 00:20:12.926455  4879 LogQuicStats.h:144] server onWrite size=43
I1224 00:20:12.926460  4879 LogQuicStats.h:36] server onPacketProcessed
I1224 00:20:12.926466  4879 LogQuicStats.h:40] server onPacketSent
I1224 00:20:13.130831  4879 QuicServerWorker.cpp:227] Worker=0x55fbb060be20, Received data on thread=140579811596032, processId=0
I1224 00:20:13.130859  4879 LogQuicStats.h:24] server onPacketReceived
I1224 00:20:13.130867  4879 LogQuicStats.h:140] server onRead size=1232
I1224 00:20:13.130874  4879 LogQuicStats.h:76] server onClientInitialReceived, version: QUIC_DRAFT
I1224 00:20:13.130884  4879 QuicServerWorker.cpp:545] Creating new connection for client=127.0.0.1:4987, routingInfo=CID=0000000000000000, cidVersion=1, workerId=3, processId=0, hostId=0, threadId=140579811596032, 
I1224 00:20:13.131000  4879 LogQuicStats.h:118] server onStatelessReset
I1224 00:20:13.131028  4879 StateMachine-inl.h:41] Transition from Uninitialized to ExpectingClientHello
I1224 00:20:13.131094  4879 LogQuicStats.h:32] server onOutOfOrderPacketReceived
I1224 00:20:13.131103  4879 ServerStateMachine.cpp:952] Server received crypto data offset=0 len=391 currentReadOffset=0 client CID=0000000000000003 server CID=400000d183071029 peer address=127.0.0.1:4987
I1224 00:20:13.131126  4879 RecordLayer.cpp:82] Received handshake message ClientHello
I1224 00:20:13.131255  4879 ServerHandshake.cpp:167] ServerHandshake error fizz::FizzException: no psk modes
I1224 00:20:13.131306  4879 QuicTransportBase.cpp:1870] onNetworkData fizz::FizzException: no psk modes client CID=0000000000000003 server CID=400000d183071029 peer address=127.0.0.1:4987
I1224 00:20:13.131322  4879 QuicTransportBase.cpp:400] Stopping read looper due to immediate close client CID=0000000000000003 server CID=400000d183071029 peer address=127.0.0.1:4987
I1224 00:20:13.131330  4879 FunctionLooper.cpp:88] stop: ReadLooper
I1224 00:20:13.131336  4879 FunctionLooper.cpp:88] stop: PeekLooper
I1224 00:20:13.131342  4879 FunctionLooper.cpp:88] stop: WriteLooper
I1224 00:20:13.131350  4879 QuicTransportBase.cpp:2651] Clearing 0 peek callbacks
I1224 00:20:13.131356  4879 QuicTransportBase.cpp:852] Stopping read looper client CID=0000000000000003 server CID=400000d183071029 peer address=127.0.0.1:4987
I1224 00:20:13.131362  4879 FunctionLooper.cpp:88] stop: ReadLooper
I1224 00:20:13.131369  4879 QuicTransportBase.cpp:1196] Stopping peek looper client CID=0000000000000003 server CID=400000d183071029 peer address=127.0.0.1:4987
I1224 00:20:13.131376  4879 FunctionLooper.cpp:88] stop: PeekLooper
I1224 00:20:13.131382  4879 QuicTransportBase.cpp:1233] Server stopping write looper because conn closed client CID=0000000000000003 server CID=400000d183071029 peer address=127.0.0.1:4987
I1224 00:20:13.131388  4879 FunctionLooper.cpp:88] stop: WriteLooper
E1224 00:20:13.131397  4879 EchoHandler.h:53] Socket error=Crypto error: missing_extension
I1224 00:20:13.131417  4879 QuicTransportFunctions.cpp:1063] Server sent close packetNum=456006 in space=InitialSpace client CID=0000000000000003 server CID=400000d183071029 peer address=127.0.0.1:4987
I1224 00:20:13.131441  4879 LogQuicStats.h:144] server onWrite size=82
I1224 00:20:13.131451  4879 QuicTransportBase.cpp:852] Stopping read looper client CID=0000000000000003 server CID=400000d183071029 peer address=127.0.0.1:4987
I1224 00:20:13.131459  4879 FunctionLooper.cpp:88] stop: ReadLooper
I1224 00:20:13.131465  4879 QuicTransportBase.cpp:1196] Stopping peek looper client CID=0000000000000003 server CID=400000d183071029 peer address=127.0.0.1:4987
I1224 00:20:13.131471  4879 FunctionLooper.cpp:88] stop: PeekLooper
I1224 00:20:13.131477  4879 QuicTransportBase.cpp:1233] Server stopping write looper because conn closed client CID=0000000000000003 server CID=400000d183071029 peer address=127.0.0.1:4987
I1224 00:20:13.131484  4879 FunctionLooper.cpp:88] stop: WriteLooper
*** Aborted at 1640305213 (Unix time, try 'date -d @1640305213') ***
*** Signal 15 (SIGTERM) (0x1307) received by PID 4874 (pthread TID 0x7fdb4e86aec0) (linux TID 4874) (maybe from PID 4871, UID 0) (code: 0), stack trace: ***
(error retrieving stack trace)
