I1224 00:23:37.145090  6246 EventBase.cpp:308] EventBase(): Starting loop.
I1224 00:23:37.148420  6247 EventBase.cpp:308] EventBase(): Starting loop.
I1224 00:23:37.150929  6248 EventBase.cpp:308] EventBase(): Starting loop.
I1224 00:23:37.154842  6249 EventBase.cpp:308] EventBase(): Starting loop.
I1224 00:23:37.155028  6250 EventBase.cpp:308] EventBase(): Starting loop.
I1224 00:23:37.155149  6251 EventBase.cpp:308] EventBase(): Starting loop.
I1224 00:23:37.155402  6246 QuicServer.cpp:268] No valid takenover fd found for address=127.0.0.1:4443. binding on worker=0x563104b56ec0 workerId=0 processId=0
I1224 00:23:37.155635  6247 QuicServer.cpp:268] No valid takenover fd found for address=127.0.0.1:4443. binding on worker=0x563104b57500 workerId=1 processId=0
I1224 00:23:37.155809  6248 QuicServer.cpp:268] No valid takenover fd found for address=127.0.0.1:4443. binding on worker=0x563104b57940 workerId=2 processId=0
I1224 00:23:37.155967  6249 QuicServer.cpp:268] No valid takenover fd found for address=127.0.0.1:4443. binding on worker=0x563104b57e20 workerId=3 processId=0
I1224 00:23:37.156131  6250 QuicServer.cpp:268] No valid takenover fd found for address=127.0.0.1:4443. binding on worker=0x563104b58300 workerId=4 processId=0
I1224 00:23:37.156284  6251 QuicServer.cpp:268] No valid takenover fd found for address=127.0.0.1:4443. binding on worker=0x563104b58800 workerId=5 processId=0
I1224 00:23:37.156311  6251 QuicServer.cpp:295] Initialized all workers in the eventbase
I1224 00:23:37.156414  6243 EchoServer.h:90] Echo server started at: 127.0.0.1:4443
I1224 00:23:37.156464  6243 EventBase.cpp:308] EventBase(): Starting loop.
I1224 00:23:37.156518  6246 QuicServerWorker.cpp:134] Registered read on worker=0x563104b56ec0, thread=140211827500800, processId=0
I1224 00:23:37.156517  6247 QuicServerWorker.cpp:134] Registered read on worker=0x563104b57500, thread=140211819108096, processId=0
I1224 00:23:37.156515  6249 QuicServerWorker.cpp:134] Registered read on worker=0x563104b57e20, thread=140211802322688, processId=0
I1224 00:23:37.156600  6248 QuicServerWorker.cpp:134] Registered read on worker=0x563104b57940, thread=140211810715392, processId=0
I1224 00:23:37.156616  6251 QuicServerWorker.cpp:134] Registered read on worker=0x563104b58800, thread=140211785537280, processId=0
I1224 00:23:37.156522  6250 QuicServerWorker.cpp:134] Registered read on worker=0x563104b58300, thread=140211793929984, processId=0
I1224 00:23:42.527755  6249 QuicServerWorker.cpp:227] Worker=0x563104b57e20, Received data on thread=140211802322688, processId=0
I1224 00:23:42.527784  6249 LogQuicStats.h:24] server onPacketReceived
I1224 00:23:42.527791  6249 LogQuicStats.h:140] server onRead size=1232
W1224 00:23:42.527810  6249 Types.cpp:447] toString has unhandled version type
I1224 00:23:42.527806  6249 LogQuicStats.h:76] server onClientInitialReceived, version: UNKNOWN
I1224 00:23:42.527823  6249 QuicServerWorker.cpp:208] Version negotiation sent to client=127.0.0.1:4987
I1224 00:23:42.527832  6249 LogQuicStats.h:144] server onWrite size=43
I1224 00:23:42.527838  6249 LogQuicStats.h:36] server onPacketProcessed
I1224 00:23:42.527844  6249 LogQuicStats.h:40] server onPacketSent
I1224 00:23:42.710175  6249 QuicServerWorker.cpp:227] Worker=0x563104b57e20, Received data on thread=140211802322688, processId=0
I1224 00:23:42.710206  6249 LogQuicStats.h:24] server onPacketReceived
I1224 00:23:42.710212  6249 LogQuicStats.h:140] server onRead size=1232
I1224 00:23:42.710220  6249 LogQuicStats.h:76] server onClientInitialReceived, version: QUIC_DRAFT
I1224 00:23:42.710230  6249 QuicServerWorker.cpp:545] Creating new connection for client=127.0.0.1:4987, routingInfo=CID=0000000000000000, cidVersion=1, workerId=3, processId=0, hostId=0, threadId=140211802322688, 
I1224 00:23:42.710341  6249 LogQuicStats.h:118] server onStatelessReset
I1224 00:23:42.710369  6249 StateMachine-inl.h:41] Transition from Uninitialized to ExpectingClientHello
I1224 00:23:42.710434  6249 LogQuicStats.h:32] server onOutOfOrderPacketReceived
I1224 00:23:42.710443  6249 ServerStateMachine.cpp:952] Server received crypto data offset=0 len=391 currentReadOffset=0 client CID=0000000000000003 server CID=400000de15aab4e2 peer address=127.0.0.1:4987
I1224 00:23:42.710465  6249 RecordLayer.cpp:82] Received handshake message ClientHello
I1224 00:23:42.710562  6249 ServerHandshake.cpp:167] ServerHandshake error fizz::FizzException: no psk modes
I1224 00:23:42.710608  6249 QuicTransportBase.cpp:1870] onNetworkData fizz::FizzException: no psk modes client CID=0000000000000003 server CID=400000de15aab4e2 peer address=127.0.0.1:4987
I1224 00:23:42.710621  6249 QuicTransportBase.cpp:400] Stopping read looper due to immediate close client CID=0000000000000003 server CID=400000de15aab4e2 peer address=127.0.0.1:4987
I1224 00:23:42.710655  6249 FunctionLooper.cpp:88] stop: ReadLooper
I1224 00:23:42.710664  6249 FunctionLooper.cpp:88] stop: PeekLooper
I1224 00:23:42.710669  6249 FunctionLooper.cpp:88] stop: WriteLooper
I1224 00:23:42.710681  6249 QuicTransportBase.cpp:2651] Clearing 0 peek callbacks
I1224 00:23:42.710688  6249 QuicTransportBase.cpp:852] Stopping read looper client CID=0000000000000003 server CID=400000de15aab4e2 peer address=127.0.0.1:4987
I1224 00:23:42.710695  6249 FunctionLooper.cpp:88] stop: ReadLooper
I1224 00:23:42.710701  6249 QuicTransportBase.cpp:1196] Stopping peek looper client CID=0000000000000003 server CID=400000de15aab4e2 peer address=127.0.0.1:4987
I1224 00:23:42.710707  6249 FunctionLooper.cpp:88] stop: PeekLooper
I1224 00:23:42.710713  6249 QuicTransportBase.cpp:1233] Server stopping write looper because conn closed client CID=0000000000000003 server CID=400000de15aab4e2 peer address=127.0.0.1:4987
I1224 00:23:42.710721  6249 FunctionLooper.cpp:88] stop: WriteLooper
E1224 00:23:42.710727  6249 EchoHandler.h:53] Socket error=Crypto error: missing_extension
I1224 00:23:42.710748  6249 QuicTransportFunctions.cpp:1063] Server sent close packetNum=15796031 in space=InitialSpace client CID=0000000000000003 server CID=400000de15aab4e2 peer address=127.0.0.1:4987
I1224 00:23:42.710811  6249 LogQuicStats.h:144] server onWrite size=83
I1224 00:23:42.710829  6249 QuicTransportBase.cpp:852] Stopping read looper client CID=0000000000000003 server CID=400000de15aab4e2 peer address=127.0.0.1:4987
I1224 00:23:42.710837  6249 FunctionLooper.cpp:88] stop: ReadLooper
I1224 00:23:42.710844  6249 QuicTransportBase.cpp:1196] Stopping peek looper client CID=0000000000000003 server CID=400000de15aab4e2 peer address=127.0.0.1:4987
I1224 00:23:42.710850  6249 FunctionLooper.cpp:88] stop: PeekLooper
I1224 00:23:42.710856  6249 QuicTransportBase.cpp:1233] Server stopping write looper because conn closed client CID=0000000000000003 server CID=400000de15aab4e2 peer address=127.0.0.1:4987
I1224 00:23:42.710862  6249 FunctionLooper.cpp:88] stop: WriteLooper
*** Aborted at 1640305422 (Unix time, try 'date -d @1640305422') ***
*** Signal 15 (SIGTERM) (0x1860) received by PID 6243 (pthread TID 0x7f859f76cec0) (linux TID 6243) (maybe from PID 6240, UID 0) (code: 0), stack trace: ***
(error retrieving stack trace)
