I1224 00:20:30.107399  5025 EventBase.cpp:308] EventBase(): Starting loop.
I1224 00:20:30.108119  5026 EventBase.cpp:308] EventBase(): Starting loop.
I1224 00:20:30.109630  5027 EventBase.cpp:308] EventBase(): Starting loop.
I1224 00:20:30.109779  5028 EventBase.cpp:308] EventBase(): Starting loop.
I1224 00:20:30.109875  5029 EventBase.cpp:308] EventBase(): Starting loop.
I1224 00:20:30.109962  5030 EventBase.cpp:308] EventBase(): Starting loop.
I1224 00:20:30.110100  5025 QuicServer.cpp:268] No valid takenover fd found for address=127.0.0.1:4443. binding on worker=0x5595ec74cec0 workerId=0 processId=0
I1224 00:20:30.110337  5026 QuicServer.cpp:268] No valid takenover fd found for address=127.0.0.1:4443. binding on worker=0x5595ec74d500 workerId=1 processId=0
I1224 00:20:30.110517  5027 QuicServer.cpp:268] No valid takenover fd found for address=127.0.0.1:4443. binding on worker=0x5595ec74d940 workerId=2 processId=0
I1224 00:20:30.110697  5028 QuicServer.cpp:268] No valid takenover fd found for address=127.0.0.1:4443. binding on worker=0x5595ec74de20 workerId=3 processId=0
I1224 00:20:30.111296  5029 QuicServer.cpp:268] No valid takenover fd found for address=127.0.0.1:4443. binding on worker=0x5595ec74e300 workerId=4 processId=0
I1224 00:20:30.111418  5030 QuicServer.cpp:268] No valid takenover fd found for address=127.0.0.1:4443. binding on worker=0x5595ec74e800 workerId=5 processId=0
I1224 00:20:30.111443  5030 QuicServer.cpp:295] Initialized all workers in the eventbase
I1224 00:20:30.111549  5022 EchoServer.h:90] Echo server started at: 127.0.0.1:4443
I1224 00:20:30.111598  5022 EventBase.cpp:308] EventBase(): Starting loop.
I1224 00:20:30.111619  5029 QuicServerWorker.cpp:134] Registered read on worker=0x5595ec74e300, thread=139923758020352, processId=0
I1224 00:20:30.111641  5027 QuicServerWorker.cpp:134] Registered read on worker=0x5595ec74d940, thread=139923774805760, processId=0
I1224 00:20:30.111660  5030 QuicServerWorker.cpp:134] Registered read on worker=0x5595ec74e800, thread=139923749627648, processId=0
I1224 00:20:30.111635  5026 QuicServerWorker.cpp:134] Registered read on worker=0x5595ec74d500, thread=139923783198464, processId=0
I1224 00:20:30.111634  5025 QuicServerWorker.cpp:134] Registered read on worker=0x5595ec74cec0, thread=139923791591168, processId=0
I1224 00:20:30.111729  5028 QuicServerWorker.cpp:134] Registered read on worker=0x5595ec74de20, thread=139923766413056, processId=0
I1224 00:20:35.537102  5028 QuicServerWorker.cpp:227] Worker=0x5595ec74de20, Received data on thread=139923766413056, processId=0
I1224 00:20:35.537132  5028 LogQuicStats.h:24] server onPacketReceived
I1224 00:20:35.537138  5028 LogQuicStats.h:140] server onRead size=1232
W1224 00:20:35.537159  5028 Types.cpp:447] toString has unhandled version type
I1224 00:20:35.537153  5028 LogQuicStats.h:76] server onClientInitialReceived, version: UNKNOWN
I1224 00:20:35.537173  5028 QuicServerWorker.cpp:208] Version negotiation sent to client=127.0.0.1:4987
I1224 00:20:35.537180  5028 LogQuicStats.h:144] server onWrite size=43
I1224 00:20:35.537187  5028 LogQuicStats.h:36] server onPacketProcessed
I1224 00:20:35.537194  5028 LogQuicStats.h:40] server onPacketSent
I1224 00:20:35.692446  5028 QuicServerWorker.cpp:227] Worker=0x5595ec74de20, Received data on thread=139923766413056, processId=0
I1224 00:20:35.692476  5028 LogQuicStats.h:24] server onPacketReceived
I1224 00:20:35.692482  5028 LogQuicStats.h:140] server onRead size=1232
I1224 00:20:35.692490  5028 LogQuicStats.h:76] server onClientInitialReceived, version: QUIC_DRAFT
I1224 00:20:35.692502  5028 QuicServerWorker.cpp:545] Creating new connection for client=127.0.0.1:4987, routingInfo=CID=0000000000000000, cidVersion=1, workerId=3, processId=0, hostId=0, threadId=139923766413056, 
I1224 00:20:35.692605  5028 LogQuicStats.h:118] server onStatelessReset
I1224 00:20:35.692634  5028 StateMachine-inl.h:41] Transition from Uninitialized to ExpectingClientHello
I1224 00:20:35.692699  5028 LogQuicStats.h:32] server onOutOfOrderPacketReceived
I1224 00:20:35.692708  5028 ServerStateMachine.cpp:952] Server received crypto data offset=0 len=391 currentReadOffset=0 client CID=0000000000000003 server CID=400000dab6cf7707 peer address=127.0.0.1:4987
I1224 00:20:35.692734  5028 RecordLayer.cpp:82] Received handshake message ClientHello
I1224 00:20:35.692860  5028 ServerHandshake.cpp:167] ServerHandshake error fizz::FizzException: no psk modes
I1224 00:20:35.692914  5028 QuicTransportBase.cpp:1870] onNetworkData fizz::FizzException: no psk modes client CID=0000000000000003 server CID=400000dab6cf7707 peer address=127.0.0.1:4987
I1224 00:20:35.692929  5028 QuicTransportBase.cpp:400] Stopping read looper due to immediate close client CID=0000000000000003 server CID=400000dab6cf7707 peer address=127.0.0.1:4987
I1224 00:20:35.692936  5028 FunctionLooper.cpp:88] stop: ReadLooper
I1224 00:20:35.692942  5028 FunctionLooper.cpp:88] stop: PeekLooper
I1224 00:20:35.692948  5028 FunctionLooper.cpp:88] stop: WriteLooper
I1224 00:20:35.692960  5028 QuicTransportBase.cpp:2651] Clearing 0 peek callbacks
I1224 00:20:35.692966  5028 QuicTransportBase.cpp:852] Stopping read looper client CID=0000000000000003 server CID=400000dab6cf7707 peer address=127.0.0.1:4987
I1224 00:20:35.692972  5028 FunctionLooper.cpp:88] stop: ReadLooper
I1224 00:20:35.692978  5028 QuicTransportBase.cpp:1196] Stopping peek looper client CID=0000000000000003 server CID=400000dab6cf7707 peer address=127.0.0.1:4987
I1224 00:20:35.692986  5028 FunctionLooper.cpp:88] stop: PeekLooper
I1224 00:20:35.692991  5028 QuicTransportBase.cpp:1233] Server stopping write looper because conn closed client CID=0000000000000003 server CID=400000dab6cf7707 peer address=127.0.0.1:4987
I1224 00:20:35.692997  5028 FunctionLooper.cpp:88] stop: WriteLooper
E1224 00:20:35.693004  5028 EchoHandler.h:53] Socket error=Crypto error: missing_extension
I1224 00:20:35.693024  5028 QuicTransportFunctions.cpp:1063] Server sent close packetNum=9353177 in space=InitialSpace client CID=0000000000000003 server CID=400000dab6cf7707 peer address=127.0.0.1:4987
I1224 00:20:35.693050  5028 LogQuicStats.h:144] server onWrite size=83
I1224 00:20:35.693061  5028 QuicTransportBase.cpp:852] Stopping read looper client CID=0000000000000003 server CID=400000dab6cf7707 peer address=127.0.0.1:4987
I1224 00:20:35.693068  5028 FunctionLooper.cpp:88] stop: ReadLooper
I1224 00:20:35.693074  5028 QuicTransportBase.cpp:1196] Stopping peek looper client CID=0000000000000003 server CID=400000dab6cf7707 peer address=127.0.0.1:4987
I1224 00:20:35.693080  5028 FunctionLooper.cpp:88] stop: PeekLooper
I1224 00:20:35.693086  5028 QuicTransportBase.cpp:1233] Server stopping write looper because conn closed client CID=0000000000000003 server CID=400000dab6cf7707 peer address=127.0.0.1:4987
I1224 00:20:35.693092  5028 FunctionLooper.cpp:88] stop: WriteLooper
*** Aborted at 1640305235 (Unix time, try 'date -d @1640305235') ***
*** Signal 15 (SIGTERM) (0x139b) received by PID 5022 (pthread TID 0x7f428f2f9ec0) (linux TID 5022) (maybe from PID 5019, UID 0) (code: 0), stack trace: ***
(error retrieving stack trace)
