I1223 18:36:38.276679 12820 EventBase.cpp:308] EventBase(): Starting loop.
I1223 18:36:38.276911 12821 EventBase.cpp:308] EventBase(): Starting loop.
I1223 18:36:38.277017 12822 EventBase.cpp:308] EventBase(): Starting loop.
I1223 18:36:38.277143 12823 EventBase.cpp:308] EventBase(): Starting loop.
I1223 18:36:38.279467 12824 EventBase.cpp:308] EventBase(): Starting loop.
I1223 18:36:38.282991 12825 EventBase.cpp:308] EventBase(): Starting loop.
I1223 18:36:38.283149 12820 QuicServer.cpp:268] No valid takenover fd found for address=127.0.0.1:4443. binding on worker=0x55b48ec07040 workerId=0 processId=0
I1223 18:36:38.283358 12821 QuicServer.cpp:268] No valid takenover fd found for address=127.0.0.1:4443. binding on worker=0x55b48ec07680 workerId=1 processId=0
I1223 18:36:38.283480 12822 QuicServer.cpp:268] No valid takenover fd found for address=127.0.0.1:4443. binding on worker=0x55b48ec07b30 workerId=2 processId=0
I1223 18:36:38.283639 12823 QuicServer.cpp:268] No valid takenover fd found for address=127.0.0.1:4443. binding on worker=0x55b48ec08010 workerId=3 processId=0
I1223 18:36:38.283855 12824 QuicServer.cpp:268] No valid takenover fd found for address=127.0.0.1:4443. binding on worker=0x55b48ec084f0 workerId=4 processId=0
I1223 18:36:38.284031 12825 QuicServer.cpp:268] No valid takenover fd found for address=127.0.0.1:4443. binding on worker=0x55b48ec089f0 workerId=5 processId=0
I1223 18:36:38.284060 12825 QuicServer.cpp:295] Initialized all workers in the eventbase
I1223 18:36:38.284209 12817 EchoServer.h:90] Echo server started at: 127.0.0.1:4443
I1223 18:36:38.284232 12817 EventBase.cpp:308] EventBase(): Starting loop.
I1223 18:36:38.284241 12820 QuicServerWorker.cpp:134] Registered read on worker=0x55b48ec07040, thread=140705571641088, processId=0
I1223 18:36:38.284250 12821 QuicServerWorker.cpp:134] Registered read on worker=0x55b48ec07680, thread=140705563248384, processId=0
I1223 18:36:38.284284 12823 QuicServerWorker.cpp:134] Registered read on worker=0x55b48ec08010, thread=140705343207168, processId=0
I1223 18:36:38.284304 12824 QuicServerWorker.cpp:134] Registered read on worker=0x55b48ec084f0, thread=140705334814464, processId=0
I1223 18:36:38.284284 12822 QuicServerWorker.cpp:134] Registered read on worker=0x55b48ec07b30, thread=140705554855680, processId=0
I1223 18:36:38.284358 12825 QuicServerWorker.cpp:134] Registered read on worker=0x55b48ec089f0, thread=140705326421760, processId=0
I1223 18:36:43.881238 12823 QuicServerWorker.cpp:227] Worker=0x55b48ec08010, Received data on thread=140705343207168, processId=0
I1223 18:36:43.881266 12823 LogQuicStats.h:24] server onPacketReceived
I1223 18:36:43.881274 12823 LogQuicStats.h:140] server onRead size=1232
I1223 18:36:43.881289 12823 LogQuicStats.h:76] server onClientInitialReceived, version: QUIC_DRAFT
I1223 18:36:43.881300 12823 QuicServerWorker.cpp:545] Creating new connection for client=127.0.0.1:4987, routingInfo=CID=0000000000000002, cidVersion=1, workerId=3, processId=0, hostId=0, threadId=140705343207168, 
I1223 18:36:43.881405 12823 LogQuicStats.h:118] server onStatelessReset
I1223 18:36:43.881434 12823 StateMachine-inl.h:41] Transition from Uninitialized to ExpectingClientHello
I1223 18:36:43.881501 12823 LogQuicStats.h:32] server onOutOfOrderPacketReceived
I1223 18:36:43.881510 12823 ServerStateMachine.cpp:952] Server received crypto data offset=0 len=391 currentReadOffset=0 client CID=0000000000000001 server CID=400000ca20646fb9 peer address=127.0.0.1:4987
I1223 18:36:43.881531 12823 RecordLayer.cpp:82] Received handshake message ClientHello
I1223 18:36:43.881628 12823 ServerHandshake.cpp:167] ServerHandshake error fizz::FizzException: no psk modes
I1223 18:36:43.881676 12823 QuicTransportBase.cpp:1870] onNetworkData fizz::FizzException: no psk modes client CID=0000000000000001 server CID=400000ca20646fb9 peer address=127.0.0.1:4987
I1223 18:36:43.881704 12823 QuicTransportBase.cpp:400] Stopping read looper due to immediate close client CID=0000000000000001 server CID=400000ca20646fb9 peer address=127.0.0.1:4987
I1223 18:36:43.881712 12823 FunctionLooper.cpp:88] stop: ReadLooper
I1223 18:36:43.881727 12823 FunctionLooper.cpp:88] stop: PeekLooper
I1223 18:36:43.881734 12823 FunctionLooper.cpp:88] stop: WriteLooper
I1223 18:36:43.881747 12823 QuicTransportBase.cpp:2651] Clearing 0 peek callbacks
I1223 18:36:43.881753 12823 QuicTransportBase.cpp:852] Stopping read looper client CID=0000000000000001 server CID=400000ca20646fb9 peer address=127.0.0.1:4987
I1223 18:36:43.881760 12823 FunctionLooper.cpp:88] stop: ReadLooper
I1223 18:36:43.881767 12823 QuicTransportBase.cpp:1196] Stopping peek looper client CID=0000000000000001 server CID=400000ca20646fb9 peer address=127.0.0.1:4987
I1223 18:36:43.881773 12823 FunctionLooper.cpp:88] stop: PeekLooper
I1223 18:36:43.881779 12823 QuicTransportBase.cpp:1233] Server stopping write looper because conn closed client CID=0000000000000001 server CID=400000ca20646fb9 peer address=127.0.0.1:4987
I1223 18:36:43.881803 12823 FunctionLooper.cpp:88] stop: WriteLooper
E1223 18:36:43.881819 12823 EchoHandler.h:53] Socket error=Crypto error: missing_extension
I1223 18:36:43.881841 12823 QuicTransportFunctions.cpp:1063] Server sent close packetNum=8690185 in space=InitialSpace client CID=0000000000000001 server CID=400000ca20646fb9 peer address=127.0.0.1:4987
I1223 18:36:43.881865 12823 LogQuicStats.h:144] server onWrite size=83
I1223 18:36:43.881876 12823 QuicTransportBase.cpp:852] Stopping read looper client CID=0000000000000001 server CID=400000ca20646fb9 peer address=127.0.0.1:4987
I1223 18:36:43.881884 12823 FunctionLooper.cpp:88] stop: ReadLooper
I1223 18:36:43.881891 12823 QuicTransportBase.cpp:1196] Stopping peek looper client CID=0000000000000001 server CID=400000ca20646fb9 peer address=127.0.0.1:4987
I1223 18:36:43.881897 12823 FunctionLooper.cpp:88] stop: PeekLooper
I1223 18:36:43.881903 12823 QuicTransportBase.cpp:1233] Server stopping write looper because conn closed client CID=0000000000000001 server CID=400000ca20646fb9 peer address=127.0.0.1:4987
I1223 18:36:43.881909 12823 FunctionLooper.cpp:88] stop: WriteLooper
*** Aborted at 1640284603 (Unix time, try 'date -d @1640284603') ***
*** Signal 15 (SIGTERM) (0x320e) received by PID 12817 (pthread TID 0x7ff894e87ec0) (linux TID 12817) (maybe from PID 12814, UID 0) (code: 0), stack trace: ***
(error retrieving stack trace)
