I1224 00:17:56.939946  4026 EventBase.cpp:308] EventBase(): Starting loop.
I1224 00:17:56.940161  4027 EventBase.cpp:308] EventBase(): Starting loop.
I1224 00:17:56.943060  4028 EventBase.cpp:308] EventBase(): Starting loop.
I1224 00:17:56.946970  4029 EventBase.cpp:308] EventBase(): Starting loop.
I1224 00:17:56.950891  4030 EventBase.cpp:308] EventBase(): Starting loop.
I1224 00:17:56.954967  4031 EventBase.cpp:308] EventBase(): Starting loop.
I1224 00:17:56.955112  4026 QuicServer.cpp:268] No valid takenover fd found for address=127.0.0.1:4443. binding on worker=0x55bc5bb0dec0 workerId=0 processId=0
I1224 00:17:56.955338  4027 QuicServer.cpp:268] No valid takenover fd found for address=127.0.0.1:4443. binding on worker=0x55bc5bb0e500 workerId=1 processId=0
I1224 00:17:56.955441  4028 QuicServer.cpp:268] No valid takenover fd found for address=127.0.0.1:4443. binding on worker=0x55bc5bb0e940 workerId=2 processId=0
I1224 00:17:56.955489  4029 QuicServer.cpp:268] No valid takenover fd found for address=127.0.0.1:4443. binding on worker=0x55bc5bb0ee20 workerId=3 processId=0
I1224 00:17:56.955579  4030 QuicServer.cpp:268] No valid takenover fd found for address=127.0.0.1:4443. binding on worker=0x55bc5bb0f300 workerId=4 processId=0
I1224 00:17:56.955735  4031 QuicServer.cpp:268] No valid takenover fd found for address=127.0.0.1:4443. binding on worker=0x55bc5bb0f800 workerId=5 processId=0
I1224 00:17:56.955762  4031 QuicServer.cpp:295] Initialized all workers in the eventbase
I1224 00:17:56.955936  4028 QuicServerWorker.cpp:134] Registered read on worker=0x55bc5bb0e940, thread=140622186931968, processId=0
I1224 00:17:56.955960  4026 QuicServerWorker.cpp:134] Registered read on worker=0x55bc5bb0dec0, thread=140622272739072, processId=0
I1224 00:17:56.955973  4023 EchoServer.h:90] Echo server started at: 127.0.0.1:4443
I1224 00:17:56.955988  4023 EventBase.cpp:308] EventBase(): Starting loop.
I1224 00:17:56.955966  4027 QuicServerWorker.cpp:134] Registered read on worker=0x55bc5bb0e500, thread=140622195324672, processId=0
I1224 00:17:56.956022  4030 QuicServerWorker.cpp:134] Registered read on worker=0x55bc5bb0f300, thread=140622170146560, processId=0
I1224 00:17:56.956055  4029 QuicServerWorker.cpp:134] Registered read on worker=0x55bc5bb0ee20, thread=140622178539264, processId=0
I1224 00:17:56.956095  4031 QuicServerWorker.cpp:134] Registered read on worker=0x55bc5bb0f800, thread=140622161753856, processId=0
I1224 00:18:02.199663  4029 QuicServerWorker.cpp:227] Worker=0x55bc5bb0ee20, Received data on thread=140622178539264, processId=0
I1224 00:18:02.199692  4029 LogQuicStats.h:24] server onPacketReceived
I1224 00:18:02.199698  4029 LogQuicStats.h:140] server onRead size=1232
W1224 00:18:02.199719  4029 Types.cpp:447] toString has unhandled version type
I1224 00:18:02.199714  4029 LogQuicStats.h:76] server onClientInitialReceived, version: UNKNOWN
I1224 00:18:02.199733  4029 QuicServerWorker.cpp:208] Version negotiation sent to client=127.0.0.1:4987
I1224 00:18:02.199741  4029 LogQuicStats.h:144] server onWrite size=43
I1224 00:18:02.199748  4029 LogQuicStats.h:36] server onPacketProcessed
I1224 00:18:02.199753  4029 LogQuicStats.h:40] server onPacketSent
I1224 00:18:02.408612  4029 QuicServerWorker.cpp:227] Worker=0x55bc5bb0ee20, Received data on thread=140622178539264, processId=0
I1224 00:18:02.408638  4029 LogQuicStats.h:24] server onPacketReceived
I1224 00:18:02.408644  4029 LogQuicStats.h:140] server onRead size=1232
I1224 00:18:02.408653  4029 LogQuicStats.h:76] server onClientInitialReceived, version: QUIC_DRAFT
I1224 00:18:02.408663  4029 QuicServerWorker.cpp:545] Creating new connection for client=127.0.0.1:4987, routingInfo=CID=0000000000000000, cidVersion=1, workerId=3, processId=0, hostId=0, threadId=140622178539264, 
I1224 00:18:02.408772  4029 LogQuicStats.h:118] server onStatelessReset
I1224 00:18:02.408800  4029 StateMachine-inl.h:41] Transition from Uninitialized to ExpectingClientHello
I1224 00:18:02.408864  4029 LogQuicStats.h:32] server onOutOfOrderPacketReceived
I1224 00:18:02.408874  4029 ServerStateMachine.cpp:952] Server received crypto data offset=0 len=391 currentReadOffset=0 client CID=0000000000000003 server CID=400000c827579abf peer address=127.0.0.1:4987
I1224 00:18:02.408895  4029 RecordLayer.cpp:82] Received handshake message ClientHello
I1224 00:18:02.408991  4029 ServerHandshake.cpp:167] ServerHandshake error fizz::FizzException: no psk modes
I1224 00:18:02.409039  4029 QuicTransportBase.cpp:1870] onNetworkData fizz::FizzException: no psk modes client CID=0000000000000003 server CID=400000c827579abf peer address=127.0.0.1:4987
I1224 00:18:02.409051  4029 QuicTransportBase.cpp:400] Stopping read looper due to immediate close client CID=0000000000000003 server CID=400000c827579abf peer address=127.0.0.1:4987
I1224 00:18:02.409060  4029 FunctionLooper.cpp:88] stop: ReadLooper
I1224 00:18:02.409066  4029 FunctionLooper.cpp:88] stop: PeekLooper
I1224 00:18:02.409071  4029 FunctionLooper.cpp:88] stop: WriteLooper
I1224 00:18:02.409083  4029 QuicTransportBase.cpp:2651] Clearing 0 peek callbacks
I1224 00:18:02.409090  4029 QuicTransportBase.cpp:852] Stopping read looper client CID=0000000000000003 server CID=400000c827579abf peer address=127.0.0.1:4987
I1224 00:18:02.409096  4029 FunctionLooper.cpp:88] stop: ReadLooper
I1224 00:18:02.409103  4029 QuicTransportBase.cpp:1196] Stopping peek looper client CID=0000000000000003 server CID=400000c827579abf peer address=127.0.0.1:4987
I1224 00:18:02.409111  4029 FunctionLooper.cpp:88] stop: PeekLooper
I1224 00:18:02.409116  4029 QuicTransportBase.cpp:1233] Server stopping write looper because conn closed client CID=0000000000000003 server CID=400000c827579abf peer address=127.0.0.1:4987
I1224 00:18:02.409123  4029 FunctionLooper.cpp:88] stop: WriteLooper
E1224 00:18:02.409130  4029 EchoHandler.h:53] Socket error=Crypto error: missing_extension
I1224 00:18:02.409150  4029 QuicTransportFunctions.cpp:1063] Server sent close packetNum=10664183 in space=InitialSpace client CID=0000000000000003 server CID=400000c827579abf peer address=127.0.0.1:4987
I1224 00:18:02.409173  4029 LogQuicStats.h:144] server onWrite size=83
I1224 00:18:02.409183  4029 QuicTransportBase.cpp:852] Stopping read looper client CID=0000000000000003 server CID=400000c827579abf peer address=127.0.0.1:4987
I1224 00:18:02.409191  4029 FunctionLooper.cpp:88] stop: ReadLooper
I1224 00:18:02.409197  4029 QuicTransportBase.cpp:1196] Stopping peek looper client CID=0000000000000003 server CID=400000c827579abf peer address=127.0.0.1:4987
I1224 00:18:02.409204  4029 FunctionLooper.cpp:88] stop: PeekLooper
I1224 00:18:02.409209  4029 QuicTransportBase.cpp:1233] Server stopping write looper because conn closed client CID=0000000000000003 server CID=400000c827579abf peer address=127.0.0.1:4987
I1224 00:18:02.409216  4029 FunctionLooper.cpp:88] stop: WriteLooper
*** Aborted at 1640305082 (Unix time, try 'date -d @1640305082') ***
*** Signal 15 (SIGTERM) (0xfb4) received by PID 4023 (pthread TID 0x7fe52fe81ec0) (linux TID 4023) (maybe from PID 4020, UID 0) (code: 0), stack trace: ***
(error retrieving stack trace)
