I1223 18:33:19.056087 11525 EventBase.cpp:308] EventBase(): Starting loop.
I1223 18:33:19.056239 11526 EventBase.cpp:308] EventBase(): Starting loop.
I1223 18:33:19.056334 11527 EventBase.cpp:308] EventBase(): Starting loop.
I1223 18:33:19.056466 11528 EventBase.cpp:308] EventBase(): Starting loop.
I1223 18:33:19.056593 11529 EventBase.cpp:308] EventBase(): Starting loop.
I1223 18:33:19.056730 11530 EventBase.cpp:308] EventBase(): Starting loop.
I1223 18:33:19.056856 11525 QuicServer.cpp:268] No valid takenover fd found for address=127.0.0.1:4443. binding on worker=0x55a2592e7040 workerId=0 processId=0
I1223 18:33:19.056989 11526 QuicServer.cpp:268] No valid takenover fd found for address=127.0.0.1:4443. binding on worker=0x55a2592e7680 workerId=1 processId=0
I1223 18:33:19.057050 11527 QuicServer.cpp:268] No valid takenover fd found for address=127.0.0.1:4443. binding on worker=0x55a2592e7b30 workerId=2 processId=0
I1223 18:33:19.057163 11528 QuicServer.cpp:268] No valid takenover fd found for address=127.0.0.1:4443. binding on worker=0x55a2592e8010 workerId=3 processId=0
I1223 18:33:19.057271 11529 QuicServer.cpp:268] No valid takenover fd found for address=127.0.0.1:4443. binding on worker=0x55a2592e84f0 workerId=4 processId=0
I1223 18:33:19.057515 11530 QuicServer.cpp:268] No valid takenover fd found for address=127.0.0.1:4443. binding on worker=0x55a2592e89f0 workerId=5 processId=0
I1223 18:33:19.057543 11530 QuicServer.cpp:295] Initialized all workers in the eventbase
I1223 18:33:19.057689 11526 QuicServerWorker.cpp:134] Registered read on worker=0x55a2592e7680, thread=140605304063744, processId=0
I1223 18:33:19.057721 11522 EchoServer.h:90] Echo server started at: 127.0.0.1:4443
I1223 18:33:19.057719 11525 QuicServerWorker.cpp:134] Registered read on worker=0x55a2592e7040, thread=140605312456448, processId=0
I1223 18:33:19.057754 11527 QuicServerWorker.cpp:134] Registered read on worker=0x55a2592e7b30, thread=140605295671040, processId=0
I1223 18:33:19.057785 11530 QuicServerWorker.cpp:134] Registered read on worker=0x55a2592e89f0, thread=140605065778944, processId=0
I1223 18:33:19.057808 11528 QuicServerWorker.cpp:134] Registered read on worker=0x55a2592e8010, thread=140605082564352, processId=0
I1223 18:33:19.057730 11522 EventBase.cpp:308] EventBase(): Starting loop.
I1223 18:33:19.057760 11529 QuicServerWorker.cpp:134] Registered read on worker=0x55a2592e84f0, thread=140605074171648, processId=0
I1223 18:33:24.619534 11528 QuicServerWorker.cpp:227] Worker=0x55a2592e8010, Received data on thread=140605082564352, processId=0
I1223 18:33:24.619565 11528 LogQuicStats.h:24] server onPacketReceived
I1223 18:33:24.619571 11528 LogQuicStats.h:140] server onRead size=1232
I1223 18:33:24.619587 11528 LogQuicStats.h:76] server onClientInitialReceived, version: QUIC_DRAFT
I1223 18:33:24.619597 11528 QuicServerWorker.cpp:545] Creating new connection for client=127.0.0.1:4987, routingInfo=CID=0000000000000002, cidVersion=1, workerId=3, processId=0, hostId=0, threadId=140605082564352, 
I1223 18:33:24.619706 11528 LogQuicStats.h:118] server onStatelessReset
I1223 18:33:24.619756 11528 StateMachine-inl.h:41] Transition from Uninitialized to ExpectingClientHello
I1223 18:33:24.619830 11528 LogQuicStats.h:32] server onOutOfOrderPacketReceived
I1223 18:33:24.619839 11528 ServerStateMachine.cpp:952] Server received crypto data offset=0 len=389 currentReadOffset=0 client CID=0000000000000001 server CID=400000ca5ee4c9f6 peer address=127.0.0.1:4987
I1223 18:33:24.619855 11528 RecordLayer.cpp:82] Received handshake message ClientHello
I1223 18:33:24.619956 11528 ServerHandshake.cpp:167] ServerHandshake error fizz::FizzException: no psk modes
I1223 18:33:24.620002 11528 QuicTransportBase.cpp:1870] onNetworkData fizz::FizzException: no psk modes client CID=0000000000000001 server CID=400000ca5ee4c9f6 peer address=127.0.0.1:4987
I1223 18:33:24.620018 11528 QuicTransportBase.cpp:400] Stopping read looper due to immediate close client CID=0000000000000001 server CID=400000ca5ee4c9f6 peer address=127.0.0.1:4987
I1223 18:33:24.620025 11528 FunctionLooper.cpp:88] stop: ReadLooper
I1223 18:33:24.620043 11528 FunctionLooper.cpp:88] stop: PeekLooper
I1223 18:33:24.620048 11528 FunctionLooper.cpp:88] stop: WriteLooper
I1223 18:33:24.620056 11528 QuicTransportBase.cpp:2651] Clearing 0 peek callbacks
I1223 18:33:24.620064 11528 QuicTransportBase.cpp:852] Stopping read looper client CID=0000000000000001 server CID=400000ca5ee4c9f6 peer address=127.0.0.1:4987
I1223 18:33:24.620069 11528 FunctionLooper.cpp:88] stop: ReadLooper
I1223 18:33:24.620076 11528 QuicTransportBase.cpp:1196] Stopping peek looper client CID=0000000000000001 server CID=400000ca5ee4c9f6 peer address=127.0.0.1:4987
I1223 18:33:24.620082 11528 FunctionLooper.cpp:88] stop: PeekLooper
I1223 18:33:24.620088 11528 QuicTransportBase.cpp:1233] Server stopping write looper because conn closed client CID=0000000000000001 server CID=400000ca5ee4c9f6 peer address=127.0.0.1:4987
I1223 18:33:24.620095 11528 FunctionLooper.cpp:88] stop: WriteLooper
E1223 18:33:24.620102 11528 EchoHandler.h:53] Socket error=Crypto error: missing_extension
I1223 18:33:24.620122 11528 QuicTransportFunctions.cpp:1063] Server sent close packetNum=15052817 in space=InitialSpace client CID=0000000000000001 server CID=400000ca5ee4c9f6 peer address=127.0.0.1:4987
I1223 18:33:24.620146 11528 LogQuicStats.h:144] server onWrite size=83
I1223 18:33:24.620157 11528 QuicTransportBase.cpp:852] Stopping read looper client CID=0000000000000001 server CID=400000ca5ee4c9f6 peer address=127.0.0.1:4987
I1223 18:33:24.620164 11528 FunctionLooper.cpp:88] stop: ReadLooper
I1223 18:33:24.620170 11528 QuicTransportBase.cpp:1196] Stopping peek looper client CID=0000000000000001 server CID=400000ca5ee4c9f6 peer address=127.0.0.1:4987
I1223 18:33:24.620177 11528 FunctionLooper.cpp:88] stop: PeekLooper
I1223 18:33:24.620182 11528 QuicTransportBase.cpp:1233] Server stopping write looper because conn closed client CID=0000000000000001 server CID=400000ca5ee4c9f6 peer address=127.0.0.1:4987
I1223 18:33:24.620189 11528 FunctionLooper.cpp:88] stop: WriteLooper
*** Aborted at 1640284404 (Unix time, try 'date -d @1640284404') ***
*** Signal 15 (SIGTERM) (0x2cff) received by PID 11522 (pthread TID 0x7fe13cfebec0) (linux TID 11522) (maybe from PID 11519, UID 0) (code: 0), stack trace: ***
(error retrieving stack trace)
