I1223 18:33:24.715636 11562 EventBase.cpp:308] EventBase(): Starting loop.
I1223 18:33:24.715799 11563 EventBase.cpp:308] EventBase(): Starting loop.
I1223 18:33:24.719735 11564 EventBase.cpp:308] EventBase(): Starting loop.
I1223 18:33:24.719904 11565 EventBase.cpp:308] EventBase(): Starting loop.
I1223 18:33:24.723582 11566 EventBase.cpp:308] EventBase(): Starting loop.
I1223 18:33:24.727260 11567 EventBase.cpp:308] EventBase(): Starting loop.
I1223 18:33:24.727401 11562 QuicServer.cpp:268] No valid takenover fd found for address=127.0.0.1:4443. binding on worker=0x56099f36f040 workerId=0 processId=0
I1223 18:33:24.727604 11563 QuicServer.cpp:268] No valid takenover fd found for address=127.0.0.1:4443. binding on worker=0x56099f36f680 workerId=1 processId=0
I1223 18:33:24.727730 11564 QuicServer.cpp:268] No valid takenover fd found for address=127.0.0.1:4443. binding on worker=0x56099f36fb30 workerId=2 processId=0
I1223 18:33:24.727777 11565 QuicServer.cpp:268] No valid takenover fd found for address=127.0.0.1:4443. binding on worker=0x56099f370010 workerId=3 processId=0
I1223 18:33:24.727885 11566 QuicServer.cpp:268] No valid takenover fd found for address=127.0.0.1:4443. binding on worker=0x56099f3704f0 workerId=4 processId=0
I1223 18:33:24.728060 11567 QuicServer.cpp:268] No valid takenover fd found for address=127.0.0.1:4443. binding on worker=0x56099f3709f0 workerId=5 processId=0
I1223 18:33:24.728091 11567 QuicServer.cpp:295] Initialized all workers in the eventbase
I1223 18:33:24.728204 11559 EchoServer.h:90] Echo server started at: 127.0.0.1:4443
I1223 18:33:24.728222 11559 EventBase.cpp:308] EventBase(): Starting loop.
I1223 18:33:24.728266 11565 QuicServerWorker.cpp:134] Registered read on worker=0x56099f370010, thread=139880053769984, processId=0
I1223 18:33:24.728269 11562 QuicServerWorker.cpp:134] Registered read on worker=0x56099f36f040, thread=139880078948096, processId=0
I1223 18:33:24.728283 11563 QuicServerWorker.cpp:134] Registered read on worker=0x56099f36f680, thread=139880070555392, processId=0
I1223 18:33:24.728298 11564 QuicServerWorker.cpp:134] Registered read on worker=0x56099f36fb30, thread=139880062162688, processId=0
I1223 18:33:24.728312 11567 QuicServerWorker.cpp:134] Registered read on worker=0x56099f3709f0, thread=139879828678400, processId=0
I1223 18:33:24.728287 11566 QuicServerWorker.cpp:134] Registered read on worker=0x56099f3704f0, thread=139879837071104, processId=0
I1223 18:33:30.429642 11565 QuicServerWorker.cpp:227] Worker=0x56099f370010, Received data on thread=139880053769984, processId=0
I1223 18:33:30.429675 11565 LogQuicStats.h:24] server onPacketReceived
I1223 18:33:30.429683 11565 LogQuicStats.h:140] server onRead size=1232
I1223 18:33:30.429699 11565 LogQuicStats.h:76] server onClientInitialReceived, version: QUIC_DRAFT
I1223 18:33:30.429710 11565 QuicServerWorker.cpp:545] Creating new connection for client=127.0.0.1:4987, routingInfo=CID=0000000000000002, cidVersion=1, workerId=3, processId=0, hostId=0, threadId=139880053769984, 
I1223 18:33:30.429857 11565 LogQuicStats.h:118] server onStatelessReset
I1223 18:33:30.429890 11565 StateMachine-inl.h:41] Transition from Uninitialized to ExpectingClientHello
I1223 18:33:30.429962 11565 LogQuicStats.h:32] server onOutOfOrderPacketReceived
I1223 18:33:30.429972 11565 ServerStateMachine.cpp:952] Server received crypto data offset=0 len=391 currentReadOffset=0 client CID=0000000000000001 server CID=400000c81be087f4 peer address=127.0.0.1:4987
I1223 18:33:30.429989 11565 RecordLayer.cpp:82] Received handshake message ClientHello
I1223 18:33:30.430097 11565 ServerHandshake.cpp:167] ServerHandshake error fizz::FizzException: no psk modes
I1223 18:33:30.430146 11565 QuicTransportBase.cpp:1870] onNetworkData fizz::FizzException: no psk modes client CID=0000000000000001 server CID=400000c81be087f4 peer address=127.0.0.1:4987
I1223 18:33:30.430161 11565 QuicTransportBase.cpp:400] Stopping read looper due to immediate close client CID=0000000000000001 server CID=400000c81be087f4 peer address=127.0.0.1:4987
I1223 18:33:30.430171 11565 FunctionLooper.cpp:88] stop: ReadLooper
I1223 18:33:30.430184 11565 FunctionLooper.cpp:88] stop: PeekLooper
I1223 18:33:30.430191 11565 FunctionLooper.cpp:88] stop: WriteLooper
I1223 18:33:30.430198 11565 QuicTransportBase.cpp:2651] Clearing 0 peek callbacks
I1223 18:33:30.430205 11565 QuicTransportBase.cpp:852] Stopping read looper client CID=0000000000000001 server CID=400000c81be087f4 peer address=127.0.0.1:4987
I1223 18:33:30.430213 11565 FunctionLooper.cpp:88] stop: ReadLooper
I1223 18:33:30.430219 11565 QuicTransportBase.cpp:1196] Stopping peek looper client CID=0000000000000001 server CID=400000c81be087f4 peer address=127.0.0.1:4987
I1223 18:33:30.430227 11565 FunctionLooper.cpp:88] stop: PeekLooper
I1223 18:33:30.430233 11565 QuicTransportBase.cpp:1233] Server stopping write looper because conn closed client CID=0000000000000001 server CID=400000c81be087f4 peer address=127.0.0.1:4987
I1223 18:33:30.430240 11565 FunctionLooper.cpp:88] stop: WriteLooper
E1223 18:33:30.430248 11565 EchoHandler.h:53] Socket error=Crypto error: missing_extension
I1223 18:33:30.430269 11565 QuicTransportFunctions.cpp:1063] Server sent close packetNum=6467943 in space=InitialSpace client CID=0000000000000001 server CID=400000c81be087f4 peer address=127.0.0.1:4987
I1223 18:33:30.430295 11565 LogQuicStats.h:144] server onWrite size=82
I1223 18:33:30.430306 11565 QuicTransportBase.cpp:852] Stopping read looper client CID=0000000000000001 server CID=400000c81be087f4 peer address=127.0.0.1:4987
I1223 18:33:30.430315 11565 FunctionLooper.cpp:88] stop: ReadLooper
I1223 18:33:30.430320 11565 QuicTransportBase.cpp:1196] Stopping peek looper client CID=0000000000000001 server CID=400000c81be087f4 peer address=127.0.0.1:4987
I1223 18:33:30.430327 11565 FunctionLooper.cpp:88] stop: PeekLooper
I1223 18:33:30.430335 11565 QuicTransportBase.cpp:1233] Server stopping write looper because conn closed client CID=0000000000000001 server CID=400000c81be087f4 peer address=127.0.0.1:4987
I1223 18:33:30.430341 11565 FunctionLooper.cpp:88] stop: WriteLooper
*** Aborted at 1640284410 (Unix time, try 'date -d @1640284410') ***
*** Signal 15 (SIGTERM) (0x2d24) received by PID 11559 (pthread TID 0x7f3861b59ec0) (linux TID 11559) (maybe from PID 11556, UID 0) (code: 0), stack trace: ***
(error retrieving stack trace)
