I1223 18:31:31.044394 10822 EventBase.cpp:308] EventBase(): Starting loop.
I1223 18:31:31.046829 10823 EventBase.cpp:308] EventBase(): Starting loop.
I1223 18:31:31.046991 10824 EventBase.cpp:308] EventBase(): Starting loop.
I1223 18:31:31.051301 10825 EventBase.cpp:308] EventBase(): Starting loop.
I1223 18:31:31.051848 10826 EventBase.cpp:308] EventBase(): Starting loop.
I1223 18:31:31.055255 10827 EventBase.cpp:308] EventBase(): Starting loop.
I1223 18:31:31.055440 10822 QuicServer.cpp:268] No valid takenover fd found for address=127.0.0.1:4443. binding on worker=0x55c88e302040 workerId=0 processId=0
I1223 18:31:31.055635 10823 QuicServer.cpp:268] No valid takenover fd found for address=127.0.0.1:4443. binding on worker=0x55c88e302680 workerId=1 processId=0
I1223 18:31:31.055764 10824 QuicServer.cpp:268] No valid takenover fd found for address=127.0.0.1:4443. binding on worker=0x55c88e302b30 workerId=2 processId=0
I1223 18:31:31.055953 10825 QuicServer.cpp:268] No valid takenover fd found for address=127.0.0.1:4443. binding on worker=0x55c88e303010 workerId=3 processId=0
I1223 18:31:31.056113 10826 QuicServer.cpp:268] No valid takenover fd found for address=127.0.0.1:4443. binding on worker=0x55c88e3034f0 workerId=4 processId=0
I1223 18:31:31.056273 10827 QuicServer.cpp:268] No valid takenover fd found for address=127.0.0.1:4443. binding on worker=0x55c88e3039f0 workerId=5 processId=0
I1223 18:31:31.056301 10827 QuicServer.cpp:295] Initialized all workers in the eventbase
I1223 18:31:31.056403 10819 EchoServer.h:90] Echo server started at: 127.0.0.1:4443
I1223 18:31:31.056450 10819 EventBase.cpp:308] EventBase(): Starting loop.
I1223 18:31:31.056519 10825 QuicServerWorker.cpp:134] Registered read on worker=0x55c88e303010, thread=140643363370752, processId=0
I1223 18:31:31.056550 10826 QuicServerWorker.cpp:134] Registered read on worker=0x55c88e3034f0, thread=140643354978048, processId=0
I1223 18:31:31.056578 10823 QuicServerWorker.cpp:134] Registered read on worker=0x55c88e302680, thread=140643380156160, processId=0
I1223 18:31:31.056607 10827 QuicServerWorker.cpp:134] Registered read on worker=0x55c88e3039f0, thread=140643346585344, processId=0
I1223 18:31:31.056527 10824 QuicServerWorker.cpp:134] Registered read on worker=0x55c88e302b30, thread=140643371763456, processId=0
I1223 18:31:31.056520 10822 QuicServerWorker.cpp:134] Registered read on worker=0x55c88e302040, thread=140643388548864, processId=0
I1223 18:31:36.669684 10825 QuicServerWorker.cpp:227] Worker=0x55c88e303010, Received data on thread=140643363370752, processId=0
I1223 18:31:36.669716 10825 LogQuicStats.h:24] server onPacketReceived
I1223 18:31:36.669724 10825 LogQuicStats.h:140] server onRead size=1232
I1223 18:31:36.669739 10825 LogQuicStats.h:76] server onClientInitialReceived, version: QUIC_DRAFT
I1223 18:31:36.669751 10825 QuicServerWorker.cpp:545] Creating new connection for client=127.0.0.1:4987, routingInfo=CID=0000000000000002, cidVersion=1, workerId=3, processId=0, hostId=0, threadId=140643363370752, 
I1223 18:31:36.669859 10825 LogQuicStats.h:118] server onStatelessReset
I1223 18:31:36.669888 10825 StateMachine-inl.h:41] Transition from Uninitialized to ExpectingClientHello
I1223 18:31:36.669970 10825 LogQuicStats.h:32] server onOutOfOrderPacketReceived
I1223 18:31:36.669979 10825 ServerStateMachine.cpp:952] Server received crypto data offset=0 len=389 currentReadOffset=0 client CID=0000000000000001 server CID=400000cd9672d3cb peer address=127.0.0.1:4987
I1223 18:31:36.669999 10825 RecordLayer.cpp:82] Received handshake message ClientHello
I1223 18:31:36.670099 10825 ServerHandshake.cpp:167] ServerHandshake error fizz::FizzException: no psk modes
I1223 18:31:36.670146 10825 QuicTransportBase.cpp:1870] onNetworkData fizz::FizzException: no psk modes client CID=0000000000000001 server CID=400000cd9672d3cb peer address=127.0.0.1:4987
I1223 18:31:36.670161 10825 QuicTransportBase.cpp:400] Stopping read looper due to immediate close client CID=0000000000000001 server CID=400000cd9672d3cb peer address=127.0.0.1:4987
I1223 18:31:36.670169 10825 FunctionLooper.cpp:88] stop: ReadLooper
I1223 18:31:36.670184 10825 FunctionLooper.cpp:88] stop: PeekLooper
I1223 18:31:36.670190 10825 FunctionLooper.cpp:88] stop: WriteLooper
I1223 18:31:36.670202 10825 QuicTransportBase.cpp:2651] Clearing 0 peek callbacks
I1223 18:31:36.670208 10825 QuicTransportBase.cpp:852] Stopping read looper client CID=0000000000000001 server CID=400000cd9672d3cb peer address=127.0.0.1:4987
I1223 18:31:36.670215 10825 FunctionLooper.cpp:88] stop: ReadLooper
I1223 18:31:36.670222 10825 QuicTransportBase.cpp:1196] Stopping peek looper client CID=0000000000000001 server CID=400000cd9672d3cb peer address=127.0.0.1:4987
I1223 18:31:36.670228 10825 FunctionLooper.cpp:88] stop: PeekLooper
I1223 18:31:36.670235 10825 QuicTransportBase.cpp:1233] Server stopping write looper because conn closed client CID=0000000000000001 server CID=400000cd9672d3cb peer address=127.0.0.1:4987
I1223 18:31:36.670241 10825 FunctionLooper.cpp:88] stop: WriteLooper
E1223 18:31:36.670248 10825 EchoHandler.h:53] Socket error=Crypto error: missing_extension
I1223 18:31:36.670269 10825 QuicTransportFunctions.cpp:1063] Server sent close packetNum=15195477 in space=InitialSpace client CID=0000000000000001 server CID=400000cd9672d3cb peer address=127.0.0.1:4987
I1223 18:31:36.670292 10825 LogQuicStats.h:144] server onWrite size=83
I1223 18:31:36.670302 10825 QuicTransportBase.cpp:852] Stopping read looper client CID=0000000000000001 server CID=400000cd9672d3cb peer address=127.0.0.1:4987
I1223 18:31:36.670310 10825 FunctionLooper.cpp:88] stop: ReadLooper
I1223 18:31:36.670316 10825 QuicTransportBase.cpp:1196] Stopping peek looper client CID=0000000000000001 server CID=400000cd9672d3cb peer address=127.0.0.1:4987
I1223 18:31:36.670323 10825 FunctionLooper.cpp:88] stop: PeekLooper
I1223 18:31:36.670328 10825 QuicTransportBase.cpp:1233] Server stopping write looper because conn closed client CID=0000000000000001 server CID=400000cd9672d3cb peer address=127.0.0.1:4987
I1223 18:31:36.670336 10825 FunctionLooper.cpp:88] stop: WriteLooper
*** Aborted at 1640284296 (Unix time, try 'date -d @1640284296') ***
*** Signal 15 (SIGTERM) (0x2a40) received by PID 10819 (pthread TID 0x7fea1a81cec0) (linux TID 10819) (maybe from PID 10816, UID 0) (code: 0), stack trace: ***
(error retrieving stack trace)
