I1223 18:27:30.561246  9268 EventBase.cpp:308] EventBase(): Starting loop.
I1223 18:27:30.563277  9269 EventBase.cpp:308] EventBase(): Starting loop.
I1223 18:27:30.563432  9270 EventBase.cpp:308] EventBase(): Starting loop.
I1223 18:27:30.563550  9271 EventBase.cpp:308] EventBase(): Starting loop.
I1223 18:27:30.567199  9272 EventBase.cpp:308] EventBase(): Starting loop.
I1223 18:27:30.568955  9273 EventBase.cpp:308] EventBase(): Starting loop.
I1223 18:27:30.569069  9268 QuicServer.cpp:268] No valid takenover fd found for address=127.0.0.1:4443. binding on worker=0x55e60a9ee040 workerId=0 processId=0
I1223 18:27:30.569253  9269 QuicServer.cpp:268] No valid takenover fd found for address=127.0.0.1:4443. binding on worker=0x55e60a9ee680 workerId=1 processId=0
I1223 18:27:30.569413  9270 QuicServer.cpp:268] No valid takenover fd found for address=127.0.0.1:4443. binding on worker=0x55e60a9eeb30 workerId=2 processId=0
I1223 18:27:30.569514  9271 QuicServer.cpp:268] No valid takenover fd found for address=127.0.0.1:4443. binding on worker=0x55e60a9ef010 workerId=3 processId=0
I1223 18:27:30.569558  9272 QuicServer.cpp:268] No valid takenover fd found for address=127.0.0.1:4443. binding on worker=0x55e60a9ef4f0 workerId=4 processId=0
I1223 18:27:30.569645  9273 QuicServer.cpp:268] No valid takenover fd found for address=127.0.0.1:4443. binding on worker=0x55e60a9ef9f0 workerId=5 processId=0
I1223 18:27:30.569675  9273 QuicServer.cpp:295] Initialized all workers in the eventbase
I1223 18:27:30.569815  9271 QuicServerWorker.cpp:134] Registered read on worker=0x55e60a9ef010, thread=139992496068352, processId=0
I1223 18:27:30.569835  9268 QuicServerWorker.cpp:134] Registered read on worker=0x55e60a9ee040, thread=139992596711168, processId=0
I1223 18:27:30.569869  9273 QuicServerWorker.cpp:134] Registered read on worker=0x55e60a9ef9f0, thread=139992479282944, processId=0
I1223 18:27:30.569871  9270 QuicServerWorker.cpp:134] Registered read on worker=0x55e60a9eeb30, thread=139992504461056, processId=0
I1223 18:27:30.569895  9272 QuicServerWorker.cpp:134] Registered read on worker=0x55e60a9ef4f0, thread=139992487675648, processId=0
I1223 18:27:30.569845  9265 EchoServer.h:90] Echo server started at: 127.0.0.1:4443
I1223 18:27:30.569872  9269 QuicServerWorker.cpp:134] Registered read on worker=0x55e60a9ee680, thread=139992512853760, processId=0
I1223 18:27:30.569927  9265 EventBase.cpp:308] EventBase(): Starting loop.
I1223 18:27:36.191924  9271 QuicServerWorker.cpp:227] Worker=0x55e60a9ef010, Received data on thread=139992496068352, processId=0
I1223 18:27:36.191956  9271 LogQuicStats.h:24] server onPacketReceived
I1223 18:27:36.191964  9271 LogQuicStats.h:140] server onRead size=1232
I1223 18:27:36.191978  9271 LogQuicStats.h:76] server onClientInitialReceived, version: QUIC_DRAFT
I1223 18:27:36.191989  9271 QuicServerWorker.cpp:545] Creating new connection for client=127.0.0.1:4987, routingInfo=CID=0000000000000002, cidVersion=1, workerId=3, processId=0, hostId=0, threadId=139992496068352, 
I1223 18:27:36.192096  9271 LogQuicStats.h:118] server onStatelessReset
I1223 18:27:36.192126  9271 StateMachine-inl.h:41] Transition from Uninitialized to ExpectingClientHello
I1223 18:27:36.192191  9271 LogQuicStats.h:32] server onOutOfOrderPacketReceived
I1223 18:27:36.192200  9271 ServerStateMachine.cpp:952] Server received crypto data offset=0 len=389 currentReadOffset=0 client CID=0000000000000001 server CID=400000cc385320dd peer address=127.0.0.1:4987
I1223 18:27:36.192238  9271 RecordLayer.cpp:82] Received handshake message ClientHello
I1223 18:27:36.192342  9271 ServerHandshake.cpp:167] ServerHandshake error fizz::FizzException: no psk modes
I1223 18:27:36.192389  9271 QuicTransportBase.cpp:1870] onNetworkData fizz::FizzException: no psk modes client CID=0000000000000001 server CID=400000cc385320dd peer address=127.0.0.1:4987
I1223 18:27:36.192404  9271 QuicTransportBase.cpp:400] Stopping read looper due to immediate close client CID=0000000000000001 server CID=400000cc385320dd peer address=127.0.0.1:4987
I1223 18:27:36.192412  9271 FunctionLooper.cpp:88] stop: ReadLooper
I1223 18:27:36.192427  9271 FunctionLooper.cpp:88] stop: PeekLooper
I1223 18:27:36.192435  9271 FunctionLooper.cpp:88] stop: WriteLooper
I1223 18:27:36.192445  9271 QuicTransportBase.cpp:2651] Clearing 0 peek callbacks
I1223 18:27:36.192452  9271 QuicTransportBase.cpp:852] Stopping read looper client CID=0000000000000001 server CID=400000cc385320dd peer address=127.0.0.1:4987
I1223 18:27:36.192459  9271 FunctionLooper.cpp:88] stop: ReadLooper
I1223 18:27:36.192466  9271 QuicTransportBase.cpp:1196] Stopping peek looper client CID=0000000000000001 server CID=400000cc385320dd peer address=127.0.0.1:4987
I1223 18:27:36.192472  9271 FunctionLooper.cpp:88] stop: PeekLooper
I1223 18:27:36.192478  9271 QuicTransportBase.cpp:1233] Server stopping write looper because conn closed client CID=0000000000000001 server CID=400000cc385320dd peer address=127.0.0.1:4987
I1223 18:27:36.192485  9271 FunctionLooper.cpp:88] stop: WriteLooper
E1223 18:27:36.192492  9271 EchoHandler.h:53] Socket error=Crypto error: missing_extension
I1223 18:27:36.192513  9271 QuicTransportFunctions.cpp:1063] Server sent close packetNum=10368050 in space=InitialSpace client CID=0000000000000001 server CID=400000cc385320dd peer address=127.0.0.1:4987
I1223 18:27:36.192545  9271 LogQuicStats.h:144] server onWrite size=83
I1223 18:27:36.192557  9271 QuicTransportBase.cpp:852] Stopping read looper client CID=0000000000000001 server CID=400000cc385320dd peer address=127.0.0.1:4987
I1223 18:27:36.192565  9271 FunctionLooper.cpp:88] stop: ReadLooper
I1223 18:27:36.192571  9271 QuicTransportBase.cpp:1196] Stopping peek looper client CID=0000000000000001 server CID=400000cc385320dd peer address=127.0.0.1:4987
I1223 18:27:36.192579  9271 FunctionLooper.cpp:88] stop: PeekLooper
I1223 18:27:36.192584  9271 QuicTransportBase.cpp:1233] Server stopping write looper because conn closed client CID=0000000000000001 server CID=400000cc385320dd peer address=127.0.0.1:4987
I1223 18:27:36.192590  9271 FunctionLooper.cpp:88] stop: WriteLooper
*** Aborted at 1640284056 (Unix time, try 'date -d @1640284056') ***
*** Signal 15 (SIGTERM) (0x242e) received by PID 9265 (pthread TID 0x7f52944a6ec0) (linux TID 9265) (maybe from PID 9262, UID 0) (code: 0), stack trace: ***
(error retrieving stack trace)
