I1224 00:20:35.787101  5062 EventBase.cpp:308] EventBase(): Starting loop.
I1224 00:20:35.787832  5063 EventBase.cpp:308] EventBase(): Starting loop.
I1224 00:20:35.791026  5064 EventBase.cpp:308] EventBase(): Starting loop.
I1224 00:20:35.791538  5065 EventBase.cpp:308] EventBase(): Starting loop.
I1224 00:20:35.795006  5066 EventBase.cpp:308] EventBase(): Starting loop.
I1224 00:20:35.798663  5067 EventBase.cpp:308] EventBase(): Starting loop.
I1224 00:20:35.798996  5062 QuicServer.cpp:268] No valid takenover fd found for address=127.0.0.1:4443. binding on worker=0x55e5ad4c9ec0 workerId=0 processId=0
I1224 00:20:35.799253  5063 QuicServer.cpp:268] No valid takenover fd found for address=127.0.0.1:4443. binding on worker=0x55e5ad4ca500 workerId=1 processId=0
I1224 00:20:35.799574  5064 QuicServer.cpp:268] No valid takenover fd found for address=127.0.0.1:4443. binding on worker=0x55e5ad4ca940 workerId=2 processId=0
I1224 00:20:35.799716  5065 QuicServer.cpp:268] No valid takenover fd found for address=127.0.0.1:4443. binding on worker=0x55e5ad4cae20 workerId=3 processId=0
I1224 00:20:35.799760  5066 QuicServer.cpp:268] No valid takenover fd found for address=127.0.0.1:4443. binding on worker=0x55e5ad4cb300 workerId=4 processId=0
I1224 00:20:35.799813  5067 QuicServer.cpp:268] No valid takenover fd found for address=127.0.0.1:4443. binding on worker=0x55e5ad4cb800 workerId=5 processId=0
I1224 00:20:35.799841  5067 QuicServer.cpp:295] Initialized all workers in the eventbase
I1224 00:20:35.799939  5059 EchoServer.h:90] Echo server started at: 127.0.0.1:4443
I1224 00:20:35.799985  5059 EventBase.cpp:308] EventBase(): Starting loop.
I1224 00:20:35.800009  5067 QuicServerWorker.cpp:134] Registered read on worker=0x55e5ad4cb800, thread=139889836291840, processId=0
I1224 00:20:35.800026  5066 QuicServerWorker.cpp:134] Registered read on worker=0x55e5ad4cb300, thread=139890182268672, processId=0
I1224 00:20:35.800027  5062 QuicServerWorker.cpp:134] Registered read on worker=0x55e5ad4c9ec0, thread=139890215839488, processId=0
I1224 00:20:35.800038  5063 QuicServerWorker.cpp:134] Registered read on worker=0x55e5ad4ca500, thread=139890207446784, processId=0
I1224 00:20:35.800052  5065 QuicServerWorker.cpp:134] Registered read on worker=0x55e5ad4cae20, thread=139890190661376, processId=0
I1224 00:20:35.800078  5064 QuicServerWorker.cpp:134] Registered read on worker=0x55e5ad4ca940, thread=139890199054080, processId=0
I1224 00:20:41.177626  5065 QuicServerWorker.cpp:227] Worker=0x55e5ad4cae20, Received data on thread=139890190661376, processId=0
I1224 00:20:41.177654  5065 LogQuicStats.h:24] server onPacketReceived
I1224 00:20:41.177660  5065 LogQuicStats.h:140] server onRead size=1232
W1224 00:20:41.177680  5065 Types.cpp:447] toString has unhandled version type
I1224 00:20:41.177675  5065 LogQuicStats.h:76] server onClientInitialReceived, version: UNKNOWN
I1224 00:20:41.177695  5065 QuicServerWorker.cpp:208] Version negotiation sent to client=127.0.0.1:4987
I1224 00:20:41.177704  5065 LogQuicStats.h:144] server onWrite size=43
I1224 00:20:41.177711  5065 LogQuicStats.h:36] server onPacketProcessed
I1224 00:20:41.177716  5065 LogQuicStats.h:40] server onPacketSent
I1224 00:20:41.337795  5065 QuicServerWorker.cpp:227] Worker=0x55e5ad4cae20, Received data on thread=139890190661376, processId=0
I1224 00:20:41.337823  5065 LogQuicStats.h:24] server onPacketReceived
I1224 00:20:41.337831  5065 LogQuicStats.h:140] server onRead size=1232
I1224 00:20:41.337837  5065 LogQuicStats.h:76] server onClientInitialReceived, version: QUIC_DRAFT
I1224 00:20:41.337847  5065 QuicServerWorker.cpp:545] Creating new connection for client=127.0.0.1:4987, routingInfo=CID=0000000000000000, cidVersion=1, workerId=3, processId=0, hostId=0, threadId=139890190661376, 
I1224 00:20:41.337957  5065 LogQuicStats.h:118] server onStatelessReset
I1224 00:20:41.337985  5065 StateMachine-inl.h:41] Transition from Uninitialized to ExpectingClientHello
I1224 00:20:41.338052  5065 LogQuicStats.h:32] server onOutOfOrderPacketReceived
I1224 00:20:41.338060  5065 ServerStateMachine.cpp:952] Server received crypto data offset=0 len=391 currentReadOffset=0 client CID=0000000000000003 server CID=400000ca2ac963e0 peer address=127.0.0.1:4987
I1224 00:20:41.338081  5065 RecordLayer.cpp:82] Received handshake message ClientHello
I1224 00:20:41.338171  5065 ServerHandshake.cpp:167] ServerHandshake error fizz::FizzException: no psk modes
I1224 00:20:41.338212  5065 QuicTransportBase.cpp:1870] onNetworkData fizz::FizzException: no psk modes client CID=0000000000000003 server CID=400000ca2ac963e0 peer address=127.0.0.1:4987
I1224 00:20:41.338225  5065 QuicTransportBase.cpp:400] Stopping read looper due to immediate close client CID=0000000000000003 server CID=400000ca2ac963e0 peer address=127.0.0.1:4987
I1224 00:20:41.338233  5065 FunctionLooper.cpp:88] stop: ReadLooper
I1224 00:20:41.338239  5065 FunctionLooper.cpp:88] stop: PeekLooper
I1224 00:20:41.338244  5065 FunctionLooper.cpp:88] stop: WriteLooper
I1224 00:20:41.338251  5065 QuicTransportBase.cpp:2651] Clearing 0 peek callbacks
I1224 00:20:41.338258  5065 QuicTransportBase.cpp:852] Stopping read looper client CID=0000000000000003 server CID=400000ca2ac963e0 peer address=127.0.0.1:4987
I1224 00:20:41.338264  5065 FunctionLooper.cpp:88] stop: ReadLooper
I1224 00:20:41.338270  5065 QuicTransportBase.cpp:1196] Stopping peek looper client CID=0000000000000003 server CID=400000ca2ac963e0 peer address=127.0.0.1:4987
I1224 00:20:41.338276  5065 FunctionLooper.cpp:88] stop: PeekLooper
I1224 00:20:41.338282  5065 QuicTransportBase.cpp:1233] Server stopping write looper because conn closed client CID=0000000000000003 server CID=400000ca2ac963e0 peer address=127.0.0.1:4987
I1224 00:20:41.338289  5065 FunctionLooper.cpp:88] stop: WriteLooper
E1224 00:20:41.338296  5065 EchoHandler.h:53] Socket error=Crypto error: missing_extension
I1224 00:20:41.338315  5065 QuicTransportFunctions.cpp:1063] Server sent close packetNum=5334349 in space=InitialSpace client CID=0000000000000003 server CID=400000ca2ac963e0 peer address=127.0.0.1:4987
I1224 00:20:41.338347  5065 LogQuicStats.h:144] server onWrite size=82
I1224 00:20:41.338358  5065 QuicTransportBase.cpp:852] Stopping read looper client CID=0000000000000003 server CID=400000ca2ac963e0 peer address=127.0.0.1:4987
I1224 00:20:41.338366  5065 FunctionLooper.cpp:88] stop: ReadLooper
I1224 00:20:41.338371  5065 QuicTransportBase.cpp:1196] Stopping peek looper client CID=0000000000000003 server CID=400000ca2ac963e0 peer address=127.0.0.1:4987
I1224 00:20:41.338378  5065 FunctionLooper.cpp:88] stop: PeekLooper
I1224 00:20:41.338405  5065 QuicTransportBase.cpp:1233] Server stopping write looper because conn closed client CID=0000000000000003 server CID=400000ca2ac963e0 peer address=127.0.0.1:4987
I1224 00:20:41.338413  5065 FunctionLooper.cpp:88] stop: WriteLooper
*** Aborted at 1640305241 (Unix time, try 'date -d @1640305241') ***
*** Signal 15 (SIGTERM) (0x13c0) received by PID 5059 (pthread TID 0x7f3abdea4ec0) (linux TID 5059) (maybe from PID 5056, UID 0) (code: 0), stack trace: ***
(error retrieving stack trace)
