I1223 18:28:27.947209  9638 EventBase.cpp:308] EventBase(): Starting loop.
I1223 18:28:27.947429  9639 EventBase.cpp:308] EventBase(): Starting loop.
I1223 18:28:27.947562  9640 EventBase.cpp:308] EventBase(): Starting loop.
I1223 18:28:27.947679  9641 EventBase.cpp:308] EventBase(): Starting loop.
I1223 18:28:27.947801  9642 EventBase.cpp:308] EventBase(): Starting loop.
I1223 18:28:27.947926  9643 EventBase.cpp:308] EventBase(): Starting loop.
I1223 18:28:27.948093  9638 QuicServer.cpp:268] No valid takenover fd found for address=127.0.0.1:4443. binding on worker=0x5574f7b05040 workerId=0 processId=0
I1223 18:28:27.948308  9639 QuicServer.cpp:268] No valid takenover fd found for address=127.0.0.1:4443. binding on worker=0x5574f7b05680 workerId=1 processId=0
I1223 18:28:27.948465  9640 QuicServer.cpp:268] No valid takenover fd found for address=127.0.0.1:4443. binding on worker=0x5574f7b05b30 workerId=2 processId=0
I1223 18:28:27.948621  9641 QuicServer.cpp:268] No valid takenover fd found for address=127.0.0.1:4443. binding on worker=0x5574f7b06010 workerId=3 processId=0
I1223 18:28:27.948776  9642 QuicServer.cpp:268] No valid takenover fd found for address=127.0.0.1:4443. binding on worker=0x5574f7b064f0 workerId=4 processId=0
I1223 18:28:27.948935  9643 QuicServer.cpp:268] No valid takenover fd found for address=127.0.0.1:4443. binding on worker=0x5574f7b069f0 workerId=5 processId=0
I1223 18:28:27.948961  9643 QuicServer.cpp:295] Initialized all workers in the eventbase
I1223 18:28:27.949071  9635 EchoServer.h:90] Echo server started at: 127.0.0.1:4443
I1223 18:28:27.949121  9635 EventBase.cpp:308] EventBase(): Starting loop.
I1223 18:28:27.949160  9638 QuicServerWorker.cpp:134] Registered read on worker=0x5574f7b05040, thread=140102617696000, processId=0
I1223 18:28:27.949174  9642 QuicServerWorker.cpp:134] Registered read on worker=0x5574f7b064f0, thread=140102584125184, processId=0
I1223 18:28:27.949234  9641 QuicServerWorker.cpp:134] Registered read on worker=0x5574f7b06010, thread=140102592517888, processId=0
I1223 18:28:27.949182  9639 QuicServerWorker.cpp:134] Registered read on worker=0x5574f7b05680, thread=140102609303296, processId=0
I1223 18:28:27.949273  9643 QuicServerWorker.cpp:134] Registered read on worker=0x5574f7b069f0, thread=140102235846400, processId=0
I1223 18:28:27.949301  9640 QuicServerWorker.cpp:134] Registered read on worker=0x5574f7b05b30, thread=140102600910592, processId=0
I1223 18:28:33.687065  9641 QuicServerWorker.cpp:227] Worker=0x5574f7b06010, Received data on thread=140102592517888, processId=0
I1223 18:28:33.687095  9641 LogQuicStats.h:24] server onPacketReceived
I1223 18:28:33.687103  9641 LogQuicStats.h:140] server onRead size=1232
I1223 18:28:33.687119  9641 LogQuicStats.h:76] server onClientInitialReceived, version: QUIC_DRAFT
I1223 18:28:33.687130  9641 QuicServerWorker.cpp:545] Creating new connection for client=127.0.0.1:4987, routingInfo=CID=0000000000000002, cidVersion=1, workerId=3, processId=0, hostId=0, threadId=140102592517888, 
I1223 18:28:33.687240  9641 LogQuicStats.h:118] server onStatelessReset
I1223 18:28:33.687270  9641 StateMachine-inl.h:41] Transition from Uninitialized to ExpectingClientHello
I1223 18:28:33.687338  9641 LogQuicStats.h:32] server onOutOfOrderPacketReceived
I1223 18:28:33.687347  9641 ServerStateMachine.cpp:952] Server received crypto data offset=0 len=391 currentReadOffset=0 client CID=0000000000000001 server CID=400000dfe9d887fa peer address=127.0.0.1:4987
I1223 18:28:33.687368  9641 RecordLayer.cpp:82] Received handshake message ClientHello
I1223 18:28:33.687467  9641 ServerHandshake.cpp:167] ServerHandshake error fizz::FizzException: no psk modes
I1223 18:28:33.687512  9641 QuicTransportBase.cpp:1870] onNetworkData fizz::FizzException: no psk modes client CID=0000000000000001 server CID=400000dfe9d887fa peer address=127.0.0.1:4987
I1223 18:28:33.687526  9641 QuicTransportBase.cpp:400] Stopping read looper due to immediate close client CID=0000000000000001 server CID=400000dfe9d887fa peer address=127.0.0.1:4987
I1223 18:28:33.687536  9641 FunctionLooper.cpp:88] stop: ReadLooper
I1223 18:28:33.687551  9641 FunctionLooper.cpp:88] stop: PeekLooper
I1223 18:28:33.687556  9641 FunctionLooper.cpp:88] stop: WriteLooper
I1223 18:28:33.687568  9641 QuicTransportBase.cpp:2651] Clearing 0 peek callbacks
I1223 18:28:33.687575  9641 QuicTransportBase.cpp:852] Stopping read looper client CID=0000000000000001 server CID=400000dfe9d887fa peer address=127.0.0.1:4987
I1223 18:28:33.687583  9641 FunctionLooper.cpp:88] stop: ReadLooper
I1223 18:28:33.687589  9641 QuicTransportBase.cpp:1196] Stopping peek looper client CID=0000000000000001 server CID=400000dfe9d887fa peer address=127.0.0.1:4987
I1223 18:28:33.687597  9641 FunctionLooper.cpp:88] stop: PeekLooper
I1223 18:28:33.687602  9641 QuicTransportBase.cpp:1233] Server stopping write looper because conn closed client CID=0000000000000001 server CID=400000dfe9d887fa peer address=127.0.0.1:4987
I1223 18:28:33.687609  9641 FunctionLooper.cpp:88] stop: WriteLooper
E1223 18:28:33.687618  9641 EchoHandler.h:53] Socket error=Crypto error: missing_extension
I1223 18:28:33.687638  9641 QuicTransportFunctions.cpp:1063] Server sent close packetNum=10685333 in space=InitialSpace client CID=0000000000000001 server CID=400000dfe9d887fa peer address=127.0.0.1:4987
I1223 18:28:33.687670  9641 LogQuicStats.h:144] server onWrite size=83
I1223 18:28:33.687682  9641 QuicTransportBase.cpp:852] Stopping read looper client CID=0000000000000001 server CID=400000dfe9d887fa peer address=127.0.0.1:4987
I1223 18:28:33.687691  9641 FunctionLooper.cpp:88] stop: ReadLooper
I1223 18:28:33.687697  9641 QuicTransportBase.cpp:1196] Stopping peek looper client CID=0000000000000001 server CID=400000dfe9d887fa peer address=127.0.0.1:4987
I1223 18:28:33.687705  9641 FunctionLooper.cpp:88] stop: PeekLooper
I1223 18:28:33.687711  9641 QuicTransportBase.cpp:1233] Server stopping write looper because conn closed client CID=0000000000000001 server CID=400000dfe9d887fa peer address=127.0.0.1:4987
I1223 18:28:33.687717  9641 FunctionLooper.cpp:88] stop: WriteLooper
*** Aborted at 1640284113 (Unix time, try 'date -d @1640284113') ***
*** Signal 15 (SIGTERM) (0x25a0) received by PID 9635 (pthread TID 0x7f6c320d6ec0) (linux TID 9635) (maybe from PID 9632, UID 0) (code: 0), stack trace: ***
(error retrieving stack trace)
