I1223 18:33:13.323052 11488 EventBase.cpp:308] EventBase(): Starting loop.
I1223 18:33:13.324159 11489 EventBase.cpp:308] EventBase(): Starting loop.
I1223 18:33:13.324363 11490 EventBase.cpp:308] EventBase(): Starting loop.
I1223 18:33:13.324483 11491 EventBase.cpp:308] EventBase(): Starting loop.
I1223 18:33:13.324606 11492 EventBase.cpp:308] EventBase(): Starting loop.
I1223 18:33:13.324746 11493 EventBase.cpp:308] EventBase(): Starting loop.
I1223 18:33:13.324862 11488 QuicServer.cpp:268] No valid takenover fd found for address=127.0.0.1:4443. binding on worker=0x557c8f0f7040 workerId=0 processId=0
I1223 18:33:13.325035 11489 QuicServer.cpp:268] No valid takenover fd found for address=127.0.0.1:4443. binding on worker=0x557c8f0f7680 workerId=1 processId=0
I1223 18:33:13.325209 11490 QuicServer.cpp:268] No valid takenover fd found for address=127.0.0.1:4443. binding on worker=0x557c8f0f7b30 workerId=2 processId=0
I1223 18:33:13.325359 11491 QuicServer.cpp:268] No valid takenover fd found for address=127.0.0.1:4443. binding on worker=0x557c8f0f8010 workerId=3 processId=0
I1223 18:33:13.325516 11492 QuicServer.cpp:268] No valid takenover fd found for address=127.0.0.1:4443. binding on worker=0x557c8f0f84f0 workerId=4 processId=0
I1223 18:33:13.325671 11493 QuicServer.cpp:268] No valid takenover fd found for address=127.0.0.1:4443. binding on worker=0x557c8f0f89f0 workerId=5 processId=0
I1223 18:33:13.325700 11493 QuicServer.cpp:295] Initialized all workers in the eventbase
I1223 18:33:13.325791 11485 EchoServer.h:90] Echo server started at: 127.0.0.1:4443
I1223 18:33:13.325807 11485 EventBase.cpp:308] EventBase(): Starting loop.
I1223 18:33:13.325862 11492 QuicServerWorker.cpp:134] Registered read on worker=0x557c8f0f84f0, thread=139873426302720, processId=0
I1223 18:33:13.325881 11489 QuicServerWorker.cpp:134] Registered read on worker=0x557c8f0f7680, thread=139873451480832, processId=0
I1223 18:33:13.325902 11488 QuicServerWorker.cpp:134] Registered read on worker=0x557c8f0f7040, thread=139873459873536, processId=0
I1223 18:33:13.325883 11490 QuicServerWorker.cpp:134] Registered read on worker=0x557c8f0f7b30, thread=139873443088128, processId=0
I1223 18:33:13.325925 11491 QuicServerWorker.cpp:134] Registered read on worker=0x557c8f0f8010, thread=139873434695424, processId=0
I1223 18:33:13.325930 11493 QuicServerWorker.cpp:134] Registered read on worker=0x557c8f0f89f0, thread=139873417910016, processId=0
I1223 18:33:18.990037 11491 QuicServerWorker.cpp:227] Worker=0x557c8f0f8010, Received data on thread=139873434695424, processId=0
I1223 18:33:18.990068 11491 LogQuicStats.h:24] server onPacketReceived
I1223 18:33:18.990077 11491 LogQuicStats.h:140] server onRead size=1232
I1223 18:33:18.990093 11491 LogQuicStats.h:76] server onClientInitialReceived, version: QUIC_DRAFT
I1223 18:33:18.990104 11491 QuicServerWorker.cpp:545] Creating new connection for client=127.0.0.1:4987, routingInfo=CID=0000000000000002, cidVersion=1, workerId=3, processId=0, hostId=0, threadId=139873434695424, 
I1223 18:33:18.990211 11491 LogQuicStats.h:118] server onStatelessReset
I1223 18:33:18.990239 11491 StateMachine-inl.h:41] Transition from Uninitialized to ExpectingClientHello
I1223 18:33:18.990309 11491 LogQuicStats.h:32] server onOutOfOrderPacketReceived
I1223 18:33:18.990317 11491 ServerStateMachine.cpp:952] Server received crypto data offset=0 len=391 currentReadOffset=0 client CID=0000000000000001 server CID=400000cccd274619 peer address=127.0.0.1:4987
I1223 18:33:18.990334 11491 RecordLayer.cpp:82] Received handshake message ClientHello
I1223 18:33:18.990444 11491 ServerHandshake.cpp:167] ServerHandshake error fizz::FizzException: no psk modes
I1223 18:33:18.990494 11491 QuicTransportBase.cpp:1870] onNetworkData fizz::FizzException: no psk modes client CID=0000000000000001 server CID=400000cccd274619 peer address=127.0.0.1:4987
I1223 18:33:18.990509 11491 QuicTransportBase.cpp:400] Stopping read looper due to immediate close client CID=0000000000000001 server CID=400000cccd274619 peer address=127.0.0.1:4987
I1223 18:33:18.990517 11491 FunctionLooper.cpp:88] stop: ReadLooper
I1223 18:33:18.990531 11491 FunctionLooper.cpp:88] stop: PeekLooper
I1223 18:33:18.990538 11491 FunctionLooper.cpp:88] stop: WriteLooper
I1223 18:33:18.990550 11491 QuicTransportBase.cpp:2651] Clearing 0 peek callbacks
I1223 18:33:18.990557 11491 QuicTransportBase.cpp:852] Stopping read looper client CID=0000000000000001 server CID=400000cccd274619 peer address=127.0.0.1:4987
I1223 18:33:18.990566 11491 FunctionLooper.cpp:88] stop: ReadLooper
I1223 18:33:18.990571 11491 QuicTransportBase.cpp:1196] Stopping peek looper client CID=0000000000000001 server CID=400000cccd274619 peer address=127.0.0.1:4987
I1223 18:33:18.990578 11491 FunctionLooper.cpp:88] stop: PeekLooper
I1223 18:33:18.990586 11491 QuicTransportBase.cpp:1233] Server stopping write looper because conn closed client CID=0000000000000001 server CID=400000cccd274619 peer address=127.0.0.1:4987
I1223 18:33:18.990592 11491 FunctionLooper.cpp:88] stop: WriteLooper
E1223 18:33:18.990600 11491 EchoHandler.h:53] Socket error=Crypto error: missing_extension
I1223 18:33:18.990622 11491 QuicTransportFunctions.cpp:1063] Server sent close packetNum=11772881 in space=InitialSpace client CID=0000000000000001 server CID=400000cccd274619 peer address=127.0.0.1:4987
I1223 18:33:18.990655 11491 LogQuicStats.h:144] server onWrite size=83
I1223 18:33:18.990667 11491 QuicTransportBase.cpp:852] Stopping read looper client CID=0000000000000001 server CID=400000cccd274619 peer address=127.0.0.1:4987
I1223 18:33:18.990701 11491 FunctionLooper.cpp:88] stop: ReadLooper
I1223 18:33:18.990711 11491 QuicTransportBase.cpp:1196] Stopping peek looper client CID=0000000000000001 server CID=400000cccd274619 peer address=127.0.0.1:4987
I1223 18:33:18.990720 11491 FunctionLooper.cpp:88] stop: PeekLooper
I1223 18:33:18.990726 11491 QuicTransportBase.cpp:1233] Server stopping write looper because conn closed client CID=0000000000000001 server CID=400000cccd274619 peer address=127.0.0.1:4987
I1223 18:33:18.990734 11491 FunctionLooper.cpp:88] stop: WriteLooper
*** Aborted at 1640284398 (Unix time, try 'date -d @1640284398') ***
*** Signal 15 (SIGTERM) (0x2cda) received by PID 11485 (pthread TID 0x7f36d72e8ec0) (linux TID 11485) (maybe from PID 11482, UID 0) (code: 0), stack trace: ***
(error retrieving stack trace)
