I1224 00:20:41.411406  5099 EventBase.cpp:308] EventBase(): Starting loop.
I1224 00:20:41.414822  5100 EventBase.cpp:308] EventBase(): Starting loop.
I1224 00:20:41.419611  5101 EventBase.cpp:308] EventBase(): Starting loop.
I1224 00:20:41.421175  5102 EventBase.cpp:308] EventBase(): Starting loop.
I1224 00:20:41.423390  5103 EventBase.cpp:308] EventBase(): Starting loop.
I1224 00:20:41.424922  5104 EventBase.cpp:308] EventBase(): Starting loop.
I1224 00:20:41.425050  5099 QuicServer.cpp:268] No valid takenover fd found for address=127.0.0.1:4443. binding on worker=0x55aa15e63ec0 workerId=0 processId=0
I1224 00:20:41.425235  5100 QuicServer.cpp:268] No valid takenover fd found for address=127.0.0.1:4443. binding on worker=0x55aa15e64500 workerId=1 processId=0
I1224 00:20:41.425400  5101 QuicServer.cpp:268] No valid takenover fd found for address=127.0.0.1:4443. binding on worker=0x55aa15e64940 workerId=2 processId=0
I1224 00:20:41.425570  5102 QuicServer.cpp:268] No valid takenover fd found for address=127.0.0.1:4443. binding on worker=0x55aa15e64e20 workerId=3 processId=0
I1224 00:20:41.425729  5103 QuicServer.cpp:268] No valid takenover fd found for address=127.0.0.1:4443. binding on worker=0x55aa15e65300 workerId=4 processId=0
I1224 00:20:41.425890  5104 QuicServer.cpp:268] No valid takenover fd found for address=127.0.0.1:4443. binding on worker=0x55aa15e65800 workerId=5 processId=0
I1224 00:20:41.425920  5104 QuicServer.cpp:295] Initialized all workers in the eventbase
I1224 00:20:41.426020  5096 EchoServer.h:90] Echo server started at: 127.0.0.1:4443
I1224 00:20:41.426038  5096 EventBase.cpp:308] EventBase(): Starting loop.
I1224 00:20:41.426086  5099 QuicServerWorker.cpp:134] Registered read on worker=0x55aa15e63ec0, thread=140025378141952, processId=0
I1224 00:20:41.426111  5101 QuicServerWorker.cpp:134] Registered read on worker=0x55aa15e64940, thread=140025361356544, processId=0
I1224 00:20:41.426131  5102 QuicServerWorker.cpp:134] Registered read on worker=0x55aa15e64e20, thread=140025352963840, processId=0
I1224 00:20:41.426159  5100 QuicServerWorker.cpp:134] Registered read on worker=0x55aa15e64500, thread=140025369749248, processId=0
I1224 00:20:41.426167  5104 QuicServerWorker.cpp:134] Registered read on worker=0x55aa15e65800, thread=140024993543936, processId=0
I1224 00:20:41.426113  5103 QuicServerWorker.cpp:134] Registered read on worker=0x55aa15e65300, thread=140025344571136, processId=0
I1224 00:20:46.827138  5102 QuicServerWorker.cpp:227] Worker=0x55aa15e64e20, Received data on thread=140025352963840, processId=0
I1224 00:20:46.827167  5102 LogQuicStats.h:24] server onPacketReceived
I1224 00:20:46.827175  5102 LogQuicStats.h:140] server onRead size=1232
W1224 00:20:46.827196  5102 Types.cpp:447] toString has unhandled version type
I1224 00:20:46.827191  5102 LogQuicStats.h:76] server onClientInitialReceived, version: UNKNOWN
I1224 00:20:46.827214  5102 QuicServerWorker.cpp:208] Version negotiation sent to client=127.0.0.1:4987
I1224 00:20:46.827222  5102 LogQuicStats.h:144] server onWrite size=43
I1224 00:20:46.827229  5102 LogQuicStats.h:36] server onPacketProcessed
I1224 00:20:46.827234  5102 LogQuicStats.h:40] server onPacketSent
I1224 00:20:47.021068  5102 QuicServerWorker.cpp:227] Worker=0x55aa15e64e20, Received data on thread=140025352963840, processId=0
I1224 00:20:47.021097  5102 LogQuicStats.h:24] server onPacketReceived
I1224 00:20:47.021106  5102 LogQuicStats.h:140] server onRead size=1232
I1224 00:20:47.021113  5102 LogQuicStats.h:76] server onClientInitialReceived, version: QUIC_DRAFT
I1224 00:20:47.021123  5102 QuicServerWorker.cpp:545] Creating new connection for client=127.0.0.1:4987, routingInfo=CID=0000000000000000, cidVersion=1, workerId=3, processId=0, hostId=0, threadId=140025352963840, 
I1224 00:20:47.021247  5102 LogQuicStats.h:118] server onStatelessReset
I1224 00:20:47.021275  5102 StateMachine-inl.h:41] Transition from Uninitialized to ExpectingClientHello
I1224 00:20:47.021340  5102 LogQuicStats.h:32] server onOutOfOrderPacketReceived
I1224 00:20:47.021349  5102 ServerStateMachine.cpp:952] Server received crypto data offset=0 len=389 currentReadOffset=0 client CID=0000000000000003 server CID=400000da6d38c2bf peer address=127.0.0.1:4987
I1224 00:20:47.021371  5102 RecordLayer.cpp:82] Received handshake message ClientHello
I1224 00:20:47.021461  5102 ServerHandshake.cpp:167] ServerHandshake error fizz::FizzException: no psk modes
I1224 00:20:47.021503  5102 QuicTransportBase.cpp:1870] onNetworkData fizz::FizzException: no psk modes client CID=0000000000000003 server CID=400000da6d38c2bf peer address=127.0.0.1:4987
I1224 00:20:47.021518  5102 QuicTransportBase.cpp:400] Stopping read looper due to immediate close client CID=0000000000000003 server CID=400000da6d38c2bf peer address=127.0.0.1:4987
I1224 00:20:47.021525  5102 FunctionLooper.cpp:88] stop: ReadLooper
I1224 00:20:47.021531  5102 FunctionLooper.cpp:88] stop: PeekLooper
I1224 00:20:47.021538  5102 FunctionLooper.cpp:88] stop: WriteLooper
I1224 00:20:47.021548  5102 QuicTransportBase.cpp:2651] Clearing 0 peek callbacks
I1224 00:20:47.021555  5102 QuicTransportBase.cpp:852] Stopping read looper client CID=0000000000000003 server CID=400000da6d38c2bf peer address=127.0.0.1:4987
I1224 00:20:47.021562  5102 FunctionLooper.cpp:88] stop: ReadLooper
I1224 00:20:47.021569  5102 QuicTransportBase.cpp:1196] Stopping peek looper client CID=0000000000000003 server CID=400000da6d38c2bf peer address=127.0.0.1:4987
I1224 00:20:47.021574  5102 FunctionLooper.cpp:88] stop: PeekLooper
I1224 00:20:47.021580  5102 QuicTransportBase.cpp:1233] Server stopping write looper because conn closed client CID=0000000000000003 server CID=400000da6d38c2bf peer address=127.0.0.1:4987
I1224 00:20:47.021587  5102 FunctionLooper.cpp:88] stop: WriteLooper
E1224 00:20:47.021595  5102 EchoHandler.h:53] Socket error=Crypto error: missing_extension
I1224 00:20:47.021613  5102 QuicTransportFunctions.cpp:1063] Server sent close packetNum=9208028 in space=InitialSpace client CID=0000000000000003 server CID=400000da6d38c2bf peer address=127.0.0.1:4987
I1224 00:20:47.021636  5102 LogQuicStats.h:144] server onWrite size=83
I1224 00:20:47.021646  5102 QuicTransportBase.cpp:852] Stopping read looper client CID=0000000000000003 server CID=400000da6d38c2bf peer address=127.0.0.1:4987
I1224 00:20:47.021653  5102 FunctionLooper.cpp:88] stop: ReadLooper
I1224 00:20:47.021659  5102 QuicTransportBase.cpp:1196] Stopping peek looper client CID=0000000000000003 server CID=400000da6d38c2bf peer address=127.0.0.1:4987
I1224 00:20:47.021667  5102 FunctionLooper.cpp:88] stop: PeekLooper
I1224 00:20:47.021672  5102 QuicTransportBase.cpp:1233] Server stopping write looper because conn closed client CID=0000000000000003 server CID=400000da6d38c2bf peer address=127.0.0.1:4987
I1224 00:20:47.021678  5102 FunctionLooper.cpp:88] stop: WriteLooper
*** Aborted at 1640305247 (Unix time, try 'date -d @1640305247') ***
*** Signal 15 (SIGTERM) (0x13e5) received by PID 5096 (pthread TID 0x7f5a36375ec0) (linux TID 5096) (maybe from PID 5093, UID 0) (code: 0), stack trace: ***
(error retrieving stack trace)
